2025-07-30 02:51:10.884  2141-2311  PackageMan...ilsExtImpl system_server                        E  Fix up user restrict data of pkg: com.example.myapplication
2025-07-30 02:51:11.662  9289-11614 SG::OCSCacheHelper      com.oplus.pantanal.ums               E  checkFromPackageReceiver resolvedInfo is empty,pkg = com.example.myapplication
2025-07-30 02:51:11.823  9289-11614 SG::OCSCacheHelper      com.oplus.pantanal.ums               E  checkFromPackageReceiver resolvedInfo is empty,pkg = com.example.myapplication
2025-07-30 02:51:13.983  2141-2218  OplusThermalStats       system_server                        E  Error getting package info: com.example.myapplication
---------------------------- PROCESS STARTED (5555) for package com.example.myapplication ----------------------------
2025-07-30 02:51:14.269  5555-5555  nativeloader            com.example.myapplication            D  Load libSchedAssistJni.so using system ns (caller=/system/framework/oplus-framework.jar): ok
2025-07-30 02:51:14.269  5555-5555  ExtensionsLoader        com.example.myapplication            D  createInstance(64bit) : createExtendedFactory
2025-07-30 02:51:14.270  5555-5555  ExtensionsLoader        com.example.myapplication            D  Opened libSchedAssistExtImpl.so
2025-07-30 02:51:14.270  5555-5555  SchedAssist             com.example.myapplication            E  sysOpen failed with error=Permission denied
2025-07-30 02:51:14.270  5555-5555  SchedAssist             com.example.myapplication            E  open sharedFd failed with error=Permission denied
2025-07-30 02:51:14.270  5555-5555  SchedAssist             com.example.myapplication            E  open sharedFd failed with error=Permission denied
2025-07-30 02:51:14.270  5555-5555  SchedAssist             com.example.myapplication            E  open sharedFd failed with error=Permission denied
2025-07-30 02:51:14.270  5555-5555  SchedAssist             com.example.myapplication            E  open sharedFd failed with error=No such file or directory
2025-07-30 02:51:14.273  5555-5555  OplusGraphicsEvent      com.example.myapplication            D  OplusGraphicsEventListener create now!
2025-07-30 02:51:14.274  5555-5555  OplusGraphicsEvent      com.example.myapplication            D  addEventListener success!
2025-07-30 02:51:14.276  2141-2162  ScrollOpti...rfService] system_server                        E  isScrollOptimEnable: pkgName = com.example.myapplication, output = Bundle[{pre_anim_enable=true, frame_insert_list=null, frame_insert_default_num=1, scroll_changed_enable_list=null}]
2025-07-30 02:51:14.276  5555-5555  ScrollOpti...igManager] com.example.myapplication            D  initOptConfig: pkg= com.example.myapplication, mOptEnable= true, mAnimAheadEnable= true, mInsertDefaultNum= 1, mFrameInsertEnableList= {}, mSCEnableList= []
2025-07-30 02:51:14.287  5555-5555  nativeloader            com.example.myapplication            D  Load libpowerhalwrap_jni.so using system ns (caller=/system_ext/framework/mediatek-framework.jar): ok
2025-07-30 02:51:14.287  5555-5555  PowerHalWrapper         com.example.myapplication            I  PowerHalWrapper.getInstance 
2025-07-30 02:51:14.287  5555-5555  PowerHalWrapper         com.example.myapplication            I  PowerHalWrapper.getInstance 
2025-07-30 02:51:14.287  5555-5555  M-ProMotion             com.example.myapplication            I  M-ProMotion is disabled
2025-07-30 02:51:14.294  5555-5555  callGcSupression        com.example.myapplication            D  java.lang.NullPointerException: Attempt to invoke virtual method 'java.lang.Object java.lang.reflect.Method.invoke(java.lang.Object, java.lang.Object[])' on a null object reference
2025-07-30 02:51:14.299  5555-5555  HWUI                    com.example.myapplication            I  SupportApps size 0
2025-07-30 02:51:14.303  5555-5585  ExtensionsLoader        com.example.myapplication            D  createInstance(64bit) : createExtendedFactory
2025-07-30 02:51:14.303  5555-5585  ExtensionsLoader        com.example.myapplication            D  Opened libSchedAssistExtImpl.so
2025-07-30 02:51:14.307  5555-5555  ResourcesManagerExtImpl com.example.myapplication            D  applyConfigurationToAppResourcesLocked app.getDisplayId() return callback.displayId:0
2025-07-30 02:51:14.309  5555-5587  libMEOW                 com.example.myapplication            D  meow new tls: 0xb400006ef07a3440
2025-07-30 02:51:14.310  5555-5587  libMEOW                 com.example.myapplication            D  meow reload base cfg path: na
2025-07-30 02:51:14.310  5555-5587  libMEOW                 com.example.myapplication            D  meow reload overlay cfg path: na
2025-07-30 02:51:14.312  5555-5587  QT                      com.example.myapplication            E  [QT]file does not exist
2025-07-30 02:51:14.313  5555-5587  libMEOW                 com.example.myapplication            D  applied 1 plugins for [com.example.myapplication]:
2025-07-30 02:51:14.313  5555-5587  libMEOW                 com.example.myapplication            D    plugin 1: [libMEOW_gift.so]: 0xb400006ef062d480
2025-07-30 02:51:14.314  5555-5587  libMEOW                 com.example.myapplication            D  rebuild call chain: 0xb400006ef07b2200
2025-07-30 02:51:14.314  5555-5587  libMEOW                 com.example.myapplication            D  meow delete tls: 0xb400006ef07a3440
2025-07-30 02:51:14.344  5555-5555  AppCompatDelegate       com.example.myapplication            D  Checking for metadata for AppLocalesMetadataHolderService : Service not found
2025-07-30 02:51:14.389  5555-5555  oplus.andr...actoryImpl com.example.myapplication            I  Unknow feature:IOplusTextViewRTLUtilForUG
2025-07-30 02:51:14.391  5555-5555  nativeloader            com.example.myapplication            D  Load liboplushwui_jni.so using system ns (caller=/system/framework/oplus-framework.jar): ok
2025-07-30 02:51:14.404  5555-5555  OplusWindowManager      com.example.myapplication            D  get WMS extension: android.os.BinderProxy@f1fd419
2025-07-30 02:51:14.431  5555-5555  e.myapplication         com.example.myapplication            W  Accessing hidden method Landroid/view/ViewGroup;->makeOptionalFitsSystemWindows()V (unsupported, reflection, allowed)
2025-07-30 02:51:14.462  5555-5555  ScrollOpti...tionHelper com.example.myapplication            D  can't find the config file for optimizaiton
2025-07-30 02:51:14.462  5555-5555  ScrollOpti...tionHelper com.example.myapplication            D  will not debug for debug is false
2025-07-30 02:51:14.462  5555-5555  oplus.andr...actoryImpl com.example.myapplication            I  get feature:IOplusDynamicVsyncFeature
2025-07-30 02:51:14.463  5555-5555  oplus.andr...actoryImpl com.example.myapplication            I  get feature:IOplusDynamicVsyncFeature
2025-07-30 02:51:14.463  5555-5555  oplus.andr...actoryImpl com.example.myapplication            I  get feature:IOplusDynamicVsyncFeature
2025-07-30 02:51:14.479  5555-5555  DynamicFra...igManager] com.example.myapplication            I  initFrameRateConfig: 
                                                                                                    	levels: [120, 60]
                                                                                                    	thresholds: [200]
2025-07-30 02:51:14.480  5555-5555  DynamicFra...igManager] com.example.myapplication            I  FRTCConfigManager: FRTC_CAPABILITY = 120, package name = com.example.myapplication, WINDOW_ANIMATION_SPEED_RATE = 10, SCROLL_ANIMATION_SPEED_RATE = 20, PACKAGE_ENABLE = false
2025-07-30 02:51:14.480  5555-5555  DynamicFra...ontroller] com.example.myapplication            I  init info: mPackageName = com.example.myapplication, mIsEnabled = false
2025-07-30 02:51:14.502  5555-5555  ScrollOpti...neManager] com.example.myapplication            D  updateCurrentActivity: mCurrentActivityName=com.example.myapplication.MainActivity, isOptEnable=true, isAnimAheadEnable=true, isFrameInsertEnable=true, InsertNum=1, isEnabledForScrollChanged=false
2025-07-30 02:51:14.502  5555-5590  MainActivity            com.example.myapplication            I  🧪 Начинаем тестирование модели...
2025-07-30 02:51:14.502  5555-5555  ActivityThread          com.example.myapplication            D  ComponentInfo{com.example.myapplication/com.example.myapplication.MainActivity} checkFinished=false 2
2025-07-30 02:51:14.503  5555-5555  ResourcesManagerExtImpl com.example.myapplication            D  applyConfigurationToAppResourcesLocked app.getDisplayId() return callback.displayId:0
2025-07-30 02:51:14.506  5555-5555  OplusInputMethodUtil    com.example.myapplication            D  init sDebug to false, init sDebugIme to false, init sAlwaysOn to false
2025-07-30 02:51:14.506  5555-5555  OplusInputMethodUtil    com.example.myapplication            D  updateDebugToClass InputMethodManager.DEBUG = false
2025-07-30 02:51:14.506  5555-5555  OplusInputMethodUtil    com.example.myapplication            D  updateDebugToClass ImeFocusController.DEBUG = false
2025-07-30 02:51:14.507  5555-5555  OplusInputMethodUtil    com.example.myapplication            D  updateDebugToClass InsetsController.DEBUG = false
2025-07-30 02:51:14.507  5555-5555  OplusInputMethodUtil    com.example.myapplication            D  updateDebugToClass BaseInputConnection.DEBUG = false
2025-07-30 02:51:14.509  5555-5590  OMRModelManager         com.example.myapplication            I  🔄 Загружаем конфигурацию модели...
2025-07-30 02:51:14.509  5555-5590  OMRModelManager         com.example.myapplication            I  📁 Пробуем новый конфиг: models/model_metadata.json
2025-07-30 02:51:14.509  5555-5555  SurfaceFactory          com.example.myapplication            I  [static] sSurfaceFactory = com.mediatek.view.impl.SurfaceFactoryImpl@3e67b16
2025-07-30 02:51:14.514  5555-5590  OMRModelManager         com.example.myapplication            I  📄 Конфигурация прочитана, парсим JSON...
2025-07-30 02:51:14.518  5555-5555  WindowManager           com.example.myapplication            D  Add to mViews: com.android.internal.policy.DecorView{51b566d I.E...... R.....ID 0,0-0,0 alpha=1.0 viewInfo = }[MainActivity],pkg= com.example.myapplication
2025-07-30 02:51:14.520  5555-5555  HWUI                    com.example.myapplication            W  Unknown dataspace 0
2025-07-30 02:51:14.521  5555-5585  ExtensionsLoader        com.example.myapplication            D  createInstance(64bit) : createExtendedFactory
2025-07-30 02:51:14.521  5555-5590  OMRModelManager         com.example.myapplication            I  🆕 Используем новый формат конфигурации
2025-07-30 02:51:14.522  5555-5585  ExtensionsLoader        com.example.myapplication            D  Opened libhwuiextimpl.so
2025-07-30 02:51:14.522  5555-5585  skia                    com.example.myapplication            D  setRusSupported enable 0
2025-07-30 02:51:14.522  5555-5555  ExtensionsLoader        com.example.myapplication            D  createInstance(64bit) : createExtendedFactory
2025-07-30 02:51:14.522  5555-5555  ExtensionsLoader        com.example.myapplication            D  Opened libSchedAssistExtImpl.so
2025-07-30 02:51:14.523  5555-5590  OMRModelManager         com.example.myapplication            I  ✅ Конфигурация загружена: OMR_Classification_Model (версия 2.0)
2025-07-30 02:51:14.528  5555-5582  PowerHalWrapper         com.example.myapplication            I  PowerHalWrapper.getInstance 
2025-07-30 02:51:14.534  5555-5555  ViewRootImplExtImpl     com.example.myapplication            D  onDisplayChanged -1 for VRI android.view.ViewRootImpl@9a3ec69
2025-07-30 02:51:14.536  5555-5590  TfLiteModel             com.example.myapplication            I  🔄 Инициализация TensorFlow Lite модели...
2025-07-30 02:51:14.537  5555-5555  callGcSupression        com.example.myapplication            D  java.lang.NullPointerException: Attempt to invoke virtual method 'java.lang.Object java.lang.reflect.Method.invoke(java.lang.Object, java.lang.Object[])' on a null object reference
2025-07-30 02:51:14.537  5555-5555  ResourcesManagerExtImpl com.example.myapplication            D  applyConfigurationToAppResourcesLocked app.getDisplayId() return callback.displayId:0
2025-07-30 02:51:14.541  5555-5555  OplusBracketLog         com.example.myapplication            E  [OplusViewMirrorManager] updateHostViewRootIfNeeded, not support android.view.ViewRootImpl@9a3ec69
2025-07-30 02:51:14.550  5555-5555  ViewRootImplExtImpl     com.example.myapplication            D  wrapConfigInfoIntoFlags rotation=0, smallestScreenWidthDp=360, relayoutAsync=false, flags=0, newFlags=23592960, residentWS=false, title=com.example.myapplication/com.example.myapplication.MainActivity
2025-07-30 02:51:14.561  5555-5555  VRI[MainActivity]       com.example.myapplication            D  relayoutWindow result, sizeChanged:true, surfaceControlChanged:true, transformHintChanged:false, mSurfaceSize:Point(1080, 2400), mLastSurfaceSize:Point(0, 0), mWidth:-1, mHeight:-1, requestedWidth:1080, requestedHeight:2400, transformHint:0, installOrientation:0, displayRotation:0, isSurfaceValid:true, attr.flag:-2122252032, tmpFrames:ClientWindowFrames{frame=[0,0][1080,2400] display=[0,0][1080,2400] parentFrame=[0,0][0,0]}, relayoutAsync:false, mSyncSeqId:0
2025-07-30 02:51:14.562  5555-5555  VRI[MainActivity]       com.example.myapplication            W  updateBlastSurfaceIfNeeded, surfaceSize:Point(1080, 2400), lastSurfaceSize:Point(0, 0), format:-1, blastBufferQueue:null
2025-07-30 02:51:14.562  5555-5555  BufferQueueConsumer     com.example.myapplication            D  [](id:15b300000000,api:0,p:-1,c:5555) connect: controlledByApp=false
2025-07-30 02:51:14.576  5555-5585  libMEOW                 com.example.myapplication            D  meow new tls: 0xb400006f0cefbf00
2025-07-30 02:51:14.576  5555-5585  libMEOW                 com.example.myapplication            D  applied 1 plugins for [com.example.myapplication]:
2025-07-30 02:51:14.576  5555-5585  libMEOW                 com.example.myapplication            D    plugin 1: [libMEOW_gift.so]: 0xb400006ef062d480
2025-07-30 02:51:14.576  5555-5585  libMEOW                 com.example.myapplication            D  rebuild call chain: 0xb400006f0cf14cc0
2025-07-30 02:51:14.590  5555-5555  OplusCusto...ionManager com.example.myapplication            E  sInstance is null, start a new sInstance
2025-07-30 02:51:14.722  5555-5555  SurfaceControl          com.example.myapplication            I   setExtendedRangeBrightness sc=Surface(name=com.example.myapplication/com.example.myapplication.MainActivity)/@0xbac0f75,currentBufferRatio=1.0,desiredRatio=1.0
2025-07-30 02:51:14.743  5555-5585  MAGT_SYNC_FRAME         com.example.myapplication            D  MAGT Sync: MAGT is not supported. Disabling Sync.
2025-07-30 02:51:14.744  5555-5585  libc                    com.example.myapplication            W  Access denied finding property "ro.vendor.mbrain.mode"
2025-07-30 02:51:14.744  5555-5585  e.myapplication         com.example.myapplication            D  Can't load libmbrainSDK
2025-07-30 02:51:14.760  5555-5585  mali                    com.example.myapplication            I  [DebugProp] GPU Debug-Mechanism Disable !
2025-07-30 02:51:14.795  5555-5585  GrallocExtra            com.example.myapplication            I  gralloc_extra_query:is_SW3D 0
2025-07-30 02:51:14.796  5555-5585  BLASTBufferQueue        com.example.myapplication            D  [VRI[MainActivity]#0](f:0,a:1) acquireNextBufferLocked size=1080x2400 mFrameNumber=1 applyTransaction=true mTimestamp=1123957583826761(auto) mPendingTransactions.size=0 graphicBufferId=23858543329283 transform=0
2025-07-30 02:51:14.796  5555-5585  libc                    com.example.myapplication            W  Access denied finding property "ro.vendor.mbrain.mode"
2025-07-30 02:51:14.796  5555-5585  e.myapplication         com.example.myapplication            D  Can't load libmbrainSDK
2025-07-30 02:51:14.796  5555-5585  VRI[MainActivity]       com.example.myapplication            D  Received frameCommittedCallback lastAttemptedDrawFrameNum=1 didProduceBuffer=true syncBuffer=false
2025-07-30 02:51:14.797  5555-5555  VRI[MainActivity]       com.example.myapplication            D  draw finished. seqId=0
2025-07-30 02:51:14.798  5555-5555  ViewRootImplExtImpl     com.example.myapplication            D  setMaxDequeuedBufferCount: 2
2025-07-30 02:51:14.800  5555-5555  callGcSupression        com.example.myapplication            D  java.lang.NullPointerException: Attempt to invoke virtual method 'java.lang.Object java.lang.reflect.Method.invoke(java.lang.Object, java.lang.Object[])' on a null object reference
2025-07-30 02:51:14.801  5555-5555  VRI[MainActivity]       com.example.myapplication            W  handleResized, msg:, frameChanged:false, configChanged:false, displayChanged:false, attachedFrameChanged:false, compatScaleChanged:false, pendingDragResizing=false
2025-07-30 02:51:14.809  5555-5585  VRI[MainActivity]       com.example.myapplication            D  Received frameCommittedCallback lastAttemptedDrawFrameNum=2 didProduceBuffer=true syncBuffer=false
2025-07-30 02:51:14.809  5555-5555  VRI[MainActivity]       com.example.myapplication            D  draw finished. seqId=0
2025-07-30 02:51:14.810  5555-5555  callGcSupression        com.example.myapplication            D  java.lang.NullPointerException: Attempt to invoke virtual method 'java.lang.Object java.lang.reflect.Method.invoke(java.lang.Object, java.lang.Object[])' on a null object reference
2025-07-30 02:51:14.811  5555-5555  VRI[MainActivity]       com.example.myapplication            W  handleResized, msg:, frameChanged:false, configChanged:false, displayChanged:false, attachedFrameChanged:false, compatScaleChanged:false, pendingDragResizing=false
2025-07-30 02:51:14.891  5555-5585  VRI[MainActivity]       com.example.myapplication            D  Received frameCommittedCallback lastAttemptedDrawFrameNum=3 didProduceBuffer=true syncBuffer=false
2025-07-30 02:51:14.892  5555-5555  VRI[MainActivity]       com.example.myapplication            D  draw finished. seqId=0
2025-07-30 02:51:14.893  5555-5555  VRI[MainActivity]       com.example.myapplication            D  onFocusEvent true
2025-07-30 02:51:15.186  5555-5590  nativeloader            com.example.myapplication            D  Load /data/app/~~LqVIq_TazdRpYs8jCRyMhw==/com.example.myapplication-q4FYJyABNmxVvOFqfDdj8w==/base.apk!/lib/arm64-v8a/libtensorflowlite_jni.so using ns clns-7 from class loader (caller=/data/app/~~LqVIq_TazdRpYs8jCRyMhw==/com.example.myapplication-q4FYJyABNmxVvOFqfDdj8w==/base.apk!classes15.dex): ok
2025-07-30 02:51:15.187  5555-5590  InterpreterApi          com.example.myapplication            I  Loaded native library: tensorflowlite_jni
2025-07-30 02:51:15.190  5555-5590  nativeloader            com.example.myapplication            D  Load libtensorflowlite_jni_gms_client.so using ns clns-7 from class loader (caller=/data/app/~~LqVIq_TazdRpYs8jCRyMhw==/com.example.myapplication-q4FYJyABNmxVvOFqfDdj8w==/base.apk!classes15.dex): dlopen failed: library "libtensorflowlite_jni_gms_client.so" not found
2025-07-30 02:51:15.190  5555-5590  InterpreterApi          com.example.myapplication            I  Didn't load native library: tensorflowlite_jni_gms_client
2025-07-30 02:51:15.192  5555-5620  InteractionJankMonitor  com.example.myapplication            W  Initializing without READ_DEVICE_CONFIG permission. enabled=false, interval=1, missedFrameThreshold=3, frameTimeThreshold=64, package=com.example.myapplication
2025-07-30 02:51:15.199  5555-5590  tflite                  com.example.myapplication            I  Initialized TensorFlow Lite runtime.
2025-07-30 02:51:15.205  5555-5590  libc                    com.example.myapplication            W  Access denied finding property "ro.hardware.chipname"
2025-07-30 02:51:15.218  5555-5590  tflite                  com.example.myapplication            I  Created TensorFlow Lite XNNPACK delegate for CPU.
2025-07-30 02:51:15.218  5555-5590  tflite                  com.example.myapplication            I  Replacing 39 out of 40 node(s) with delegate (TfLiteXNNPackDelegate) node, yielding 3 partitions for the whole graph.
2025-07-30 02:51:15.365  5555-5590  TfLiteModel             com.example.myapplication            I  📥 Входной тензор: [1, 224, 224, 3], тип: FLOAT32
2025-07-30 02:51:15.365  5555-5590  TfLiteModel             com.example.myapplication            I  📤 Выходной тензор: [1, 2]
2025-07-30 02:51:15.365  5555-5590  TfLiteModel             com.example.myapplication            I  ✅ TensorFlow Lite модель инициализирована успешно
2025-07-30 02:51:15.365  5555-5590  OMRModelManager         com.example.myapplication            I  ✅ TensorFlow Lite модель загружена успешно
2025-07-30 02:51:15.901  5555-5591  OplusScrollToTopManager com.example.myapplication            D  com.example.myapplication/com.example.myapplication.MainActivity,This com.android.internal.policy.DecorView{51b566d V.E...... R......D 0,0-1080,2400 aid=0 alpha=1.0 viewInfo = }[MainActivity] change focus to true
2025-07-30 02:51:16.666  5555-5559  e.myapplication         com.example.myapplication            I  Compiler allocated 7110KB to compile void android.view.ViewRootImpl.performTraversals()
2025-07-30 02:51:17.365  5555-5590  MainActivity            com.example.myapplication            I  ✅ Модель загружена успешно
2025-07-30 02:51:17.404  5555-5590  MainActivity            com.example.myapplication            I  Информация о модели:
                                                                                                    Модель: OMR_Classification_Model
                                                                                                    Версия: 2.0
                                                                                                    Формат: TFLITE
                                                                                                    Размер входа: 224x224
                                                                                                    Классы: empty, filled
                                                                                                    Порог уверенности: 80.0%
                                                                                                    Статус: Готова
2025-07-30 02:51:20.081  5555-5636  ProfileInstaller        com.example.myapplication            D  Installing profile for com.example.myapplication
2025-07-30 02:51:21.039  5555-5555  AutofillManager         com.example.myapplication            V  requestHideFillUi(null): anchor = null
2025-07-30 02:51:21.127  5555-5555  OplusInput...erInternal com.example.myapplication            D  get inputMethodManager extension: com.android.internal.view.IInputMethodManager$Stub$Proxy@3090f0e
2025-07-30 02:51:21.128  5555-5555  ViewRootImplExtImpl     com.example.myapplication            D  the up motion event handled by client, just return
2025-07-30 02:51:21.148  5555-5555  callGcSupression        com.example.myapplication            D  java.lang.NullPointerException: Attempt to invoke virtual method 'java.lang.Object java.lang.reflect.Method.invoke(java.lang.Object, java.lang.Object[])' on a null object reference
2025-07-30 02:51:21.150  5555-5555  ScrollOpti...neManager] com.example.myapplication            D  updateCurrentActivity: mCurrentActivityName=null, isOptEnable=true, isAnimAheadEnable=true, isFrameInsertEnable=true, InsertNum=1, isEnabledForScrollChanged=false
2025-07-30 02:51:21.160  5555-5555  callGcSupression        com.example.myapplication            D  java.lang.NullPointerException: Attempt to invoke virtual method 'java.lang.Object java.lang.reflect.Method.invoke(java.lang.Object, java.lang.Object[])' on a null object reference
2025-07-30 02:51:21.163  5555-5555  ResourcesManagerExtImpl com.example.myapplication            D  applyConfigurationToAppResourcesLocked app.getDisplayId() return callback.displayId:0
2025-07-30 02:51:21.167  5555-5662  libMEOW                 com.example.myapplication            D  meow new tls: 0xb400006ea67606c0
2025-07-30 02:51:21.167  5555-5662  libMEOW                 com.example.myapplication            D  applied 1 plugins for [com.example.myapplication]:
2025-07-30 02:51:21.167  5555-5662  libMEOW                 com.example.myapplication            D    plugin 1: [libMEOW_gift.so]: 0xb400006ef062d480
2025-07-30 02:51:21.167  5555-5662  libMEOW                 com.example.myapplication            D  rebuild call chain: 0xb400006ea676f200
2025-07-30 02:51:21.167  5555-5662  libMEOW                 com.example.myapplication            D  meow delete tls: 0xb400006ea67606c0
2025-07-30 02:51:21.205  5555-5555  oplus.andr...actoryImpl com.example.myapplication            I  get feature:IOplusDynamicVsyncFeature
2025-07-30 02:51:21.205  5555-5555  oplus.andr...actoryImpl com.example.myapplication            I  get feature:IOplusDynamicVsyncFeature
2025-07-30 02:51:21.205  5555-5555  oplus.andr...actoryImpl com.example.myapplication            I  get feature:IOplusDynamicVsyncFeature
2025-07-30 02:51:21.205  5555-5555  oplus.andr...actoryImpl com.example.myapplication            I  get feature:IOplusDynamicVsyncFeature
2025-07-30 02:51:21.205  5555-5555  oplus.andr...actoryImpl com.example.myapplication            I  get feature:IOplusDynamicVsyncFeature
2025-07-30 02:51:21.205  5555-5555  oplus.andr...actoryImpl com.example.myapplication            I  get feature:IOplusDynamicVsyncFeature
2025-07-30 02:51:21.299  5555-5555  oplus.andr...actoryImpl com.example.myapplication            I  get feature:IOplusDynamicVsyncFeature
2025-07-30 02:51:21.300  5555-5555  oplus.andr...actoryImpl com.example.myapplication            I  get feature:IOplusDynamicVsyncFeature
2025-07-30 02:51:21.300  5555-5555  oplus.andr...actoryImpl com.example.myapplication            I  get feature:IOplusDynamicVsyncFeature
2025-07-30 02:51:21.349  5555-5555  AutofillManager         com.example.myapplication            D  Fill dialog is enabled:false, hints=[password, passwordAuto, creditCardNumber, creditCardSecurityCode, creditCardExpirationDate]
2025-07-30 02:51:21.350  5555-5555  TextView                com.example.myapplication            V  notifyAutoFillManagerAfterTextChanged
2025-07-30 02:51:21.350  5555-5555  AutofillManager         com.example.myapplication            V  notifyValueChanged(1073741824): ignoring on state UNKNOWN
2025-07-30 02:51:21.350  5555-5555  TextView                com.example.myapplication            V  notifyAutoFillManagerAfterTextChanged
2025-07-30 02:51:21.351  5555-5555  AutofillManager         com.example.myapplication            V  notifyValueChanged(1073741824): ignoring on state UNKNOWN
2025-07-30 02:51:21.354  5555-5555  TextView                com.example.myapplication            V  notifyAutoFillManagerAfterTextChanged
2025-07-30 02:51:21.354  5555-5555  AutofillManager         com.example.myapplication            V  notifyValueChanged(1073741824): ignoring on state UNKNOWN
2025-07-30 02:51:21.359  5555-5555  TextView                com.example.myapplication            V  notifyAutoFillManagerAfterTextChanged
2025-07-30 02:51:21.359  5555-5555  AutofillManager         com.example.myapplication            V  notifyValueChanged(1073741825): ignoring on state UNKNOWN
2025-07-30 02:51:21.359  5555-5555  TextView                com.example.myapplication            V  notifyAutoFillManagerAfterTextChanged
2025-07-30 02:51:21.359  5555-5555  AutofillManager         com.example.myapplication            V  notifyValueChanged(1073741825): ignoring on state UNKNOWN
2025-07-30 02:51:21.361  5555-5555  TextView                com.example.myapplication            V  notifyAutoFillManagerAfterTextChanged
2025-07-30 02:51:21.361  5555-5555  AutofillManager         com.example.myapplication            V  notifyValueChanged(1073741825): ignoring on state UNKNOWN
2025-07-30 02:51:21.367  5555-5555  oplus.andr...actoryImpl com.example.myapplication            I  get feature:IOplusDynamicVsyncFeature
2025-07-30 02:51:21.367  5555-5555  oplus.andr...actoryImpl com.example.myapplication            I  get feature:IOplusDynamicVsyncFeature
2025-07-30 02:51:21.367  5555-5555  oplus.andr...actoryImpl com.example.myapplication            I  get feature:IOplusDynamicVsyncFeature
2025-07-30 02:51:21.415  5555-5555  Quality                 com.example.myapplication            I  InflateViewInfo:215636693,androidx.drawerlayout.widget.DrawerLayout
2025-07-30 02:51:21.416  5555-5555  OpenCV/StaticHelper     com.example.myapplication            D  First attempt to load libs
2025-07-30 02:51:21.416  5555-5555  OpenCV/StaticHelper     com.example.myapplication            D  Trying to load library opencv_java4
2025-07-30 02:51:21.423  5555-5555  nativeloader            com.example.myapplication            D  Load /data/app/~~LqVIq_TazdRpYs8jCRyMhw==/com.example.myapplication-q4FYJyABNmxVvOFqfDdj8w==/base.apk!/lib/arm64-v8a/libopencv_java4.so using ns clns-7 from class loader (caller=/data/app/~~LqVIq_TazdRpYs8jCRyMhw==/com.example.myapplication-q4FYJyABNmxVvOFqfDdj8w==/base.apk!classes2.dex): ok
2025-07-30 02:51:21.423  5555-5555  OpenCV/StaticHelper     com.example.myapplication            D  Library opencv_java4 loaded
2025-07-30 02:51:21.423  5555-5555  OpenCV/StaticHelper     com.example.myapplication            D  First attempt to load libs is OK
2025-07-30 02:51:21.429  5555-5555  OpenCV/StaticHelper     com.example.myapplication            I  
2025-07-30 02:51:21.429  5555-5555  OpenCV/StaticHelper     com.example.myapplication            I  General configuration for OpenCV 4.12.0 =====================================
2025-07-30 02:51:21.429  5555-5555  OpenCV/StaticHelper     com.example.myapplication            I    Version control:               4.12.0-dirty
2025-07-30 02:51:21.429  5555-5555  OpenCV/StaticHelper     com.example.myapplication            I  
2025-07-30 02:51:21.429  5555-5555  OpenCV/StaticHelper     com.example.myapplication            I    Platform:
2025-07-30 02:51:21.429  5555-5555  OpenCV/StaticHelper     com.example.myapplication            I      Timestamp:                   2025-07-02T13:00:18Z
2025-07-30 02:51:21.429  5555-5555  OpenCV/StaticHelper     com.example.myapplication            I      Host:                        Linux 5.4.0-200-generic x86_64
2025-07-30 02:51:21.429  5555-5555  OpenCV/StaticHelper     com.example.myapplication            I      Target:                      Android 1 aarch64
2025-07-30 02:51:21.429  5555-5555  OpenCV/StaticHelper     com.example.myapplication            I      CMake:                       3.22.1-g37088a8
2025-07-30 02:51:21.429  5555-5555  OpenCV/StaticHelper     com.example.myapplication            I      CMake generator:             Ninja
2025-07-30 02:51:21.429  5555-5555  OpenCV/StaticHelper     com.example.myapplication            I      CMake build tool:            /opt/android-sdk/cmake/3.22.1/bin/ninja
2025-07-30 02:51:21.429  5555-5555  OpenCV/StaticHelper     com.example.myapplication            I      Configuration:               Release
2025-07-30 02:51:21.429  5555-5555  OpenCV/StaticHelper     com.example.myapplication            I      Algorithm Hint:              ALGO_HINT_ACCURATE
2025-07-30 02:51:21.429  5555-5555  OpenCV/StaticHelper     com.example.myapplication            I  
2025-07-30 02:51:21.429  5555-5555  OpenCV/StaticHelper     com.example.myapplication            I    CPU/HW features:
2025-07-30 02:51:21.429  5555-5555  OpenCV/StaticHelper     com.example.myapplication            I      Baseline:                    NEON FP16
2025-07-30 02:51:21.429  5555-5555  OpenCV/StaticHelper     com.example.myapplication            I        requested:                 DETECT
2025-07-30 02:51:21.429  5555-5555  OpenCV/StaticHelper     com.example.myapplication            I      Dispatched code generation:  NEON_DOTPROD NEON_FP16 NEON_BF16
2025-07-30 02:51:21.429  5555-5555  OpenCV/StaticHelper     com.example.myapplication            I        requested:                 NEON_FP16 NEON_BF16 NEON_DOTPROD
2025-07-30 02:51:21.429  5555-5555  OpenCV/StaticHelper     com.example.myapplication            I        NEON_DOTPROD (2 files):    + NEON_DOTPROD
2025-07-30 02:51:21.429  5555-5555  OpenCV/StaticHelper     com.example.myapplication            I        NEON_FP16 (2 files):       + NEON_FP16
2025-07-30 02:51:21.429  5555-5555  OpenCV/StaticHelper     com.example.myapplication            I        NEON_BF16 (0 files):       + NEON_BF16
2025-07-30 02:51:21.429  5555-5555  OpenCV/StaticHelper     com.example.myapplication            I  
2025-07-30 02:51:21.429  5555-5555  OpenCV/StaticHelper     com.example.myapplication            I    C/C++:
2025-07-30 02:51:21.429  5555-5555  OpenCV/StaticHelper     com.example.myapplication            I      Built as dynamic libs?:      NO
2025-07-30 02:51:21.429  5555-5555  OpenCV/StaticHelper     com.example.myapplication            I      C++ standard:                11
2025-07-30 02:51:21.429  5555-5555  OpenCV/StaticHelper     com.example.myapplication            I      C++ Compiler:                /opt/android-sdk/ndk/27.2.12479018/toolchains/llvm/prebuilt/linux-x86_64/bin/clang++  (ver 18.0.3)
2025-07-30 02:51:21.429  5555-5555  OpenCV/StaticHelper     com.example.myapplication            I      C++ flags (Release):         -DANDROID -fdata-sections -ffunction-sections -funwind-tables -fstack-protector-strong -no-canonical-prefixes -D__BIONIC_NO_PAGE_SIZE_MACRO -D_FORTIFY_SOURCE=2 -Wformat -Werror=format-security     -fsigned-char -W -Wall -Wreturn-type -Wnon-virtual-dtor -Waddress -Wsequence-point -Wformat -Wformat-security -Wmissing-declarations -Wmissing-prototypes -Wstrict-prototypes -Wundef -Winit-self -Wpointer-arith -Wshadow -Wsign-promo -Wuninitialized -Winconsistent-missing-override -Wno-delete-non-virtual-dtor -Wno-unnamed-type-template-args -Wno-comment -Wno-deprecated-enum-enum-conversion -Wno-deprecated-anon-enum-enum-conversion -fdiagnostics-show-option -Qunused-arguments  -fvisibility=hidden -fvisibility-inlines-hidden  -O3 -DNDEBUG   -DNDEBUG
2025-07-30 02:51:21.429  5555-5555  OpenCV/StaticHelper     com.example.myapplication            I      C++ flags (Debug):           -DANDROID -fdata-sections -ffunction-sections -funwind-tables -fstack-protector-strong -no-canonical-prefixes -D__BIONIC_NO_PAGE_SIZE_MACRO -D_FORTIFY_SOURCE=2 -Wformat -Werror=format-security     -fsigned-char -W -Wall -Wreturn-type -Wnon-virtual-dtor -Waddress -Wsequence-point -Wformat -Wformat-security -Wmissing-declarations -Wmissing-prototypes -Wstrict-prototypes -Wundef -Winit-self -Wpointer-arith -Wshadow -Wsign-promo -Wuninitialized -Winconsistent-missing-override -Wno-delete-non-virtual-dtor -Wno-unnamed-type-template-args -Wno-comment -Wno-deprecated-enum-enum-conversion -Wno-deprecated-anon-enum-enum-conversion -fdiagnostics-show-option -Qunused-arguments  -fvisibility=hidden -fvisibility-inlines-hidden  -fno-limit-debug-info   -O0 -DDEBUG -D_DEBUG -g
2025-07-30 02:51:21.429  5555-5555  OpenCV/StaticHelper     com.example.myapplication            I      C Compiler:                  /opt/android-sdk/ndk/27.2.12479018/toolchains/llvm/prebuilt/linux-x86_64/bin/clang
2025-07-30 02:51:21.430  5555-5555  OpenCV/StaticHelper     com.example.myapplication            I      C flags (Release):           -DANDROID -fdata-sections -ffunction-sections -funwind-tables -fstack-protector-strong -no-canonical-prefixes -D__BIONIC_NO_PAGE_SIZE_MACRO -D_FORTIFY_SOURCE=2 -Wformat -Werror=format-security    -fsigned-char -W -Wall -Wreturn-type -Wnon-virtual-dtor -Waddress -Wsequence-point -Wformat -Wformat-security -Wmissing-declarations -Wmissing-prototypes -Wstrict-prototypes -Wundef -Winit-self -Wpointer-arith -Wshadow -Wsign-promo -Wuninitialized -Winconsistent-missing-override -Wno-delete-non-virtual-dtor -Wno-unnamed-type-template-args -Wno-comment -Wno-deprecated-enum-enum-conversion -Wno-deprecated-anon-enum-enum-conversion -fdiagnostics-show-option -Qunused-arguments  -fvisibility=hidden -fvisibility-inlines-hidden  -O3 -DNDEBUG   -DNDEBUG
2025-07-30 02:51:21.430  5555-5555  OpenCV/StaticHelper     com.example.myapplication            I      C flags (Debug):             -DANDROID -fdata-sections -ffunction-sections -funwind-tables -fstack-protector-strong -no-canonical-prefixes -D__BIONIC_NO_PAGE_SIZE_MACRO -D_FORTIFY_SOURCE=2 -Wformat -Werror=format-security    -fsigned-char -W -Wall -Wreturn-type -Wnon-virtual-dtor -Waddress -Wsequence-point -Wformat -Wformat-security -Wmissing-declarations -Wmissing-prototypes -Wstrict-prototypes -Wundef -Winit-self -Wpointer-arith -Wshadow -Wsign-promo -Wuninitialized -Winconsistent-missing-override -Wno-delete-non-virtual-dtor -Wno-unnamed-type-template-args -Wno-comment -Wno-deprecated-enum-enum-conversion -Wno-deprecated-anon-enum-enum-conversion -fdiagnostics-show-option -Qunused-arguments  -fvisibility=hidden -fvisibility-inlines-hidden  -fno-limit-debug-info   -O0 -DDEBUG -D_DEBUG -g
2025-07-30 02:51:21.430  5555-5555  OpenCV/StaticHelper     com.example.myapplication            I      Linker flags (Release):      -Wl,-z,max-page-size=16384 -Wl,--build-id=sha1 -Wl,--no-rosegment -Wl,--no-undefined-version -Wl,--fatal-warnings -Wl,--no-undefined -Qunused-arguments  -Wl,-z,max-page-size=16384  -Wl,--as-needed -Wl,--no-undefined -Wl,--gc-sections  
2025-07-30 02:51:21.430  5555-5555  OpenCV/StaticHelper     com.example.myapplication            I      Linker flags (Debug):        -Wl,-z,max-page-size=16384 -Wl,--build-id=sha1 -Wl,--no-rosegment -Wl,--no-undefined-version -Wl,--fatal-warnings -Wl,--no-undefined -Qunused-arguments  -Wl,-z,max-page-size=16384  -Wl,--as-needed -Wl,--no-undefined  
2025-07-30 02:51:21.430  5555-5555  OpenCV/StaticHelper     com.example.myapplication            I      ccache:                      YES
2025-07-30 02:51:21.430  5555-5555  OpenCV/StaticHelper     com.example.myapplication            I      Precompiled headers:         NO
2025-07-30 02:51:21.430  5555-5555  OpenCV/StaticHelper     com.example.myapplication            I      Extra dependencies:          z dl m log
2025-07-30 02:51:21.430  5555-5555  OpenCV/StaticHelper     com.example.myapplication            I      3rdparty dependencies:       libcpufeatures libprotobuf ade tbb ittnotify libjpeg-turbo libwebp libpng libtiff libopenjp2 IlmImf tegra_hal kleidicv_hal kleidicv kleidicv_thread
2025-07-30 02:51:21.430  5555-5555  OpenCV/StaticHelper     com.example.myapplication            I  
2025-07-30 02:51:21.430  5555-5555  OpenCV/StaticHelper     com.example.myapplication            I    OpenCV modules:
2025-07-30 02:51:21.430  5555-5555  OpenCV/StaticHelper     com.example.myapplication            I      To be built:                 calib3d core dnn features2d flann gapi highgui imgcodecs imgproc java ml objdetect photo stitching video videoio
2025-07-30 02:51:21.430  5555-5555  OpenCV/StaticHelper     com.example.myapplication            I      Disabled:                    world
2025-07-30 02:51:21.430  5555-5555  OpenCV/StaticHelper     com.example.myapplication            I      Disabled by dependency:      -
2025-07-30 02:51:21.430  5555-5555  OpenCV/StaticHelper     com.example.myapplication            I      Unavailable:                 python2 python3 ts
2025-07-30 02:51:21.430  5555-5555  OpenCV/StaticHelper     com.example.myapplication            I      Applications:                -
2025-07-30 02:51:21.430  5555-5555  OpenCV/StaticHelper     com.example.myapplication            I      Documentation:               NO
2025-07-30 02:51:21.430  5555-5555  OpenCV/StaticHelper     com.example.myapplication            I      Non-free algorithms:         NO
2025-07-30 02:51:21.430  5555-5555  OpenCV/StaticHelper     com.example.myapplication            I  
2025-07-30 02:51:21.430  5555-5555  OpenCV/StaticHelper     com.example.myapplication            I    Android NDK:                   /opt/android-sdk/ndk/27.2.12479018 (ver 27.2.12479018)
2025-07-30 02:51:21.430  5555-5555  OpenCV/StaticHelper     com.example.myapplication            I      Android ABI:                 arm64-v8a
2025-07-30 02:51:21.430  5555-5555  OpenCV/StaticHelper     com.example.myapplication            I      NDK toolchain:               aarch64-linux-android-clang
2025-07-30 02:51:21.430  5555-5555  OpenCV/StaticHelper     com.example.myapplication            I      STL type:                    c++_shared
2025-07-30 02:51:21.430  5555-5555  OpenCV/StaticHelper     com.example.myapplication            I      Native API level:            21
2025-07-30 02:51:21.430  5555-5555  OpenCV/StaticHelper     com.example.myapplication            I    Android SDK:                   /opt/android-sdk (tools:  build tools: 34.0.0)
2025-07-30 02:51:21.430  5555-5555  OpenCV/StaticHelper     com.example.myapplication            I  
2025-07-30 02:51:21.430  5555-5555  OpenCV/StaticHelper     com.example.myapplication            I    GUI:                           NONE
2025-07-30 02:51:21.430  5555-5555  OpenCV/StaticHelper     com.example.myapplication            I  
2025-07-30 02:51:21.430  5555-5555  OpenCV/StaticHelper     com.example.myapplication            I    Media I/O: 
2025-07-30 02:51:21.430  5555-5555  OpenCV/StaticHelper     com.example.myapplication            I      ZLib:                        z (ver 1.3.0.1)
2025-07-30 02:51:21.430  5555-5555  OpenCV/StaticHelper     com.example.myapplication            I      JPEG:                        build-libjpeg-turbo (ver 3.1.0-70)
2025-07-30 02:51:21.430  5555-5555  OpenCV/StaticHelper     com.example.myapplication            I        SIMD Support Request:      YES
2025-07-30 02:51:21.430  5555-5555  OpenCV/StaticHelper     com.example.myapplication            I        SIMD Support:              YES
2025-07-30 02:51:21.430  5555-5555  OpenCV/StaticHelper     com.example.myapplication            I      WEBP:                        build (ver decoder: 0x0209, encoder: 0x020f, demux: 0x0107)
2025-07-30 02:51:21.430  5555-5555  OpenCV/StaticHelper     com.example.myapplication            I      AVIF:                        NO
2025-07-30 02:51:21.430  5555-5555  OpenCV/StaticHelper     com.example.myapplication            I      PNG:                         build (ver 1.6.43)
2025-07-30 02:51:21.430  5555-5555  OpenCV/StaticHelper     com.example.myapplication            I        SIMD Support Request:      YES
2025-07-30 02:51:21.430  5555-5555  OpenCV/StaticHelper     com.example.myapplication            I        SIMD Support:              YES (Arm NEON)
2025-07-30 02:51:21.430  5555-5555  OpenCV/StaticHelper     com.example.myapplication            I      TIFF:                        build (ver 42 - 4.6.0)
2025-07-30 02:51:21.430  5555-5555  OpenCV/StaticHelper     com.example.myapplication            I      JPEG 2000:                   build (ver 2.5.3)
2025-07-30 02:51:21.430  5555-5555  OpenCV/StaticHelper     com.example.myapplication            I      OpenEXR:                     build (ver 2.3.0)
2025-07-30 02:51:21.430  5555-5555  OpenCV/StaticHelper     com.example.myapplication            I      GIF:                         YES
2025-07-30 02:51:21.430  5555-5555  OpenCV/StaticHelper     com.example.myapplication            I      HDR:                         YES
2025-07-30 02:51:21.430  5555-5555  OpenCV/StaticHelper     com.example.myapplication            I      SUNRASTER:                   YES
2025-07-30 02:51:21.430  5555-5555  OpenCV/StaticHelper     com.example.myapplication            I      PXM:                         YES
2025-07-30 02:51:21.430  5555-5555  OpenCV/StaticHelper     com.example.myapplication            I      PFM:                         YES
2025-07-30 02:51:21.430  5555-5555  OpenCV/StaticHelper     com.example.myapplication            I  
2025-07-30 02:51:21.430  5555-5555  OpenCV/StaticHelper     com.example.myapplication            I    Video I/O:
2025-07-30 02:51:21.430  5555-5555  OpenCV/StaticHelper     com.example.myapplication            I     MEDIANDK:                     YES
2025-07-30 02:51:21.430  5555-5555  OpenCV/StaticHelper     com.example.myapplication            I     NDK Camera:                   NO
2025-07-30 02:51:21.430  5555-5555  OpenCV/StaticHelper     com.example.myapplication            I  
2025-07-30 02:51:21.430  5555-5555  OpenCV/StaticHelper     com.example.myapplication            I    Parallel framework:            TBB (ver 2022.1 interface 12150)
2025-07-30 02:51:21.430  5555-5555  OpenCV/StaticHelper     com.example.myapplication            I  
2025-07-30 02:51:21.430  5555-5555  OpenCV/StaticHelper     com.example.myapplication            I    Trace:                         YES (with Intel ITT(3.25.4))
2025-07-30 02:51:21.430  5555-5555  OpenCV/StaticHelper     com.example.myapplication            I  
2025-07-30 02:51:21.430  5555-5555  OpenCV/StaticHelper     com.example.myapplication            I    Other third-party libraries:
2025-07-30 02:51:21.430  5555-5555  OpenCV/StaticHelper     com.example.myapplication            I      Custom HAL:                  YES (carotene (ver 0.0.1) KleidiCV (ver 0.5.0))
2025-07-30 02:51:21.430  5555-5555  OpenCV/StaticHelper     com.example.myapplication            I      Protobuf:                    build (3.19.1)
2025-07-30 02:51:21.430  5555-5555  OpenCV/StaticHelper     com.example.myapplication            I      Flatbuffers:                 builtin/3rdparty (23.5.9)
2025-07-30 02:51:21.430  5555-5555  OpenCV/StaticHelper     com.example.myapplication            I  
2025-07-30 02:51:21.430  5555-5555  OpenCV/StaticHelper     com.example.myapplication            I    Python (for build):            /usr/bin/python3
2025-07-30 02:51:21.430  5555-5555  OpenCV/StaticHelper     com.example.myapplication            I  
2025-07-30 02:51:21.430  5555-5555  OpenCV/StaticHelper     com.example.myapplication            I    Java:                          export all functions
2025-07-30 02:51:21.430  5555-5555  OpenCV/StaticHelper     com.example.myapplication            I      ant:                         NO
2025-07-30 02:51:21.431  5555-5555  OpenCV/StaticHelper     com.example.myapplication            I      Java wrappers:               YES ()
2025-07-30 02:51:21.431  5555-5555  OpenCV/StaticHelper     com.example.myapplication            I      Java tests:                  NO
2025-07-30 02:51:21.431  5555-5555  OpenCV/StaticHelper     com.example.myapplication            I  
2025-07-30 02:51:21.431  5555-5555  OpenCV/StaticHelper     com.example.myapplication            I    Install to:                    /home/ci/build/o4a/install
2025-07-30 02:51:21.431  5555-5555  OpenCV/StaticHelper     com.example.myapplication            I  -----------------------------------------------------------------
2025-07-30 02:51:21.435  5555-5555  ScanActivity            com.example.myapplication            D  📂 Настройки камеры загружены
2025-07-30 02:51:21.435  5555-5555  ScanActivity            com.example.myapplication            D  🔧 Начинаем инициализацию ML модели
2025-07-30 02:51:21.435  5555-5555  ScanActivity            com.example.myapplication            D  📦 Создаем OMRModelManager
2025-07-30 02:51:21.435  5555-5555  OMRModelManager         com.example.myapplication            I  🔄 Загружаем конфигурацию модели...
2025-07-30 02:51:21.435  5555-5555  OMRModelManager         com.example.myapplication            I  📁 Пробуем новый конфиг: models/model_metadata.json
2025-07-30 02:51:21.435  5555-5555  OMRModelManager         com.example.myapplication            I  📄 Конфигурация прочитана, парсим JSON...
2025-07-30 02:51:21.436  5555-5555  OMRModelManager         com.example.myapplication            I  🆕 Используем новый формат конфигурации
2025-07-30 02:51:21.436  5555-5555  OMRModelManager         com.example.myapplication            I  ✅ Конфигурация загружена: OMR_Classification_Model (версия 2.0)
2025-07-30 02:51:21.436  5555-5555  TfLiteModel             com.example.myapplication            I  🔄 Инициализация TensorFlow Lite модели...
2025-07-30 02:51:21.688  5555-5555  tflite                  com.example.myapplication            I  Replacing 39 out of 40 node(s) with delegate (TfLiteXNNPackDelegate) node, yielding 3 partitions for the whole graph.
2025-07-30 02:51:21.754  5555-5555  TfLiteModel             com.example.myapplication            I  📥 Входной тензор: [1, 224, 224, 3], тип: FLOAT32
2025-07-30 02:51:21.754  5555-5555  TfLiteModel             com.example.myapplication            I  📤 Выходной тензор: [1, 2]
2025-07-30 02:51:21.754  5555-5555  TfLiteModel             com.example.myapplication            I  ✅ TensorFlow Lite модель инициализирована успешно
2025-07-30 02:51:21.754  5555-5555  OMRModelManager         com.example.myapplication            I  ✅ TensorFlow Lite модель загружена успешно
2025-07-30 02:51:21.755  5555-5555  ScanActivity            com.example.myapplication            D  🔍 Проверяем готовность модели
2025-07-30 02:51:21.755  5555-5555  ScanActivity            com.example.myapplication            I  ✅ ML модель инициализирована успешно
2025-07-30 02:51:21.758  5555-5555  ScanActivity            com.example.myapplication            D  🔗 Передаем ML модель в ImageProcessor
2025-07-30 02:51:21.760  5555-5555  ScanActivity            com.example.myapplication            I  Модель: OMR_Classification_Model
                                                                                                    Версия: 2.0
                                                                                                    Формат: TFLITE
                                                                                                    Размер входа: 224x224
                                                                                                    Классы: empty, filled
