2025-08-04 20:21:38.119 11576-11576 VRI[ReportsActivity]    com.example.myapplication            W  handleResized, msg:, frameChanged:false, configChanged:false, displayChanged:false, attachedFrameChanged:false, compatScaleChanged:false, pendingDragResizing=false
2025-08-04 20:21:38.131 11576-11646 VRI[ReportsActivity]    com.example.myapplication            D  Received frameCommittedCallback lastAttemptedDrawFrameNum=3 didProduceBuffer=true syncBuffer=false
2025-08-04 20:21:38.131 11576-11576 VRI[ReportsActivity]    com.example.myapplication            D  draw finished. seqId=0
2025-08-04 20:21:38.186 11576-11576 VRI[ReportsActivity]    com.example.myapplication            D  onFocusEvent true
2025-08-04 20:21:38.453 11576-11971 VRI[MainActivity]       com.example.myapplication            D  dispatchAppVisibility visible:false
2025-08-04 20:21:38.463 11576-11576 VRI[MainActivity]       com.example.myapplication            D  visibilityChanged oldVisibility=true newVisibility=false
2025-08-04 20:21:38.463 11576-11576 callGcSupression        com.example.myapplication            D  java.lang.NullPointerException: Attempt to invoke virtual method 'java.lang.Object java.lang.reflect.Method.invoke(java.lang.Object, java.lang.Object[])' on a null object reference
2025-08-04 20:21:38.464 11576-11576 VRI[MainActivity]       com.example.myapplication            D  setWindowStopped stopped:true
2025-08-04 20:21:38.478 11576-11576 HWUI                    com.example.myapplication            D  RenderProxy::destroy: this=0xb400006f4131b500, mContext=0xb400006ea879c640
2025-08-04 20:21:38.478 11576-11646 HWUI                    com.example.myapplication            D  SkiaOpenGLPipeline::setSurface: this=0xb400006f413115c0, surface=NULL
2025-08-04 20:21:38.480 11576-11576 ViewRootImplExtImpl     com.example.myapplication            D  wrapConfigInfoIntoFlags rotation=0, smallestScreenWidthDp=360, relayoutAsync=false, flags=0, newFlags=23592960, residentWS=false, title=com.example.myapplication/com.example.myapplication.MainActivity
2025-08-04 20:21:38.482 11576-11971 BLASTBufferQueue        com.example.myapplication            D  [VRI[MainActivity]#3](f:0,a:2) destructor()
2025-08-04 20:21:38.482 11576-11971 BufferQueueConsumer     com.example.myapplication            D  [VRI[MainActivity]#3(BLAST Consumer)3](id:2d3800000003,api:0,p:-1,c:11576) disconnect
2025-08-04 20:21:38.486 11576-11576 VRI[MainActivity]       com.example.myapplication            D  relayoutWindow result, sizeChanged:false, surfaceControlChanged:true, transformHintChanged:false, mSurfaceSize:Point(1080, 2400), mLastSurfaceSize:Point(1080, 2400), mWidth:1080, mHeight:2400, requestedWidth:1080, requestedHeight:2400, transformHint:0, installOrientation:0, displayRotation:0, isSurfaceValid:false, attr.flag:-2122252032, tmpFrames:ClientWindowFrames{frame=[0,0][1080,2400] display=[0,0][1080,2400] parentFrame=[0,0][0,0]}, relayoutAsync:false, mSyncSeqId:0
2025-08-04 20:21:39.124 11576-11656 OplusScrollToTopManager com.example.myapplication            D  com.example.myapplication/com.example.myapplication.MainActivity,This com.android.internal.policy.DecorView{64732a2 I.E...... R......D 0,0-1080,2400 aid=0 alpha=1.0 viewInfo = }[MainActivity] change focus to false
2025-08-04 20:21:39.199 11576-11656 OplusScrollToTopManager com.example.myapplication            D  com.example.myapplication/com.example.myapplication.ReportsActivity,This com.android.internal.policy.DecorView{c166bba V.E...... R....... 0,0-1080,2400 aid=2 alpha=1.0 viewInfo = }[ReportsActivity] change focus to true
2025-08-04 20:21:42.091 11576-11576 AutofillManager         com.example.myapplication            V  requestHideFillUi(null): anchor = null
2025-08-04 20:21:42.186 11576-11576 StatisticsAdapter       com.example.myapplication            D  📊 getItemViewType() позиция 3 -> тип 3
2025-08-04 20:21:42.186 11576-11576 StatisticsAdapter       com.example.myapplication            D  📊 onCreateViewHolder() тип 3
2025-08-04 20:21:42.195 11576-11576 StatisticsAdapter       com.example.myapplication            D  📊 onBindViewHolder() позиция 3, тип ErrorAnalysisViewHolder
2025-08-04 20:21:42.207 11576-11576 StatisticsAdapter       com.example.myapplication            D  📊 getItemViewType() позиция 3 -> тип 3
2025-08-04 20:21:42.226 11576-11576 StatisticsAdapter       com.example.myapplication            D  📊 getItemViewType() позиция 3 -> тип 3
2025-08-04 20:21:42.243 11576-11576 StatisticsAdapter       com.example.myapplication            D  📊 getItemViewType() позиция 3 -> тип 3
2025-08-04 20:21:42.269 11576-11576 StatisticsAdapter       com.example.myapplication            D  📊 getItemViewType() позиция 3 -> тип 3
2025-08-04 20:21:42.281 11576-11576 OplusViewDebugManager   com.example.myapplication            D  OplusViewDebugManager Constructor android.view.debug.OplusViewDebugManager@50f7e1e [mHasViewDebugProperty true] [mHasMsgDebugProperty false] [DEBUG false] [EXTRAINFOENABLE false] [LIGHT_OS true]
2025-08-04 20:21:42.281 11576-11576 OplusViewDebugManager   com.example.myapplication            D  OplusViewDebugManager Constructor android.view.debug.OplusViewDebugManager@93a06ff [mHasViewDebugProperty true] [mHasMsgDebugProperty false] [DEBUG false] [EXTRAINFOENABLE false] [LIGHT_OS true]
2025-08-04 20:21:42.282 11576-11576 ScrollIdentify          com.example.myapplication            I  on fling
2025-08-04 20:21:42.282 11576-11576 ViewRootImplExtImpl     com.example.myapplication            D  the up motion event handled by client, just return
2025-08-04 20:21:42.302 11576-11576 StatisticsAdapter       com.example.myapplication            D  📊 getItemViewType() позиция 3 -> тип 3
2025-08-04 20:21:42.317 11576-11576 StatisticsAdapter       com.example.myapplication            D  📊 getItemViewType() позиция 3 -> тип 3
2025-08-04 20:21:42.333 11576-11576 StatisticsAdapter       com.example.myapplication            D  📊 getItemViewType() позиция 3 -> тип 3
2025-08-04 20:21:42.349 11576-11576 StatisticsAdapter       com.example.myapplication            D  📊 getItemViewType() позиция 3 -> тип 3
2025-08-04 20:21:42.366 11576-11576 StatisticsAdapter       com.example.myapplication            D  📊 getItemViewType() позиция 3 -> тип 3
2025-08-04 20:21:42.382 11576-11576 StatisticsAdapter       com.example.myapplication            D  📊 getItemViewType() позиция 3 -> тип 3
2025-08-04 20:21:42.399 11576-11576 StatisticsAdapter       com.example.myapplication            D  📊 getItemViewType() позиция 3 -> тип 3
2025-08-04 20:21:42.416 11576-11576 StatisticsAdapter       com.example.myapplication            D  📊 getItemViewType() позиция 3 -> тип 3
2025-08-04 20:21:42.433 11576-11576 StatisticsAdapter       com.example.myapplication            D  📊 getItemViewType() позиция 3 -> тип 3
2025-08-04 20:21:42.449 11576-11576 StatisticsAdapter       com.example.myapplication            D  📊 getItemViewType() позиция 3 -> тип 3
2025-08-04 20:21:42.466 11576-11576 StatisticsAdapter       com.example.myapplication            D  📊 getItemViewType() позиция 3 -> тип 3
2025-08-04 20:21:42.482 11576-11576 StatisticsAdapter       com.example.myapplication            D  📊 getItemViewType() позиция 3 -> тип 3
2025-08-04 20:21:42.499 11576-11576 StatisticsAdapter       com.example.myapplication            D  📊 getItemViewType() позиция 3 -> тип 3
2025-08-04 20:21:42.516 11576-11576 StatisticsAdapter       com.example.myapplication            D  📊 getItemViewType() позиция 3 -> тип 3
2025-08-04 20:21:42.533 11576-11576 StatisticsAdapter       com.example.myapplication            D  📊 getItemViewType() позиция 3 -> тип 3
2025-08-04 20:21:42.547 11576-11576 StatisticsAdapter       com.example.myapplication            D  📊 getItemViewType() позиция 3 -> тип 3
2025-08-04 20:21:42.558 11576-11584 e.myapplication         com.example.myapplication            W  Cleared Reference was only reachable from finalizer (only reported once)
2025-08-04 20:21:42.566 11576-11576 StatisticsAdapter       com.example.myapplication            D  📊 getItemViewType() позиция 3 -> тип 3
2025-08-04 20:21:42.582 11576-11576 StatisticsAdapter       com.example.myapplication            D  📊 getItemViewType() позиция 3 -> тип 3
2025-08-04 20:21:42.588 11576-11646 HWUI                    com.example.myapplication            D  SkiaOpenGLPipeline::setSurface: this=0xb400006f41311c00, surface=NULL
2025-08-04 20:21:42.589 11576-11646 HWUI                    com.example.myapplication            D  SkiaOpenGLPipeline::setSurface: this=0xb400006e8ad42480, surface=NULL
2025-08-04 20:21:42.750 11576-11576 AutofillManager         com.example.myapplication            V  requestHideFillUi(null): anchor = null
2025-08-04 20:21:42.850 11576-11576 StatisticsAdapter       com.example.myapplication            D  📊 getItemViewType() позиция 3 -> тип 3
2025-08-04 20:21:42.862 11576-11576 StatisticsAdapter       com.example.myapplication            D  📊 getItemViewType() позиция 3 -> тип 3
2025-08-04 20:21:42.875 11576-11576 StatisticsAdapter       com.example.myapplication            D  📊 getItemViewType() позиция 4 -> тип 4
2025-08-04 20:21:42.875 11576-11576 StatisticsAdapter       com.example.myapplication            D  📊 onCreateViewHolder() тип 4
2025-08-04 20:21:42.875 11576-11576 StatisticsAdapter       com.example.myapplication            D  🔥 Создаем QuestionHeatmapViewHolder
2025-08-04 20:21:42.887 11576-11576 StatisticsAdapter       com.example.myapplication            D  📊 onBindViewHolder() позиция 4, тип QuestionHeatmapViewHolder
2025-08-04 20:21:42.887 11576-11576 StatisticsAdapter       com.example.myapplication            D  🔥 Вызываем QuestionHeatmapViewHolder.bind()
2025-08-04 20:21:42.887 11576-11576 StatisticsAdapter       com.example.myapplication            D  🔥 QuestionHeatmapViewHolder.bind() вызван с 10 элементами
2025-08-04 20:21:42.887 11576-11576 StatisticsAdapter       com.example.myapplication            D  🔥 Создаем круговую диаграмму для 10 вопросов
2025-08-04 20:21:42.897 11576-11576 StatisticsAdapter       com.example.myapplication            D  🔥 Круговая диаграмма создана
2025-08-04 20:21:42.901 11576-11576 StatisticsAdapter       com.example.myapplication            D  📊 getItemViewType() позиция 4 -> тип 4
2025-08-04 20:21:42.914 11576-11576 StatisticsAdapter       com.example.myapplication            D  📊 getItemViewType() позиция 4 -> тип 4
2025-08-04 20:21:42.930 11576-11576 VelocityTracker         com.example.myapplication            I  LSQ2 speed rezero
2025-08-04 20:21:42.930 11576-11576 VelocityTracker         com.example.myapplication            I  LSQ2 speed rezero
2025-08-04 20:21:42.931 11576-11576 VelocityTracker         com.example.myapplication            I  LSQ2 speed rezero
2025-08-04 20:21:42.931 11576-11576 ScrollIdentify          com.example.myapplication            I  on fling
2025-08-04 20:21:42.931 11576-11576 ViewRootImplExtImpl     com.example.myapplication            D  the up motion event handled by client, just return
2025-08-04 20:21:42.949 11576-11576 StatisticsAdapter       com.example.myapplication            D  📊 getItemViewType() позиция 4 -> тип 4
2025-08-04 20:21:42.963 11576-11576 StatisticsAdapter       com.example.myapplication            D  📊 getItemViewType() позиция 4 -> тип 4
2025-08-04 20:21:42.980 11576-11576 StatisticsAdapter       com.example.myapplication            D  📊 getItemViewType() позиция 4 -> тип 4
2025-08-04 20:21:43.428 11576-11576 AutofillManager         com.example.myapplication            V  requestHideFillUi(null): anchor = null
2025-08-04 20:21:43.515 11576-11576 StatisticsAdapter       com.example.myapplication            D  📊 getItemViewType() позиция 4 -> тип 4
2025-08-04 20:21:43.531 11576-11576 StatisticsAdapter       com.example.myapplication            D  📊 getItemViewType() позиция 4 -> тип 4
2025-08-04 20:21:43.547 11576-11576 StatisticsAdapter       com.example.myapplication            D  📊 getItemViewType() позиция 4 -> тип 4
2025-08-04 20:21:43.564 11576-11576 StatisticsAdapter       com.example.myapplication            D  📊 getItemViewType() позиция 4 -> тип 4
2025-08-04 20:21:43.581 11576-11576 StatisticsAdapter       com.example.myapplication            D  📊 getItemViewType() позиция 4 -> тип 4
2025-08-04 20:21:43.597 11576-11576 StatisticsAdapter       com.example.myapplication            D  📊 getItemViewType() позиция 4 -> тип 4
2025-08-04 20:21:43.614 11576-11576 StatisticsAdapter       com.example.myapplication            D  📊 getItemViewType() позиция 4 -> тип 4
2025-08-04 20:21:43.631 11576-11576 StatisticsAdapter       com.example.myapplication            D  📊 getItemViewType() позиция 4 -> тип 4
2025-08-04 20:21:43.641 11576-11576 ScrollIdentify          com.example.myapplication            I  on fling
2025-08-04 20:21:43.641 11576-11576 ViewRootImplExtImpl     com.example.myapplication            D  the up motion event handled by client, just return
2025-08-04 20:21:43.666 11576-11576 StatisticsAdapter       com.example.myapplication            D  📊 getItemViewType() позиция 4 -> тип 4
2025-08-04 20:21:43.679 11576-11576 StatisticsAdapter       com.example.myapplication            D  📊 getItemViewType() позиция 4 -> тип 4
2025-08-04 20:21:43.695 11576-11576 StatisticsAdapter       com.example.myapplication            D  📊 getItemViewType() позиция 4 -> тип 4
2025-08-04 20:21:43.712 11576-11576 StatisticsAdapter       com.example.myapplication            D  📊 getItemViewType() позиция 4 -> тип 4
2025-08-04 20:21:43.729 11576-11576 StatisticsAdapter       com.example.myapplication            D  📊 getItemViewType() позиция 4 -> тип 4
2025-08-04 20:21:43.745 11576-11576 StatisticsAdapter       com.example.myapplication            D  📊 getItemViewType() позиция 4 -> тип 4
2025-08-04 20:21:43.761 11576-11576 StatisticsAdapter       com.example.myapplication            D  📊 getItemViewType() позиция 4 -> тип 4
2025-08-04 20:21:43.778 11576-11576 StatisticsAdapter       com.example.myapplication            D  📊 getItemViewType() позиция 4 -> тип 4
2025-08-04 20:21:43.795 11576-11576 StatisticsAdapter       com.example.myapplication            D  📊 getItemViewType() позиция 4 -> тип 4
2025-08-04 20:21:43.812 11576-11576 StatisticsAdapter       com.example.myapplication            D  📊 getItemViewType() позиция 4 -> тип 4
2025-08-04 20:21:43.828 11576-11576 StatisticsAdapter       com.example.myapplication            D  📊 getItemViewType() позиция 4 -> тип 4
2025-08-04 20:21:43.845 11576-11576 StatisticsAdapter       com.example.myapplication            D  📊 getItemViewType() позиция 4 -> тип 4
2025-08-04 20:21:43.861 11576-11576 StatisticsAdapter       com.example.myapplication            D  📊 getItemViewType() позиция 4 -> тип 4
2025-08-04 20:21:43.879 11576-11576 StatisticsAdapter       com.example.myapplication            D  📊 getItemViewType() позиция 4 -> тип 4
2025-08-04 20:21:43.895 11576-11576 StatisticsAdapter       com.example.myapplication            D  📊 getItemViewType() позиция 4 -> тип 4
2025-08-04 20:21:43.912 11576-11576 StatisticsAdapter       com.example.myapplication            D  📊 getItemViewType() позиция 4 -> тип 4
2025-08-04 20:21:43.930 11576-11576 StatisticsAdapter       com.example.myapplication            D  📊 getItemViewType() позиция 4 -> тип 4
2025-08-04 20:21:53.446 11576-11576 AutofillManager         com.example.myapplication            V  requestHideFillUi(null): anchor = null
2025-08-04 20:21:53.520 11576-11576 StatisticsAdapter       com.example.myapplication            D  📊 getItemViewType() позиция 4 -> тип 4
2025-08-04 20:21:53.538 11576-11576 StatisticsAdapter       com.example.myapplication            D  📊 getItemViewType() позиция 4 -> тип 4
2025-08-04 20:21:53.555 11576-11576 StatisticsAdapter       com.example.myapplication            D  📊 getItemViewType() позиция 4 -> тип 4
2025-08-04 20:21:53.580 11576-11576 StatisticsAdapter       com.example.myapplication            D  📊 getItemViewType() позиция 4 -> тип 4
2025-08-04 20:21:53.593 11576-11576 StatisticsAdapter       com.example.myapplication            D  📊 getItemViewType() позиция 4 -> тип 4
2025-08-04 20:21:53.605 11576-11576 StatisticsAdapter       com.example.myapplication            D  📊 getItemViewType() позиция 5 -> тип 5
2025-08-04 20:21:53.605 11576-11576 StatisticsAdapter       com.example.myapplication            D  📊 onCreateViewHolder() тип 5
2025-08-04 20:21:53.613 11576-11576 StatisticsAdapter       com.example.myapplication            D  📊 onBindViewHolder() позиция 5, тип RelatedErrorsViewHolder
2025-08-04 20:21:53.628 11576-11576 StatisticsAdapter       com.example.myapplication            D  📊 getItemViewType() позиция 5 -> тип 5
2025-08-04 20:21:53.641 11576-11576 ScrollIdentify          com.example.myapplication            I  on fling
2025-08-04 20:21:53.641 11576-11576 ViewRootImplExtImpl     com.example.myapplication            D  the up motion event handled by client, just return
2025-08-04 20:21:53.667 11576-11576 StatisticsAdapter       com.example.myapplication            D  📊 getItemViewType() позиция 5 -> тип 5
2025-08-04 20:21:53.677 11576-11576 StatisticsAdapter       com.example.myapplication            D  📊 getItemViewType() позиция 5 -> тип 5
2025-08-04 20:21:53.694 11576-11576 StatisticsAdapter       com.example.myapplication            D  📊 getItemViewType() позиция 5 -> тип 5
2025-08-04 20:21:53.711 11576-11576 StatisticsAdapter       com.example.myapplication            D  📊 getItemViewType() позиция 5 -> тип 5
2025-08-04 20:21:53.726 11576-11576 StatisticsAdapter       com.example.myapplication            D  📊 getItemViewType() позиция 5 -> тип 5
2025-08-04 20:21:53.744 11576-11576 StatisticsAdapter       com.example.myapplication            D  📊 getItemViewType() позиция 5 -> тип 5
2025-08-04 20:21:53.761 11576-11576 StatisticsAdapter       com.example.myapplication            D  📊 getItemViewType() позиция 5 -> тип 5
2025-08-04 20:21:53.777 11576-11576 StatisticsAdapter       com.example.myapplication            D  📊 getItemViewType() позиция 5 -> тип 5
2025-08-04 20:21:53.793 11576-11576 StatisticsAdapter       com.example.myapplication            D  📊 getItemViewType() позиция 5 -> тип 5
2025-08-04 20:21:53.810 11576-11576 StatisticsAdapter       com.example.myapplication            D  📊 getItemViewType() позиция 5 -> тип 5
2025-08-04 20:21:53.827 11576-11576 StatisticsAdapter       com.example.myapplication            D  📊 getItemViewType() позиция 5 -> тип 5
2025-08-04 20:21:53.843 11576-11576 StatisticsAdapter       com.example.myapplication            D  📊 getItemViewType() позиция 5 -> тип 5
2025-08-04 20:21:53.860 11576-11576 StatisticsAdapter       com.example.myapplication            D  📊 getItemViewType() позиция 5 -> тип 5
2025-08-04 20:21:53.878 11576-11576 StatisticsAdapter       com.example.myapplication            D  📊 getItemViewType() позиция 5 -> тип 5
2025-08-04 20:21:53.894 11576-11576 StatisticsAdapter       com.example.myapplication            D  📊 getItemViewType() позиция 5 -> тип 5
2025-08-04 20:21:53.911 11576-11576 StatisticsAdapter       com.example.myapplication            D  📊 getItemViewType() позиция 5 -> тип 5
2025-08-04 20:21:53.927 11576-11576 StatisticsAdapter       com.example.myapplication            D  📊 getItemViewType() позиция 5 -> тип 5
2025-08-04 20:21:53.944 11576-11576 StatisticsAdapter       com.example.myapplication            D  📊 getItemViewType() позиция 5 -> тип 5
2025-08-04 20:21:55.429 11576-11576 AutofillManager         com.example.myapplication            V  requestHideFillUi(null): anchor = null
2025-08-04 20:21:55.515 11576-11576 StatisticsAdapter       com.example.myapplication            D  📊 getItemViewType() позиция 5 -> тип 5
2025-08-04 20:21:55.540 11576-11576 StatisticsAdapter       com.example.myapplication            D  📊 getItemViewType() позиция 5 -> тип 5
2025-08-04 20:21:55.544 11576-11576 StatisticsAdapter       com.example.myapplication            D  📊 getItemViewType() позиция 5 -> тип 5
2025-08-04 20:21:55.561 11576-11576 StatisticsAdapter       com.example.myapplication            D  📊 getItemViewType() позиция 5 -> тип 5
2025-08-04 20:21:55.577 11576-11576 StatisticsAdapter       com.example.myapplication            D  📊 getItemViewType() позиция 5 -> тип 5
2025-08-04 20:21:55.607 11576-11576 StatisticsAdapter       com.example.myapplication            D  📊 getItemViewType() позиция 5 -> тип 5
2025-08-04 20:21:55.620 11576-11576 ScrollIdentify          com.example.myapplication            I  on fling
2025-08-04 20:21:55.620 11576-11576 ViewRootImplExtImpl     com.example.myapplication            D  the up motion event handled by client, just return
2025-08-04 20:21:55.642 11576-11576 StatisticsAdapter       com.example.myapplication            D  📊 getItemViewType() позиция 5 -> тип 5
2025-08-04 20:21:55.661 11576-11576 StatisticsAdapter       com.example.myapplication            D  📊 getItemViewType() позиция 5 -> тип 5
2025-08-04 20:21:55.676 11576-11576 StatisticsAdapter       com.example.myapplication            D  📊 getItemViewType() позиция 5 -> тип 5
2025-08-04 20:21:55.694 11576-11576 StatisticsAdapter       com.example.myapplication            D  📊 getItemViewType() позиция 5 -> тип 5
2025-08-04 20:21:55.712 11576-11576 StatisticsAdapter       com.example.myapplication            D  📊 getItemViewType() позиция 5 -> тип 5
2025-08-04 20:21:55.726 11576-11576 StatisticsAdapter       com.example.myapplication            D  📊 getItemViewType() позиция 5 -> тип 5
2025-08-04 20:21:55.746 11576-11576 StatisticsAdapter       com.example.myapplication            D  📊 getItemViewType() позиция 5 -> тип 5
2025-08-04 20:21:55.758 11576-11576 StatisticsAdapter       com.example.myapplication            D  📊 getItemViewType() позиция 5 -> тип 5
2025-08-04 20:21:55.778 11576-11576 StatisticsAdapter       com.example.myapplication            D  📊 getItemViewType() позиция 5 -> тип 5
2025-08-04 20:21:55.795 11576-11576 StatisticsAdapter       com.example.myapplication            D  📊 getItemViewType() позиция 5 -> тип 5
2025-08-04 20:21:55.808 11576-11576 StatisticsAdapter       com.example.myapplication            D  📊 getItemViewType() позиция 5 -> тип 5
2025-08-04 20:21:55.827 11576-11576 StatisticsAdapter       com.example.myapplication            D  📊 getItemViewType() позиция 5 -> тип 5
2025-08-04 20:21:55.864 11576-11576 StatisticsAdapter       com.example.myapplication            D  📊 getItemViewType() позиция 5 -> тип 5
2025-08-04 20:21:55.898 11576-11576 StatisticsAdapter       com.example.myapplication            D  📊 getItemViewType() позиция 5 -> тип 5
2025-08-04 20:21:55.917 11576-11576 StatisticsAdapter       com.example.myapplication            D  📊 getItemViewType() позиция 5 -> тип 5
2025-08-04 20:21:56.247 11576-11576 AutofillManager         com.example.myapplication            V  requestHideFillUi(null): anchor = null
2025-08-04 20:21:56.322 11576-11576 StatisticsAdapter       com.example.myapplication            D  📊 getItemViewType() позиция 5 -> тип 5
2025-08-04 20:21:56.337 11576-11576 StatisticsAdapter       com.example.myapplication            D  📊 getItemViewType() позиция 5 -> тип 5
2025-08-04 20:21:56.354 11576-11576 StatisticsAdapter       com.example.myapplication            D  📊 getItemViewType() позиция 5 -> тип 5
2025-08-04 20:21:56.372 11576-11576 StatisticsAdapter       com.example.myapplication            D  📊 getItemViewType() позиция 5 -> тип 5
2025-08-04 20:21:56.386 11576-11576 StatisticsAdapter       com.example.myapplication            D  📊 getItemViewType() позиция 5 -> тип 5
2025-08-04 20:21:56.402 11576-11576 StatisticsAdapter       com.example.myapplication            D  📊 getItemViewType() позиция 5 -> тип 5
2025-08-04 20:21:56.420 11576-11576 StatisticsAdapter       com.example.myapplication            D  📊 getItemViewType() позиция 5 -> тип 5
2025-08-04 20:21:56.426 11576-11576 ScrollIdentify          com.example.myapplication            I  on fling
2025-08-04 20:21:56.427 11576-11576 ViewRootImplExtImpl     com.example.myapplication            D  the up motion event handled by client, just return
2025-08-04 20:21:56.434 11576-11576 StatisticsAdapter       com.example.myapplication            D  📊 getItemViewType() позиция 5 -> тип 5
2025-08-04 20:21:56.449 11576-11576 StatisticsAdapter       com.example.myapplication            D  📊 getItemViewType() позиция 5 -> тип 5
2025-08-04 20:21:58.848 11576-11576 AutofillManager         com.example.myapplication            V  requestHideFillUi(null): anchor = null
2025-08-04 20:21:59.249 11576-11576 ScrollIdentify          com.example.myapplication            I  on fling
2025-08-04 20:21:59.249 11576-11576 ViewRootImplExtImpl     com.example.myapplication            D  the up motion event handled by client, just return
2025-08-04 20:21:59.798 11576-11576 AutofillManager         com.example.myapplication            V  requestHideFillUi(null): anchor = null
2025-08-04 20:21:59.957 11576-11576 ScrollIdentify          com.example.myapplication            I  on fling
2025-08-04 20:21:59.957 11576-11576 ViewRootImplExtImpl     com.example.myapplication            D  the up motion event handled by client, just return
2025-08-04 20:22:00.477 11576-11576 AutofillManager         com.example.myapplication            V  requestHideFillUi(null): anchor = null
2025-08-04 20:22:00.675 11576-11576 ScrollIdentify          com.example.myapplication            I  on fling
2025-08-04 20:22:00.675 11576-11576 ViewRootImplExtImpl     com.example.myapplication            D  the up motion event handled by client, just return
2025-08-04 20:22:09.463 11576-11576 AutofillManager         com.example.myapplication            V  requestHideFillUi(null): anchor = null
2025-08-04 20:22:09.673 11576-11576 ScrollIdentify          com.example.myapplication            I  on fling
2025-08-04 20:22:09.673 11576-11576 ViewRootImplExtImpl     com.example.myapplication            D  the up motion event handled by client, just return
2025-08-04 20:22:10.393 11576-11576 AutofillManager         com.example.myapplication            V  requestHideFillUi(null): anchor = null
2025-08-04 20:22:10.638 11576-11576 ScrollIdentify          com.example.myapplication            I  on fling
2025-08-04 20:22:10.638 11576-11576 ViewRootImplExtImpl     com.example.myapplication            D  the up motion event handled by client, just return
2025-08-04 20:22:11.118 11576-11576 AutofillManager         com.example.myapplication            V  requestHideFillUi(null): anchor = null
2025-08-04 20:22:11.407 11576-11576 OplusViewDebugManager   com.example.myapplication            D  OplusViewDebugManager Constructor android.view.debug.OplusViewDebugManager@8f5a5da [mHasViewDebugProperty true] [mHasMsgDebugProperty false] [DEBUG false] [EXTRAINFOENABLE false] [LIGHT_OS true]
2025-08-04 20:22:11.408 11576-11576 OplusViewDebugManager   com.example.myapplication            D  OplusViewDebugManager Constructor android.view.debug.OplusViewDebugManager@9bc3a0b [mHasViewDebugProperty true] [mHasMsgDebugProperty false] [DEBUG false] [EXTRAINFOENABLE false] [LIGHT_OS true]
2025-08-04 20:22:11.408 11576-11576 ScrollIdentify          com.example.myapplication            I  on fling
2025-08-04 20:22:11.408 11576-11576 ViewRootImplExtImpl     com.example.myapplication            D  the up motion event handled by client, just return
2025-08-04 20:22:12.003 11576-11576 AutofillManager         com.example.myapplication            V  requestHideFillUi(null): anchor = null
2025-08-04 20:22:12.231 11576-11576 ScrollIdentify          com.example.myapplication            I  on fling
2025-08-04 20:22:12.231 11576-11576 ViewRootImplExtImpl     com.example.myapplication            D  the up motion event handled by client, just return
2025-08-04 20:22:12.710 11576-11576 AutofillManager         com.example.myapplication            V  requestHideFillUi(null): anchor = null
2025-08-04 20:22:13.222 11576-11576 ScrollIdentify          com.example.myapplication            I  on fling
2025-08-04 20:22:13.222 11576-11576 ViewRootImplExtImpl     com.example.myapplication            D  the up motion event handled by client, just return
2025-08-04 20:22:13.875 11576-11576 AutofillManager         com.example.myapplication            V  requestHideFillUi(null): anchor = null
2025-08-04 20:22:13.947 11576-11576 ViewRootImplExtImpl     com.example.myapplication            D  the up motion event handled by client, just return
2025-08-04 20:22:13.984 11576-11576 oplus.andr...actoryImpl com.example.myapplication            I  get feature:IOplusDynamicVsyncFeature
2025-08-04 20:22:13.984 11576-11576 oplus.andr...actoryImpl com.example.myapplication            I  get feature:IOplusDynamicVsyncFeature
2025-08-04 20:22:13.984 11576-11576 oplus.andr...actoryImpl com.example.myapplication            I  get feature:IOplusDynamicVsyncFeature
2025-08-04 20:22:14.006 11576-11576 oplus.andr...actoryImpl com.example.myapplication            I  get feature:IOplusDynamicVsyncFeature
2025-08-04 20:22:14.006 11576-11576 oplus.andr...actoryImpl com.example.myapplication            I  get feature:IOplusDynamicVsyncFeature
2025-08-04 20:22:14.006 11576-11576 oplus.andr...actoryImpl com.example.myapplication            I  get feature:IOplusDynamicVsyncFeature
2025-08-04 20:22:14.011 11576-11576 oplus.andr...actoryImpl com.example.myapplication            I  get feature:IOplusDynamicVsyncFeature
2025-08-04 20:22:14.011 11576-11576 oplus.andr...actoryImpl com.example.myapplication            I  get feature:IOplusDynamicVsyncFeature
2025-08-04 20:22:14.011 11576-11576 oplus.andr...actoryImpl com.example.myapplication            I  get feature:IOplusDynamicVsyncFeature
2025-08-04 20:22:14.030 11576-11576 WindowManager           com.example.myapplication            D  Add to mViews: com.android.internal.policy.DecorView{916998d V.E...... R.....I. 0,0-0,0 alpha=1.0 viewInfo = }[ReportsActivity],pkg= com.example.myapplication
2025-08-04 20:22:14.031 11576-11646 skia                    com.example.myapplication            D  setRusSupported enable 0
2025-08-04 20:22:14.053 11576-11576 ViewRootImplExtImpl     com.example.myapplication            D  onDisplayChanged -1 for VRI android.view.ViewRootImpl@69b4490
2025-08-04 20:22:14.056 11576-11576 OplusBracketLog         com.example.myapplication            E  [OplusViewMirrorManager] updateHostViewRootIfNeeded, not support android.view.ViewRootImpl@69b4490
2025-08-04 20:22:14.111 11576-11576 InsetsController        com.example.myapplication            D  setRequestedVisibleTypes, mRequestedVisibleTypes: statusBars navigationBars captionBar systemGestures mandatorySystemGestures tappableElement displayCutout windowDecor systemOverlays, requestedVisibleTypes: statusBars navigationBars captionBar systemGestures mandatorySystemGestures tappableElement displayCutout windowDecor systemOverlays, visibleTypes: navigationBars, type: 2, call: android.view.InsetsController.controlAnimationUnchecked:1477 android.view.InsetsController.applyAnimation:2191 android.view.InsetsController.applyAnimation:2161 android.view.InsetsController.onControlsChanged:1163 android.view.ViewRootImpl.relayoutWindow:10356 android.view.ViewRootImpl.performTraversals:4151 android.view.ViewRootImpl.doTraversal:3313 android.view.ViewRootImpl$TraversalRunnable.run:11495 android.view.Choreographer$CallbackRecord.run:1621 android.view.Choreographer$CallbackRecord.run:1630 
2025-08-04 20:22:14.112 11576-11576 BufferQueueConsumer     com.example.myapplication            D  [](id:2d3800000005,api:0,p:-1,c:11576) connect: controlledByApp=false
2025-08-04 20:22:14.123 11576-11576 SurfaceControl          com.example.myapplication            I   setExtendedRangeBrightness sc=Surface(name=com.example.myapplication/com.example.myapplication.ReportsActivity)/@0x5471b4d,currentBufferRatio=1.0,desiredRatio=1.0
2025-08-04 20:22:14.144 11576-11646 BLASTBufferQueue        com.example.myapplication            D  [VRI[ReportsActivity]#5](f:0,a:1) acquireNextBufferLocked size=1272x1734 mFrameNumber=1 applyTransaction=true mTimestamp=1428848763204396(auto) mPendingTransactions.size=0 graphicBufferId=49718541418516 transform=0
2025-08-04 20:22:14.145 11576-11646 VRI[ReportsActivity]    com.example.myapplication            D  Received frameCommittedCallback lastAttemptedDrawFrameNum=1 didProduceBuffer=true syncBuffer=false
2025-08-04 20:22:14.147 11576-11576 VRI[ReportsActivity]    com.example.myapplication            D  draw finished. seqId=0
2025-08-04 20:22:14.147 11576-11576 ViewRootImplExtImpl     com.example.myapplication            D  setMaxDequeuedBufferCount: 2
2025-08-04 20:22:14.147 11576-11576 VRI[ReportsActivity]    com.example.myapplication            D  onFocusEvent false
2025-08-04 20:22:14.149 11576-11576 callGcSupression        com.example.myapplication            D  java.lang.NullPointerException: Attempt to invoke virtual method 'java.lang.Object java.lang.reflect.Method.invoke(java.lang.Object, java.lang.Object[])' on a null object reference
2025-08-04 20:22:14.150 11576-11576 VRI[ReportsActivity]    com.example.myapplication            W  handleResized abandoned!
2025-08-04 20:22:14.150 11576-11576 callGcSupression        com.example.myapplication            D  java.lang.NullPointerException: Attempt to invoke virtual method 'java.lang.Object java.lang.reflect.Method.invoke(java.lang.Object, java.lang.Object[])' on a null object reference
2025-08-04 20:22:14.246 11576-11646 VRI[ReportsActivity]    com.example.myapplication            D  Received frameCommittedCallback lastAttemptedDrawFrameNum=2 didProduceBuffer=true syncBuffer=false
2025-08-04 20:22:14.247 11576-11576 VRI[ReportsActivity]    com.example.myapplication            D  draw finished. seqId=0
2025-08-04 20:22:14.248 11576-11576 VRI[ReportsActivity]    com.example.myapplication            D  onFocusEvent true
2025-08-04 20:22:14.393 11576-11576 InsetsController        com.example.myapplication            D  setRequestedVisibleTypes, mRequestedVisibleTypes: statusBars navigationBars captionBar systemGestures mandatorySystemGestures tappableElement displayCutout windowDecor systemOverlays, requestedVisibleTypes: statusBars navigationBars captionBar systemGestures mandatorySystemGestures tappableElement displayCutout windowDecor systemOverlays, visibleTypes: navigationBars, type: 2, call: android.view.InsetsController.notifyFinished:1879 android.view.InsetsAnimationThreadControlRunner$1.lambda$notifyFinished$0:86 android.view.InsetsAnimationThreadControlRunner$1.$r8$lambda$cDFF0h4Ncq-8EXdGszv69jrUu7c:0 android.view.InsetsAnimationThreadControlRunner$1$$ExternalSyntheticLambda1.run:0 android.os.Handler.handleCallback:973 android.os.Handler.dispatchMessage:100 android.os.Looper.loopOnce:282 android.os.Looper.loop:387 android.app.ActivityThread.main:9500 java.lang.reflect.Method.invoke:-2 
2025-08-04 20:22:15.159 11576-11656 OplusScrollToTopManager com.example.myapplication            D  com.example.myapplication/com.example.myapplication.ReportsActivity,This com.android.internal.policy.DecorView{c166bba V.E...... R....... 0,0-1080,2400 aid=2 alpha=1.0 viewInfo = }[ReportsActivity] change focus to false
2025-08-04 20:22:15.252 11576-11656 OplusScrollToTopManager com.example.myapplication            D  com.example.myapplication/com.example.myapplication.ReportsActivity,This com.android.internal.policy.DecorView{916998d V.E...... R....... 0,0-1080,1542 alpha=1.0 viewInfo = }[ReportsActivity] change focus to true
2025-08-04 20:22:25.372 11576-11576 AutofillManager         com.example.myapplication            V  requestHideFillUi(null): anchor = null
2025-08-04 20:22:25.471 11576-11576 ViewRootImplExtImpl     com.example.myapplication            D  the up motion event handled by client, just return
2025-08-04 20:22:25.474 11576-11576 OplusScrollToTopManager com.example.myapplication            D  com.example.myapplication/com.example.myapplication.ReportsActivity,window dying
2025-08-04 20:22:25.474 11576-11576 OplusScrollToTopManager com.example.myapplication            D  com.example.myapplication/com.example.myapplication.ReportsActivity,unregisterSystemUIBroadcastReceiver 
2025-08-04 20:22:25.474 11576-11576 OplusScrollToTopManager com.example.myapplication            D  com.example.myapplication/com.example.myapplication.ReportsActivity, unregisterSystemUIBroadcastReceiver failed java.lang.IllegalArgumentException: Receiver not registered: android.view.OplusScrollToTopManager$2@6273188
2025-08-04 20:22:25.474 11576-11576 WindowOnBackDispatcher  com.example.myapplication            W  sendCancelIfRunning: isInProgress=false callback=android.view.ViewRootImpl$$ExternalSyntheticLambda11@6604189
2025-08-04 20:22:25.479 11576-11576 HWUI                    com.example.myapplication            D  RenderProxy::destroy: this=0xb400006e8854a500, mContext=0xb400006de30a5180
2025-08-04 20:22:25.479 11576-11646 HWUI                    com.example.myapplication            D  SkiaOpenGLPipeline::setSurface: this=0xb400006de2f6b2c0, surface=NULL
2025-08-04 20:22:25.481 11576-11576 BLASTBufferQueue        com.example.myapplication            D  [VRI[ReportsActivity]#5](f:0,a:2) destructor()
2025-08-04 20:22:25.481 11576-11576 BufferQueueConsumer     com.example.myapplication            D  [VRI[ReportsActivity]#5(BLAST Consumer)5](id:2d3800000005,api:0,p:-1,c:11576) disconnect
2025-08-04 20:22:25.513 11576-11576 InsetsController        com.example.myapplication            D  setRequestedVisibleTypes, mRequestedVisibleTypes: systemGestures mandatorySystemGestures tappableElement displayCutout windowDecor, requestedVisibleTypes: systemGestures mandatorySystemGestures tappableElement displayCutout windowDecor, visibleTypes: , type: 2, call: android.view.InsetsController.controlAnimationUnchecked:1477 android.view.InsetsController.applyAnimation:2191 android.view.InsetsController.applyAnimation:2161 android.view.InsetsController.onControlsChanged:1171 android.view.ViewRootImpl.handleInsetsControlChanged:2565 android.view.ViewRootImpl.-$$Nest$mhandleInsetsControlChanged:0 android.view.ViewRootImpl$ViewRootHandler.handleMessageImpl:7565 android.view.ViewRootImpl$ViewRootHandler.handleMessage:7504 android.os.Handler.dispatchMessage:107 android.os.Looper.loopOnce:282 
2025-08-04 20:22:25.527 11576-11576 VRI[ReportsActivity]    com.example.myapplication            D  onFocusEvent true
2025-08-04 20:22:25.535 11576-11576 callGcSupression        com.example.myapplication            D  java.lang.NullPointerException: Attempt to invoke virtual method 'java.lang.Object java.lang.reflect.Method.invoke(java.lang.Object, java.lang.Object[])' on a null object reference
2025-08-04 20:22:25.535 11576-11576 VRI[ReportsActivity]    com.example.myapplication            W  handleResized abandoned!
2025-08-04 20:22:25.887 11576-11576 InsetsController        com.example.myapplication            D  setRequestedVisibleTypes, mRequestedVisibleTypes: systemGestures mandatorySystemGestures tappableElement displayCutout windowDecor, requestedVisibleTypes: systemGestures mandatorySystemGestures tappableElement displayCutout windowDecor, visibleTypes: , type: 2, call: android.view.InsetsController.notifyFinished:1879 android.view.InsetsAnimationThreadControlRunner$1.lambda$notifyFinished$0:86 android.view.InsetsAnimationThreadControlRunner$1.$r8$lambda$cDFF0h4Ncq-8EXdGszv69jrUu7c:0 android.view.InsetsAnimationThreadControlRunner$1$$ExternalSyntheticLambda1.run:0 android.os.Handler.handleCallback:973 android.os.Handler.dispatchMessage:100 android.os.Looper.loopOnce:282 android.os.Looper.loop:387 android.app.ActivityThread.main:9500 java.lang.reflect.Method.invoke:-2 
2025-08-04 20:22:25.992 11576-11576 AutofillManager         com.example.myapplication            V  requestHideFillUi(null): anchor = null
2025-08-04 20:22:26.183 11576-11576 ScrollIdentify          com.example.myapplication            I  on fling
2025-08-04 20:22:26.183 11576-11576 ViewRootImplExtImpl     com.example.myapplication            D  the up motion event handled by client, just return
2025-08-04 20:22:26.540 11576-11656 OplusScrollToTopManager com.example.myapplication            D  com.example.myapplication/com.example.myapplication.ReportsActivity,This com.android.internal.policy.DecorView{c166bba V.E...... R......D 0,0-1080,2400 aid=2 alpha=1.0 viewInfo = }[ReportsActivity] change focus to true
2025-08-04 20:22:27.057 11576-11576 AutofillManager         com.example.myapplication            V  requestHideFillUi(null): anchor = null
2025-08-04 20:22:27.131 11576-11576 ViewRootImplExtImpl     com.example.myapplication            D  the up motion event handled by client, just return
2025-08-04 20:22:27.167 11576-11576 oplus.andr...actoryImpl com.example.myapplication            I  get feature:IOplusDynamicVsyncFeature
2025-08-04 20:22:27.167 11576-11576 oplus.andr...actoryImpl com.example.myapplication            I  get feature:IOplusDynamicVsyncFeature
2025-08-04 20:22:27.167 11576-11576 oplus.andr...actoryImpl com.example.myapplication            I  get feature:IOplusDynamicVsyncFeature
2025-08-04 20:22:27.185 11576-11576 oplus.andr...actoryImpl com.example.myapplication            I  get feature:IOplusDynamicVsyncFeature
2025-08-04 20:22:27.185 11576-11576 oplus.andr...actoryImpl com.example.myapplication            I  get feature:IOplusDynamicVsyncFeature
2025-08-04 20:22:27.185 11576-11576 oplus.andr...actoryImpl com.example.myapplication            I  get feature:IOplusDynamicVsyncFeature
2025-08-04 20:22:27.189 11576-11576 oplus.andr...actoryImpl com.example.myapplication            I  get feature:IOplusDynamicVsyncFeature
2025-08-04 20:22:27.189 11576-11576 oplus.andr...actoryImpl com.example.myapplication            I  get feature:IOplusDynamicVsyncFeature
2025-08-04 20:22:27.189 11576-11576 oplus.andr...actoryImpl com.example.myapplication            I  get feature:IOplusDynamicVsyncFeature
2025-08-04 20:22:27.205 11576-11576 WindowManager           com.example.myapplication            D  Add to mViews: com.android.internal.policy.DecorView{6c5ffdf V.E...... R.....I. 0,0-0,0 alpha=1.0 viewInfo = }[ReportsActivity],pkg= com.example.myapplication
2025-08-04 20:22:27.206 11576-11646 skia                    com.example.myapplication            D  setRusSupported enable 0
2025-08-04 20:22:27.224 11576-11576 ViewRootImplExtImpl     com.example.myapplication            D  onDisplayChanged -1 for VRI android.view.ViewRootImpl@8ccd48a
2025-08-04 20:22:27.227 11576-11576 OplusBracketLog         com.example.myapplication            E  [OplusViewMirrorManager] updateHostViewRootIfNeeded, not support android.view.ViewRootImpl@8ccd48a
2025-08-04 20:22:27.281 11576-11576 InsetsController        com.example.myapplication            D  setRequestedVisibleTypes, mRequestedVisibleTypes: statusBars navigationBars captionBar systemGestures mandatorySystemGestures tappableElement displayCutout windowDecor systemOverlays, requestedVisibleTypes: statusBars navigationBars captionBar systemGestures mandatorySystemGestures tappableElement displayCutout windowDecor systemOverlays, visibleTypes: navigationBars, type: 2, call: android.view.InsetsController.controlAnimationUnchecked:1477 android.view.InsetsController.applyAnimation:2191 android.view.InsetsController.applyAnimation:2161 android.view.InsetsController.onControlsChanged:1163 android.view.ViewRootImpl.relayoutWindow:10356 android.view.ViewRootImpl.performTraversals:4151 android.view.ViewRootImpl.doTraversal:3313 android.view.ViewRootImpl$TraversalRunnable.run:11495 android.view.Choreographer$CallbackRecord.run:1621 android.view.Choreographer$CallbackRecord.run:1630 
2025-08-04 20:22:27.282 11576-11576 BufferQueueConsumer     com.example.myapplication            D  [](id:2d3800000006,api:0,p:-1,c:11576) connect: controlledByApp=false
2025-08-04 20:22:27.298 11576-11576 SurfaceControl          com.example.myapplication            I   setExtendedRangeBrightness sc=Surface(name=com.example.myapplication/com.example.myapplication.ReportsActivity)/@0xfee239f,currentBufferRatio=1.0,desiredRatio=1.0
2025-08-04 20:22:27.312 11576-11646 BLASTBufferQueue        com.example.myapplication            D  [VRI[ReportsActivity]#6](f:0,a:1) acquireNextBufferLocked size=1272x1734 mFrameNumber=1 applyTransaction=true mTimestamp=1428861930543858(auto) mPendingTransactions.size=0 graphicBufferId=49718541418521 transform=0
2025-08-04 20:22:27.312 11576-11646 VRI[ReportsActivity]    com.example.myapplication            D  Received frameCommittedCallback lastAttemptedDrawFrameNum=1 didProduceBuffer=true syncBuffer=false
2025-08-04 20:22:27.314 11576-11576 VRI[ReportsActivity]    com.example.myapplication            D  draw finished. seqId=0
2025-08-04 20:22:27.314 11576-11576 ViewRootImplExtImpl     com.example.myapplication            D  setMaxDequeuedBufferCount: 2
2025-08-04 20:22:27.316 11576-11576 callGcSupression        com.example.myapplication            D  java.lang.NullPointerException: Attempt to invoke virtual method 'java.lang.Object java.lang.reflect.Method.invoke(java.lang.Object, java.lang.Object[])' on a null object reference
2025-08-04 20:22:27.316 11576-11576 VRI[ReportsActivity]    com.example.myapplication            W  handleResized abandoned!
2025-08-04 20:22:27.400 11576-11646 VRI[ReportsActivity]    com.example.myapplication            D  Received frameCommittedCallback lastAttemptedDrawFrameNum=2 didProduceBuffer=true syncBuffer=false
2025-08-04 20:22:27.401 11576-11576 VRI[ReportsActivity]    com.example.myapplication            D  draw finished. seqId=0
2025-08-04 20:22:27.403 11576-11576 VRI[ReportsActivity]    com.example.myapplication            D  onFocusEvent false
2025-08-04 20:22:27.403 11576-11576 VRI[ReportsActivity]    com.example.myapplication            D  onFocusEvent true
2025-08-04 20:22:27.404 11576-11576 callGcSupression        com.example.myapplication            D  java.lang.NullPointerException: Attempt to invoke virtual method 'java.lang.Object java.lang.reflect.Method.invoke(java.lang.Object, java.lang.Object[])' on a null object reference
2025-08-04 20:22:27.487 11576-11646 VRI[ReportsActivity]    com.example.myapplication            D  Received frameCommittedCallback lastAttemptedDrawFrameNum=3 didProduceBuffer=true syncBuffer=false
2025-08-04 20:22:27.488 11576-11576 VRI[ReportsActivity]    com.example.myapplication            D  draw finished. seqId=0
2025-08-04 20:22:27.548 11576-11576 InsetsController        com.example.myapplication            D  setRequestedVisibleTypes, mRequestedVisibleTypes: statusBars navigationBars captionBar systemGestures mandatorySystemGestures tappableElement displayCutout windowDecor systemOverlays, requestedVisibleTypes: statusBars navigationBars captionBar systemGestures mandatorySystemGestures tappableElement displayCutout windowDecor systemOverlays, visibleTypes: navigationBars, type: 2, call: android.view.InsetsController.notifyFinished:1879 android.view.InsetsAnimationThreadControlRunner$1.lambda$notifyFinished$0:86 android.view.InsetsAnimationThreadControlRunner$1.$r8$lambda$cDFF0h4Ncq-8EXdGszv69jrUu7c:0 android.view.InsetsAnimationThreadControlRunner$1$$ExternalSyntheticLambda1.run:0 android.os.Handler.handleCallback:973 android.os.Handler.dispatchMessage:100 android.os.Looper.loopOnce:282 android.os.Looper.loop:387 android.app.ActivityThread.main:9500 java.lang.reflect.Method.invoke:-2 
2025-08-04 20:22:28.491 11576-11656 OplusScrollToTopManager com.example.myapplication            D  com.example.myapplication/com.example.myapplication.ReportsActivity,This com.android.internal.policy.DecorView{c166bba V.E...... R....... 0,0-1080,2400 aid=2 alpha=1.0 viewInfo = }[ReportsActivity] change focus to false
2025-08-04 20:22:28.492 11576-11656 OplusScrollToTopManager com.example.myapplication            D  com.example.myapplication/com.example.myapplication.ReportsActivity,This com.android.internal.policy.DecorView{6c5ffdf V.E...... R....... 0,0-1080,1542 alpha=1.0 viewInfo = }[ReportsActivity] change focus to true
2025-08-04 20:22:29.559 11576-11576 AutofillManager         com.example.myapplication            V  requestHideFillUi(null): anchor = null
2025-08-04 20:22:29.630 11576-11576 ViewRootImplExtImpl     com.example.myapplication            D  the up motion event handled by client, just return
2025-08-04 20:22:29.632 11576-11576 OplusScrollToTopManager com.example.myapplication            D  com.example.myapplication/com.example.myapplication.ReportsActivity,window dying
2025-08-04 20:22:29.632 11576-11576 OplusScrollToTopManager com.example.myapplication            D  com.example.myapplication/com.example.myapplication.ReportsActivity,unregisterSystemUIBroadcastReceiver 
2025-08-04 20:22:29.633 11576-11576 OplusScrollToTopManager com.example.myapplication            D  com.example.myapplication/com.example.myapplication.ReportsActivity, unregisterSystemUIBroadcastReceiver failed java.lang.IllegalArgumentException: Receiver not registered: android.view.OplusScrollToTopManager$2@c7528a9
2025-08-04 20:22:29.633 11576-11576 WindowOnBackDispatcher  com.example.myapplication            W  sendCancelIfRunning: isInProgress=false callback=android.view.ViewRootImpl$$ExternalSyntheticLambda11@4b4bafb
2025-08-04 20:22:29.636 11576-11576 HWUI                    com.example.myapplication            D  RenderProxy::destroy: this=0xb400006e96984000, mContext=0xb400006de3341740
2025-08-04 20:22:29.637 11576-11646 HWUI                    com.example.myapplication            D  SkiaOpenGLPipeline::setSurface: this=0xb400006de71ca080, surface=NULL
2025-08-04 20:22:29.639 11576-11576 BLASTBufferQueue        com.example.myapplication            D  [VRI[ReportsActivity]#6](f:0,a:2) destructor()
