                                                                                                    Порог уверенности: 80.0%
                                                                                                    Статус: Готова
2025-07-30 02:51:21.760  5555-5555  ScanActivity            com.example.myapplication            D  🏁 Инициализация ML модели завершена: isModelReady=true
2025-07-30 02:51:21.762  5555-5555  TextView                com.example.myapplication            V  notifyAutoFillManagerAfterTextChanged
2025-07-30 02:51:21.762  5555-5555  AutofillManager         com.example.myapplication            V  notifyValueChanged(1073741824): ignoring on state UNKNOWN
2025-07-30 02:51:21.763  5555-5555  TextView                com.example.myapplication            V  notifyAutoFillManagerAfterTextChanged
2025-07-30 02:51:21.763  5555-5555  AutofillManager         com.example.myapplication            V  notifyValueChanged(1073741825): ignoring on state UNKNOWN
2025-07-30 02:51:21.786  5555-5555  Quality                 com.example.myapplication            I  ActivityThread: activityStart delay 626 com.example.myapplication 5555
2025-07-30 02:51:21.788  5555-5555  ScrollOpti...neManager] com.example.myapplication            D  updateCurrentActivity: mCurrentActivityName=com.example.myapplication.ScanActivity, isOptEnable=true, isAnimAheadEnable=true, isFrameInsertEnable=true, InsertNum=1, isEnabledForScrollChanged=false
2025-07-30 02:51:21.788  5555-5555  ActivityThread          com.example.myapplication            D  ComponentInfo{com.example.myapplication/com.example.myapplication.ScanActivity} checkFinished=false 2
2025-07-30 02:51:21.788  5555-5555  ResourcesManagerExtImpl com.example.myapplication            D  applyConfigurationToAppResourcesLocked app.getDisplayId() return callback.displayId:0
2025-07-30 02:51:21.790  5555-5708  CameraManagerExtImpl    com.example.myapplication            I  packagename is com.example.myapplication
2025-07-30 02:51:21.791  5555-5555  WindowManager           com.example.myapplication            D  Add to mViews: com.android.internal.policy.DecorView{e075484 I.E...... R.....ID 0,0-0,0 alpha=1.0 viewInfo = }[ScanActivity],pkg= com.example.myapplication
2025-07-30 02:51:21.792  5555-5585  skia                    com.example.myapplication            D  setRusSupported enable 0
2025-07-30 02:51:21.792  5555-5708  OplusCameraManager      com.example.myapplication            I  saveOpPackageName, mOpPackageName: com.example.myapplication
2025-07-30 02:51:21.797  5555-5555  ViewRootImplExtImpl     com.example.myapplication            D  onDisplayChanged -1 for VRI android.view.ViewRootImpl@8b7d933
2025-07-30 02:51:21.798  5555-5555  VRI[MainActivity]       com.example.myapplication            D  onFocusEvent false
2025-07-30 02:51:21.798  5555-5555  callGcSupression        com.example.myapplication            D  java.lang.NullPointerException: Attempt to invoke virtual method 'java.lang.Object java.lang.reflect.Method.invoke(java.lang.Object, java.lang.Object[])' on a null object reference
2025-07-30 02:51:21.798  5555-5555  ResourcesManagerExtImpl com.example.myapplication            D  applyConfigurationToAppResourcesLocked app.getDisplayId() return callback.displayId:0
2025-07-30 02:51:21.800  5555-5555  OplusBracketLog         com.example.myapplication            E  [OplusViewMirrorManager] updateHostViewRootIfNeeded, not support android.view.ViewRootImpl@8b7d933
2025-07-30 02:51:21.831  5555-5555  ViewRootImplExtImpl     com.example.myapplication            D  wrapConfigInfoIntoFlags rotation=0, smallestScreenWidthDp=360, relayoutAsync=false, flags=0, newFlags=23592960, residentWS=false, title=com.example.myapplication/com.example.myapplication.ScanActivity
2025-07-30 02:51:21.837  5555-5708  OplusCamer...agerGlobal com.example.myapplication            I  setClientInfo, packageName: com.example.myapplication, uid: 10747, pid: 5555
2025-07-30 02:51:21.837  5555-5708  OplusCamer...agerGlobal com.example.myapplication            I  Connecting to camera service
2025-07-30 02:51:21.840  5555-5555  VRI[ScanActivity]       com.example.myapplication            D  relayoutWindow result, sizeChanged:true, surfaceControlChanged:true, transformHintChanged:false, mSurfaceSize:Point(1080, 2400), mLastSurfaceSize:Point(0, 0), mWidth:-1, mHeight:-1, requestedWidth:1080, requestedHeight:2400, transformHint:0, installOrientation:0, displayRotation:0, isSurfaceValid:true, attr.flag:-2122252032, tmpFrames:ClientWindowFrames{frame=[0,0][1080,2400] display=[0,0][1080,2400] parentFrame=[0,0][0,0]}, relayoutAsync:false, mSyncSeqId:0
2025-07-30 02:51:21.840  5555-5555  VRI[ScanActivity]       com.example.myapplication            W  updateBlastSurfaceIfNeeded, surfaceSize:Point(1080, 2400), lastSurfaceSize:Point(0, 0), format:-1, blastBufferQueue:null
2025-07-30 02:51:21.840  5555-5555  BufferQueueConsumer     com.example.myapplication            D  [](id:15b300000001,api:0,p:-1,c:5555) connect: controlledByApp=false
2025-07-30 02:51:21.841  5555-5708  CameraManagerGlobal     com.example.myapplication            I  Connecting to camera service
2025-07-30 02:51:21.857  5555-5555  SurfaceControl          com.example.myapplication            I   setExtendedRangeBrightness sc=Surface(name=com.example.myapplication/com.example.myapplication.ScanActivity)/@0x454f095,currentBufferRatio=1.0,desiredRatio=1.0
2025-07-30 02:51:21.868  5555-5708  OplusCamer...agerGlobal com.example.myapplication            I  setClientInfo, packageName: com.example.myapplication, uid: 10747, pid: 5555
2025-07-30 02:51:21.880  5555-5708  OplusCamer...agerGlobal com.example.myapplication            I  setClientInfo, packageName: com.example.myapplication, uid: 10747, pid: 5555
2025-07-30 02:51:21.918  5555-5585  BLASTBufferQueue        com.example.myapplication            D  [VRI[ScanActivity]#1](f:0,a:1) acquireNextBufferLocked size=1080x2400 mFrameNumber=1 applyTransaction=true mTimestamp=1123964706408915(auto) mPendingTransactions.size=0 graphicBufferId=23858543329284 transform=0
2025-07-30 02:51:21.918  5555-5585  VRI[ScanActivity]       com.example.myapplication            D  Received frameCommittedCallback lastAttemptedDrawFrameNum=1 didProduceBuffer=true syncBuffer=false
2025-07-30 02:51:21.919  5555-5555  VRI[ScanActivity]       com.example.myapplication            D  draw finished. seqId=0
2025-07-30 02:51:21.920  5555-5555  ViewRootImplExtImpl     com.example.myapplication            D  setMaxDequeuedBufferCount: 2
2025-07-30 02:51:21.928  5555-5555  ViewRootImplExtImpl     com.example.myapplication            D  wrapConfigInfoIntoFlags rotation=0, smallestScreenWidthDp=360, relayoutAsync=true, flags=0, newFlags=23592960, residentWS=false, title=com.example.myapplication/com.example.myapplication.ScanActivity
2025-07-30 02:51:21.929  5555-5555  VRI[ScanActivity]       com.example.myapplication            D  relayoutWindow result, sizeChanged:false, surfaceControlChanged:false, transformHintChanged:false, mSurfaceSize:Point(1080, 2400), mLastSurfaceSize:Point(1080, 2400), mWidth:1080, mHeight:2400, requestedWidth:1080, requestedHeight:2400, transformHint:0, installOrientation:0, displayRotation:0, isSurfaceValid:true, attr.flag:-2122252032, tmpFrames:ClientWindowFrames{frame=[0,0][1080,2400] display=[0,0][1080,2400] parentFrame=[0,0][1080,2400]}, relayoutAsync:true, mSyncSeqId:0
2025-07-30 02:51:21.929  5555-5555  VRI[ScanActivity]       com.example.myapplication            W  updateBlastSurfaceIfNeeded, surfaceSize:Point(1080, 2400), lastSurfaceSize:Point(1080, 2400), format:-1, blastBufferQueue:android.graphics.BLASTBufferQueue@eea0db2
2025-07-30 02:51:21.929  5555-5555  SurfaceControl          com.example.myapplication            I   setExtendedRangeBrightness sc=Surface(name=com.example.myapplication/com.example.myapplication.ScanActivity)/@0x454f095,currentBufferRatio=1.0,desiredRatio=1.0
2025-07-30 02:51:21.987  5555-5708  OplusCamer...agerGlobal com.example.myapplication            I  setClientInfo, packageName: com.example.myapplication, uid: 10747, pid: 5555
2025-07-30 02:51:22.006  5555-5555  VRI[ScanActivity]       com.example.myapplication            D  onFocusEvent true
2025-07-30 02:51:22.012  5555-5708  CameraRepository        com.example.myapplication            D  Added camera: 0
2025-07-30 02:51:22.116  5555-5708  Camera2CameraInfo       com.example.myapplication            I  Device Level: INFO_SUPPORTED_HARDWARE_LEVEL_FULL
2025-07-30 02:51:22.120  5555-5708  OplusCamer...agerGlobal com.example.myapplication            I  setClientInfo, packageName: com.example.myapplication, uid: 10747, pid: 5555
2025-07-30 02:51:22.122  5555-5708  CameraRepository        com.example.myapplication            D  Added camera: 1
2025-07-30 02:51:22.125  5555-5708  Camera2CameraInfo       com.example.myapplication            I  Device Level: INFO_SUPPORTED_HARDWARE_LEVEL_FULL
2025-07-30 02:51:22.126  5555-5708  OplusCamer...agerGlobal com.example.myapplication            I  setClientInfo, packageName: com.example.myapplication, uid: 10747, pid: 5555
2025-07-30 02:51:22.128  5555-5708  CameraValidator         com.example.myapplication            D  Verifying camera lens facing on OP5ECBL1, lensFacingInteger: null
2025-07-30 02:51:22.267  5555-5568  VRI[MainActivity]       com.example.myapplication            D  dispatchAppVisibility visible:false
2025-07-30 02:51:22.273  5555-5555  VRI[MainActivity]       com.example.myapplication            D  visibilityChanged oldVisibility=true newVisibility=false
2025-07-30 02:51:22.289  5555-5555  HWUI                    com.example.myapplication            D  RenderProxy::destroy: this=0xb400006f4131b500, mContext=0xb400006f0cedf200
2025-07-30 02:51:22.290  5555-5585  HWUI                    com.example.myapplication            D  SkiaOpenGLPipeline::setSurface: this=0xb400006f0ce98400, surface=NULL
2025-07-30 02:51:22.291  5555-5555  ViewRootImplExtImpl     com.example.myapplication            D  wrapConfigInfoIntoFlags rotation=0, smallestScreenWidthDp=360, relayoutAsync=false, flags=0, newFlags=23592960, residentWS=false, title=com.example.myapplication/com.example.myapplication.MainActivity
2025-07-30 02:51:22.297  5555-5555  VRI[MainActivity]       com.example.myapplication            D  relayoutWindow result, sizeChanged:false, surfaceControlChanged:true, transformHintChanged:false, mSurfaceSize:Point(1080, 2400), mLastSurfaceSize:Point(1080, 2400), mWidth:1080, mHeight:2400, requestedWidth:1080, requestedHeight:2400, transformHint:0, installOrientation:0, displayRotation:0, isSurfaceValid:false, attr.flag:-2122252032, tmpFrames:ClientWindowFrames{frame=[0,0][1080,2400] display=[0,0][1080,2400] parentFrame=[0,0][0,0]}, relayoutAsync:false, mSyncSeqId:0
2025-07-30 02:51:22.297  5555-5555  BLASTBufferQueue        com.example.myapplication            D  [VRI[MainActivity]#0](f:0,a:2) destructor()
2025-07-30 02:51:22.297  5555-5555  BufferQueueConsumer     com.example.myapplication            D  [VRI[MainActivity]#0(BLAST Consumer)0](id:15b300000000,api:0,p:-1,c:5555) disconnect
2025-07-30 02:51:22.298  5555-5555  callGcSupression        com.example.myapplication            D  java.lang.NullPointerException: Attempt to invoke virtual method 'java.lang.Object java.lang.reflect.Method.invoke(java.lang.Object, java.lang.Object[])' on a null object reference
2025-07-30 02:51:22.299  5555-5555  VRI[MainActivity]       com.example.myapplication            D  setWindowStopped stopped:true
2025-07-30 02:51:22.306  5555-5555  ViewRootImplExtImpl     com.example.myapplication            D  wrapConfigInfoIntoFlags rotation=0, smallestScreenWidthDp=360, relayoutAsync=false, flags=0, newFlags=23592960, residentWS=false, title=com.example.myapplication/com.example.myapplication.MainActivity
2025-07-30 02:51:22.310  5555-5555  VRI[MainActivity]       com.example.myapplication            D  relayoutWindow result, sizeChanged:false, surfaceControlChanged:true, transformHintChanged:false, mSurfaceSize:Point(1080, 2400), mLastSurfaceSize:Point(1080, 2400), mWidth:1080, mHeight:2400, requestedWidth:1080, requestedHeight:2400, transformHint:0, installOrientation:0, displayRotation:0, isSurfaceValid:false, attr.flag:-2122252032, tmpFrames:ClientWindowFrames{frame=[0,0][1080,2400] display=[0,0][1080,2400] parentFrame=[0,0][0,0]}, relayoutAsync:false, mSyncSeqId:0
2025-07-30 02:51:22.932  5555-5591  OplusScrollToTopManager com.example.myapplication            D  com.example.myapplication/com.example.myapplication.MainActivity,This com.android.internal.policy.DecorView{51b566d I.E...... R.....ID 0,0-1080,2400 aid=0 alpha=1.0 viewInfo = }[MainActivity] change focus to false
2025-07-30 02:51:23.016  5555-5591  OplusScrollToTopManager com.example.myapplication            D  com.example.myapplication/com.example.myapplication.ScanActivity,This com.android.internal.policy.DecorView{e075484 V.E...... R.....I. 0,0-1080,2400 aid=1 alpha=1.0 viewInfo = }[ScanActivity] change focus to true
2025-07-30 02:51:23.038  5555-5555  AutofillManager         com.example.myapplication            V  requestHideFillUi(null): anchor = null
2025-07-30 02:51:23.073  5555-5555  AutofillManager         com.example.myapplication            V  receiver results: flags=7 enabled=true, enabledForAugmentedOnly: false
2025-07-30 02:51:23.073  5555-5555  AutofillManager         com.example.myapplication            V  startAutofillIfNeededLocked(): enabled=true mServiceClient=android.view.autofill.AutofillManager$AutofillManagerClient@cdc285e
2025-07-30 02:51:23.073  5555-5555  AutofillManager         com.example.myapplication            V  startSessionLocked(): id=1073741824, bounds=null, value=null, flags=0, state=UNKNOWN, compatMode=false, augmentedOnly=false, enabledAugmentedOnly=false, enteredIds=null
2025-07-30 02:51:23.078  5555-5555  AutofillManager         com.example.myapplication            V  updateSessionLocked(): id=1073741824, bounds=null, value=[type=1, value=1_chars], action=4, flags=0
2025-07-30 02:51:23.079  5555-5555  AutofillManager         com.example.myapplication            V  visibility changed for 1073741825: true
2025-07-30 02:51:23.079  5555-5555  AutofillManager         com.example.myapplication            V  Ignoring visibility change on 1073741825: no tracked views
2025-07-30 02:51:23.080  5555-5555  ViewRootImplExtImpl     com.example.myapplication            D  wrapConfigInfoIntoFlags rotation=0, smallestScreenWidthDp=360, relayoutAsync=true, flags=0, newFlags=23592960, residentWS=false, title=com.example.myapplication/com.example.myapplication.ScanActivity
2025-07-30 02:51:23.081  5555-5555  VRI[ScanActivity]       com.example.myapplication            D  relayoutWindow result, sizeChanged:false, surfaceControlChanged:false, transformHintChanged:false, mSurfaceSize:Point(1080, 2400), mLastSurfaceSize:Point(1080, 2400), mWidth:1080, mHeight:2400, requestedWidth:1080, requestedHeight:2400, transformHint:0, installOrientation:0, displayRotation:0, isSurfaceValid:true, attr.flag:-2122252032, tmpFrames:ClientWindowFrames{frame=[0,0][1080,2400] display=[0,0][1080,2400] parentFrame=[0,0][1080,2400]}, relayoutAsync:true, mSyncSeqId:0
2025-07-30 02:51:23.081  5555-5555  VRI[ScanActivity]       com.example.myapplication            W  updateBlastSurfaceIfNeeded, surfaceSize:Point(1080, 2400), lastSurfaceSize:Point(1080, 2400), format:-1, blastBufferQueue:android.graphics.BLASTBufferQueue@eea0db2
2025-07-30 02:51:23.082  5555-5555  SurfaceControl          com.example.myapplication            I   setExtendedRangeBrightness sc=Surface(name=com.example.myapplication/com.example.myapplication.ScanActivity)/@0x454f095,currentBufferRatio=1.0,desiredRatio=1.0
2025-07-30 02:51:23.106  5555-5555  ViewExtract             com.example.myapplication            D  [OplusViewExtractManager] OplusViewExtractManager init com.example.myapplication
2025-07-30 02:51:23.110  5555-5555  View                    com.example.myapplication            V  dispatchProvideAutofillStructure(): not laid out, ignoring 0 children of 1073741834
2025-07-30 02:51:23.110  5555-5555  View                    com.example.myapplication            V  dispatchProvideAutofillStructure(): not laid out, ignoring 0 children of 1073741835
2025-07-30 02:51:23.111  5555-5555  View                    com.example.myapplication            V  dispatchProvideAutofillStructure(): not laid out, ignoring 1 children of 1073741843
2025-07-30 02:51:23.112  5555-5555  View                    com.example.myapplication            V  dispatchProvideAutofillStructure(): not laid out, ignoring 1 children of 1073741844
2025-07-30 02:51:23.120  5555-5555  AssistStructure         com.example.myapplication            I  Flattened final assist data: 22260 bytes, containing 1 windows, 48 views
2025-07-30 02:51:23.122  5555-5555  OplusViewDebugManager   com.example.myapplication            D  OplusViewDebugManager Constructor android.view.debug.OplusViewDebugManager@7fddf0d [mHasViewDebugProperty true] [mHasMsgDebugProperty false] [DEBUG false] [EXTRAINFOENABLE false] [LIGHT_OS true]
2025-07-30 02:51:23.122  5555-5555  OplusViewDebugManager   com.example.myapplication            D  OplusViewDebugManager Constructor android.view.debug.OplusViewDebugManager@21c1ec2 [mHasViewDebugProperty true] [mHasMsgDebugProperty false] [DEBUG false] [EXTRAINFOENABLE false] [LIGHT_OS true]
2025-07-30 02:51:23.123  5555-5555  ScrollIdentify          com.example.myapplication            I  on fling
2025-07-30 02:51:23.124  5555-5555  ViewRootImplExtImpl     com.example.myapplication            D  the up motion event handled by client, just return
2025-07-30 02:51:23.672  5555-5555  AutofillManager         com.example.myapplication            V  requestHideFillUi(null): anchor = null
2025-07-30 02:51:23.779  5555-5555  ViewRootImplExtImpl     com.example.myapplication            D  the up motion event handled by client, just return
2025-07-30 02:51:23.832  5555-5555  callGcSupression        com.example.myapplication            D  java.lang.NullPointerException: Attempt to invoke virtual method 'java.lang.Object java.lang.reflect.Method.invoke(java.lang.Object, java.lang.Object[])' on a null object reference
2025-07-30 02:51:23.834  5555-5555  ScrollOpti...neManager] com.example.myapplication            D  updateCurrentActivity: mCurrentActivityName=null, isOptEnable=true, isAnimAheadEnable=true, isFrameInsertEnable=true, InsertNum=1, isEnabledForScrollChanged=false
2025-07-30 02:51:23.872  5555-5555  VRI[ScanActivity]       com.example.myapplication            D  onFocusEvent false
2025-07-30 02:51:23.939  5555-5555  callGcSupression        com.example.myapplication            D  java.lang.NullPointerException: Attempt to invoke virtual method 'java.lang.Object java.lang.reflect.Method.invoke(java.lang.Object, java.lang.Object[])' on a null object reference
2025-07-30 02:51:23.940  5555-5555  VRI[ScanActivity]       com.example.myapplication            W  handleResized abandoned!
2025-07-30 02:51:24.673  2141-2218  OplusThermalStats       system_server                        E  Error getting package info: com.example.myapplication
2025-07-30 02:51:24.681  5555-5555  callGcSupression        com.example.myapplication            D  java.lang.NullPointerException: Attempt to invoke virtual method 'java.lang.Object java.lang.reflect.Method.invoke(java.lang.Object, java.lang.Object[])' on a null object reference
2025-07-30 02:51:24.708  5555-5555  CameraOrientationUtil   com.example.myapplication            D  getRelativeImageRotation: destRotationDegrees=0, sourceRotationDegrees=90, isOppositeFacing=true, result=90
2025-07-30 02:51:24.709  5555-5555  CameraOrientationUtil   com.example.myapplication            D  getRelativeImageRotation: destRotationDegrees=0, sourceRotationDegrees=90, isOppositeFacing=true, result=90
2025-07-30 02:51:24.729  5555-5555  DynamicRangeResolver    com.example.myapplication            D  Resolved dynamic range for use case androidx.camera.core.Preview-7662c2c1-f42c-4710-9638-c83e561782bb to no compatible HDR dynamic ranges.
                                                                                                    DynamicRange@a1a7146{encoding=UNSPECIFIED, bitDepth=0}
                                                                                                    ->
                                                                                                    DynamicRange@e779921{encoding=SDR, bitDepth=8}
2025-07-30 02:51:24.822  5555-5555  CameraOrientationUtil   com.example.myapplication            D  getRelativeImageRotation: destRotationDegrees=0, sourceRotationDegrees=90, isOppositeFacing=true, result=90
2025-07-30 02:51:24.824  5555-5555  DeferrableSurface       com.example.myapplication            D  Surface created[total_surfaces=1, used_surfaces=0](androidx.camera.core.processing.SurfaceEdge$SettableSurface@de9bf07}
2025-07-30 02:51:24.826  5555-5555  DeferrableSurface       com.example.myapplication            D  Surface created[total_surfaces=2, used_surfaces=0](androidx.camera.core.SurfaceRequest$2@4d944a3}
2025-07-30 02:51:24.827  5555-5555  DeferrableSurface       com.example.myapplication            D  New surface in use[total_surfaces=2, used_surfaces=1](androidx.camera.core.SurfaceRequest$2@4d944a3}
2025-07-30 02:51:24.827  5555-5555  DeferrableSurface       com.example.myapplication            D  use count+1, useCount=1 androidx.camera.core.SurfaceRequest$2@4d944a3
2025-07-30 02:51:24.828  5555-5555  CameraOrientationUtil   com.example.myapplication            D  getRelativeImageRotation: destRotationDegrees=0, sourceRotationDegrees=90, isOppositeFacing=true, result=90
2025-07-30 02:51:24.833  5555-5555  BufferQueueConsumer     com.example.myapplication            D  [](id:15b300000002,api:0,p:-1,c:5555) connect: controlledByApp=true
2025-07-30 02:51:24.973  5555-5555  CameraOrientationUtil   com.example.myapplication            D  getRelativeImageRotation: destRotationDegrees=0, sourceRotationDegrees=90, isOppositeFacing=true, result=90
2025-07-30 02:51:24.974  5555-5555  BufferQueueConsumer     com.example.myapplication            D  [](id:15b300000003,api:0,p:-1,c:5555) connect: controlledByApp=true
2025-07-30 02:51:24.978  5555-5555  CameraOrientationUtil   com.example.myapplication            D  getRelativeImageRotation: destRotationDegrees=0, sourceRotationDegrees=90, isOppositeFacing=true, result=90
2025-07-30 02:51:24.979  5555-5591  OplusScrollToTopManager com.example.myapplication            D  com.example.myapplication/com.example.myapplication.ScanActivity,This com.android.internal.policy.DecorView{e075484 V.E...... R.....I. 0,0-1080,2400 aid=1 alpha=1.0 viewInfo = }[ScanActivity] change focus to false
2025-07-30 02:51:24.981  5555-5555  DeferrableSurface       com.example.myapplication            D  Surface created[total_surfaces=3, used_surfaces=1](androidx.camera.core.impl.ImmediateSurface@c40c9cc}
2025-07-30 02:51:24.984  5555-5708  Camera2CameraImpl       com.example.myapplication            D  {Camera@75a294f[id=0]} Use case androidx.camera.core.Preview-7662c2c1-f42c-4710-9638-c83e561782bb223904366 ACTIVE
2025-07-30 02:51:24.985  5555-5555  ScrollOpti...neManager] com.example.myapplication            D  updateCurrentActivity: mCurrentActivityName=com.example.myapplication.ScanActivity, isOptEnable=true, isAnimAheadEnable=true, isFrameInsertEnable=true, InsertNum=1, isEnabledForScrollChanged=false
2025-07-30 02:51:24.985  5555-5555  ActivityThread          com.example.myapplication            D  ComponentInfo{com.example.myapplication/com.example.myapplication.ScanActivity} checkFinished=false 4
2025-07-30 02:51:24.985  5555-5555  ResourcesManagerExtImpl com.example.myapplication            D  applyConfigurationToAppResourcesLocked app.getDisplayId() return callback.displayId:0
2025-07-30 02:51:24.988  5555-5555  VRI[ScanActivity]       com.example.myapplication            D  onFocusEvent true
2025-07-30 02:51:24.990  5555-5708  UseCaseAttachState      com.example.myapplication            D  Active and attached use case: [] for camera: 0
2025-07-30 02:51:24.991  5555-5555  callGcSupression        com.example.myapplication            D  java.lang.NullPointerException: Attempt to invoke virtual method 'java.lang.Object java.lang.reflect.Method.invoke(java.lang.Object, java.lang.Object[])' on a null object reference
2025-07-30 02:51:24.992  5555-5555  VRI[ScanActivity]       com.example.myapplication            W  handleResized abandoned!
2025-07-30 02:51:24.993  5555-5555  InsetsController        com.example.myapplication            D  setRequestedVisibleTypes, mRequestedVisibleTypes: systemGestures mandatorySystemGestures tappableElement displayCutout windowDecor, requestedVisibleTypes: systemGestures mandatorySystemGestures tappableElement displayCutout windowDecor, visibleTypes: , type: 2, call: android.view.InsetsController.controlAnimationUnchecked:1477 android.view.InsetsController.applyAnimation:2191 android.view.InsetsController.applyAnimation:2161 android.view.InsetsController.onControlsChanged:1171 android.view.ViewRootImpl.handleInsetsControlChanged:2565 android.view.ViewRootImpl.-$$Nest$mhandleInsetsControlChanged:0 android.view.ViewRootImpl$ViewRootHandler.handleMessageImpl:7565 android.view.ViewRootImpl$ViewRootHandler.handleMessage:7504 android.os.Handler.dispatchMessage:107 android.os.Looper.loopOnce:282 
2025-07-30 02:51:24.994  5555-5560  e.myapplication         com.example.myapplication            I  Background concurrent mark compact GC freed 10MB AllocSpace bytes, 7(140KB) LOS objects, 49% free, 6422KB/12MB, paused 423us,2.607ms total 278.108ms
2025-07-30 02:51:24.994  5555-5555  PreviewView             com.example.myapplication            D  Surface requested by Preview.
2025-07-30 02:51:24.994  5555-5708  Camera2CameraImpl       com.example.myapplication            D  {Camera@75a294f[id=0]} Use case androidx.camera.core.ImageAnalysis-624d0aa9-5470-42df-bd47-1ae005ce70a492355855 ACTIVE
2025-07-30 02:51:24.995  5555-5708  UseCaseAttachState      com.example.myapplication            D  Active and attached use case: [] for camera: 0
2025-07-30 02:51:24.998  5555-5555  SurfaceView             com.example.myapplication            I  193832144 onAttachedToWindow
2025-07-30 02:51:25.001  5555-5708  Camera2CameraImpl       com.example.myapplication            D  {Camera@75a294f[id=0]} Use cases [androidx.camera.core.Preview-7662c2c1-f42c-4710-9638-c83e561782bb223904366, androidx.camera.core.ImageAnalysis-624d0aa9-5470-42df-bd47-1ae005ce70a492355855] now ATTACHED
2025-07-30 02:51:25.003  5555-5708  UseCaseAttachState      com.example.myapplication            D  All use case: [androidx.camera.core.Preview-7662c2c1-f42c-4710-9638-c83e561782bb223904366, androidx.camera.core.ImageAnalysis-624d0aa9-5470-42df-bd47-1ae005ce70a492355855] for camera: 0
2025-07-30 02:51:25.003  5555-5555  ViewRootImplExtImpl     com.example.myapplication            D  wrapConfigInfoIntoFlags rotation=0, smallestScreenWidthDp=360, relayoutAsync=true, flags=0, newFlags=23592960, residentWS=false, title=com.example.myapplication/com.example.myapplication.ScanActivity
2025-07-30 02:51:25.004  5555-5555  VRI[ScanActivity]       com.example.myapplication            D  relayoutWindow result, sizeChanged:false, surfaceControlChanged:false, transformHintChanged:false, mSurfaceSize:Point(1080, 2400), mLastSurfaceSize:Point(1080, 2400), mWidth:1080, mHeight:2400, requestedWidth:1080, requestedHeight:2400, transformHint:0, installOrientation:0, displayRotation:0, isSurfaceValid:true, attr.flag:-2122252032, tmpFrames:ClientWindowFrames{frame=[0,0][1080,2400] display=[0,0][1080,2400] parentFrame=[0,0][1080,2400]}, relayoutAsync:true, mSyncSeqId:0
2025-07-30 02:51:25.004  5555-5708  UseCaseAttachState      com.example.myapplication            D  Active and attached use case: [androidx.camera.core.Preview-7662c2c1-f42c-4710-9638-c83e561782bb223904366, androidx.camera.core.ImageAnalysis-624d0aa9-5470-42df-bd47-1ae005ce70a492355855] for camera: 0
2025-07-30 02:51:25.004  5555-5555  VRI[ScanActivity]       com.example.myapplication            W  updateBlastSurfaceIfNeeded, surfaceSize:Point(1080, 2400), lastSurfaceSize:Point(1080, 2400), format:-3, blastBufferQueue:android.graphics.BLASTBufferQueue@eea0db2
2025-07-30 02:51:25.007  5555-5708  Camera2CameraImpl       com.example.myapplication            D  {Camera@75a294f[id=0]} Resetting Capture Session
2025-07-30 02:51:25.008  5555-5708  Camera2CameraImpl       com.example.myapplication            D  {Camera@75a294f[id=0]} Releasing session in state INITIALIZED
2025-07-30 02:51:25.008  5555-5708  Camera2CameraImpl       com.example.myapplication            D  {Camera@75a294f[id=0]} Attempting to force open the camera.
2025-07-30 02:51:25.009  5555-5708  CameraStateRegistry     com.example.myapplication            D  tryOpenCamera(Camera@75a294f[id=0]) [Available Cameras: 1, Already Open: false (Previous state: null)] --> SUCCESS
2025-07-30 02:51:25.010  5555-5555  BufferQueueConsumer     com.example.myapplication            D  [](id:15b300000004,api:0,p:-1,c:5555) connect: controlledByApp=false
2025-07-30 02:51:25.010  5555-5708  CameraStateRegistry     com.example.myapplication            D  Recalculating open cameras:
                                                                                                    Camera                                       State                 
                                                                                                    -------------------------------------------------------------------
                                                                                                    Camera@7ba0b6b[id=1]                         UNKNOWN               
                                                                                                    Camera@75a294f[id=0]                         OPENING               
                                                                                                    -------------------------------------------------------------------
                                                                                                    Open count: 1 (Max allowed: 1)
2025-07-30 02:51:25.011  5555-5555  SurfaceView             com.example.myapplication            I  193832144 visibleChanged -- surfaceCreated 
2025-07-30 02:51:25.011  5555-5555  SurfaceViewImpl         com.example.myapplication            D  Surface created.
2025-07-30 02:51:25.011  5555-5708  Camera2CameraImpl       com.example.myapplication            D  {Camera@75a294f[id=0]} Opening camera.
2025-07-30 02:51:25.011  5555-5555  SurfaceViewImpl         com.example.myapplication            D  Surface changed. Size: 1600x1200
2025-07-30 02:51:25.011  5555-5555  SurfaceView             com.example.myapplication            D  193832144 handleSyncNoBuffer
2025-07-30 02:51:25.012  5555-5708  Camera2CameraImpl       com.example.myapplication            D  {Camera@75a294f[id=0]} Transitioning camera internal state: INITIALIZED --> OPENING
2025-07-30 02:51:25.012  5555-5555  SurfaceView             com.example.myapplication            D  193832144 finishedDrawing
2025-07-30 02:51:25.012  5555-5555  SurfaceView             com.example.myapplication            D  193832144 performDrawFinished mAttachedToWindow true
2025-07-30 02:51:25.012  5555-5555  SurfaceControl          com.example.myapplication            I   setExtendedRangeBrightness sc=Surface(name=com.example.myapplication/com.example.myapplication.ScanActivity)/@0x454f095,currentBufferRatio=1.0,desiredRatio=1.0
2025-07-30 02:51:25.013  5555-5708  CameraStateMachine      com.example.myapplication            D  New public camera state CameraState{type=OPENING, error=null} from OPENING and null
2025-07-30 02:51:25.013  5555-5555  SurfaceView             com.example.myapplication            D  193832144 dispatchDraw mDrawFinished true isAboveParent false (mPrivateFlags & PFLAG_SKIP_DRAW) 128
2025-07-30 02:51:25.013  5555-5708  CameraStateMachine      com.example.myapplication            D  Publishing new public camera state CameraState{type=OPENING, error=null}
2025-07-30 02:51:25.013  5555-5555  SurfaceView             com.example.myapplication            D  193832144 clearSurfaceViewPort mCornerRadius 0.0
2025-07-30 02:51:25.015  5555-5708  UseCaseAttachState      com.example.myapplication            D  All use case: [androidx.camera.core.Preview-7662c2c1-f42c-4710-9638-c83e561782bb223904366, androidx.camera.core.ImageAnalysis-624d0aa9-5470-42df-bd47-1ae005ce70a492355855] for camera: 0
2025-07-30 02:51:25.018  5555-5708  OplusCamer...agerGlobal com.example.myapplication            I  setClientInfo, packageName: com.example.myapplication, uid: 10747, pid: 5555
2025-07-30 02:51:25.021  5555-5555  PreviewView             com.example.myapplication            D  Preview transformation info updated. TransformationInfo{getCropRect=Rect(0, 0 - 1600, 1200), getRotationDegrees=90, getTargetRotation=-1, hasCameraTransform=true, getSensorToBufferTransform=Matrix{[1.0, 0.0, 0.0][0.0, 1.0, 0.0][0.0, 0.0, 1.0]}, getMirroring=false}
2025-07-30 02:51:25.021  5555-5555  PreviewTransform        com.example.myapplication            D  Transformation info set: TransformationInfo{getCropRect=Rect(0, 0 - 1600, 1200), getRotationDegrees=90, getTargetRotation=-1, hasCameraTransform=true, getSensorToBufferTransform=Matrix{[1.0, 0.0, 0.0][0.0, 1.0, 0.0][0.0, 0.0, 1.0]}, getMirroring=false} 1600x1200 false
2025-07-30 02:51:25.021  5555-5555  CameraOrientationUtil   com.example.myapplication            D  getRelativeImageRotation: destRotationDegrees=0, sourceRotationDegrees=90, isOppositeFacing=true, result=90
2025-07-30 02:51:25.022  5555-5555  SurfaceViewImpl         com.example.myapplication            D  Surface set on Preview.
2025-07-30 02:51:25.027  5555-5708  OplusCamer...agerGlobal com.example.myapplication            I  setClientInfo, packageName: com.example.myapplication, uid: 10747, pid: 5555
2025-07-30 02:51:25.028  5555-5708  OplusCameraUtils        com.example.myapplication            D  new OplusCameraUtils!
2025-07-30 02:51:25.034  5555-5708  OplusCameraUtils        com.example.myapplication            I  current activityName: com.example.myapplication.ScanActivity
2025-07-30 02:51:25.035  5555-5708  OplusCameraUtils        com.example.myapplication            I  getComponentName, componentName: com.example.myapplication/com.example.myapplication.ScanActivity, packageName:com.example.myapplication, activityName:com.example.myapplication.ScanActivity
2025-07-30 02:51:25.035  5555-5708  CameraManager           com.example.myapplication            I  openCameraDeviceUserAsync, use componentName: com.example.myapplication/com.example.myapplication.ScanActivity
2025-07-30 02:51:25.037  5555-5708  OplusCameraUtils        com.example.myapplication            I  current activityName: com.example.myapplication.ScanActivity
2025-07-30 02:51:25.038  5555-5708  OplusCameraUtils        com.example.myapplication            I  getComponentName, componentName: com.example.myapplication/com.example.myapplication.ScanActivity, packageName:com.example.myapplication, activityName:com.example.myapplication.ScanActivity
2025-07-30 02:51:25.047  5555-5743  CameraManagerGlobal     com.example.myapplication            E  Camera 4 is not present. Ignore physical camera status change
2025-07-30 02:51:25.079  5555-5708  Camera2CameraImpl       com.example.myapplication            D  {Camera@75a294f[id=0]} Use case androidx.camera.core.Preview-7662c2c1-f42c-4710-9638-c83e561782bb223904366 ACTIVE
2025-07-30 02:51:25.081  5555-5708  UseCaseAttachState      com.example.myapplication            D  Active and attached use case: [androidx.camera.core.Preview-7662c2c1-f42c-4710-9638-c83e561782bb223904366, androidx.camera.core.ImageAnalysis-624d0aa9-5470-42df-bd47-1ae005ce70a492355855] for camera: 0
2025-07-30 02:51:25.088  5555-5708  Camera2CameraImpl       com.example.myapplication            D  {Camera@75a294f[id=0]} Use case androidx.camera.core.ImageAnalysis-624d0aa9-5470-42df-bd47-1ae005ce70a492355855 ACTIVE
2025-07-30 02:51:25.089  5555-5708  UseCaseAttachState      com.example.myapplication            D  Active and attached use case: [androidx.camera.core.Preview-7662c2c1-f42c-4710-9638-c83e561782bb223904366, androidx.camera.core.ImageAnalysis-624d0aa9-5470-42df-bd47-1ae005ce70a492355855] for camera: 0
2025-07-30 02:51:25.093  5555-5555  AutofillManager         com.example.myapplication            V  requestHideFillUi(null): anchor = null
2025-07-30 02:51:25.096  5555-5708  Camera2CameraImpl       com.example.myapplication            D  {Camera@75a294f[id=0]} CameraDevice.onOpened()
2025-07-30 02:51:25.096  5555-5708  Camera2CameraImpl       com.example.myapplication            D  {Camera@75a294f[id=0]} Transitioning camera internal state: OPENING --> OPENED
2025-07-30 02:51:25.098  5555-5708  CameraStateRegistry     com.example.myapplication            D  Recalculating open cameras:
                                                                                                    Camera                                       State                 
                                                                                                    -------------------------------------------------------------------
                                                                                                    Camera@7ba0b6b[id=1]                         UNKNOWN               
                                                                                                    Camera@75a294f[id=0]                         OPEN                  
                                                                                                    -------------------------------------------------------------------
                                                                                                    Open count: 1 (Max allowed: 1)
2025-07-30 02:51:25.098  5555-5708  CameraStateMachine      com.example.myapplication            D  New public camera state CameraState{type=OPEN, error=null} from OPEN and null
2025-07-30 02:51:25.098  5555-5708  CameraStateMachine      com.example.myapplication            D  Publishing new public camera state CameraState{type=OPEN, error=null}
2025-07-30 02:51:25.099  5555-5708  UseCaseAttachState      com.example.myapplication            D  All use case: [androidx.camera.core.Preview-7662c2c1-f42c-4710-9638-c83e561782bb223904366, androidx.camera.core.ImageAnalysis-624d0aa9-5470-42df-bd47-1ae005ce70a492355855] for camera: 0
2025-07-30 02:51:25.106  5555-5708  UseCaseAttachState      com.example.myapplication            D  Active and attached use case: [androidx.camera.core.Preview-7662c2c1-f42c-4710-9638-c83e561782bb223904366, androidx.camera.core.ImageAnalysis-624d0aa9-5470-42df-bd47-1ae005ce70a492355855] for camera: 0
2025-07-30 02:51:25.108  5555-5708  SyncCaptureSessionBase  com.example.myapplication            D  [androidx.camera.camera2.internal.SynchronizedCaptureSessionBaseImpl@ac210cf] getSurface...done
2025-07-30 02:51:25.108  5555-5708  CaptureSession          com.example.myapplication            D  Opening capture session.
2025-07-30 02:51:25.117  5555-5708  DeferrableSurface       com.example.myapplication            D  use count+1, useCount=2 androidx.camera.core.SurfaceRequest$2@4d944a3
2025-07-30 02:51:25.117  5555-5708  DeferrableSurface       com.example.myapplication            D  New surface in use[total_surfaces=3, used_surfaces=2](androidx.camera.core.impl.ImmediateSurface@c40c9cc}
2025-07-30 02:51:25.117  5555-5708  DeferrableSurface       com.example.myapplication            D  use count+1, useCount=1 androidx.camera.core.impl.ImmediateSurface@c40c9cc
2025-07-30 02:51:25.117  5555-5708  OplusCameraManager      com.example.myapplication            I  parseSessionParameters result: null
2025-07-30 02:51:25.117  5555-5708  OplusCamer...agerGlobal com.example.myapplication            I  setIsCameraUnitSession E
2025-07-30 02:51:25.167  5555-5555  ViewRootImplExtImpl     com.example.myapplication            D  the up motion event handled by client, just return
2025-07-30 02:51:25.168  1642-6890  mtkcam-Opl...delSession camerahalserver                      E  The valueCount is error.com.example.myapplication.ScanActivity (getCustomThermalConfig){#252:vendor/mediatek/proprietary/hardware/mtkcam3/pipeline/model/session/../../../oplus/pipeline/model/session/OplusPipelineModelSessionBase.cpp}
2025-07-30 02:51:25.194  5555-5708  CaptureSession          com.example.myapplication            D  Attempting to send capture request onConfigured
2025-07-30 02:51:25.194  5555-5708  CaptureSession          com.example.myapplication            D  Issuing request for session.
2025-07-30 02:51:25.195  5555-5708  Camera2Cap...estBuilder com.example.myapplication            D  createCaptureRequest
2025-07-30 02:51:25.203  5555-5708  CaptureSession          com.example.myapplication            D  CameraCaptureSession.onConfigured() mState=OPENED
2025-07-30 02:51:25.224  5555-5745  CaptureSession          com.example.myapplication            D  CameraCaptureSession.onReady() OPENED
2025-07-30 02:51:25.366  5555-5555  callGcSupression        com.example.myapplication            D  java.lang.NullPointerException: Attempt to invoke virtual method 'java.lang.Object java.lang.reflect.Method.invoke(java.lang.Object, java.lang.Object[])' on a null object reference
2025-07-30 02:51:25.366  5555-5555  VRI[ScanActivity]       com.example.myapplication            W  handleResized abandoned!
2025-07-30 02:51:25.381  5555-5555  InsetsController        com.example.myapplication            D  setRequestedVisibleTypes, mRequestedVisibleTypes: systemGestures mandatorySystemGestures tappableElement displayCutout windowDecor, requestedVisibleTypes: systemGestures mandatorySystemGestures tappableElement displayCutout windowDecor, visibleTypes: , type: 2, call: android.view.InsetsController.notifyFinished:1879 android.view.InsetsAnimationThreadControlRunner$1.lambda$notifyFinished$0:86 android.view.InsetsAnimationThreadControlRunner$1.$r8$lambda$cDFF0h4Ncq-8EXdGszv69jrUu7c:0 android.view.InsetsAnimationThreadControlRunner$1$$ExternalSyntheticLambda1.run:0 android.os.Handler.handleCallback:973 android.os.Handler.dispatchMessage:100 android.os.Looper.loopOnce:282 android.os.Looper.loop:387 android.app.ActivityThread.main:9500 java.lang.reflect.Method.invoke:-2 
2025-07-30 02:51:25.438  5555-5568  BLASTBufferQueue        com.example.myapplication            D  [SurfaceView[com.example.myapplication/com.example.myapplication.ScanActivity]#2](f:0,a:1) acquireNextBufferLocked size=1600x1200 mFrameNumber=1 applyTransaction=true mTimestamp=1123968180548219 mPendingTransactions.size=0 graphicBufferId=23858543329289 transform=4
2025-07-30 02:51:25.440  5555-5943  DMABUFHEAPS             com.example.myapplication            I  Using DMA-BUF heap named: mtk_mm
2025-07-30 02:51:25.440  5555-5943  DMABUFHEAPS             com.example.myapplication            I  Using DMA-BUF heap named: mtk_mm-uncached
2025-07-30 02:51:25.440  5555-5943  DMABUFHEAPS             com.example.myapplication            I  Using DMA-BUF heap named: mtk_svp_region-aligned
2025-07-30 02:51:25.440  5555-5943  DMABUFHEAPS             com.example.myapplication            I  Using DMA-BUF heap named: mtk_prot_region
2025-07-30 02:51:25.440  5555-5943  DMABUFHEAPS             com.example.myapplication            I  Using DMA-BUF heap named: mtk_2d_fr_region
2025-07-30 02:51:25.440  5555-5943  DMABUFHEAPS             com.example.myapplication            I  Using DMA-BUF heap named: mtk_wfd_region-aligned
2025-07-30 02:51:25.446  5555-5745  StreamStateObserver     com.example.myapplication            D  Update Preview stream state to STREAMING
2025-07-30 02:51:25.448  5555-5555  HWUI                    com.example.myapplication            D  onFlyCompress
2025-07-30 02:51:25.448  5555-5555  skia                    com.example.myapplication            D  fStrides[0]:640, fStrides[1]:640, width: 640, height:480
2025-07-30 02:51:25.455  5555-5555  skia                    com.example.myapplication            D  SkJpegCodec::onGetPixels + (640, 480)
2025-07-30 02:51:25.463  5555-5555  skia                    com.example.myapplication            D  SkJpegCodec::onGetPixels -
2025-07-30 02:51:25.532  5555-5555  HWUI                    com.example.myapplication            D  onFlyCompress
2025-07-30 02:51:25.532  5555-5555  skia                    com.example.myapplication            D  fStrides[0]:640, fStrides[1]:640, width: 640, height:480
2025-07-30 02:51:25.538  5555-5555  skia                    com.example.myapplication            D  SkJpegCodec::onGetPixels + (640, 480)
2025-07-30 02:51:25.544  5555-5555  skia                    com.example.myapplication            D  SkJpegCodec::onGetPixels -
2025-07-30 02:51:25.575  5555-5555  HWUI                    com.example.myapplication            D  onFlyCompress
2025-07-30 02:51:25.575  5555-5555  skia                    com.example.myapplication            D  fStrides[0]:640, fStrides[1]:640, width: 640, height:480
2025-07-30 02:51:25.580  5555-5555  skia                    com.example.myapplication            D  SkJpegCodec::onGetPixels + (640, 480)
2025-07-30 02:51:25.587  5555-5555  skia                    com.example.myapplication            D  SkJpegCodec::onGetPixels -
2025-07-30 02:51:25.629  5555-5555  ViewRootImplExtImpl     com.example.myapplication            D  wrapConfigInfoIntoFlags rotation=0, smallestScreenWidthDp=360, relayoutAsync=true, flags=0, newFlags=23592960, residentWS=false, title=com.example.myapplication/com.example.myapplication.ScanActivity
2025-07-30 02:51:25.630  5555-5555  VRI[ScanActivity]       com.example.myapplication            D  relayoutWindow result, sizeChanged:false, surfaceControlChanged:false, transformHintChanged:false, mSurfaceSize:Point(1080, 2400), mLastSurfaceSize:Point(1080, 2400), mWidth:1080, mHeight:2400, requestedWidth:1080, requestedHeight:2400, transformHint:0, installOrientation:0, displayRotation:0, isSurfaceValid:true, attr.flag:-2122252032, tmpFrames:ClientWindowFrames{frame=[0,0][1080,2400] display=[0,0][1080,2400] parentFrame=[0,0][1080,2400]}, relayoutAsync:true, mSyncSeqId:0
2025-07-30 02:51:25.630  5555-5555  VRI[ScanActivity]       com.example.myapplication            W  updateBlastSurfaceIfNeeded, surfaceSize:Point(1080, 2400), lastSurfaceSize:Point(1080, 2400), format:-3, blastBufferQueue:android.graphics.BLASTBufferQueue@eea0db2
2025-07-30 02:51:25.630  5555-5555  SurfaceControl          com.example.myapplication            I   setExtendedRangeBrightness sc=Surface(name=com.example.myapplication/com.example.myapplication.ScanActivity)/@0x454f095,currentBufferRatio=1.0,desiredRatio=1.0
2025-07-30 02:51:25.632  5555-5555  AutofillManager         com.example.myapplication            V  visibility changed for 1073741824: false
2025-07-30 02:51:25.632  5555-5555  AutofillManager         com.example.myapplication            V  Ignoring visibility change on 1073741824: no tracked views
2025-07-30 02:51:25.632  5555-5555  AutofillManager         com.example.myapplication            V  visibility changed for 1073741825: false
2025-07-30 02:51:25.632  5555-5555  AutofillManager         com.example.myapplication            V  Ignoring visibility change on 1073741825: no tracked views
2025-07-30 02:51:25.633  5555-5555  HWUI                    com.example.myapplication            D  onFlyCompress
2025-07-30 02:51:25.633  5555-5555  skia                    com.example.myapplication            D  fStrides[0]:640, fStrides[1]:640, width: 640, height:480
2025-07-30 02:51:25.638  5555-5555  skia                    com.example.myapplication            D  SkJpegCodec::onGetPixels + (640, 480)
2025-07-30 02:51:25.644  5555-5555  skia                    com.example.myapplication            D  SkJpegCodec::onGetPixels -
2025-07-30 02:51:25.678  5555-5555  HWUI                    com.example.myapplication            D  onFlyCompress
2025-07-30 02:51:25.678  5555-5555  skia                    com.example.myapplication            D  fStrides[0]:640, fStrides[1]:640, width: 640, height:480
2025-07-30 02:51:25.683  5555-5555  skia                    com.example.myapplication            D  SkJpegCodec::onGetPixels + (640, 480)
2025-07-30 02:51:25.690  5555-5555  skia                    com.example.myapplication            D  SkJpegCodec::onGetPixels -
2025-07-30 02:51:25.721  5555-5555  HWUI                    com.example.myapplication            D  onFlyCompress
2025-07-30 02:51:25.721  5555-5555  skia                    com.example.myapplication            D  fStrides[0]:640, fStrides[1]:640, width: 640, height:480
2025-07-30 02:51:25.728  5555-5555  skia                    com.example.myapplication            D  SkJpegCodec::onGetPixels + (640, 480)
2025-07-30 02:51:25.732  5555-5555  skia                    com.example.myapplication            D  SkJpegCodec::onGetPixels -
2025-07-30 02:51:25.743  5555-5560  e.myapplication         com.example.myapplication            I  Background concurrent mark compact GC freed 2281KB AllocSpace bytes, 33(5728KB) LOS objects, 49% free, 7978KB/15MB, paused 485us,5.495ms total 109.228ms
2025-07-30 02:51:25.763  5555-5555  HWUI                    com.example.myapplication            D  onFlyCompress
2025-07-30 02:51:25.763  5555-5555  skia                    com.example.myapplication            D  fStrides[0]:640, fStrides[1]:640, width: 640, height:480
2025-07-30 02:51:25.768  5555-5555  skia                    com.example.myapplication            D  SkJpegCodec::onGetPixels + (640, 480)
