2025-07-30 02:51:49.403  5555-5555  ImageProcessor          com.example.myapplication            D  📊 Прогресс: 9/25 ячеек обработано
2025-07-30 02:51:49.438  5555-5994  TfLiteModel             com.example.myapplication            D  📊 Размер буфера: 602112, ожидаемый: 602112, тип: FLOAT32
2025-07-30 02:51:49.466  5555-5990  TfLiteModel             com.example.myapplication            D  📊 Сырые выходные данные: [-193511.16, 181418.03]
2025-07-30 02:51:49.466  5555-5990  TfLiteModel             com.example.myapplication            D  📊 Вероятности после softmax: [0.0, 1.0]
2025-07-30 02:51:49.466  5555-5990  TfLiteModel             com.example.myapplication            D  🎯 TFLite предсказание: ЗАПОЛНЕНО (уверенность: 100,0%)
2025-07-30 02:51:49.466  5555-5990  TfLiteModel             com.example.myapplication            D  ⚡ TFLite предсказание за 672мс
2025-07-30 02:51:49.467  5555-5555  ImageProcessor          com.example.myapplication            D  📊 Прогресс: 7/25 ячеек обработано
2025-07-30 02:51:49.468  5555-5990  TfLiteModel             com.example.myapplication            D  ✅ Асинхронно обработана ячейка 6
2025-07-30 02:51:49.529  5555-5990  TfLiteModel             com.example.myapplication            D  📊 Размер буфера: 602112, ожидаемый: 602112, тип: FLOAT32
2025-07-30 02:51:49.546  5555-5981  TfLiteModel             com.example.myapplication            D  📊 Сырые выходные данные: [-88937.51, 91476.48]
2025-07-30 02:51:49.546  5555-5981  TfLiteModel             com.example.myapplication            D  📊 Вероятности после softmax: [0.0, 1.0]
2025-07-30 02:51:49.546  5555-5981  TfLiteModel             com.example.myapplication            D  🎯 TFLite предсказание: ЗАПОЛНЕНО (уверенность: 100,0%)
2025-07-30 02:51:49.547  5555-5981  TfLiteModel             com.example.myapplication            D  ⚡ TFLite предсказание за 742мс
2025-07-30 02:51:49.547  5555-5555  ImageProcessor          com.example.myapplication            D  📊 Прогресс: 8/25 ячеек обработано
2025-07-30 02:51:49.552  5555-5981  TfLiteModel             com.example.myapplication            D  ✅ Асинхронно обработана ячейка 7
2025-07-30 02:51:49.552  5555-5981  TfLiteModel             com.example.myapplication            D  ✅ Асинхронно обработана ячейка 8
2025-07-30 02:51:49.559  5555-5981  TfLiteModel             com.example.myapplication            D  📊 Размер буфера: 602112, ожидаемый: 602112, тип: FLOAT32
2025-07-30 02:51:49.562  5555-5993  TfLiteModel             com.example.myapplication            D  📊 Сырые выходные данные: [-19814.957, 20514.225]
2025-07-30 02:51:49.562  5555-5993  TfLiteModel             com.example.myapplication            D  📊 Вероятности после softmax: [0.0, 1.0]
2025-07-30 02:51:49.563  5555-5993  TfLiteModel             com.example.myapplication            D  🎯 TFLite предсказание: ЗАПОЛНЕНО (уверенность: 100,0%)
2025-07-30 02:51:49.564  5555-5993  TfLiteModel             com.example.myapplication            D  ⚡ TFLite предсказание за 679мс
2025-07-30 02:51:49.565  5555-5555  ImageProcessor          com.example.myapplication            D  📊 Прогресс: 10/25 ячеек обработано
2025-07-30 02:51:49.582  5555-5993  TfLiteModel             com.example.myapplication            D  📊 Размер буфера: 602112, ожидаемый: 602112, тип: FLOAT32
2025-07-30 02:51:49.596  5555-5989  TfLiteModel             com.example.myapplication            D  📊 Сырые выходные данные: [-65.168755, 76.2853]
2025-07-30 02:51:49.596  5555-5989  TfLiteModel             com.example.myapplication            D  📊 Вероятности после softmax: [0.0, 1.0]
2025-07-30 02:51:49.596  5555-5989  TfLiteModel             com.example.myapplication            D  🎯 TFLite предсказание: ЗАПОЛНЕНО (уверенность: 100,0%)
2025-07-30 02:51:49.596  5555-5989  TfLiteModel             com.example.myapplication            D  ⚡ TFLite предсказание за 673мс
2025-07-30 02:51:49.597  5555-5555  ImageProcessor          com.example.myapplication            D  📊 Прогресс: 11/25 ячеек обработано
2025-07-30 02:51:49.597  5555-5989  TfLiteModel             com.example.myapplication            D  ✅ Асинхронно обработана ячейка 9
2025-07-30 02:51:49.598  5555-5989  TfLiteModel             com.example.myapplication            D  ✅ Асинхронно обработана ячейка 10
2025-07-30 02:51:49.648  5555-5989  TfLiteModel             com.example.myapplication            D  📊 Размер буфера: 602112, ожидаемый: 602112, тип: FLOAT32
2025-07-30 02:51:49.665  5555-5991  TfLiteModel             com.example.myapplication            D  📊 Сырые выходные данные: [1251.8247, -1353.9392]
2025-07-30 02:51:49.665  5555-5991  TfLiteModel             com.example.myapplication            D  📊 Вероятности после softmax: [1.0, 0.0]
2025-07-30 02:51:49.666  5555-5991  TfLiteModel             com.example.myapplication            D  🎯 TFLite предсказание: ПУСТОЕ (уверенность: 100,0%)
2025-07-30 02:51:49.666  5555-5991  TfLiteModel             com.example.myapplication            D  ⚡ TFLite предсказание за 707мс
2025-07-30 02:51:49.671  5555-5555  ImageProcessor          com.example.myapplication            D  📊 Прогресс: 12/25 ячеек обработано
2025-07-30 02:51:49.671  5555-5991  TfLiteModel             com.example.myapplication            D  ✅ Асинхронно обработана ячейка 11
2025-07-30 02:51:49.689  5555-5991  TfLiteModel             com.example.myapplication            D  📊 Размер буфера: 602112, ожидаемый: 602112, тип: FLOAT32
2025-07-30 02:51:49.692  5555-5992  TfLiteModel             com.example.myapplication            D  📊 Сырые выходные данные: [-4395.8257, 10406.555]
2025-07-30 02:51:49.693  5555-5992  TfLiteModel             com.example.myapplication            D  📊 Вероятности после softmax: [0.0, 1.0]
2025-07-30 02:51:49.695  5555-5992  TfLiteModel             com.example.myapplication            D  🎯 TFLite предсказание: ЗАПОЛНЕНО (уверенность: 100,0%)
2025-07-30 02:51:49.697  5555-5992  TfLiteModel             com.example.myapplication            D  ⚡ TFLite предсказание за 676мс
2025-07-30 02:51:49.700  5555-5555  ImageProcessor          com.example.myapplication            D  📊 Прогресс: 13/25 ячеек обработано
2025-07-30 02:51:49.702  5555-5992  TfLiteModel             com.example.myapplication            D  ✅ Асинхронно обработана ячейка 12
2025-07-30 02:51:49.724  5555-5992  TfLiteModel             com.example.myapplication            D  📊 Размер буфера: 602112, ожидаемый: 602112, тип: FLOAT32
2025-07-30 02:51:50.016  5555-5560  e.myapplication         com.example.myapplication            I  Background concurrent mark compact GC freed 578KB AllocSpace bytes, 88(40MB) LOS objects, 49% free, 12MB/25MB, paused 13.836ms,7.236ms total 379.795ms
2025-07-30 02:51:50.145  5555-5994  TfLiteModel             com.example.myapplication            D  📊 Сырые выходные данные: [1.09356506E9, -1.09138189E9]
2025-07-30 02:51:50.146  5555-5994  TfLiteModel             com.example.myapplication            D  📊 Вероятности после softmax: [1.0, 0.0]
2025-07-30 02:51:50.147  5555-5994  TfLiteModel             com.example.myapplication            D  🎯 TFLite предсказание: ПУСТОЕ (уверенность: 100,0%)
2025-07-30 02:51:50.147  5555-5994  TfLiteModel             com.example.myapplication            D  ⚡ TFLite предсказание за 744мс
2025-07-30 02:51:50.157  5555-5555  ImageProcessor          com.example.myapplication            D  📊 Прогресс: 14/25 ячеек обработано
2025-07-30 02:51:50.181  5555-5994  TfLiteModel             com.example.myapplication            D  📊 Размер буфера: 602112, ожидаемый: 602112, тип: FLOAT32
2025-07-30 02:51:50.267  5555-5981  TfLiteModel             com.example.myapplication            D  📊 Сырые выходные данные: [-5.4290928E7, 5.4591572E7]
2025-07-30 02:51:50.267  5555-5981  TfLiteModel             com.example.myapplication            D  📊 Вероятности после softmax: [0.0, 1.0]
2025-07-30 02:51:50.267  5555-5981  TfLiteModel             com.example.myapplication            D  🎯 TFLite предсказание: ЗАПОЛНЕНО (уверенность: 100,0%)
2025-07-30 02:51:50.267  5555-5981  TfLiteModel             com.example.myapplication            D  ⚡ TFLite предсказание за 714мс
2025-07-30 02:51:50.268  5555-5981  TfLiteModel             com.example.myapplication            D  ✅ Асинхронно обработана ячейка 13
2025-07-30 02:51:50.268  5555-5555  ImageProcessor          com.example.myapplication            D  📊 Прогресс: 16/25 ячеек обработано
2025-07-30 02:51:50.268  5555-5981  TfLiteModel             com.example.myapplication            D  ✅ Асинхронно обработана ячейка 15
2025-07-30 02:51:50.272  5555-5989  TfLiteModel             com.example.myapplication            D  📊 Сырые выходные данные: [-5.7326376E7, 5.5760076E7]
2025-07-30 02:51:50.272  5555-5989  TfLiteModel             com.example.myapplication            D  📊 Вероятности после softmax: [0.0, 1.0]
2025-07-30 02:51:50.272  5555-5989  TfLiteModel             com.example.myapplication            D  🎯 TFLite предсказание: ЗАПОЛНЕНО (уверенность: 100,0%)
2025-07-30 02:51:50.272  5555-5989  TfLiteModel             com.example.myapplication            D  ⚡ TFLite предсказание за 671мс
2025-07-30 02:51:50.273  5555-5555  ImageProcessor          com.example.myapplication            D  📊 Прогресс: 18/25 ячеек обработано
2025-07-30 02:51:50.289  5555-5989  TfLiteModel             com.example.myapplication            D  📊 Размер буфера: 602112, ожидаемый: 602112, тип: FLOAT32
2025-07-30 02:51:50.290  5555-5981  TfLiteModel             com.example.myapplication            D  📊 Размер буфера: 602112, ожидаемый: 602112, тип: FLOAT32
2025-07-30 02:51:50.332  5555-5990  TfLiteModel             com.example.myapplication            D  📊 Сырые выходные данные: [-3959130.5, 3626744.0]
2025-07-30 02:51:50.332  5555-5990  TfLiteModel             com.example.myapplication            D  📊 Вероятности после softmax: [0.0, 1.0]
2025-07-30 02:51:50.333  5555-5990  TfLiteModel             com.example.myapplication            D  🎯 TFLite предсказание: ЗАПОЛНЕНО (уверенность: 100,0%)
2025-07-30 02:51:50.333  5555-5990  TfLiteModel             com.example.myapplication            D  ⚡ TFLite предсказание за 865мс
2025-07-30 02:51:50.333  5555-5555  ImageProcessor          com.example.myapplication            D  📊 Прогресс: 15/25 ячеек обработано
2025-07-30 02:51:50.334  5555-5990  TfLiteModel             com.example.myapplication            D  ✅ Асинхронно обработана ячейка 14
2025-07-30 02:51:50.343  5555-5990  TfLiteModel             com.example.myapplication            D  📊 Размер буфера: 602112, ожидаемый: 602112, тип: FLOAT32
2025-07-30 02:51:50.351  5555-5993  TfLiteModel             com.example.myapplication            D  📊 Сырые выходные данные: [827.6093, 1421.1152]
2025-07-30 02:51:50.352  5555-5993  TfLiteModel             com.example.myapplication            D  📊 Вероятности после softmax: [0.0, 1.0]
2025-07-30 02:51:50.352  5555-5993  TfLiteModel             com.example.myapplication            D  🎯 TFLite предсказание: ЗАПОЛНЕНО (уверенность: 100,0%)
2025-07-30 02:51:50.352  5555-5993  TfLiteModel             com.example.myapplication            D  ⚡ TFLite предсказание за 787мс
2025-07-30 02:51:50.352  5555-5993  TfLiteModel             com.example.myapplication            D  ✅ Асинхронно обработана ячейка 17
2025-07-30 02:51:50.352  5555-5555  ImageProcessor          com.example.myapplication            D  📊 Прогресс: 17/25 ячеек обработано
2025-07-30 02:51:50.352  5555-5993  TfLiteModel             com.example.myapplication            D  ✅ Асинхронно обработана ячейка 16
2025-07-30 02:51:50.457  5555-5992  TfLiteModel             com.example.myapplication            D  📊 Сырые выходные данные: [-520.5065, 778.6953]
2025-07-30 02:51:50.459  5555-5992  TfLiteModel             com.example.myapplication            D  📊 Вероятности после softmax: [0.0, 1.0]
2025-07-30 02:51:50.459  5555-5992  TfLiteModel             com.example.myapplication            D  🎯 TFLite предсказание: ЗАПОЛНЕНО (уверенность: 100,0%)
2025-07-30 02:51:50.460  5555-5992  TfLiteModel             com.example.myapplication            D  ⚡ TFLite предсказание за 744мс
2025-07-30 02:51:50.460  5555-5991  TfLiteModel             com.example.myapplication            D  📊 Сырые выходные данные: [-520.5065, 778.6953]
2025-07-30 02:51:50.461  5555-5991  TfLiteModel             com.example.myapplication            D  📊 Вероятности после softmax: [0.0, 1.0]
2025-07-30 02:51:50.461  5555-5991  TfLiteModel             com.example.myapplication            D  🎯 TFLite предсказание: ЗАПОЛНЕНО (уверенность: 100,0%)
2025-07-30 02:51:50.461  5555-5991  TfLiteModel             com.example.myapplication            D  ⚡ TFLite предсказание за 789мс
2025-07-30 02:51:50.462  5555-5555  ImageProcessor          com.example.myapplication            D  📊 Прогресс: 20/25 ячеек обработано
2025-07-30 02:51:50.463  5555-5555  ImageProcessor          com.example.myapplication            D  📊 Прогресс: 19/25 ячеек обработано
2025-07-30 02:51:50.463  5555-5993  TfLiteModel             com.example.myapplication            D  ✅ Асинхронно обработана ячейка 18
2025-07-30 02:51:50.463  5555-5991  TfLiteModel             com.example.myapplication            D  ✅ Асинхронно обработана ячейка 19
2025-07-30 02:51:50.502  5555-5560  e.myapplication         com.example.myapplication            I  Background concurrent mark compact GC freed 489KB AllocSpace bytes, 44(20MB) LOS objects, 49% free, 10MB/21MB, paused 1.730ms,16.283ms total 209.880ms
2025-07-30 02:51:50.729  5555-5990  TfLiteModel             com.example.myapplication            D  📊 Сырые выходные данные: [-22780.828, 23667.57]
2025-07-30 02:51:50.729  5555-5990  TfLiteModel             com.example.myapplication            D  📊 Вероятности после softmax: [0.0, 1.0]
2025-07-30 02:51:50.730  5555-5990  TfLiteModel             com.example.myapplication            D  🎯 TFLite предсказание: ЗАПОЛНЕНО (уверенность: 100,0%)
2025-07-30 02:51:50.730  5555-5990  TfLiteModel             com.example.myapplication            D  ⚡ TFLite предсказание за 396мс
2025-07-30 02:51:50.730  5555-5555  ImageProcessor          com.example.myapplication            D  📊 Прогресс: 24/25 ячеек обработано
2025-07-30 02:51:50.731  5555-5990  TfLiteModel             com.example.myapplication            D  ✅ Асинхронно обработана ячейка 23
2025-07-30 02:51:50.744  5555-5989  TfLiteModel             com.example.myapplication            D  📊 Сырые выходные данные: [-22448.723, 23454.465]
2025-07-30 02:51:50.745  5555-5989  TfLiteModel             com.example.myapplication            D  📊 Вероятности после softmax: [0.0, 1.0]
2025-07-30 02:51:50.745  5555-5989  TfLiteModel             com.example.myapplication            D  🎯 TFLite предсказание: ЗАПОЛНЕНО (уверенность: 100,0%)
2025-07-30 02:51:50.746  5555-5989  TfLiteModel             com.example.myapplication            D  ⚡ TFLite предсказание за 473мс
2025-07-30 02:51:50.746  5555-5555  ImageProcessor          com.example.myapplication            D  📊 Прогресс: 23/25 ячеек обработано
2025-07-30 02:51:50.747  5555-5989  TfLiteModel             com.example.myapplication            D  ✅ Асинхронно обработана ячейка 22
2025-07-30 02:51:50.757  5555-5981  TfLiteModel             com.example.myapplication            D  📊 Сырые выходные данные: [-20290.951, 22191.95]
2025-07-30 02:51:50.757  5555-5981  TfLiteModel             com.example.myapplication            D  📊 Вероятности после softmax: [0.0, 1.0]
2025-07-30 02:51:50.757  5555-5981  TfLiteModel             com.example.myapplication            D  🎯 TFLite предсказание: ЗАПОЛНЕНО (уверенность: 100,0%)
2025-07-30 02:51:50.757  5555-5981  TfLiteModel             com.example.myapplication            D  ⚡ TFLite предсказание за 488мс
2025-07-30 02:51:50.758  5555-5555  ImageProcessor          com.example.myapplication            D  📊 Прогресс: 22/25 ячеек обработано
2025-07-30 02:51:50.759  5555-5981  TfLiteModel             com.example.myapplication            D  ✅ Асинхронно обработана ячейка 21
2025-07-30 02:51:50.773  5555-5994  TfLiteModel             com.example.myapplication            D  📊 Сырые выходные данные: [-33177.582, 34848.848]
2025-07-30 02:51:50.773  5555-5994  TfLiteModel             com.example.myapplication            D  📊 Вероятности после softmax: [0.0, 1.0]
2025-07-30 02:51:50.773  5555-5994  TfLiteModel             com.example.myapplication            D  🎯 TFLite предсказание: ЗАПОЛНЕНО (уверенность: 100,0%)
2025-07-30 02:51:50.773  5555-5994  TfLiteModel             com.example.myapplication            D  ⚡ TFLite предсказание за 615мс
2025-07-30 02:51:50.773  5555-5555  ImageProcessor          com.example.myapplication            D  📊 Прогресс: 21/25 ячеек обработано
2025-07-30 02:51:50.774  5555-5994  TfLiteModel             com.example.myapplication            D  ✅ Асинхронно обработана ячейка 20
2025-07-30 02:51:50.774  5555-5994  TfLiteModel             com.example.myapplication            I  ⚡ TFLite асинхронная обработка 25 изображений за 2577мс (среднее: 103,1мс)
2025-07-30 02:51:50.775  5555-5982  ImageProcessor          com.example.myapplication            D  ⚡ Асинхронная батч-обработка завершена за 2578мс
2025-07-30 02:51:50.775  5555-5982  ImageProcessor          com.example.myapplication            D  🎯 ML: Ячейка [0][0] = ЗАПОЛНЕНО (100%)
2025-07-30 02:51:50.775  5555-5982  ImageProcessor          com.example.myapplication            D  🎯 ML: Ячейка [0][1] = ЗАПОЛНЕНО (100%)
2025-07-30 02:51:50.775  5555-5982  ImageProcessor          com.example.myapplication            D  🎯 ML: Ячейка [0][2] = ЗАПОЛНЕНО (100%)
2025-07-30 02:51:50.775  5555-5982  ImageProcessor          com.example.myapplication            D  🎯 ML: Ячейка [0][3] = ЗАПОЛНЕНО (100%)
2025-07-30 02:51:50.775  5555-5982  ImageProcessor          com.example.myapplication            D  🎯 ML: Ячейка [0][4] = ПУСТОЕ (100%)
2025-07-30 02:51:50.775  5555-5982  ImageProcessor          com.example.myapplication            D  🎯 ML: Ячейка [1][0] = ЗАПОЛНЕНО (100%)
2025-07-30 02:51:50.775  5555-5982  ImageProcessor          com.example.myapplication            D  🎯 ML: Ячейка [1][1] = ЗАПОЛНЕНО (100%)
2025-07-30 02:51:50.775  5555-5982  ImageProcessor          com.example.myapplication            D  🎯 ML: Ячейка [1][2] = ЗАПОЛНЕНО (100%)
2025-07-30 02:51:50.775  5555-5982  ImageProcessor          com.example.myapplication            D  🎯 ML: Ячейка [1][3] = ЗАПОЛНЕНО (100%)
2025-07-30 02:51:50.775  5555-5982  ImageProcessor          com.example.myapplication            D  🎯 ML: Ячейка [1][4] = ЗАПОЛНЕНО (100%)
2025-07-30 02:51:50.775  5555-5982  ImageProcessor          com.example.myapplication            D  🎯 ML: Ячейка [2][0] = ЗАПОЛНЕНО (100%)
2025-07-30 02:51:50.775  5555-5982  ImageProcessor          com.example.myapplication            D  🎯 ML: Ячейка [2][1] = ПУСТОЕ (100%)
2025-07-30 02:51:50.775  5555-5982  ImageProcessor          com.example.myapplication            D  🎯 ML: Ячейка [2][2] = ЗАПОЛНЕНО (100%)
2025-07-30 02:51:50.775  5555-5982  ImageProcessor          com.example.myapplication            D  🎯 ML: Ячейка [2][3] = ПУСТОЕ (100%)
2025-07-30 02:51:50.775  5555-5982  ImageProcessor          com.example.myapplication            D  🎯 ML: Ячейка [2][4] = ЗАПОЛНЕНО (100%)
2025-07-30 02:51:50.775  5555-5982  ImageProcessor          com.example.myapplication            D  🎯 ML: Ячейка [3][0] = ЗАПОЛНЕНО (100%)
2025-07-30 02:51:50.775  5555-5982  ImageProcessor          com.example.myapplication            D  🎯 ML: Ячейка [3][1] = ЗАПОЛНЕНО (100%)
2025-07-30 02:51:50.775  5555-5982  ImageProcessor          com.example.myapplication            D  🎯 ML: Ячейка [3][2] = ЗАПОЛНЕНО (100%)
2025-07-30 02:51:50.775  5555-5982  ImageProcessor          com.example.myapplication            D  🎯 ML: Ячейка [3][3] = ЗАПОЛНЕНО (100%)
2025-07-30 02:51:50.776  5555-5982  ImageProcessor          com.example.myapplication            D  🎯 ML: Ячейка [3][4] = ЗАПОЛНЕНО (100%)
2025-07-30 02:51:50.776  5555-5982  ImageProcessor          com.example.myapplication            D  🎯 ML: Ячейка [4][0] = ЗАПОЛНЕНО (100%)
2025-07-30 02:51:50.776  5555-5982  ImageProcessor          com.example.myapplication            D  🎯 ML: Ячейка [4][1] = ЗАПОЛНЕНО (100%)
2025-07-30 02:51:50.776  5555-5982  ImageProcessor          com.example.myapplication            D  🎯 ML: Ячейка [4][2] = ЗАПОЛНЕНО (100%)
2025-07-30 02:51:50.776  5555-5982  ImageProcessor          com.example.myapplication            D  🎯 ML: Ячейка [4][3] = ЗАПОЛНЕНО (100%)
2025-07-30 02:51:50.776  5555-5982  ImageProcessor          com.example.myapplication            D  🎯 ML: Ячейка [4][4] = ЗАПОЛНЕНО (100%)
2025-07-30 02:51:50.780  5555-5982  ImageProcessor          com.example.myapplication            D  ✅ Обработка завершена: 1/5 правильных ответов
2025-07-30 02:51:51.084  5555-5982  ScanActivity            com.example.myapplication            D  ✅ ML обработка завершена за 3136мс
2025-07-30 02:51:51.088  5555-5555  ScanActivity            com.example.myapplication            D  Результат: 1/5 (20,0%)
2025-07-30 02:51:53.488  5555-5555  AutofillManager         com.example.myapplication            V  requestHideFillUi(null): anchor = null
2025-07-30 02:51:53.647  5555-5555  callGcSupression        com.example.myapplication            D  java.lang.NullPointerException: Attempt to invoke virtual method 'java.lang.Object java.lang.reflect.Method.invoke(java.lang.Object, java.lang.Object[])' on a null object reference
2025-07-30 02:51:53.648  5555-5555  VRI[ScanActivity]       com.example.myapplication            W  handleResized abandoned!
2025-07-30 02:51:53.762  5555-5555  ScrollIdentify          com.example.myapplication            I  on fling
2025-07-30 02:51:53.762  5555-5555  ViewRootImplExtImpl     com.example.myapplication            D  the up motion event handled by client, just return
2025-07-30 02:51:54.262  5555-5555  callGcSupression        com.example.myapplication            D  java.lang.NullPointerException: Attempt to invoke virtual method 'java.lang.Object java.lang.reflect.Method.invoke(java.lang.Object, java.lang.Object[])' on a null object reference
2025-07-30 02:51:54.305  5555-5555  ScrollOpti...neManager] com.example.myapplication            D  updateCurrentActivity: mCurrentActivityName=null, isOptEnable=true, isAnimAheadEnable=true, isFrameInsertEnable=true, InsertNum=1, isEnabledForScrollChanged=false
2025-07-30 02:51:54.347  5555-5555  VRI[ScanActivity]       com.example.myapplication            D  onFocusEvent false
2025-07-30 02:51:54.911  5555-5566  VRI[ScanActivity]       com.example.myapplication            D  dispatchAppVisibility visible:false
2025-07-30 02:51:54.924  5555-5555  VRI[ScanActivity]       com.example.myapplication            D  visibilityChanged oldVisibility=true newVisibility=false
2025-07-30 02:51:54.927  5555-5555  SurfaceView             com.example.myapplication            I  193832144 surfaceDestroyed
2025-07-30 02:51:54.927  5555-5555  SurfaceViewImpl         com.example.myapplication            D  Surface destroyed.
2025-07-30 02:51:54.927  5555-5555  SurfaceViewImpl         com.example.myapplication            D  Surface closed androidx.camera.core.SurfaceRequest@bfc5bd2
2025-07-30 02:51:54.928  5555-5555  DeferrableSurface       com.example.myapplication            D  surface closed,  useCount=2 closed=true androidx.camera.core.SurfaceRequest$2@4d944a3
2025-07-30 02:51:54.929  5555-5585  SurfaceView             com.example.myapplication            D  231883420positionLost mSurfaceControl is null return;
2025-07-30 02:51:54.929  5555-5555  HWUI                    com.example.myapplication            D  RenderProxy::destroy: this=0xb400006ea6377900, mContext=0xb400006dfce8ba80
2025-07-30 02:51:54.930  5555-5585  HWUI                    com.example.myapplication            D  SkiaOpenGLPipeline::setSurface: this=0xb400006f0ce98b80, surface=NULL
2025-07-30 02:51:54.932  5555-5555  ViewRootImplExtImpl     com.example.myapplication            D  wrapConfigInfoIntoFlags rotation=0, smallestScreenWidthDp=360, relayoutAsync=false, flags=0, newFlags=23592960, residentWS=false, title=com.example.myapplication/com.example.myapplication.ScanActivity
2025-07-30 02:51:54.938  5555-5555  VRI[ScanActivity]       com.example.myapplication            D  relayoutWindow result, sizeChanged:false, surfaceControlChanged:true, transformHintChanged:false, mSurfaceSize:Point(1080, 2400), mLastSurfaceSize:Point(1080, 2400), mWidth:1080, mHeight:2400, requestedWidth:1080, requestedHeight:2400, transformHint:0, installOrientation:0, displayRotation:0, isSurfaceValid:false, attr.flag:-2122252032, tmpFrames:ClientWindowFrames{frame=[0,0][1080,2400] display=[0,0][1080,2400] parentFrame=[0,0][0,0]}, relayoutAsync:false, mSyncSeqId:0
2025-07-30 02:51:54.940  5555-5555  BLASTBufferQueue        com.example.myapplication            D  [VRI[ScanActivity]#1](f:0,a:1) destructor()
2025-07-30 02:51:54.941  5555-5555  BufferQueueConsumer     com.example.myapplication            D  [VRI[ScanActivity]#1(BLAST Consumer)1](id:15b300000001,api:0,p:-1,c:5555) disconnect
2025-07-30 02:51:54.945  5555-5555  DeferrableSurface       com.example.myapplication            D  surface closed,  useCount=0 closed=true androidx.camera.core.processing.SurfaceEdge$SettableSurface@de9bf07
2025-07-30 02:51:54.945  5555-5555  DeferrableSurface       com.example.myapplication            D  Surface terminated[total_surfaces=2, used_surfaces=2](androidx.camera.core.processing.SurfaceEdge$SettableSurface@de9bf07}
2025-07-30 02:51:54.945  5555-5555  DeferrableSurface       com.example.myapplication            D  use count-1,  useCount=1 closed=true androidx.camera.core.SurfaceRequest$2@4d944a3
2025-07-30 02:51:54.949  5555-5565  BLASTBufferQueue        com.example.myapplication            D  [SurfaceView[com.example.myapplication/com.example.myapplication.ScanActivity]#2](f:0,a:1) destructor()
2025-07-30 02:51:54.950  5555-5565  BufferQueueConsumer     com.example.myapplication            D  [SurfaceView[com.example.myapplication/com.example.myapplication.ScanActivity]#2(BLAST Consumer)2](id:15b300000004,api:4,p:1546,c:5555) disconnect
2025-07-30 02:51:54.954  5555-5565  BufferQueueProducer     com.example.myapplication            E  [SurfaceView[com.example.myapplication/com.example.myapplication.ScanActivity]#2(BLAST Consumer)2](id:15b300000004,api:4,p:1546,c:5555) queueBuffer: BufferQueue has been abandoned
2025-07-30 02:51:54.963  5555-5565  BufferQueueProducer     com.example.myapplication            E  [SurfaceView[com.example.myapplication/com.example.myapplication.ScanActivity]#2(BLAST Consumer)2](id:15b300000004,api:4,p:1546,c:5555) dequeueBuffer: BufferQueue has been abandoned
2025-07-30 02:51:54.969  5555-5565  BufferQueueProducer     com.example.myapplication            E  [SurfaceView[com.example.myapplication/com.example.myapplication.ScanActivity]#2(BLAST Consumer)2](id:15b300000004,api:4,p:1546,c:5555) queueBuffer: BufferQueue has been abandoned
2025-07-30 02:51:55.000  5555-5555  callGcSupression        com.example.myapplication            D  java.lang.NullPointerException: Attempt to invoke virtual method 'java.lang.Object java.lang.reflect.Method.invoke(java.lang.Object, java.lang.Object[])' on a null object reference
2025-07-30 02:51:55.003  5555-5565  BufferQueueProducer     com.example.myapplication            E  [SurfaceView[com.example.myapplication/com.example.myapplication.ScanActivity]#2(BLAST Consumer)2](id:15b300000004,api:4,p:1546,c:5555) queueBuffer: BufferQueue has been abandoned
2025-07-30 02:51:55.017  5555-5555  VRI[ScanActivity]       com.example.myapplication            D  setWindowStopped stopped:true
2025-07-30 02:51:55.032  5555-5555  AutofillManager         com.example.myapplication            V  updateSessionLocked(): id=null, bounds=null, value=null, action=5, flags=0
2025-07-30 02:51:55.036  5555-6066  BufferQueueProducer     com.example.myapplication            E  [SurfaceView[com.example.myapplication/com.example.myapplication.ScanActivity]#2(BLAST Consumer)2](id:15b300000004,api:4,p:1546,c:5555) queueBuffer: BufferQueue has been abandoned
2025-07-30 02:51:55.040  5555-5708  Camera2CameraImpl       com.example.myapplication            D  {Camera@75a294f[id=0]} Use cases [androidx.camera.core.Preview-7662c2c1-f42c-4710-9638-c83e561782bb223904366, androidx.camera.core.ImageAnalysis-624d0aa9-5470-42df-bd47-1ae005ce70a492355855] now DETACHED for camera
2025-07-30 02:51:55.057  5555-5708  UseCaseAttachState      com.example.myapplication            D  All use case: [] for camera: 0
2025-07-30 02:51:55.070  5555-5621  BufferQueueProducer     com.example.myapplication            E  [SurfaceView[com.example.myapplication/com.example.myapplication.ScanActivity]#2(BLAST Consumer)2](id:15b300000004,api:4,p:1546,c:5555) queueBuffer: BufferQueue has been abandoned
2025-07-30 02:51:55.074  5555-5708  Camera2CameraImpl       com.example.myapplication            D  {Camera@75a294f[id=0]} Resetting Capture Session
2025-07-30 02:51:55.103  5555-5621  BufferQueueProducer     com.example.myapplication            E  [SurfaceView[com.example.myapplication/com.example.myapplication.ScanActivity]#2(BLAST Consumer)2](id:15b300000004,api:4,p:1546,c:5555) queueBuffer: BufferQueue has been abandoned
2025-07-30 02:51:55.130  5555-5708  Camera2CameraImpl       com.example.myapplication            D  {Camera@75a294f[id=0]} Releasing session in state OPENED
2025-07-30 02:51:55.138  5555-5708  UseCaseAttachState      com.example.myapplication            D  Active and attached use case: [] for camera: 0
2025-07-30 02:51:55.145  5555-5555  CameraOrientationUtil   com.example.myapplication            D  getRelativeImageRotation: destRotationDegrees=0, sourceRotationDegrees=90, isOppositeFacing=true, result=90
2025-07-30 02:51:55.147  5555-5708  UseCaseAttachState      com.example.myapplication            D  Active and attached use case: [] for camera: 0
2025-07-30 02:51:55.158  5555-5708  Camera2CameraImpl       com.example.myapplication            D  {Camera@75a294f[id=0]} Closing camera.
2025-07-30 02:51:55.160  5555-5708  Camera2CameraImpl       com.example.myapplication            D  {Camera@75a294f[id=0]} Transitioning camera internal state: OPENED --> CLOSING
2025-07-30 02:51:55.180  5555-5708  CameraStateRegistry     com.example.myapplication            D  Recalculating open cameras:
                                                                                                    Camera                                       State                 
                                                                                                    -------------------------------------------------------------------
                                                                                                    Camera@7ba0b6b[id=1]                         UNKNOWN               
                                                                                                    Camera@75a294f[id=0]                         CLOSING               
                                                                                                    -------------------------------------------------------------------
                                                                                                    Open count: 1 (Max allowed: 1)
2025-07-30 02:51:55.181  5555-5708  CameraStateMachine      com.example.myapplication            D  New public camera state CameraState{type=CLOSING, error=null} from CLOSING and null
2025-07-30 02:51:55.182  5555-5708  CameraStateMachine      com.example.myapplication            D  Publishing new public camera state CameraState{type=CLOSING, error=null}
2025-07-30 02:51:55.186  5555-5708  Camera2CameraImpl       com.example.myapplication            D  {Camera@75a294f[id=0]} Resetting Capture Session
2025-07-30 02:51:55.194  5555-5555  StreamStateObserver     com.example.myapplication            D  Update Preview stream state to IDLE
2025-07-30 02:51:55.195  5555-5708  Camera2CameraImpl       com.example.myapplication            D  {Camera@75a294f[id=0]} Releasing session in state CLOSING
2025-07-30 02:51:55.196  5555-5708  CaptureSession          com.example.myapplication            D  CameraCaptureSession.onReady() RELEASING
2025-07-30 02:51:55.197  5555-5708  DeferrableSurface       com.example.myapplication            D  use count-1,  useCount=0 closed=true androidx.camera.core.SurfaceRequest$2@4d944a3
2025-07-30 02:51:55.198  5555-5708  DeferrableSurface       com.example.myapplication            D  Surface no longer in use[total_surfaces=2, used_surfaces=1](androidx.camera.core.SurfaceRequest$2@4d944a3}
2025-07-30 02:51:55.198  5555-5708  DeferrableSurface       com.example.myapplication            D  Surface terminated[total_surfaces=1, used_surfaces=1](androidx.camera.core.SurfaceRequest$2@4d944a3}
2025-07-30 02:51:55.199  5555-5708  DeferrableSurface       com.example.myapplication            D  use count-1,  useCount=0 closed=false androidx.camera.core.impl.ImmediateSurface@c40c9cc
2025-07-30 02:51:55.200  5555-5555  SurfaceViewImpl         com.example.myapplication            D  Safe to release surface.
2025-07-30 02:51:55.203  5555-5708  DeferrableSurface       com.example.myapplication            D  Surface no longer in use[total_surfaces=1, used_surfaces=0](androidx.camera.core.impl.ImmediateSurface@c40c9cc}
2025-07-30 02:51:55.204  5555-5708  CaptureSession          com.example.myapplication            D  onSessionFinished()
2025-07-30 02:51:55.243  5555-5878  CameraDevice-JV-0       com.example.myapplication            W  Stream configuration failed due to: endConfigure:725: Camera 0: Unsupported set of inputs/outputs provided
2025-07-30 02:51:55.373  5555-5591  OplusScrollToTopManager com.example.myapplication            D  com.example.myapplication/com.example.myapplication.ScanActivity,This com.android.internal.policy.DecorView{e075484 I.E...... R.....ID 0,0-1080,2400 aid=1 alpha=1.0 viewInfo = }[ScanActivity] change focus to false
2025-07-30 02:51:55.414  5555-6068  CameraManagerGlobal     com.example.myapplication            E  Camera 4 is not present. Ignore physical camera status change
2025-07-30 02:51:55.417  5555-5708  UseCaseAttachState      com.example.myapplication            D  Active and attached use case: [] for camera: 0
2025-07-30 02:51:55.419  5555-5708  Camera2CameraImpl       com.example.myapplication            D  {Camera@75a294f[id=0]} CameraDevice.onClosed()
2025-07-30 02:51:55.429  5555-5708  Camera2CameraImpl       com.example.myapplication            D  {Camera@75a294f[id=0]} Transitioning camera internal state: CLOSING --> INITIALIZED
2025-07-30 02:51:55.430  5555-5708  CameraStateRegistry     com.example.myapplication            D  Recalculating open cameras:
                                                                                                    Camera                                       State                 
                                                                                                    -------------------------------------------------------------------
                                                                                                    Camera@7ba0b6b[id=1]                         UNKNOWN               
                                                                                                    Camera@75a294f[id=0]                         CLOSED                
                                                                                                    -------------------------------------------------------------------
                                                                                                    Open count: 0 (Max allowed: 1)
2025-07-30 02:51:55.431  5555-5708  CameraStateMachine      com.example.myapplication            D  New public camera state CameraState{type=CLOSED, error=null} from CLOSED and null
2025-07-30 02:51:55.431  5555-5708  CameraStateMachine      com.example.myapplication            D  Publishing new public camera state CameraState{type=CLOSED, error=null}
2025-07-30 02:51:55.504  5555-5555  callGcSupression        com.example.myapplication            D  java.lang.NullPointerException: Attempt to invoke virtual method 'java.lang.Object java.lang.reflect.Method.invoke(java.lang.Object, java.lang.Object[])' on a null object reference
---------------------------- PROCESS ENDED (5555) for package com.example.myapplication ----------------------------
