2025-08-04 20:18:54.187 11576-12238 ImageProcessor          com.example.myapplication            D  🎯 Эталонная ячейка [2][2] добавлена в приоритетный батч
2025-08-04 20:18:54.187 11576-12238 ImageProcessor          com.example.myapplication            D  🎯 Эталонная ячейка [3][3] добавлена в приоритетный батч
2025-08-04 20:18:54.187 11576-12238 ImageProcessor          com.example.myapplication            D  🎯 Эталонная ячейка [4][4] добавлена в приоритетный батч
2025-08-04 20:18:54.187 11576-12238 ImageProcessor          com.example.myapplication            D  🎯 Эталонная ячейка [5][3] добавлена в приоритетный батч
2025-08-04 20:18:54.187 11576-12238 ImageProcessor          com.example.myapplication            D  🎯 Эталонная ячейка [6][2] добавлена в приоритетный батч
2025-08-04 20:18:54.187 11576-12238 ImageProcessor          com.example.myapplication            D  🎯 Эталонная ячейка [7][1] добавлена в приоритетный батч
2025-08-04 20:18:54.188 11576-12238 ImageProcessor          com.example.myapplication            D  🎯 Эталонная ячейка [8][0] добавлена в приоритетный батч
2025-08-04 20:18:54.188 11576-12238 ImageProcessor          com.example.myapplication            D  🎯 Эталонная ячейка [9][1] добавлена в приоритетный батч
2025-08-04 20:18:54.219 11576-11586 System                  com.example.myapplication            W  A resource failed to call close. 
2025-08-04 20:18:54.745 11576-11584 e.myapplication         com.example.myapplication            I  Background concurrent mark compact GC freed 11MB AllocSpace bytes, 3(1776KB) LOS objects, 49% free, 12MB/25MB, paused 187us,5.762ms total 67.481ms
2025-08-04 20:18:55.709 11576-12238 OnnxModel               com.example.myapplication            I  ⚡ Батч-обработка 10 изображений за 1521мс (среднее: 152,1мс на изображение)
2025-08-04 20:18:55.709 11576-12238 ImageProcessor          com.example.myapplication            D  ⚡ Эталонные ячейки обработаны за 1521мс
2025-08-04 20:18:55.709 11576-12238 ImageProcessor          com.example.myapplication            D  ✅ Эталонная ячейка [0][0] = ПУСТОЕ (0%)
2025-08-04 20:18:55.709 11576-12238 ImageProcessor          com.example.myapplication            D  ✅ Эталонная ячейка [1][1] = ЗАПОЛНЕНО (99%)
2025-08-04 20:18:55.709 11576-12238 ImageProcessor          com.example.myapplication            D  ✅ Эталонная ячейка [2][2] = ЗАПОЛНЕНО (100%)
2025-08-04 20:18:55.710 11576-12238 ImageProcessor          com.example.myapplication            D  ✅ Эталонная ячейка [3][3] = ПУСТОЕ (0%)
2025-08-04 20:18:55.710 11576-12238 ImageProcessor          com.example.myapplication            D  ✅ Эталонная ячейка [4][4] = ЗАПОЛНЕНО (100%)
2025-08-04 20:18:55.710 11576-12238 ImageProcessor          com.example.myapplication            D  ✅ Эталонная ячейка [5][3] = ПУСТОЕ (0%)
2025-08-04 20:18:55.710 11576-12238 ImageProcessor          com.example.myapplication            D  ✅ Эталонная ячейка [6][2] = ЗАПОЛНЕНО (100%)
2025-08-04 20:18:55.710 11576-12238 ImageProcessor          com.example.myapplication            D  ✅ Эталонная ячейка [7][1] = ПУСТОЕ (0%)
2025-08-04 20:18:55.710 11576-12238 ImageProcessor          com.example.myapplication            D  ✅ Эталонная ячейка [8][0] = ПУСТОЕ (0%)
2025-08-04 20:18:55.710 11576-12238 ImageProcessor          com.example.myapplication            D  ✅ Эталонная ячейка [9][1] = ПУСТОЕ (0%)
2025-08-04 20:18:55.710 11576-12238 ImageProcessor          com.example.myapplication            D  🔍 ЭТАП 2: Проверяем результат эталонных ячеек...
2025-08-04 20:18:55.710 11576-12238 ImageProcessor          com.example.myapplication            D  ❌ Вопрос 0 неправильный - нужна фоновая проверка
2025-08-04 20:18:55.710 11576-12238 ImageProcessor          com.example.myapplication            D  ✅ Вопрос 1 правильный
2025-08-04 20:18:55.710 11576-12238 ImageProcessor          com.example.myapplication            D  ✅ Вопрос 2 правильный
2025-08-04 20:18:55.710 11576-12238 ImageProcessor          com.example.myapplication            D  ❌ Вопрос 3 неправильный - нужна фоновая проверка
2025-08-04 20:18:55.710 11576-12238 ImageProcessor          com.example.myapplication            D  ✅ Вопрос 4 правильный
2025-08-04 20:18:55.710 11576-12238 ImageProcessor          com.example.myapplication            D  ❌ Вопрос 5 неправильный - нужна фоновая проверка
2025-08-04 20:18:55.710 11576-12238 ImageProcessor          com.example.myapplication            D  ✅ Вопрос 6 правильный
2025-08-04 20:18:55.710 11576-12238 ImageProcessor          com.example.myapplication            D  ❌ Вопрос 7 неправильный - нужна фоновая проверка
2025-08-04 20:18:55.710 11576-12238 ImageProcessor          com.example.myapplication            D  ❌ Вопрос 8 неправильный - нужна фоновая проверка
2025-08-04 20:18:55.710 11576-12238 ImageProcessor          com.example.myapplication            D  ❌ Вопрос 9 неправильный - нужна фоновая проверка
2025-08-04 20:18:55.710 11576-12238 ImageProcessor          com.example.myapplication            D  🔄 ЭТАП 3: Фоновая проверка 6 вопросов с ошибками...
2025-08-04 20:19:00.318 11576-12238 OnnxModel               com.example.myapplication            I  ⚡ Батч-обработка 30 изображений за 4602мс (среднее: 153,4мс на изображение)
2025-08-04 20:19:00.318 11576-12238 ImageProcessor          com.example.myapplication            D  ⚡ Ячейки с ошибками обработаны за 4602мс
2025-08-04 20:19:00.318 11576-12238 ImageProcessor          com.example.myapplication            D  🔍 Ошибочная ячейка [0][0] = ПУСТОЕ (0%)
2025-08-04 20:19:00.318 11576-12238 ImageProcessor          com.example.myapplication            D  🔍 Ошибочная ячейка [0][1] = ПУСТОЕ (0%)
2025-08-04 20:19:00.318 11576-12238 ImageProcessor          com.example.myapplication            D  🔍 Ошибочная ячейка [0][2] = ЗАПОЛНЕНО (100%)
2025-08-04 20:19:00.318 11576-12238 ImageProcessor          com.example.myapplication            D  🔍 Ошибочная ячейка [0][3] = ПУСТОЕ (0%)
2025-08-04 20:19:00.318 11576-12238 ImageProcessor          com.example.myapplication            D  🔍 Ошибочная ячейка [0][4] = ПУСТОЕ (0%)
2025-08-04 20:19:00.318 11576-12238 ImageProcessor          com.example.myapplication            D  🔍 Ошибочная ячейка [3][0] = ПУСТОЕ (0%)
2025-08-04 20:19:00.318 11576-12238 ImageProcessor          com.example.myapplication            D  🔍 Ошибочная ячейка [3][1] = ЗАПОЛНЕНО (100%)
2025-08-04 20:19:00.318 11576-12238 ImageProcessor          com.example.myapplication            D  🔍 Ошибочная ячейка [3][2] = ПУСТОЕ (0%)
2025-08-04 20:19:00.318 11576-12238 ImageProcessor          com.example.myapplication            D  🔍 Ошибочная ячейка [3][3] = ПУСТОЕ (0%)
2025-08-04 20:19:00.318 11576-12238 ImageProcessor          com.example.myapplication            D  🔍 Ошибочная ячейка [3][4] = ПУСТОЕ (0%)
2025-08-04 20:19:00.318 11576-12238 ImageProcessor          com.example.myapplication            D  🔍 Ошибочная ячейка [5][0] = ЗАПОЛНЕНО (100%)
2025-08-04 20:19:00.318 11576-12238 ImageProcessor          com.example.myapplication            D  🔍 Ошибочная ячейка [5][1] = ПУСТОЕ (0%)
2025-08-04 20:19:00.318 11576-12238 ImageProcessor          com.example.myapplication            D  🔍 Ошибочная ячейка [5][2] = ПУСТОЕ (0%)
2025-08-04 20:19:00.318 11576-12238 ImageProcessor          com.example.myapplication            D  🔍 Ошибочная ячейка [5][3] = ПУСТОЕ (0%)
2025-08-04 20:19:00.318 11576-12238 ImageProcessor          com.example.myapplication            D  🔍 Ошибочная ячейка [5][4] = ПУСТОЕ (0%)
2025-08-04 20:19:00.318 11576-12238 ImageProcessor          com.example.myapplication            D  🔍 Ошибочная ячейка [7][0] = ПУСТОЕ (0%)
2025-08-04 20:19:00.318 11576-12238 ImageProcessor          com.example.myapplication            D  🔍 Ошибочная ячейка [7][1] = ПУСТОЕ (0%)
2025-08-04 20:19:00.318 11576-12238 ImageProcessor          com.example.myapplication            D  🔍 Ошибочная ячейка [7][2] = ПУСТОЕ (0%)
2025-08-04 20:19:00.318 11576-12238 ImageProcessor          com.example.myapplication            D  🔍 Ошибочная ячейка [7][3] = ЗАПОЛНЕНО (100%)
2025-08-04 20:19:00.318 11576-12238 ImageProcessor          com.example.myapplication            D  🔍 Ошибочная ячейка [7][4] = ПУСТОЕ (0%)
2025-08-04 20:19:00.318 11576-12238 ImageProcessor          com.example.myapplication            D  🔍 Ошибочная ячейка [8][0] = ПУСТОЕ (0%)
2025-08-04 20:19:00.319 11576-12238 ImageProcessor          com.example.myapplication            D  🔍 Ошибочная ячейка [8][1] = ЗАПОЛНЕНО (100%)
2025-08-04 20:19:00.319 11576-12238 ImageProcessor          com.example.myapplication            D  🔍 Ошибочная ячейка [8][2] = ПУСТОЕ (0%)
2025-08-04 20:19:00.319 11576-12238 ImageProcessor          com.example.myapplication            D  🔍 Ошибочная ячейка [8][3] = ПУСТОЕ (0%)
2025-08-04 20:19:00.319 11576-12238 ImageProcessor          com.example.myapplication            D  🔍 Ошибочная ячейка [8][4] = ПУСТОЕ (0%)
2025-08-04 20:19:00.319 11576-12238 ImageProcessor          com.example.myapplication            D  🔍 Ошибочная ячейка [9][0] = ПУСТОЕ (0%)
2025-08-04 20:19:00.319 11576-12238 ImageProcessor          com.example.myapplication            D  🔍 Ошибочная ячейка [9][1] = ПУСТОЕ (0%)
2025-08-04 20:19:00.319 11576-12238 ImageProcessor          com.example.myapplication            D  🔍 Ошибочная ячейка [9][2] = ЗАПОЛНЕНО (100%)
2025-08-04 20:19:00.319 11576-12238 ImageProcessor          com.example.myapplication            D  🔍 Ошибочная ячейка [9][3] = ПУСТОЕ (0%)
2025-08-04 20:19:00.319 11576-12238 ImageProcessor          com.example.myapplication            D  🔍 Ошибочная ячейка [9][4] = ПУСТОЕ (0%)
2025-08-04 20:19:00.319 11576-12238 ImageProcessor          com.example.myapplication            D  🔄 Вопрос 0: выбран ответ 2, правильный 0
2025-08-04 20:19:00.319 11576-12238 ImageProcessor          com.example.myapplication            D  🔄 Вопрос 3: выбран ответ 1, правильный 3
2025-08-04 20:19:00.319 11576-12238 ImageProcessor          com.example.myapplication            D  🔄 Вопрос 5: выбран ответ 0, правильный 3
2025-08-04 20:19:00.319 11576-12238 ImageProcessor          com.example.myapplication            D  🔄 Вопрос 7: выбран ответ 3, правильный 1
2025-08-04 20:19:00.319 11576-12238 ImageProcessor          com.example.myapplication            D  🔄 Вопрос 8: выбран ответ 1, правильный 0
2025-08-04 20:19:00.319 11576-12238 ImageProcessor          com.example.myapplication            D  🔄 Вопрос 9: выбран ответ 2, правильный 1
2025-08-04 20:19:00.320 11576-12238 ImageProcessor          com.example.myapplication            D  ✅ Приоритетная обработка завершена: 4/10 правильных ответов
2025-08-04 20:19:00.320 11576-12238 ImageProcessor          com.example.myapplication            D  📊 Эталонных ячеек: 10, вопросов с ошибками: 6
2025-08-04 20:19:00.320 11576-12238 ImageProcessor          com.example.myapplication            D  📊 Размеры массивов: selectedAnswers=10, grading=10, correctAnswers=10
2025-08-04 20:19:00.320 11576-12238 ImageProcessor          com.example.myapplication            D  📊 selectedAnswers: [2, 1, 2, 1, 4, 0, 2, 3, 1, 2]
2025-08-04 20:19:00.320 11576-12238 ImageProcessor          com.example.myapplication            D  📊 grading: [0, 1, 1, 0, 1, 0, 1, 0, 0, 0]
2025-08-04 20:19:00.324 11576-12238 BatchActivity           com.example.myapplication            D  📊 Обработка результатов: detectedAnswers.size=10, currentQuestions=10, correctAnswers.size=10
2025-08-04 20:19:00.324 11576-12238 BatchActivity           com.example.myapplication            D  🎯 Расчет оценки: процент=40%, тип=PERCENTAGE, результат=2
2025-08-04 20:19:00.324 11576-12238 BatchActivity           com.example.myapplication            D  📊 Результаты обработки: 4/10 = 40,0%, оценка: 2
2025-08-04 20:19:00.324 11576-11576 BatchActivity           com.example.myapplication            D  📝 Добавляем результат: 1000002177.jpg, правильных: 4/10
2025-08-04 20:19:00.325 11576-11576 BatchResultsAdapter     com.example.myapplication            D  📊 getItemCount: 6
2025-08-04 20:19:00.325 11576-11576 BatchResultsAdapter     com.example.myapplication            D  📊 getItemCount: 6
2025-08-04 20:19:00.325 11576-11576 BatchActivity           com.example.myapplication            D  📊 Всего результатов в адаптере: 6
2025-08-04 20:19:00.325 11576-11576 BatchActivity           com.example.myapplication            D  📏 Высота RecyclerView: 2978
2025-08-04 20:19:00.335 11576-11576 BatchResultsAdapter     com.example.myapplication            D  📊 getItemCount: 6
2025-08-04 20:19:00.335 11576-11576 BatchResultsAdapter     com.example.myapplication            D  📊 getItemCount: 6
2025-08-04 20:19:00.336 11576-11576 BatchResultsAdapter     com.example.myapplication            D  📊 getItemCount: 6
2025-08-04 20:19:00.336 11576-11576 BatchResultsAdapter     com.example.myapplication            D  🔗 Привязываем элемент 0: 1000002182.jpg
2025-08-04 20:19:00.339 11576-11576 BatchResultsAdapter     com.example.myapplication            D  📊 getItemCount: 6
2025-08-04 20:19:00.339 11576-11576 BatchResultsAdapter     com.example.myapplication            D  🔗 Привязываем элемент 1: 1000002181.jpg
2025-08-04 20:19:00.342 11576-11576 BatchResultsAdapter     com.example.myapplication            D  📊 getItemCount: 6
2025-08-04 20:19:00.342 11576-11576 BatchResultsAdapter     com.example.myapplication            D  🔗 Привязываем элемент 2: 1000002180.jpg
2025-08-04 20:19:00.344 11576-11576 BatchResultsAdapter     com.example.myapplication            D  📊 getItemCount: 6
2025-08-04 20:19:00.344 11576-11576 BatchResultsAdapter     com.example.myapplication            D  🔗 Привязываем элемент 3: 1000002179.jpg
2025-08-04 20:19:00.347 11576-11576 BatchResultsAdapter     com.example.myapplication            D  📊 getItemCount: 6
2025-08-04 20:19:00.348 11576-11576 BatchResultsAdapter     com.example.myapplication            D  🔗 Привязываем элемент 4: 1000002178.jpg
2025-08-04 20:19:00.350 11576-11576 BatchResultsAdapter     com.example.myapplication            D  📊 getItemCount: 6
2025-08-04 20:19:00.362 11576-11576 BatchResultsAdapter     com.example.myapplication            D  🔗 Привязываем элемент 5: 1000002177.jpg
2025-08-04 20:19:00.366 11576-11576 oplus.andr...actoryImpl com.example.myapplication            I  get feature:IOplusDynamicVsyncFeature
2025-08-04 20:19:00.366 11576-11576 oplus.andr...actoryImpl com.example.myapplication            I  get feature:IOplusDynamicVsyncFeature
2025-08-04 20:19:00.366 11576-11576 oplus.andr...actoryImpl com.example.myapplication            I  get feature:IOplusDynamicVsyncFeature
2025-08-04 20:19:00.366 11576-11576 OplusViewDebugManager   com.example.myapplication            D  OplusViewDebugManager Constructor android.view.debug.OplusViewDebugManager@b73e3d0 [mHasViewDebugProperty true] [mHasMsgDebugProperty false] [DEBUG false] [EXTRAINFOENABLE false] [LIGHT_OS true]
2025-08-04 20:19:00.366 11576-11576 OplusViewDebugManager   com.example.myapplication            D  OplusViewDebugManager Constructor android.view.debug.OplusViewDebugManager@2a18fc9 [mHasViewDebugProperty true] [mHasMsgDebugProperty false] [DEBUG false] [EXTRAINFOENABLE false] [LIGHT_OS true]
2025-08-04 20:19:00.367 11576-11576 BatchResultsAdapter     com.example.myapplication            D  📊 getItemCount: 6
2025-08-04 20:19:00.367 11576-11576 BatchResultsAdapter     com.example.myapplication            D  📊 getItemCount: 6
2025-08-04 20:19:00.367 11576-11576 BatchResultsAdapter     com.example.myapplication            D  📊 getItemCount: 6
2025-08-04 20:19:00.367 11576-11576 BatchResultsAdapter     com.example.myapplication            D  📊 getItemCount: 6
2025-08-04 20:19:00.368 11576-11576 BatchResultsAdapter     com.example.myapplication            D  📊 getItemCount: 6
2025-08-04 20:19:00.368 11576-11576 BatchResultsAdapter     com.example.myapplication            D  📊 getItemCount: 6
2025-08-04 20:19:00.368 11576-11576 BatchResultsAdapter     com.example.myapplication            D  📊 getItemCount: 6
2025-08-04 20:19:00.368 11576-11576 BatchResultsAdapter     com.example.myapplication            D  📊 getItemCount: 6
2025-08-04 20:19:00.368 11576-11576 BatchResultsAdapter     com.example.myapplication            D  📊 getItemCount: 6
2025-08-04 20:19:00.368 11576-11576 BatchResultsAdapter     com.example.myapplication            D  📊 getItemCount: 6
2025-08-04 20:19:00.369 11576-11576 BatchResultsAdapter     com.example.myapplication            D  📊 getItemCount: 6
2025-08-04 20:19:00.369 11576-11576 BatchResultsAdapter     com.example.myapplication            D  📊 getItemCount: 6
2025-08-04 20:19:00.369 11576-11576 BatchResultsAdapter     com.example.myapplication            D  📊 getItemCount: 6
2025-08-04 20:19:00.369 11576-11576 BatchResultsAdapter     com.example.myapplication            D  📊 getItemCount: 6
2025-08-04 20:19:00.369 11576-11576 BatchResultsAdapter     com.example.myapplication            D  📊 getItemCount: 6
2025-08-04 20:19:00.375 11576-12238 skia                    com.example.myapplication            D  SkJpegCodec::onGetPixels + (3000, 4000)
2025-08-04 20:19:00.375 11576-12238 skia                    com.example.myapplication            D  stream rewind not support
2025-08-04 20:19:00.531 11576-12238 skia                    com.example.myapplication            D  SkJpegCodec::onGetPixels -
2025-08-04 20:19:00.538 11576-12238 ImageProcessor          com.example.myapplication            D  🔍 Начинаем ML обработку кадра: 3000x4000
2025-08-04 20:19:00.538 11576-12238 ImageProcessor          com.example.myapplication            D  🤖 ML модель готова: true
2025-08-04 20:19:00.625 11576-12238 ImageProcessor          com.example.myapplication            D  📊 Найдено контуров: 73
2025-08-04 20:19:00.625 11576-12238 ImageProcessor          com.example.myapplication            D  🔍 Анализируем 73 найденных контуров...
2025-08-04 20:19:00.626 11576-12238 ImageProcessor          com.example.myapplication            D  📐 Контур: площадь=71352.5, углов=4
2025-08-04 20:19:00.626 11576-12238 ImageProcessor          com.example.myapplication            D  ✅ Найден прямоугольный контур площадью: 71352.5
2025-08-04 20:19:00.626 11576-12238 ImageProcessor          com.example.myapplication            D  📐 Контур: площадь=194.0, углов=12
2025-08-04 20:19:00.626 11576-12238 ImageProcessor          com.example.myapplication            D  📐 Контур: площадь=301.5, углов=12
2025-08-04 20:19:00.627 11576-12238 ImageProcessor          com.example.myapplication            D  📐 Контур: площадь=235.0, углов=2
2025-08-04 20:19:00.627 11576-12238 ImageProcessor          com.example.myapplication            D  📐 Контур: площадь=241.5, углов=12
2025-08-04 20:19:00.627 11576-12238 ImageProcessor          com.example.myapplication            D  📐 Контур: площадь=53.5, углов=11
2025-08-04 20:19:00.628 11576-12238 ImageProcessor          com.example.myapplication            D  📐 Контур: площадь=112.0, углов=15
2025-08-04 20:19:00.628 11576-12238 ImageProcessor          com.example.myapplication            D  📐 Контур: площадь=167.5, углов=6
2025-08-04 20:19:00.628 11576-12238 ImageProcessor          com.example.myapplication            D  📐 Контур: площадь=128.5, углов=10
2025-08-04 20:19:00.628 11576-12238 ImageProcessor          com.example.myapplication            D  📐 Контур: площадь=62.5, углов=10
2025-08-04 20:19:00.628 11576-12238 ImageProcessor          com.example.myapplication            D  📐 Контур: площадь=104.5, углов=11
2025-08-04 20:19:00.629 11576-12238 ImageProcessor          com.example.myapplication            D  📐 Контур: площадь=78.0, углов=20
2025-08-04 20:19:00.629 11576-12238 ImageProcessor          com.example.myapplication            D  📐 Контур: площадь=97.5, углов=8
2025-08-04 20:19:00.629 11576-12238 ImageProcessor          com.example.myapplication            D  📐 Контур: площадь=203.0, углов=9
2025-08-04 20:19:00.629 11576-12238 ImageProcessor          com.example.myapplication            D  📐 Контур: площадь=225.0, углов=10
2025-08-04 20:19:00.629 11576-12238 ImageProcessor          com.example.myapplication            D  📐 Контур: площадь=174.0, углов=9
2025-08-04 20:19:00.629 11576-12238 ImageProcessor          com.example.myapplication            D  📐 Контур: площадь=59.0, углов=16
2025-08-04 20:19:00.630 11576-12238 ImageProcessor          com.example.myapplication            D  📐 Контур: площадь=284.5, углов=12
2025-08-04 20:19:00.630 11576-12238 ImageProcessor          com.example.myapplication            D  📐 Контур: площадь=93.0, углов=16
2025-08-04 20:19:00.630 11576-12238 ImageProcessor          com.example.myapplication            D  📐 Контур: площадь=154.0, углов=14
2025-08-04 20:19:00.630 11576-12238 ImageProcessor          com.example.myapplication            D  📐 Контур: площадь=61.0, углов=11
2025-08-04 20:19:00.630 11576-12238 ImageProcessor          com.example.myapplication            D  📐 Контур: площадь=233.0, углов=14
2025-08-04 20:19:00.630 11576-12238 ImageProcessor          com.example.myapplication            D  📐 Контур: площадь=217.0, углов=11
2025-08-04 20:19:00.631 11576-12238 ImageProcessor          com.example.myapplication            D  📐 Контур: площадь=254.0, углов=13
2025-08-04 20:19:00.631 11576-12238 ImageProcessor          com.example.myapplication            D  📐 Контур: площадь=117.0, углов=10
2025-08-04 20:19:00.631 11576-12238 ImageProcessor          com.example.myapplication            D  📐 Контур: площадь=81.5, углов=9
2025-08-04 20:19:00.631 11576-12238 ImageProcessor          com.example.myapplication            D  📐 Контур: площадь=57.5, углов=8
2025-08-04 20:19:00.631 11576-12238 ImageProcessor          com.example.myapplication            D  📊 Найдено прямоугольных контуров: 1
2025-08-04 20:19:00.631 11576-12238 ImageProcessor          com.example.myapplication            D  🎯 Выбран самый большой контур площадью: 70708.0
2025-08-04 20:19:00.631 11576-12238 ImageProcessor          com.example.myapplication            D  🎯 Контур бланка найден, обрабатываем...
2025-08-04 20:19:00.642 11576-12238 ImageProcessor          com.example.myapplication            D  📋 Приоритетная обработка тестового бланка: 800x800
2025-08-04 20:19:00.644 11576-12238 ImageProcessor          com.example.myapplication            D  🚀 ЭТАП 1: Обрабатываем только эталонные ячейки...
2025-08-04 20:19:00.644 11576-12238 ImageProcessor          com.example.myapplication            D  🎯 Эталонная ячейка [0][0] добавлена в приоритетный батч
2025-08-04 20:19:00.644 11576-12238 ImageProcessor          com.example.myapplication            D  🎯 Эталонная ячейка [1][1] добавлена в приоритетный батч
2025-08-04 20:19:00.645 11576-12238 ImageProcessor          com.example.myapplication            D  🎯 Эталонная ячейка [2][2] добавлена в приоритетный батч
2025-08-04 20:19:00.645 11576-12238 ImageProcessor          com.example.myapplication            D  🎯 Эталонная ячейка [3][3] добавлена в приоритетный батч
2025-08-04 20:19:00.645 11576-12238 ImageProcessor          com.example.myapplication            D  🎯 Эталонная ячейка [4][4] добавлена в приоритетный батч
2025-08-04 20:19:00.646 11576-12238 ImageProcessor          com.example.myapplication            D  🎯 Эталонная ячейка [5][3] добавлена в приоритетный батч
2025-08-04 20:19:00.646 11576-12238 ImageProcessor          com.example.myapplication            D  🎯 Эталонная ячейка [6][2] добавлена в приоритетный батч
2025-08-04 20:19:00.646 11576-12238 ImageProcessor          com.example.myapplication            D  🎯 Эталонная ячейка [7][1] добавлена в приоритетный батч
2025-08-04 20:19:00.646 11576-12238 ImageProcessor          com.example.myapplication            D  🎯 Эталонная ячейка [8][0] добавлена в приоритетный батч
2025-08-04 20:19:00.646 11576-12238 ImageProcessor          com.example.myapplication            D  🎯 Эталонная ячейка [9][1] добавлена в приоритетный батч
2025-08-04 20:19:00.719 11576-11584 e.myapplication         com.example.myapplication            I  NativeAlloc concurrent mark compact GC freed 3792KB AllocSpace bytes, 2(612KB) LOS objects, 49% free, 12MB/25MB, paused 7.594ms,9.536ms total 76.672ms
2025-08-04 20:19:00.725 11576-11586 System                  com.example.myapplication            W  A resource failed to call close. 
2025-08-04 20:19:02.169 11576-12238 OnnxModel               com.example.myapplication            I  ⚡ Батч-обработка 10 изображений за 1522мс (среднее: 152,2мс на изображение)
2025-08-04 20:19:02.169 11576-12238 ImageProcessor          com.example.myapplication            D  ⚡ Эталонные ячейки обработаны за 1523мс
2025-08-04 20:19:02.169 11576-12238 ImageProcessor          com.example.myapplication            D  ✅ Эталонная ячейка [0][0] = ПУСТОЕ (0%)
2025-08-04 20:19:02.169 11576-12238 ImageProcessor          com.example.myapplication            D  ✅ Эталонная ячейка [1][1] = ПУСТОЕ (0%)
2025-08-04 20:19:02.169 11576-12238 ImageProcessor          com.example.myapplication            D  ✅ Эталонная ячейка [2][2] = ПУСТОЕ (0%)
2025-08-04 20:19:02.170 11576-12238 ImageProcessor          com.example.myapplication            D  ✅ Эталонная ячейка [3][3] = ЗАПОЛНЕНО (99%)
2025-08-04 20:19:02.170 11576-12238 ImageProcessor          com.example.myapplication            D  ✅ Эталонная ячейка [4][4] = ЗАПОЛНЕНО (100%)
2025-08-04 20:19:02.170 11576-12238 ImageProcessor          com.example.myapplication            D  ✅ Эталонная ячейка [5][3] = ПУСТОЕ (0%)
2025-08-04 20:19:02.170 11576-12238 ImageProcessor          com.example.myapplication            D  ✅ Эталонная ячейка [6][2] = ЗАПОЛНЕНО (99%)
2025-08-04 20:19:02.170 11576-12238 ImageProcessor          com.example.myapplication            D  ✅ Эталонная ячейка [7][1] = ПУСТОЕ (0%)
2025-08-04 20:19:02.170 11576-12238 ImageProcessor          com.example.myapplication            D  ✅ Эталонная ячейка [8][0] = ЗАПОЛНЕНО (99%)
2025-08-04 20:19:02.170 11576-12238 ImageProcessor          com.example.myapplication            D  ✅ Эталонная ячейка [9][1] = ПУСТОЕ (0%)
2025-08-04 20:19:02.170 11576-12238 ImageProcessor          com.example.myapplication            D  🔍 ЭТАП 2: Проверяем результат эталонных ячеек...
2025-08-04 20:19:02.170 11576-12238 ImageProcessor          com.example.myapplication            D  ❌ Вопрос 0 неправильный - нужна фоновая проверка
2025-08-04 20:19:02.170 11576-12238 ImageProcessor          com.example.myapplication            D  ❌ Вопрос 1 неправильный - нужна фоновая проверка
2025-08-04 20:19:02.170 11576-12238 ImageProcessor          com.example.myapplication            D  ❌ Вопрос 2 неправильный - нужна фоновая проверка
2025-08-04 20:19:02.170 11576-12238 ImageProcessor          com.example.myapplication            D  ✅ Вопрос 3 правильный
2025-08-04 20:19:02.170 11576-12238 ImageProcessor          com.example.myapplication            D  ✅ Вопрос 4 правильный
2025-08-04 20:19:02.170 11576-12238 ImageProcessor          com.example.myapplication            D  ❌ Вопрос 5 неправильный - нужна фоновая проверка
2025-08-04 20:19:02.170 11576-12238 ImageProcessor          com.example.myapplication            D  ✅ Вопрос 6 правильный
2025-08-04 20:19:02.170 11576-12238 ImageProcessor          com.example.myapplication            D  ❌ Вопрос 7 неправильный - нужна фоновая проверка
2025-08-04 20:19:02.170 11576-12238 ImageProcessor          com.example.myapplication            D  ✅ Вопрос 8 правильный
2025-08-04 20:19:02.170 11576-12238 ImageProcessor          com.example.myapplication            D  ❌ Вопрос 9 неправильный - нужна фоновая проверка
2025-08-04 20:19:02.171 11576-12238 ImageProcessor          com.example.myapplication            D  🔄 ЭТАП 3: Фоновая проверка 6 вопросов с ошибками...
2025-08-04 20:19:02.551 11576-11584 e.myapplication         com.example.myapplication            I  Background concurrent mark compact GC freed 11MB AllocSpace bytes, 4(2368KB) LOS objects, 49% free, 12MB/25MB, paused 442us,9.325ms total 59.619ms
2025-08-04 20:19:03.145 11576-11584 e.myapplication         com.example.myapplication            I  Background concurrent mark compact GC freed 11MB AllocSpace bytes, 4(2368KB) LOS objects, 49% free, 12MB/25MB, paused 755us,5.349ms total 43.885ms
2025-08-04 20:19:03.745 11576-11584 e.myapplication         com.example.myapplication            I  Background concurrent mark compact GC freed 11MB AllocSpace bytes, 4(2368KB) LOS objects, 49% free, 12MB/25MB, paused 200us,7.689ms total 42.098ms
2025-08-04 20:19:06.704 11576-12238 OnnxModel               com.example.myapplication            I  ⚡ Батч-обработка 30 изображений за 4525мс (среднее: 150,8мс на изображение)
2025-08-04 20:19:06.705 11576-12238 ImageProcessor          com.example.myapplication            D  ⚡ Ячейки с ошибками обработаны за 4526мс
2025-08-04 20:19:06.705 11576-12238 ImageProcessor          com.example.myapplication            D  🔍 Ошибочная ячейка [0][0] = ПУСТОЕ (0%)
2025-08-04 20:19:06.705 11576-12238 ImageProcessor          com.example.myapplication            D  🔍 Ошибочная ячейка [0][1] = ЗАПОЛНЕНО (99%)
2025-08-04 20:19:06.705 11576-12238 ImageProcessor          com.example.myapplication            D  🔍 Ошибочная ячейка [0][2] = ПУСТОЕ (0%)
2025-08-04 20:19:06.705 11576-12238 ImageProcessor          com.example.myapplication            D  🔍 Ошибочная ячейка [0][3] = ПУСТОЕ (0%)
2025-08-04 20:19:06.705 11576-12238 ImageProcessor          com.example.myapplication            D  🔍 Ошибочная ячейка [0][4] = ПУСТОЕ (0%)
2025-08-04 20:19:06.705 11576-12238 ImageProcessor          com.example.myapplication            D  🔍 Ошибочная ячейка [1][0] = ПУСТОЕ (0%)
2025-08-04 20:19:06.705 11576-12238 ImageProcessor          com.example.myapplication            D  🔍 Ошибочная ячейка [1][1] = ПУСТОЕ (0%)
2025-08-04 20:19:06.705 11576-12238 ImageProcessor          com.example.myapplication            D  🔍 Ошибочная ячейка [1][2] = ЗАПОЛНЕНО (99%)
2025-08-04 20:19:06.705 11576-12238 ImageProcessor          com.example.myapplication            D  🔍 Ошибочная ячейка [1][3] = ПУСТОЕ (0%)
2025-08-04 20:19:06.705 11576-12238 ImageProcessor          com.example.myapplication            D  🔍 Ошибочная ячейка [1][4] = ПУСТОЕ (0%)
2025-08-04 20:19:06.705 11576-12238 ImageProcessor          com.example.myapplication            D  🔍 Ошибочная ячейка [2][0] = ПУСТОЕ (0%)
2025-08-04 20:19:06.705 11576-12238 ImageProcessor          com.example.myapplication            D  🔍 Ошибочная ячейка [2][1] = ЗАПОЛНЕНО (100%)
2025-08-04 20:19:06.705 11576-12238 ImageProcessor          com.example.myapplication            D  🔍 Ошибочная ячейка [2][2] = ПУСТОЕ (0%)
2025-08-04 20:19:06.705 11576-12238 ImageProcessor          com.example.myapplication            D  🔍 Ошибочная ячейка [2][3] = ПУСТОЕ (0%)
2025-08-04 20:19:06.705 11576-12238 ImageProcessor          com.example.myapplication            D  🔍 Ошибочная ячейка [2][4] = ПУСТОЕ (0%)
2025-08-04 20:19:06.705 11576-12238 ImageProcessor          com.example.myapplication            D  🔍 Ошибочная ячейка [5][0] = ЗАПОЛНЕНО (100%)
2025-08-04 20:19:06.705 11576-12238 ImageProcessor          com.example.myapplication            D  🔍 Ошибочная ячейка [5][1] = ПУСТОЕ (0%)
2025-08-04 20:19:06.705 11576-12238 ImageProcessor          com.example.myapplication            D  🔍 Ошибочная ячейка [5][2] = ПУСТОЕ (0%)
2025-08-04 20:19:06.705 11576-12238 ImageProcessor          com.example.myapplication            D  🔍 Ошибочная ячейка [5][3] = ПУСТОЕ (0%)
2025-08-04 20:19:06.705 11576-12238 ImageProcessor          com.example.myapplication            D  🔍 Ошибочная ячейка [5][4] = ПУСТОЕ (0%)
2025-08-04 20:19:06.705 11576-12238 ImageProcessor          com.example.myapplication            D  🔍 Ошибочная ячейка [7][0] = ПУСТОЕ (0%)
2025-08-04 20:19:06.705 11576-12238 ImageProcessor          com.example.myapplication            D  🔍 Ошибочная ячейка [7][1] = ПУСТОЕ (0%)
2025-08-04 20:19:06.706 11576-12238 ImageProcessor          com.example.myapplication            D  🔍 Ошибочная ячейка [7][2] = ПУСТОЕ (0%)
2025-08-04 20:19:06.706 11576-12238 ImageProcessor          com.example.myapplication            D  🔍 Ошибочная ячейка [7][3] = ЗАПОЛНЕНО (100%)
2025-08-04 20:19:06.706 11576-12238 ImageProcessor          com.example.myapplication            D  🔍 Ошибочная ячейка [7][4] = ПУСТОЕ (0%)
2025-08-04 20:19:06.706 11576-12238 ImageProcessor          com.example.myapplication            D  🔍 Ошибочная ячейка [9][0] = ПУСТОЕ (0%)
2025-08-04 20:19:06.706 11576-12238 ImageProcessor          com.example.myapplication            D  🔍 Ошибочная ячейка [9][1] = ПУСТОЕ (0%)
2025-08-04 20:19:06.706 11576-12238 ImageProcessor          com.example.myapplication            D  🔍 Ошибочная ячейка [9][2] = ЗАПОЛНЕНО (100%)
2025-08-04 20:19:06.706 11576-12238 ImageProcessor          com.example.myapplication            D  🔍 Ошибочная ячейка [9][3] = ПУСТОЕ (0%)
2025-08-04 20:19:06.706 11576-12238 ImageProcessor          com.example.myapplication            D  🔍 Ошибочная ячейка [9][4] = ПУСТОЕ (0%)
2025-08-04 20:19:06.706 11576-12238 ImageProcessor          com.example.myapplication            D  🔄 Вопрос 0: выбран ответ 1, правильный 0
2025-08-04 20:19:06.706 11576-12238 ImageProcessor          com.example.myapplication            D  🔄 Вопрос 1: выбран ответ 2, правильный 1
2025-08-04 20:19:06.706 11576-12238 ImageProcessor          com.example.myapplication            D  🔄 Вопрос 2: выбран ответ 1, правильный 2
2025-08-04 20:19:06.706 11576-12238 ImageProcessor          com.example.myapplication            D  🔄 Вопрос 5: выбран ответ 0, правильный 3
2025-08-04 20:19:06.706 11576-12238 ImageProcessor          com.example.myapplication            D  🔄 Вопрос 7: выбран ответ 3, правильный 1
2025-08-04 20:19:06.706 11576-12238 ImageProcessor          com.example.myapplication            D  🔄 Вопрос 9: выбран ответ 2, правильный 1
2025-08-04 20:19:06.707 11576-12238 ImageProcessor          com.example.myapplication            D  ✅ Приоритетная обработка завершена: 4/10 правильных ответов
2025-08-04 20:19:06.707 11576-12238 ImageProcessor          com.example.myapplication            D  📊 Эталонных ячеек: 10, вопросов с ошибками: 6
2025-08-04 20:19:06.707 11576-12238 ImageProcessor          com.example.myapplication            D  📊 Размеры массивов: selectedAnswers=10, grading=10, correctAnswers=10
2025-08-04 20:19:06.707 11576-12238 ImageProcessor          com.example.myapplication            D  📊 selectedAnswers: [1, 2, 1, 3, 4, 0, 2, 3, 0, 2]
2025-08-04 20:19:06.707 11576-12238 ImageProcessor          com.example.myapplication            D  📊 grading: [0, 0, 0, 1, 1, 0, 1, 0, 1, 0]
2025-08-04 20:19:06.711 11576-12238 BatchActivity           com.example.myapplication            D  📊 Обработка результатов: detectedAnswers.size=10, currentQuestions=10, correctAnswers.size=10
2025-08-04 20:19:06.711 11576-12238 BatchActivity           com.example.myapplication            D  🎯 Расчет оценки: процент=40%, тип=PERCENTAGE, результат=2
2025-08-04 20:19:06.711 11576-12238 BatchActivity           com.example.myapplication            D  📊 Результаты обработки: 4/10 = 40,0%, оценка: 2
2025-08-04 20:19:06.711 11576-11576 BatchActivity           com.example.myapplication            D  📝 Добавляем результат: 1000002176.jpg, правильных: 4/10
2025-08-04 20:19:06.712 11576-11576 BatchResultsAdapter     com.example.myapplication            D  📊 getItemCount: 7
2025-08-04 20:19:06.712 11576-11576 BatchResultsAdapter     com.example.myapplication            D  📊 getItemCount: 7
2025-08-04 20:19:06.712 11576-11576 BatchActivity           com.example.myapplication            D  📊 Всего результатов в адаптере: 7
2025-08-04 20:19:06.712 11576-11576 BatchActivity           com.example.myapplication            D  📏 Высота RecyclerView: 3631
2025-08-04 20:19:06.713 11576-11576 BatchResultsAdapter     com.example.myapplication            D  📊 getItemCount: 7
2025-08-04 20:19:06.713 11576-11576 BatchResultsAdapter     com.example.myapplication            D  📊 getItemCount: 7
2025-08-04 20:19:06.714 11576-11576 BatchResultsAdapter     com.example.myapplication            D  📊 getItemCount: 7
2025-08-04 20:19:06.714 11576-11576 BatchResultsAdapter     com.example.myapplication            D  🔗 Привязываем элемент 0: 1000002182.jpg
2025-08-04 20:19:06.716 11576-11576 BatchResultsAdapter     com.example.myapplication            D  📊 getItemCount: 7
2025-08-04 20:19:06.716 11576-11576 BatchResultsAdapter     com.example.myapplication            D  🔗 Привязываем элемент 1: 1000002181.jpg
2025-08-04 20:19:06.719 11576-11576 BatchResultsAdapter     com.example.myapplication            D  📊 getItemCount: 7
2025-08-04 20:19:06.719 11576-11576 BatchResultsAdapter     com.example.myapplication            D  🔗 Привязываем элемент 2: 1000002180.jpg
2025-08-04 20:19:06.722 11576-11576 BatchResultsAdapter     com.example.myapplication            D  📊 getItemCount: 7
2025-08-04 20:19:06.722 11576-11576 BatchResultsAdapter     com.example.myapplication            D  🔗 Привязываем элемент 3: 1000002179.jpg
2025-08-04 20:19:06.727 11576-11576 BatchResultsAdapter     com.example.myapplication            D  📊 getItemCount: 7
2025-08-04 20:19:06.727 11576-11576 BatchResultsAdapter     com.example.myapplication            D  🔗 Привязываем элемент 4: 1000002178.jpg
2025-08-04 20:19:06.730 11576-11576 BatchResultsAdapter     com.example.myapplication            D  📊 getItemCount: 7
2025-08-04 20:19:06.742 11576-11576 BatchResultsAdapter     com.example.myapplication            D  🔗 Привязываем элемент 5: 1000002177.jpg
2025-08-04 20:19:06.745 11576-11576 BatchResultsAdapter     com.example.myapplication            D  📊 getItemCount: 7
2025-08-04 20:19:06.755 11576-12238 skia                    com.example.myapplication            D  SkJpegCodec::onGetPixels + (3000, 4000)
2025-08-04 20:19:06.755 11576-12238 skia                    com.example.myapplication            D  stream rewind not support
2025-08-04 20:19:06.759 11576-11576 BatchResultsAdapter     com.example.myapplication            D  🔗 Привязываем элемент 6: 1000002176.jpg
2025-08-04 20:19:06.769 11576-11576 oplus.andr...actoryImpl com.example.myapplication            I  get feature:IOplusDynamicVsyncFeature
2025-08-04 20:19:06.769 11576-11576 oplus.andr...actoryImpl com.example.myapplication            I  get feature:IOplusDynamicVsyncFeature
2025-08-04 20:19:06.769 11576-11576 oplus.andr...actoryImpl com.example.myapplication            I  get feature:IOplusDynamicVsyncFeature
2025-08-04 20:19:06.769 11576-11576 OplusViewDebugManager   com.example.myapplication            D  OplusViewDebugManager Constructor android.view.debug.OplusViewDebugManager@f6c0726 [mHasViewDebugProperty true] [mHasMsgDebugProperty false] [DEBUG false] [EXTRAINFOENABLE false] [LIGHT_OS true]
2025-08-04 20:19:06.769 11576-11576 OplusViewDebugManager   com.example.myapplication            D  OplusViewDebugManager Constructor android.view.debug.OplusViewDebugManager@890cf67 [mHasViewDebugProperty true] [mHasMsgDebugProperty false] [DEBUG false] [EXTRAINFOENABLE false] [LIGHT_OS true]
2025-08-04 20:19:06.770 11576-11576 BatchResultsAdapter     com.example.myapplication            D  📊 getItemCount: 7
2025-08-04 20:19:06.770 11576-11576 BatchResultsAdapter     com.example.myapplication            D  📊 getItemCount: 7
2025-08-04 20:19:06.770 11576-11576 BatchResultsAdapter     com.example.myapplication            D  📊 getItemCount: 7
2025-08-04 20:19:06.770 11576-11576 BatchResultsAdapter     com.example.myapplication            D  📊 getItemCount: 7
2025-08-04 20:19:06.771 11576-11576 BatchResultsAdapter     com.example.myapplication            D  📊 getItemCount: 7
2025-08-04 20:19:06.771 11576-11576 BatchResultsAdapter     com.example.myapplication            D  📊 getItemCount: 7
2025-08-04 20:19:06.771 11576-11576 BatchResultsAdapter     com.example.myapplication            D  📊 getItemCount: 7
2025-08-04 20:19:06.771 11576-11576 BatchResultsAdapter     com.example.myapplication            D  📊 getItemCount: 7
2025-08-04 20:19:06.771 11576-11576 BatchResultsAdapter     com.example.myapplication            D  📊 getItemCount: 7
2025-08-04 20:19:06.771 11576-11576 BatchResultsAdapter     com.example.myapplication            D  📊 getItemCount: 7
2025-08-04 20:19:06.772 11576-11576 BatchResultsAdapter     com.example.myapplication            D  📊 getItemCount: 7
2025-08-04 20:19:06.772 11576-11576 BatchResultsAdapter     com.example.myapplication            D  📊 getItemCount: 7
2025-08-04 20:19:06.772 11576-11576 BatchResultsAdapter     com.example.myapplication            D  📊 getItemCount: 7
2025-08-04 20:19:06.772 11576-11576 BatchResultsAdapter     com.example.myapplication            D  📊 getItemCount: 7
2025-08-04 20:19:06.772 11576-11576 BatchResultsAdapter     com.example.myapplication            D  📊 getItemCount: 7
2025-08-04 20:19:06.772 11576-11576 BatchResultsAdapter     com.example.myapplication            D  📊 getItemCount: 7
2025-08-04 20:19:06.772 11576-11576 BatchResultsAdapter     com.example.myapplication            D  📊 getItemCount: 7
2025-08-04 20:19:06.941 11576-12238 skia                    com.example.myapplication            D  SkJpegCodec::onGetPixels -
2025-08-04 20:19:06.949 11576-12238 ImageProcessor          com.example.myapplication            D  🔍 Начинаем ML обработку кадра: 3000x4000
2025-08-04 20:19:06.949 11576-12238 ImageProcessor          com.example.myapplication            D  🤖 ML модель готова: true
2025-08-04 20:19:07.037 11576-12238 ImageProcessor          com.example.myapplication            D  📊 Найдено контуров: 79
2025-08-04 20:19:07.037 11576-12238 ImageProcessor          com.example.myapplication            D  🔍 Анализируем 79 найденных контуров...
2025-08-04 20:19:07.037 11576-12238 ImageProcessor          com.example.myapplication            D  📐 Контур: площадь=72690.5, углов=4
2025-08-04 20:19:07.037 11576-12238 ImageProcessor          com.example.myapplication            D  ✅ Найден прямоугольный контур площадью: 72690.5
2025-08-04 20:19:07.037 11576-12238 ImageProcessor          com.example.myapplication            D  📐 Контур: площадь=115.5, углов=5
2025-08-04 20:19:07.038 11576-12238 ImageProcessor          com.example.myapplication            D  📐 Контур: площадь=123.0, углов=2
2025-08-04 20:19:07.038 11576-12238 ImageProcessor          com.example.myapplication            D  📐 Контур: площадь=11053.5, углов=4
2025-08-04 20:19:07.038 11576-12238 ImageProcessor          com.example.myapplication            D  ✅ Найден прямоугольный контур площадью: 11053.5
2025-08-04 20:19:07.038 11576-12238 ImageProcessor          com.example.myapplication            D  📐 Контур: площадь=173.5, углов=16
2025-08-04 20:19:07.038 11576-12238 ImageProcessor          com.example.myapplication            D  📐 Контур: площадь=62.5, углов=15
2025-08-04 20:19:07.038 11576-12238 ImageProcessor          com.example.myapplication            D  📐 Контур: площадь=201.5, углов=2
2025-08-04 20:19:07.039 11576-12238 ImageProcessor          com.example.myapplication            D  📐 Контур: площадь=67.5, углов=10
2025-08-04 20:19:07.039 11576-12238 ImageProcessor          com.example.myapplication            D  📐 Контур: площадь=104.0, углов=13
2025-08-04 20:19:07.039 11576-12238 ImageProcessor          com.example.myapplication            D  📐 Контур: площадь=138.0, углов=12
2025-08-04 20:19:07.039 11576-12238 ImageProcessor          com.example.myapplication            D  📐 Контур: площадь=138.5, углов=12
2025-08-04 20:19:07.039 11576-12238 ImageProcessor          com.example.myapplication            D  📐 Контур: площадь=125.5, углов=15
2025-08-04 20:19:07.039 11576-12238 ImageProcessor          com.example.myapplication            D  📐 Контур: площадь=216.5, углов=10
2025-08-04 20:19:07.039 11576-12238 ImageProcessor          com.example.myapplication            D  📐 Контур: площадь=203.5, углов=10
2025-08-04 20:19:07.040 11576-12238 ImageProcessor          com.example.myapplication            D  📐 Контур: площадь=105.5, углов=12
2025-08-04 20:19:07.040 11576-12238 ImageProcessor          com.example.myapplication            D  📐 Контур: площадь=56.0, углов=12
2025-08-04 20:19:07.040 11576-12238 ImageProcessor          com.example.myapplication            D  📐 Контур: площадь=240.0, углов=8
2025-08-04 20:19:07.040 11576-12238 ImageProcessor          com.example.myapplication            D  📐 Контур: площадь=120.5, углов=13
2025-08-04 20:19:07.040 11576-12238 ImageProcessor          com.example.myapplication            D  📐 Контур: площадь=73.0, углов=15
2025-08-04 20:19:07.040 11576-12238 ImageProcessor          com.example.myapplication            D  📐 Контур: площадь=169.5, углов=10
2025-08-04 20:19:07.040 11576-12238 ImageProcessor          com.example.myapplication            D  📐 Контур: площадь=61.0, углов=12
2025-08-04 20:19:07.041 11576-12238 ImageProcessor          com.example.myapplication            D  📐 Контур: площадь=108.0, углов=11
2025-08-04 20:19:07.041 11576-12238 ImageProcessor          com.example.myapplication            D  📐 Контур: площадь=79.0, углов=8
2025-08-04 20:19:07.041 11576-12238 ImageProcessor          com.example.myapplication            D  📐 Контур: площадь=66.0, углов=8
2025-08-04 20:19:07.041 11576-12238 ImageProcessor          com.example.myapplication            D  📐 Контур: площадь=60.5, углов=7
2025-08-04 20:19:07.041 11576-12238 ImageProcessor          com.example.myapplication            D  📊 Найдено прямоугольных контуров: 2
2025-08-04 20:19:07.041 11576-12238 ImageProcessor          com.example.myapplication            D  🎯 Выбран самый большой контур площадью: 72197.0
2025-08-04 20:19:07.041 11576-12238 ImageProcessor          com.example.myapplication            D  🎯 Контур бланка найден, обрабатываем...
2025-08-04 20:19:07.054 11576-12238 ImageProcessor          com.example.myapplication            D  📋 Приоритетная обработка тестового бланка: 800x800
2025-08-04 20:19:07.056 11576-12238 ImageProcessor          com.example.myapplication            D  🚀 ЭТАП 1: Обрабатываем только эталонные ячейки...
2025-08-04 20:19:07.056 11576-12238 ImageProcessor          com.example.myapplication            D  🎯 Эталонная ячейка [0][0] добавлена в приоритетный батч
2025-08-04 20:19:07.056 11576-12238 ImageProcessor          com.example.myapplication            D  🎯 Эталонная ячейка [1][1] добавлена в приоритетный батч
2025-08-04 20:19:07.056 11576-12238 ImageProcessor          com.example.myapplication            D  🎯 Эталонная ячейка [2][2] добавлена в приоритетный батч
2025-08-04 20:19:07.057 11576-12238 ImageProcessor          com.example.myapplication            D  🎯 Эталонная ячейка [3][3] добавлена в приоритетный батч
2025-08-04 20:19:07.057 11576-12238 ImageProcessor          com.example.myapplication            D  🎯 Эталонная ячейка [4][4] добавлена в приоритетный батч
2025-08-04 20:19:07.057 11576-12238 ImageProcessor          com.example.myapplication            D  🎯 Эталонная ячейка [5][3] добавлена в приоритетный батч
2025-08-04 20:19:07.057 11576-12238 ImageProcessor          com.example.myapplication            D  🎯 Эталонная ячейка [6][2] добавлена в приоритетный батч
2025-08-04 20:19:07.058 11576-12238 ImageProcessor          com.example.myapplication            D  🎯 Эталонная ячейка [7][1] добавлена в приоритетный батч
2025-08-04 20:19:07.058 11576-12238 ImageProcessor          com.example.myapplication            D  🎯 Эталонная ячейка [8][0] добавлена в приоритетный батч
2025-08-04 20:19:07.058 11576-12238 ImageProcessor          com.example.myapplication            D  🎯 Эталонная ячейка [9][1] добавлена в приоритетный батч
2025-08-04 20:19:07.101 11576-11586 System                  com.example.myapplication            W  A resource failed to call close. 
2025-08-04 20:19:08.233 11576-11584 e.myapplication         com.example.myapplication            I  Background concurrent mark compact GC freed 11MB AllocSpace bytes, 4(2368KB) LOS objects, 49% free, 12MB/25MB, paused 214us,7.690ms total 58.529ms
2025-08-04 20:19:08.599 11576-12238 OnnxModel               com.example.myapplication            I  ⚡ Батч-обработка 10 изображений за 1541мс (среднее: 154,1мс на изображение)
2025-08-04 20:19:08.599 11576-12238 ImageProcessor          com.example.myapplication            D  ⚡ Эталонные ячейки обработаны за 1541мс
2025-08-04 20:19:08.599 11576-12238 ImageProcessor          com.example.myapplication            D  ✅ Эталонная ячейка [0][0] = ПУСТОЕ (0%)
2025-08-04 20:19:08.600 11576-12238 ImageProcessor          com.example.myapplication            D  ✅ Эталонная ячейка [1][1] = ЗАПОЛНЕНО (99%)
2025-08-04 20:19:08.600 11576-12238 ImageProcessor          com.example.myapplication            D  ✅ Эталонная ячейка [2][2] = ПУСТОЕ (0%)
2025-08-04 20:19:08.600 11576-12238 ImageProcessor          com.example.myapplication            D  ✅ Эталонная ячейка [3][3] = ПУСТОЕ (0%)
2025-08-04 20:19:08.600 11576-12238 ImageProcessor          com.example.myapplication            D  ✅ Эталонная ячейка [4][4] = ЗАПОЛНЕНО (100%)
2025-08-04 20:19:08.600 11576-12238 ImageProcessor          com.example.myapplication            D  ✅ Эталонная ячейка [5][3] = ПУСТОЕ (0%)
2025-08-04 20:19:08.600 11576-12238 ImageProcessor          com.example.myapplication            D  ✅ Эталонная ячейка [6][2] = ЗАПОЛНЕНО (100%)
2025-08-04 20:19:08.600 11576-12238 ImageProcessor          com.example.myapplication            D  ✅ Эталонная ячейка [7][1] = ПУСТОЕ (0%)
2025-08-04 20:19:08.600 11576-12238 ImageProcessor          com.example.myapplication            D  ✅ Эталонная ячейка [8][0] = ПУСТОЕ (0%)
2025-08-04 20:19:08.600 11576-12238 ImageProcessor          com.example.myapplication            D  ✅ Эталонная ячейка [9][1] = ПУСТОЕ (0%)
2025-08-04 20:19:08.600 11576-12238 ImageProcessor          com.example.myapplication            D  🔍 ЭТАП 2: Проверяем результат эталонных ячеек...
2025-08-04 20:19:08.600 11576-12238 ImageProcessor          com.example.myapplication            D  ❌ Вопрос 0 неправильный - нужна фоновая проверка
2025-08-04 20:19:08.600 11576-12238 ImageProcessor          com.example.myapplication            D  ✅ Вопрос 1 правильный
2025-08-04 20:19:08.600 11576-12238 ImageProcessor          com.example.myapplication            D  ❌ Вопрос 2 неправильный - нужна фоновая проверка
2025-08-04 20:19:08.600 11576-12238 ImageProcessor          com.example.myapplication            D  ❌ Вопрос 3 неправильный - нужна фоновая проверка
2025-08-04 20:19:08.600 11576-12238 ImageProcessor          com.example.myapplication            D  ✅ Вопрос 4 правильный
2025-08-04 20:19:08.600 11576-12238 ImageProcessor          com.example.myapplication            D  ❌ Вопрос 5 неправильный - нужна фоновая проверка
2025-08-04 20:19:08.600 11576-12238 ImageProcessor          com.example.myapplication            D  ✅ Вопрос 6 правильный
2025-08-04 20:19:08.600 11576-12238 ImageProcessor          com.example.myapplication            D  ❌ Вопрос 7 неправильный - нужна фоновая проверка
2025-08-04 20:19:08.600 11576-12238 ImageProcessor          com.example.myapplication            D  ❌ Вопрос 8 неправильный - нужна фоновая проверка
2025-08-04 20:19:08.600 11576-12238 ImageProcessor          com.example.myapplication            D  ❌ Вопрос 9 неправильный - нужна фоновая проверка
2025-08-04 20:19:08.600 11576-12238 ImageProcessor          com.example.myapplication            D  🔄 ЭТАП 3: Фоновая проверка 7 вопросов с ошибками...
2025-08-04 20:19:11.264 11576-11584 e.myapplication         com.example.myapplication            I  Background concurrent mark compact GC freed 11MB AllocSpace bytes, 4(2368KB) LOS objects, 49% free, 12MB/25MB, paused 187us,7.094ms total 53.070ms
2025-08-04 20:19:13.895 11576-12238 OnnxModel               com.example.myapplication            I  ⚡ Батч-обработка 35 изображений за 5290мс (среднее: 151,1мс на изображение)
2025-08-04 20:19:13.895 11576-12238 ImageProcessor          com.example.myapplication            D  ⚡ Ячейки с ошибками обработаны за 5290мс
2025-08-04 20:19:13.895 11576-12238 ImageProcessor          com.example.myapplication            D  🔍 Ошибочная ячейка [0][0] = ПУСТОЕ (0%)
2025-08-04 20:19:13.895 11576-12238 ImageProcessor          com.example.myapplication            D  🔍 Ошибочная ячейка [0][1] = ПУСТОЕ (0%)
2025-08-04 20:19:13.895 11576-12238 ImageProcessor          com.example.myapplication            D  🔍 Ошибочная ячейка [0][2] = ПУСТОЕ (0%)
2025-08-04 20:19:13.896 11576-12238 ImageProcessor          com.example.myapplication            D  🔍 Ошибочная ячейка [0][3] = ПУСТОЕ (0%)
2025-08-04 20:19:13.896 11576-12238 ImageProcessor          com.example.myapplication            D  🔍 Ошибочная ячейка [0][4] = ЗАПОЛНЕНО (99%)
2025-08-04 20:19:13.896 11576-12238 ImageProcessor          com.example.myapplication            D  🔍 Ошибочная ячейка [2][0] = ПУСТОЕ (0%)
2025-08-04 20:19:13.896 11576-12238 ImageProcessor          com.example.myapplication            D  🔍 Ошибочная ячейка [2][1] = ПУСТОЕ (0%)
2025-08-04 20:19:13.896 11576-12238 ImageProcessor          com.example.myapplication            D  🔍 Ошибочная ячейка [2][2] = ПУСТОЕ (0%)
2025-08-04 20:19:13.896 11576-12238 ImageProcessor          com.example.myapplication            D  🔍 Ошибочная ячейка [2][3] = ПУСТОЕ (0%)
2025-08-04 20:19:13.896 11576-12238 ImageProcessor          com.example.myapplication            D  🔍 Ошибочная ячейка [2][4] = ЗАПОЛНЕНО (100%)
2025-08-04 20:19:13.896 11576-12238 ImageProcessor          com.example.myapplication            D  🔍 Ошибочная ячейка [3][0] = ПУСТОЕ (0%)
2025-08-04 20:19:13.897 11576-12238 ImageProcessor          com.example.myapplication            D  🔍 Ошибочная ячейка [3][1] = ПУСТОЕ (0%)
2025-08-04 20:19:13.897 11576-12238 ImageProcessor          com.example.myapplication            D  🔍 Ошибочная ячейка [3][2] = ПУСТОЕ (0%)
2025-08-04 20:19:13.897 11576-12238 ImageProcessor          com.example.myapplication            D  🔍 Ошибочная ячейка [3][3] = ПУСТОЕ (0%)
2025-08-04 20:19:13.897 11576-12238 ImageProcessor          com.example.myapplication            D  🔍 Ошибочная ячейка [3][4] = ЗАПОЛНЕНО (100%)
2025-08-04 20:19:13.897 11576-12238 ImageProcessor          com.example.myapplication            D  🔍 Ошибочная ячейка [5][0] = ПУСТОЕ (0%)
2025-08-04 20:19:13.897 11576-12238 ImageProcessor          com.example.myapplication            D  🔍 Ошибочная ячейка [5][1] = ПУСТОЕ (0%)
2025-08-04 20:19:13.897 11576-12238 ImageProcessor          com.example.myapplication            D  🔍 Ошибочная ячейка [5][2] = ПУСТОЕ (0%)
2025-08-04 20:19:13.897 11576-12238 ImageProcessor          com.example.myapplication            D  🔍 Ошибочная ячейка [5][3] = ПУСТОЕ (0%)
2025-08-04 20:19:13.897 11576-12238 ImageProcessor          com.example.myapplication            D  🔍 Ошибочная ячейка [5][4] = ЗАПОЛНЕНО (100%)
2025-08-04 20:19:13.897 11576-12238 ImageProcessor          com.example.myapplication            D  🔍 Ошибочная ячейка [7][0] = ПУСТОЕ (0%)
2025-08-04 20:19:13.897 11576-12238 ImageProcessor          com.example.myapplication            D  🔍 Ошибочная ячейка [7][1] = ПУСТОЕ (0%)
2025-08-04 20:19:13.897 11576-12238 ImageProcessor          com.example.myapplication            D  🔍 Ошибочная ячейка [7][2] = ПУСТОЕ (0%)
2025-08-04 20:19:13.897 11576-12238 ImageProcessor          com.example.myapplication            D  🔍 Ошибочная ячейка [7][3] = ЗАПОЛНЕНО (100%)
2025-08-04 20:19:13.897 11576-12238 ImageProcessor          com.example.myapplication            D  🔍 Ошибочная ячейка [7][4] = ПУСТОЕ (0%)
2025-08-04 20:19:13.897 11576-12238 ImageProcessor          com.example.myapplication            D  🔍 Ошибочная ячейка [8][0] = ПУСТОЕ (0%)
2025-08-04 20:19:13.897 11576-12238 ImageProcessor          com.example.myapplication            D  🔍 Ошибочная ячейка [8][1] = ПУСТОЕ (0%)
2025-08-04 20:19:13.897 11576-12238 ImageProcessor          com.example.myapplication            D  🔍 Ошибочная ячейка [8][2] = ПУСТОЕ (0%)
2025-08-04 20:19:13.897 11576-12238 ImageProcessor          com.example.myapplication            D  🔍 Ошибочная ячейка [8][3] = ПУСТОЕ (0%)
2025-08-04 20:19:13.897 11576-12238 ImageProcessor          com.example.myapplication            D  🔍 Ошибочная ячейка [8][4] = ЗАПОЛНЕНО (99%)
2025-08-04 20:19:13.897 11576-12238 ImageProcessor          com.example.myapplication            D  🔍 Ошибочная ячейка [9][0] = ПУСТОЕ (0%)
2025-08-04 20:19:13.897 11576-12238 ImageProcessor          com.example.myapplication            D  🔍 Ошибочная ячейка [9][1] = ПУСТОЕ (0%)
2025-08-04 20:19:13.897 11576-12238 ImageProcessor          com.example.myapplication            D  🔍 Ошибочная ячейка [9][2] = ЗАПОЛНЕНО (100%)
2025-08-04 20:19:13.897 11576-12238 ImageProcessor          com.example.myapplication            D  🔍 Ошибочная ячейка [9][3] = ПУСТОЕ (0%)
2025-08-04 20:19:13.897 11576-12238 ImageProcessor          com.example.myapplication            D  🔍 Ошибочная ячейка [9][4] = ПУСТОЕ (0%)
2025-08-04 20:19:13.897 11576-12238 ImageProcessor          com.example.myapplication            D  🔄 Вопрос 0: выбран ответ 4, правильный 0
2025-08-04 20:19:13.898 11576-12238 ImageProcessor          com.example.myapplication            D  🔄 Вопрос 2: выбран ответ 4, правильный 2
2025-08-04 20:19:13.898 11576-12238 ImageProcessor          com.example.myapplication            D  🔄 Вопрос 3: выбран ответ 4, правильный 3
2025-08-04 20:19:13.898 11576-12238 ImageProcessor          com.example.myapplication            D  🔄 Вопрос 5: выбран ответ 4, правильный 3
2025-08-04 20:19:13.898 11576-12238 ImageProcessor          com.example.myapplication            D  🔄 Вопрос 7: выбран ответ 3, правильный 1
2025-08-04 20:19:13.898 11576-12238 ImageProcessor          com.example.myapplication            D  🔄 Вопрос 8: выбран ответ 4, правильный 0
2025-08-04 20:19:13.898 11576-12238 ImageProcessor          com.example.myapplication            D  🔄 Вопрос 9: выбран ответ 2, правильный 1
2025-08-04 20:19:13.899 11576-12238 ImageProcessor          com.example.myapplication            D  ✅ Приоритетная обработка завершена: 3/10 правильных ответов
2025-08-04 20:19:13.899 11576-12238 ImageProcessor          com.example.myapplication            D  📊 Эталонных ячеек: 10, вопросов с ошибками: 7
2025-08-04 20:19:13.899 11576-12238 ImageProcessor          com.example.myapplication            D  📊 Размеры массивов: selectedAnswers=10, grading=10, correctAnswers=10
2025-08-04 20:19:13.899 11576-12238 ImageProcessor          com.example.myapplication            D  📊 selectedAnswers: [4, 1, 4, 4, 4, 4, 2, 3, 4, 2]
2025-08-04 20:19:13.899 11576-12238 ImageProcessor          com.example.myapplication            D  📊 grading: [0, 1, 0, 0, 1, 0, 1, 0, 0, 0]
2025-08-04 20:19:13.903 11576-12238 BatchActivity           com.example.myapplication            D  📊 Обработка результатов: detectedAnswers.size=10, currentQuestions=10, correctAnswers.size=10
2025-08-04 20:19:13.903 11576-12238 BatchActivity           com.example.myapplication            D  🎯 Расчет оценки: процент=30%, тип=PERCENTAGE, результат=2
2025-08-04 20:19:13.904 11576-12238 BatchActivity           com.example.myapplication            D  📊 Результаты обработки: 3/10 = 30,0%, оценка: 2
2025-08-04 20:19:13.904 11576-11576 BatchActivity           com.example.myapplication            D  📝 Добавляем результат: 1000002175.jpg, правильных: 3/10
2025-08-04 20:19:13.904 11576-11576 BatchResultsAdapter     com.example.myapplication            D  📊 getItemCount: 8
2025-08-04 20:19:13.905 11576-11576 BatchResultsAdapter     com.example.myapplication            D  📊 getItemCount: 8
2025-08-04 20:19:13.905 11576-11576 BatchActivity           com.example.myapplication            D  📊 Всего результатов в адаптере: 8
2025-08-04 20:19:13.905 11576-11576 BatchActivity           com.example.myapplication            D  📏 Высота RecyclerView: 4284
2025-08-04 20:19:13.918 11576-11576 BatchResultsAdapter     com.example.myapplication            D  📊 getItemCount: 8
2025-08-04 20:19:13.919 11576-11576 BatchResultsAdapter     com.example.myapplication            D  📊 getItemCount: 8
2025-08-04 20:19:13.920 11576-11576 BatchResultsAdapter     com.example.myapplication            D  📊 getItemCount: 8
2025-08-04 20:19:13.920 11576-11576 BatchResultsAdapter     com.example.myapplication            D  🔗 Привязываем элемент 0: 1000002182.jpg
2025-08-04 20:19:13.923 11576-11576 BatchResultsAdapter     com.example.myapplication            D  📊 getItemCount: 8
2025-08-04 20:19:13.923 11576-11576 BatchResultsAdapter     com.example.myapplication            D  🔗 Привязываем элемент 1: 1000002181.jpg
2025-08-04 20:19:13.926 11576-11576 BatchResultsAdapter     com.example.myapplication            D  📊 getItemCount: 8
2025-08-04 20:19:13.926 11576-11576 BatchResultsAdapter     com.example.myapplication            D  🔗 Привязываем элемент 2: 1000002180.jpg
2025-08-04 20:19:13.928 11576-11576 BatchResultsAdapter     com.example.myapplication            D  📊 getItemCount: 8
2025-08-04 20:19:13.929 11576-11576 BatchResultsAdapter     com.example.myapplication            D  🔗 Привязываем элемент 3: 1000002179.jpg
2025-08-04 20:19:13.932 11576-11576 BatchResultsAdapter     com.example.myapplication            D  📊 getItemCount: 8
2025-08-04 20:19:13.932 11576-11576 BatchResultsAdapter     com.example.myapplication            D  🔗 Привязываем элемент 4: 1000002178.jpg
2025-08-04 20:19:13.935 11576-11576 BatchResultsAdapter     com.example.myapplication            D  📊 getItemCount: 8
2025-08-04 20:19:13.947 11576-11576 BatchResultsAdapter     com.example.myapplication            D  🔗 Привязываем элемент 5: 1000002177.jpg
2025-08-04 20:19:13.950 11576-11576 BatchResultsAdapter     com.example.myapplication            D  📊 getItemCount: 8
2025-08-04 20:19:13.960 11576-11576 BatchResultsAdapter     com.example.myapplication            D  🔗 Привязываем элемент 6: 1000002176.jpg
2025-08-04 20:19:13.964 11576-11576 BatchResultsAdapter     com.example.myapplication            D  📊 getItemCount: 8
2025-08-04 20:19:13.973 11576-12238 skia                    com.example.myapplication            D  SkJpegCodec::onGetPixels + (3000, 4000)
2025-08-04 20:19:13.973 11576-12238 skia                    com.example.myapplication            D  stream rewind not support
2025-08-04 20:19:13.977 11576-11576 BatchResultsAdapter     com.example.myapplication            D  🔗 Привязываем элемент 7: 1000002175.jpg
2025-08-04 20:19:13.981 11576-11576 oplus.andr...actoryImpl com.example.myapplication            I  get feature:IOplusDynamicVsyncFeature
2025-08-04 20:19:13.981 11576-11576 oplus.andr...actoryImpl com.example.myapplication            I  get feature:IOplusDynamicVsyncFeature
2025-08-04 20:19:13.981 11576-11576 oplus.andr...actoryImpl com.example.myapplication            I  get feature:IOplusDynamicVsyncFeature
2025-08-04 20:19:13.981 11576-11576 OplusViewDebugManager   com.example.myapplication            D  OplusViewDebugManager Constructor android.view.debug.OplusViewDebugManager@768baf4 [mHasViewDebugProperty true] [mHasMsgDebugProperty false] [DEBUG false] [EXTRAINFOENABLE false] [LIGHT_OS true]
2025-08-04 20:19:13.981 11576-11576 OplusViewDebugManager   com.example.myapplication            D  OplusViewDebugManager Constructor android.view.debug.OplusViewDebugManager@d46221d [mHasViewDebugProperty true] [mHasMsgDebugProperty false] [DEBUG false] [EXTRAINFOENABLE false] [LIGHT_OS true]
2025-08-04 20:19:13.982 11576-11576 BatchResultsAdapter     com.example.myapplication            D  📊 getItemCount: 8
2025-08-04 20:19:13.982 11576-11576 BatchResultsAdapter     com.example.myapplication            D  📊 getItemCount: 8
2025-08-04 20:19:13.983 11576-11576 BatchResultsAdapter     com.example.myapplication            D  📊 getItemCount: 8
2025-08-04 20:19:13.983 11576-11576 BatchResultsAdapter     com.example.myapplication            D  📊 getItemCount: 8
2025-08-04 20:19:13.983 11576-11576 BatchResultsAdapter     com.example.myapplication            D  📊 getItemCount: 8
2025-08-04 20:19:13.983 11576-11576 BatchResultsAdapter     com.example.myapplication            D  📊 getItemCount: 8
2025-08-04 20:19:13.983 11576-11576 BatchResultsAdapter     com.example.myapplication            D  📊 getItemCount: 8
2025-08-04 20:19:13.983 11576-11576 BatchResultsAdapter     com.example.myapplication            D  📊 getItemCount: 8
2025-08-04 20:19:13.983 11576-11576 BatchResultsAdapter     com.example.myapplication            D  📊 getItemCount: 8
2025-08-04 20:19:13.983 11576-11576 BatchResultsAdapter     com.example.myapplication            D  📊 getItemCount: 8
2025-08-04 20:19:13.984 11576-11576 BatchResultsAdapter     com.example.myapplication            D  📊 getItemCount: 8
2025-08-04 20:19:13.984 11576-11576 BatchResultsAdapter     com.example.myapplication            D  📊 getItemCount: 8
2025-08-04 20:19:13.984 11576-11576 BatchResultsAdapter     com.example.myapplication            D  📊 getItemCount: 8
2025-08-04 20:19:13.984 11576-11576 BatchResultsAdapter     com.example.myapplication            D  📊 getItemCount: 8
2025-08-04 20:19:13.984 11576-11576 BatchResultsAdapter     com.example.myapplication            D  📊 getItemCount: 8
2025-08-04 20:19:13.985 11576-11576 BatchResultsAdapter     com.example.myapplication            D  📊 getItemCount: 8
2025-08-04 20:19:13.985 11576-11576 BatchResultsAdapter     com.example.myapplication            D  📊 getItemCount: 8
2025-08-04 20:19:13.985 11576-11576 BatchResultsAdapter     com.example.myapplication            D  📊 getItemCount: 8
2025-08-04 20:19:13.985 11576-11576 BatchResultsAdapter     com.example.myapplication            D  📊 getItemCount: 8
2025-08-04 20:19:14.222 11576-12238 skia                    com.example.myapplication            D  SkJpegCodec::onGetPixels -
2025-08-04 20:19:14.229 11576-12238 ImageProcessor          com.example.myapplication            D  🔍 Начинаем ML обработку кадра: 3000x4000
2025-08-04 20:19:14.229 11576-12238 ImageProcessor          com.example.myapplication            D  🤖 ML модель готова: true
2025-08-04 20:19:14.318 11576-12238 ImageProcessor          com.example.myapplication            D  📊 Найдено контуров: 93
2025-08-04 20:19:14.318 11576-12238 ImageProcessor          com.example.myapplication            D  🔍 Анализируем 93 найденных контуров...
2025-08-04 20:19:14.318 11576-12238 ImageProcessor          com.example.myapplication            D  📐 Контур: площадь=92524.5, углов=4
2025-08-04 20:19:14.319 11576-12238 ImageProcessor          com.example.myapplication            D  ✅ Найден прямоугольный контур площадью: 92524.5
2025-08-04 20:19:14.319 11576-12238 ImageProcessor          com.example.myapplication            D  📐 Контур: площадь=162.5, углов=14
2025-08-04 20:19:14.319 11576-12238 ImageProcessor          com.example.myapplication            D  📐 Контур: площадь=88.0, углов=14
2025-08-04 20:19:14.319 11576-12238 ImageProcessor          com.example.myapplication            D  📐 Контур: площадь=96.5, углов=10
2025-08-04 20:19:14.319 11576-12238 ImageProcessor          com.example.myapplication            D  📐 Контур: площадь=59.0, углов=9
2025-08-04 20:19:14.319 11576-12238 ImageProcessor          com.example.myapplication            D  📐 Контур: площадь=127.5, углов=11
2025-08-04 20:19:14.320 11576-12238 ImageProcessor          com.example.myapplication            D  📐 Контур: площадь=299.0, углов=12
2025-08-04 20:19:14.320 11576-12238 ImageProcessor          com.example.myapplication            D  📐 Контур: площадь=129.5, углов=9
2025-08-04 20:19:14.321 11576-12238 ImageProcessor          com.example.myapplication            D  📐 Контур: площадь=62.5, углов=2
2025-08-04 20:19:14.321 11576-12238 ImageProcessor          com.example.myapplication            D  📐 Контур: площадь=409.0, углов=14
2025-08-04 20:19:14.321 11576-12238 ImageProcessor          com.example.myapplication            D  📐 Контур: площадь=112.0, углов=16
2025-08-04 20:19:14.322 11576-12238 ImageProcessor          com.example.myapplication            D  📐 Контур: площадь=60.5, углов=13
2025-08-04 20:19:14.322 11576-12238 ImageProcessor          com.example.myapplication            D  📐 Контур: площадь=177.0, углов=6
2025-08-04 20:19:14.322 11576-12238 ImageProcessor          com.example.myapplication            D  📐 Контур: площадь=87.5, углов=9
2025-08-04 20:19:14.322 11576-12238 ImageProcessor          com.example.myapplication            D  📐 Контур: площадь=102.5, углов=10
2025-08-04 20:19:14.322 11576-12238 ImageProcessor          com.example.myapplication            D  📐 Контур: площадь=136.5, углов=10
2025-08-04 20:19:14.324 11576-12238 ImageProcessor          com.example.myapplication            D  📐 Контур: площадь=239.0, углов=8
2025-08-04 20:19:14.325 11576-12238 ImageProcessor          com.example.myapplication            D  📐 Контур: площадь=250.5, углов=14
2025-08-04 20:19:14.325 11576-12238 ImageProcessor          com.example.myapplication            D  📐 Контур: площадь=306.0, углов=12
2025-08-04 20:19:14.326 11576-12238 ImageProcessor          com.example.myapplication            D  📐 Контур: площадь=204.0, углов=13
2025-08-04 20:19:14.326 11576-12238 ImageProcessor          com.example.myapplication            D  📐 Контур: площадь=236.5, углов=9
2025-08-04 20:19:14.326 11576-12238 ImageProcessor          com.example.myapplication            D  📐 Контур: площадь=665.5, углов=10
2025-08-04 20:19:14.326 11576-12238 ImageProcessor          com.example.myapplication            D  📐 Контур: площадь=110.0, углов=13
2025-08-04 20:19:14.326 11576-12238 ImageProcessor          com.example.myapplication            D  📐 Контур: площадь=119.5, углов=14
2025-08-04 20:19:14.326 11576-12238 ImageProcessor          com.example.myapplication            D  📐 Контур: площадь=287.5, углов=12
2025-08-04 20:19:14.327 11576-12238 ImageProcessor          com.example.myapplication            D  📐 Контур: площадь=580.5, углов=5
2025-08-04 20:19:14.327 11576-12238 ImageProcessor          com.example.myapplication            D  📐 Контур: площадь=62.5, углов=9
2025-08-04 20:19:14.327 11576-12238 ImageProcessor          com.example.myapplication            D  📐 Контур: площадь=208.0, углов=14
2025-08-04 20:19:14.327 11576-12238 ImageProcessor          com.example.myapplication            D  📐 Контур: площадь=57.0, углов=12
2025-08-04 20:19:14.327 11576-12238 ImageProcessor          com.example.myapplication            D  📐 Контур: площадь=83.5, углов=8
2025-08-04 20:19:14.327 11576-12238 ImageProcessor          com.example.myapplication            D  📐 Контур: площадь=166.5, углов=10
2025-08-04 20:19:14.327 11576-12238 ImageProcessor          com.example.myapplication            D  📐 Контур: площадь=86.0, углов=12
2025-08-04 20:19:14.328 11576-12238 ImageProcessor          com.example.myapplication            D  📐 Контур: площадь=85.5, углов=9
2025-08-04 20:19:14.328 11576-12238 ImageProcessor          com.example.myapplication            D  📊 Найдено прямоугольных контуров: 1
2025-08-04 20:19:14.328 11576-12238 ImageProcessor          com.example.myapplication            D  🎯 Выбран самый большой контур площадью: 91608.0
2025-08-04 20:19:14.328 11576-12238 ImageProcessor          com.example.myapplication            D  🎯 Контур бланка найден, обрабатываем...
2025-08-04 20:19:14.335 11576-12238 ImageProcessor          com.example.myapplication            D  📋 Приоритетная обработка тестового бланка: 800x800
2025-08-04 20:19:14.338 11576-12238 ImageProcessor          com.example.myapplication            D  🚀 ЭТАП 1: Обрабатываем только эталонные ячейки...
2025-08-04 20:19:14.339 11576-12238 ImageProcessor          com.example.myapplication            D  🎯 Эталонная ячейка [0][0] добавлена в приоритетный батч
2025-08-04 20:19:14.340 11576-12238 ImageProcessor          com.example.myapplication            D  🎯 Эталонная ячейка [1][1] добавлена в приоритетный батч
2025-08-04 20:19:14.342 11576-12238 ImageProcessor          com.example.myapplication            D  🎯 Эталонная ячейка [2][2] добавлена в приоритетный батч
2025-08-04 20:19:14.343 11576-12238 ImageProcessor          com.example.myapplication            D  🎯 Эталонная ячейка [3][3] добавлена в приоритетный батч
2025-08-04 20:19:14.343 11576-12238 ImageProcessor          com.example.myapplication            D  🎯 Эталонная ячейка [4][4] добавлена в приоритетный батч
2025-08-04 20:19:14.344 11576-12238 ImageProcessor          com.example.myapplication            D  🎯 Эталонная ячейка [5][3] добавлена в приоритетный батч
2025-08-04 20:19:14.345 11576-12238 ImageProcessor          com.example.myapplication            D  🎯 Эталонная ячейка [6][2] добавлена в приоритетный батч
2025-08-04 20:19:14.345 11576-12238 ImageProcessor          com.example.myapplication            D  🎯 Эталонная ячейка [7][1] добавлена в приоритетный батч
2025-08-04 20:19:14.346 11576-12238 ImageProcessor          com.example.myapplication            D  🎯 Эталонная ячейка [8][0] добавлена в приоритетный батч
2025-08-04 20:19:14.347 11576-12238 ImageProcessor          com.example.myapplication            D  🎯 Эталонная ячейка [9][1] добавлена в приоритетный батч
2025-08-04 20:19:14.384 11576-11584 e.myapplication         com.example.myapplication            I  NativeAlloc concurrent mark compact GC freed 4796KB AllocSpace bytes, 7(1268KB) LOS objects, 49% free, 12MB/24MB, paused 467us,6.895ms total 48.332ms
2025-08-04 20:19:14.388 11576-11586 System                  com.example.myapplication            W  A resource failed to call close. 
2025-08-04 20:19:15.931 11576-12238 OnnxModel               com.example.myapplication            I  ⚡ Батч-обработка 10 изображений за 1584мс (среднее: 158,4мс на изображение)
2025-08-04 20:19:15.931 11576-12238 ImageProcessor          com.example.myapplication            D  ⚡ Эталонные ячейки обработаны за 1584мс
2025-08-04 20:19:15.931 11576-12238 ImageProcessor          com.example.myapplication            D  ✅ Эталонная ячейка [0][0] = ПУСТОЕ (0%)
2025-08-04 20:19:15.931 11576-12238 ImageProcessor          com.example.myapplication            D  ✅ Эталонная ячейка [1][1] = ПУСТОЕ (0%)
2025-08-04 20:19:15.931 11576-12238 ImageProcessor          com.example.myapplication            D  ✅ Эталонная ячейка [2][2] = ПУСТОЕ (0%)
2025-08-04 20:19:15.931 11576-12238 ImageProcessor          com.example.myapplication            D  ✅ Эталонная ячейка [3][3] = ПУСТОЕ (0%)
2025-08-04 20:19:15.931 11576-12238 ImageProcessor          com.example.myapplication            D  ✅ Эталонная ячейка [4][4] = ЗАПОЛНЕНО (100%)
2025-08-04 20:19:15.931 11576-12238 ImageProcessor          com.example.myapplication            D  ✅ Эталонная ячейка [5][3] = ПУСТОЕ (0%)
2025-08-04 20:19:15.932 11576-12238 ImageProcessor          com.example.myapplication            D  ✅ Эталонная ячейка [6][2] = ПУСТОЕ (0%)
2025-08-04 20:19:15.932 11576-12238 ImageProcessor          com.example.myapplication            D  ✅ Эталонная ячейка [7][1] = ПУСТОЕ (0%)
2025-08-04 20:19:15.932 11576-12238 ImageProcessor          com.example.myapplication            D  ✅ Эталонная ячейка [8][0] = ПУСТОЕ (0%)
2025-08-04 20:19:15.932 11576-12238 ImageProcessor          com.example.myapplication            D  ✅ Эталонная ячейка [9][1] = ЗАПОЛНЕНО (100%)
2025-08-04 20:19:15.932 11576-12238 ImageProcessor          com.example.myapplication            D  🔍 ЭТАП 2: Проверяем результат эталонных ячеек...
2025-08-04 20:19:15.932 11576-12238 ImageProcessor          com.example.myapplication            D  ❌ Вопрос 0 неправильный - нужна фоновая проверка
2025-08-04 20:19:15.932 11576-12238 ImageProcessor          com.example.myapplication            D  ❌ Вопрос 1 неправильный - нужна фоновая проверка
2025-08-04 20:19:15.932 11576-12238 ImageProcessor          com.example.myapplication            D  ❌ Вопрос 2 неправильный - нужна фоновая проверка
2025-08-04 20:19:15.932 11576-12238 ImageProcessor          com.example.myapplication            D  ❌ Вопрос 3 неправильный - нужна фоновая проверка
2025-08-04 20:19:15.932 11576-12238 ImageProcessor          com.example.myapplication            D  ✅ Вопрос 4 правильный
2025-08-04 20:19:15.932 11576-12238 ImageProcessor          com.example.myapplication            D  ❌ Вопрос 5 неправильный - нужна фоновая проверка
2025-08-04 20:19:15.932 11576-12238 ImageProcessor          com.example.myapplication            D  ❌ Вопрос 6 неправильный - нужна фоновая проверка
2025-08-04 20:19:15.932 11576-12238 ImageProcessor          com.example.myapplication            D  ❌ Вопрос 7 неправильный - нужна фоновая проверка
2025-08-04 20:19:15.932 11576-12238 ImageProcessor          com.example.myapplication            D  ❌ Вопрос 8 неправильный - нужна фоновая проверка
2025-08-04 20:19:15.932 11576-12238 ImageProcessor          com.example.myapplication            D  ✅ Вопрос 9 правильный
2025-08-04 20:19:15.932 11576-12238 ImageProcessor          com.example.myapplication            D  🔄 ЭТАП 3: Фоновая проверка 8 вопросов с ошибками...
2025-08-04 20:19:16.159 11576-11584 e.myapplication         com.example.myapplication            I  Background concurrent mark compact GC freed 11MB AllocSpace bytes, 4(2368KB) LOS objects, 49% free, 13MB/26MB, paused 452us,5.114ms total 49.232ms
2025-08-04 20:19:17.356 11576-11584 e.myapplication         com.example.myapplication            I  Background concurrent mark compact GC freed 11MB AllocSpace bytes, 4(2368KB) LOS objects, 49% free, 13MB/26MB, paused 434us,5.169ms total 58.967ms
2025-08-04 20:19:18.532 11576-11584 e.myapplication         com.example.myapplication            I  Background concurrent mark compact GC freed 11MB AllocSpace bytes, 4(2368KB) LOS objects, 49% free, 13MB/26MB, paused 186us,7.492ms total 53.510ms
2025-08-04 20:19:20.940 11576-11584 e.myapplication         com.example.myapplication            I  Background concurrent mark compact GC freed 11MB AllocSpace bytes, 4(2368KB) LOS objects, 49% free, 13MB/26MB, paused 358us,7.505ms total 58.226ms
2025-08-04 20:19:21.915 11576-12238 OnnxModel               com.example.myapplication            I  ⚡ Батч-обработка 40 изображений за 5977мс (среднее: 149,4мс на изображение)
2025-08-04 20:19:21.915 11576-12238 ImageProcessor          com.example.myapplication            D  ⚡ Ячейки с ошибками обработаны за 5977мс
2025-08-04 20:19:21.915 11576-12238 ImageProcessor          com.example.myapplication            D  🔍 Ошибочная ячейка [0][0] = ПУСТОЕ (0%)
2025-08-04 20:19:21.915 11576-12238 ImageProcessor          com.example.myapplication            D  🔍 Ошибочная ячейка [0][1] = ПУСТОЕ (0%)
2025-08-04 20:19:21.915 11576-12238 ImageProcessor          com.example.myapplication            D  🔍 Ошибочная ячейка [0][2] = ЗАПОЛНЕНО (99%)
2025-08-04 20:19:21.915 11576-12238 ImageProcessor          com.example.myapplication            D  🔍 Ошибочная ячейка [0][3] = ПУСТОЕ (0%)
2025-08-04 20:19:21.915 11576-12238 ImageProcessor          com.example.myapplication            D  🔍 Ошибочная ячейка [0][4] = ПУСТОЕ (0%)
2025-08-04 20:19:21.915 11576-12238 ImageProcessor          com.example.myapplication            D  🔍 Ошибочная ячейка [1][0] = ПУСТОЕ (0%)
2025-08-04 20:19:21.916 11576-12238 ImageProcessor          com.example.myapplication            D  🔍 Ошибочная ячейка [1][1] = ПУСТОЕ (0%)
2025-08-04 20:19:21.916 11576-12238 ImageProcessor          com.example.myapplication            D  🔍 Ошибочная ячейка [1][2] = ПУСТОЕ (0%)
2025-08-04 20:19:21.916 11576-12238 ImageProcessor          com.example.myapplication            D  🔍 Ошибочная ячейка [1][3] = ЗАПОЛНЕНО (99%)
2025-08-04 20:19:21.916 11576-12238 ImageProcessor          com.example.myapplication            D  🔍 Ошибочная ячейка [1][4] = ПУСТОЕ (0%)
2025-08-04 20:19:21.916 11576-12238 ImageProcessor          com.example.myapplication            D  🔍 Ошибочная ячейка [2][0] = ЗАПОЛНЕНО (100%)
2025-08-04 20:19:21.916 11576-12238 ImageProcessor          com.example.myapplication            D  🔍 Ошибочная ячейка [2][1] = ПУСТОЕ (0%)
2025-08-04 20:19:21.916 11576-12238 ImageProcessor          com.example.myapplication            D  🔍 Ошибочная ячейка [2][2] = ПУСТОЕ (0%)
2025-08-04 20:19:21.916 11576-12238 ImageProcessor          com.example.myapplication            D  🔍 Ошибочная ячейка [2][3] = ПУСТОЕ (0%)
2025-08-04 20:19:21.916 11576-12238 ImageProcessor          com.example.myapplication            D  🔍 Ошибочная ячейка [2][4] = ПУСТОЕ (0%)
2025-08-04 20:19:21.916 11576-12238 ImageProcessor          com.example.myapplication            D  🔍 Ошибочная ячейка [3][0] = ПУСТОЕ (0%)
2025-08-04 20:19:21.916 11576-12238 ImageProcessor          com.example.myapplication            D  🔍 Ошибочная ячейка [3][1] = ПУСТОЕ (0%)
2025-08-04 20:19:21.916 11576-12238 ImageProcessor          com.example.myapplication            D  🔍 Ошибочная ячейка [3][2] = ЗАПОЛНЕНО (100%)
2025-08-04 20:19:21.916 11576-12238 ImageProcessor          com.example.myapplication            D  🔍 Ошибочная ячейка [3][3] = ПУСТОЕ (0%)
2025-08-04 20:19:21.916 11576-12238 ImageProcessor          com.example.myapplication            D  🔍 Ошибочная ячейка [3][4] = ПУСТОЕ (0%)
2025-08-04 20:19:21.916 11576-12238 ImageProcessor          com.example.myapplication            D  🔍 Ошибочная ячейка [5][0] = ПУСТОЕ (0%)
2025-08-04 20:19:21.916 11576-12238 ImageProcessor          com.example.myapplication            D  🔍 Ошибочная ячейка [5][1] = ПУСТОЕ (0%)
2025-08-04 20:19:21.917 11576-12238 ImageProcessor          com.example.myapplication            D  🔍 Ошибочная ячейка [5][2] = ЗАПОЛНЕНО (100%)
2025-08-04 20:19:21.917 11576-12238 ImageProcessor          com.example.myapplication            D  🔍 Ошибочная ячейка [5][3] = ПУСТОЕ (0%)
2025-08-04 20:19:21.917 11576-12238 ImageProcessor          com.example.myapplication            D  🔍 Ошибочная ячейка [5][4] = ПУСТОЕ (0%)
2025-08-04 20:19:21.917 11576-12238 ImageProcessor          com.example.myapplication            D  🔍 Ошибочная ячейка [6][0] = ПУСТОЕ (0%)
2025-08-04 20:19:21.917 11576-12238 ImageProcessor          com.example.myapplication            D  🔍 Ошибочная ячейка [6][1] = ПУСТОЕ (0%)
2025-08-04 20:19:21.917 11576-12238 ImageProcessor          com.example.myapplication            D  🔍 Ошибочная ячейка [6][2] = ПУСТОЕ (0%)
2025-08-04 20:19:21.917 11576-12238 ImageProcessor          com.example.myapplication            D  🔍 Ошибочная ячейка [6][3] = ЗАПОЛНЕНО (100%)
2025-08-04 20:19:21.917 11576-12238 ImageProcessor          com.example.myapplication            D  🔍 Ошибочная ячейка [6][4] = ПУСТОЕ (0%)
2025-08-04 20:19:21.917 11576-12238 ImageProcessor          com.example.myapplication            D  🔍 Ошибочная ячейка [7][0] = ПУСТОЕ (0%)
2025-08-04 20:19:21.917 11576-12238 ImageProcessor          com.example.myapplication            D  🔍 Ошибочная ячейка [7][1] = ПУСТОЕ (0%)
2025-08-04 20:19:21.917 11576-12238 ImageProcessor          com.example.myapplication            D  🔍 Ошибочная ячейка [7][2] = ПУСТОЕ (0%)
2025-08-04 20:19:21.917 11576-12238 ImageProcessor          com.example.myapplication            D  🔍 Ошибочная ячейка [7][3] = ЗАПОЛНЕНО (100%)
2025-08-04 20:19:21.917 11576-12238 ImageProcessor          com.example.myapplication            D  🔍 Ошибочная ячейка [7][4] = ПУСТОЕ (0%)
2025-08-04 20:19:21.917 11576-12238 ImageProcessor          com.example.myapplication            D  🔍 Ошибочная ячейка [8][0] = ПУСТОЕ (0%)
2025-08-04 20:19:21.917 11576-12238 ImageProcessor          com.example.myapplication            D  🔍 Ошибочная ячейка [8][1] = ПУСТОЕ (0%)
2025-08-04 20:19:21.917 11576-12238 ImageProcessor          com.example.myapplication            D  🔍 Ошибочная ячейка [8][2] = ЗАПОЛНЕНО (100%)
2025-08-04 20:19:21.917 11576-12238 ImageProcessor          com.example.myapplication            D  🔍 Ошибочная ячейка [8][3] = ПУСТОЕ (0%)
2025-08-04 20:19:21.917 11576-12238 ImageProcessor          com.example.myapplication            D  🔍 Ошибочная ячейка [8][4] = ПУСТОЕ (0%)
2025-08-04 20:19:21.917 11576-12238 ImageProcessor          com.example.myapplication            D  🔄 Вопрос 0: выбран ответ 2, правильный 0
2025-08-04 20:19:21.917 11576-12238 ImageProcessor          com.example.myapplication            D  🔄 Вопрос 1: выбран ответ 3, правильный 1
2025-08-04 20:19:21.917 11576-12238 ImageProcessor          com.example.myapplication            D  🔄 Вопрос 2: выбран ответ 0, правильный 2
2025-08-04 20:19:21.917 11576-12238 ImageProcessor          com.example.myapplication            D  🔄 Вопрос 3: выбран ответ 2, правильный 3
2025-08-04 20:19:21.917 11576-12238 ImageProcessor          com.example.myapplication            D  🔄 Вопрос 5: выбран ответ 2, правильный 3
2025-08-04 20:19:21.917 11576-12238 ImageProcessor          com.example.myapplication            D  🔄 Вопрос 6: выбран ответ 3, правильный 2
2025-08-04 20:19:21.917 11576-12238 ImageProcessor          com.example.myapplication            D  🔄 Вопрос 7: выбран ответ 3, правильный 1
2025-08-04 20:19:21.917 11576-12238 ImageProcessor          com.example.myapplication            D  🔄 Вопрос 8: выбран ответ 2, правильный 0
2025-08-04 20:19:21.919 11576-12238 ImageProcessor          com.example.myapplication            D  ✅ Приоритетная обработка завершена: 2/10 правильных ответов
2025-08-04 20:19:21.919 11576-12238 ImageProcessor          com.example.myapplication            D  📊 Эталонных ячеек: 10, вопросов с ошибками: 8
2025-08-04 20:19:21.919 11576-12238 ImageProcessor          com.example.myapplication            D  📊 Размеры массивов: selectedAnswers=10, grading=10, correctAnswers=10
2025-08-04 20:19:21.919 11576-12238 ImageProcessor          com.example.myapplication            D  📊 selectedAnswers: [2, 3, 0, 2, 4, 2, 3, 3, 2, 1]
2025-08-04 20:19:21.919 11576-12238 ImageProcessor          com.example.myapplication            D  📊 grading: [0, 0, 0, 0, 1, 0, 0, 0, 0, 1]
2025-08-04 20:19:21.923 11576-12238 BatchActivity           com.example.myapplication            D  📊 Обработка результатов: detectedAnswers.size=10, currentQuestions=10, correctAnswers.size=10
2025-08-04 20:19:21.923 11576-12238 BatchActivity           com.example.myapplication            D  🎯 Расчет оценки: процент=20%, тип=PERCENTAGE, результат=2
2025-08-04 20:19:21.923 11576-12238 BatchActivity           com.example.myapplication            D  📊 Результаты обработки: 2/10 = 20,0%, оценка: 2
2025-08-04 20:19:21.923 11576-11576 BatchActivity           com.example.myapplication            D  📝 Добавляем результат: 1000002174.jpg, правильных: 2/10
2025-08-04 20:19:21.924 11576-11576 BatchResultsAdapter     com.example.myapplication            D  📊 getItemCount: 9
2025-08-04 20:19:21.924 11576-11576 BatchResultsAdapter     com.example.myapplication            D  📊 getItemCount: 9
2025-08-04 20:19:21.924 11576-11576 BatchActivity           com.example.myapplication            D  📊 Всего результатов в адаптере: 9
2025-08-04 20:19:21.924 11576-11576 BatchActivity           com.example.myapplication            D  📏 Высота RecyclerView: 4979
2025-08-04 20:19:21.926 11576-11576 BatchResultsAdapter     com.example.myapplication            D  📊 getItemCount: 9
2025-08-04 20:19:21.926 11576-11576 BatchResultsAdapter     com.example.myapplication            D  📊 getItemCount: 9
2025-08-04 20:19:21.927 11576-11576 BatchResultsAdapter     com.example.myapplication            D  📊 getItemCount: 9
2025-08-04 20:19:21.927 11576-11576 BatchResultsAdapter     com.example.myapplication            D  🔗 Привязываем элемент 0: 1000002182.jpg
2025-08-04 20:19:21.930 11576-11576 BatchResultsAdapter     com.example.myapplication            D  📊 getItemCount: 9
2025-08-04 20:19:21.930 11576-11576 BatchResultsAdapter     com.example.myapplication            D  🔗 Привязываем элемент 1: 1000002181.jpg
2025-08-04 20:19:21.934 11576-11576 BatchResultsAdapter     com.example.myapplication            D  📊 getItemCount: 9
2025-08-04 20:19:21.934 11576-11576 BatchResultsAdapter     com.example.myapplication            D  🔗 Привязываем элемент 2: 1000002180.jpg
2025-08-04 20:19:21.936 11576-11576 BatchResultsAdapter     com.example.myapplication            D  📊 getItemCount: 9
2025-08-04 20:19:21.936 11576-11576 BatchResultsAdapter     com.example.myapplication            D  🔗 Привязываем элемент 3: 1000002179.jpg
2025-08-04 20:19:21.942 11576-11576 BatchResultsAdapter     com.example.myapplication            D  📊 getItemCount: 9
2025-08-04 20:19:21.942 11576-11576 BatchResultsAdapter     com.example.myapplication            D  🔗 Привязываем элемент 4: 1000002178.jpg
2025-08-04 20:19:21.944 11576-11576 BatchResultsAdapter     com.example.myapplication            D  📊 getItemCount: 9
2025-08-04 20:19:21.956 11576-11576 BatchResultsAdapter     com.example.myapplication            D  🔗 Привязываем элемент 5: 1000002177.jpg
2025-08-04 20:19:21.959 11576-11576 BatchResultsAdapter     com.example.myapplication            D  📊 getItemCount: 9
2025-08-04 20:19:21.970 11576-11576 BatchResultsAdapter     com.example.myapplication            D  🔗 Привязываем элемент 6: 1000002176.jpg
2025-08-04 20:19:21.975 11576-12238 skia                    com.example.myapplication            D  SkJpegCodec::onGetPixels + (3000, 4000)
2025-08-04 20:19:21.975 11576-12238 skia                    com.example.myapplication            D  stream rewind not support
2025-08-04 20:19:21.977 11576-11576 BatchResultsAdapter     com.example.myapplication            D  📊 getItemCount: 9
2025-08-04 20:19:21.987 11576-11576 BatchResultsAdapter     com.example.myapplication            D  🔗 Привязываем элемент 7: 1000002175.jpg
2025-08-04 20:19:21.991 11576-11576 BatchResultsAdapter     com.example.myapplication            D  📊 getItemCount: 9
2025-08-04 20:19:22.002 11576-11576 BatchResultsAdapter     com.example.myapplication            D  🔗 Привязываем элемент 8: 1000002174.jpg
2025-08-04 20:19:22.006 11576-11576 oplus.andr...actoryImpl com.example.myapplication            I  get feature:IOplusDynamicVsyncFeature
2025-08-04 20:19:22.006 11576-11576 oplus.andr...actoryImpl com.example.myapplication            I  get feature:IOplusDynamicVsyncFeature
2025-08-04 20:19:22.006 11576-11576 oplus.andr...actoryImpl com.example.myapplication            I  get feature:IOplusDynamicVsyncFeature
2025-08-04 20:19:22.007 11576-11576 OplusViewDebugManager   com.example.myapplication            D  OplusViewDebugManager Constructor android.view.debug.OplusViewDebugManager@6dcd42b [mHasViewDebugProperty true] [mHasMsgDebugProperty false] [DEBUG false] [EXTRAINFOENABLE false] [LIGHT_OS true]
2025-08-04 20:19:22.007 11576-11576 OplusViewDebugManager   com.example.myapplication            D  OplusViewDebugManager Constructor android.view.debug.OplusViewDebugManager@8eda088 [mHasViewDebugProperty true] [mHasMsgDebugProperty false] [DEBUG false] [EXTRAINFOENABLE false] [LIGHT_OS true]
2025-08-04 20:19:22.007 11576-11576 BatchResultsAdapter     com.example.myapplication            D  📊 getItemCount: 9
2025-08-04 20:19:22.008 11576-11576 BatchResultsAdapter     com.example.myapplication            D  📊 getItemCount: 9
2025-08-04 20:19:22.008 11576-11576 BatchResultsAdapter     com.example.myapplication            D  📊 getItemCount: 9
2025-08-04 20:19:22.008 11576-11576 BatchResultsAdapter     com.example.myapplication            D  📊 getItemCount: 9
2025-08-04 20:19:22.008 11576-11576 BatchResultsAdapter     com.example.myapplication            D  📊 getItemCount: 9
2025-08-04 20:19:22.008 11576-11576 BatchResultsAdapter     com.example.myapplication            D  📊 getItemCount: 9
2025-08-04 20:19:22.008 11576-11576 BatchResultsAdapter     com.example.myapplication            D  📊 getItemCount: 9
2025-08-04 20:19:22.009 11576-11576 BatchResultsAdapter     com.example.myapplication            D  📊 getItemCount: 9
2025-08-04 20:19:22.009 11576-11576 BatchResultsAdapter     com.example.myapplication            D  📊 getItemCount: 9
2025-08-04 20:19:22.009 11576-11576 BatchResultsAdapter     com.example.myapplication            D  📊 getItemCount: 9
2025-08-04 20:19:22.009 11576-11576 BatchResultsAdapter     com.example.myapplication            D  📊 getItemCount: 9
2025-08-04 20:19:22.009 11576-11576 BatchResultsAdapter     com.example.myapplication            D  📊 getItemCount: 9
2025-08-04 20:19:22.010 11576-11576 BatchResultsAdapter     com.example.myapplication            D  📊 getItemCount: 9
2025-08-04 20:19:22.010 11576-11576 BatchResultsAdapter     com.example.myapplication            D  📊 getItemCount: 9
2025-08-04 20:19:22.010 11576-11576 BatchResultsAdapter     com.example.myapplication            D  📊 getItemCount: 9
2025-08-04 20:19:22.010 11576-11576 BatchResultsAdapter     com.example.myapplication            D  📊 getItemCount: 9
2025-08-04 20:19:22.010 11576-11576 BatchResultsAdapter     com.example.myapplication            D  📊 getItemCount: 9
2025-08-04 20:19:22.010 11576-11576 BatchResultsAdapter     com.example.myapplication            D  📊 getItemCount: 9
2025-08-04 20:19:22.010 11576-11576 BatchResultsAdapter     com.example.myapplication            D  📊 getItemCount: 9
2025-08-04 20:19:22.010 11576-11576 BatchResultsAdapter     com.example.myapplication            D  📊 getItemCount: 9
2025-08-04 20:19:22.011 11576-11576 BatchResultsAdapter     com.example.myapplication            D  📊 getItemCount: 9
2025-08-04 20:19:22.136 11576-12238 skia                    com.example.myapplication            D  SkJpegCodec::onGetPixels -
2025-08-04 20:19:22.144 11576-12238 ImageProcessor          com.example.myapplication            D  🔍 Начинаем ML обработку кадра: 3000x4000
2025-08-04 20:19:22.144 11576-12238 ImageProcessor          com.example.myapplication            D  🤖 ML модель готова: true
2025-08-04 20:19:22.219 11576-12238 ImageProcessor          com.example.myapplication            D  📊 Найдено контуров: 87
2025-08-04 20:19:22.219 11576-12238 ImageProcessor          com.example.myapplication            D  🔍 Анализируем 87 найденных контуров...
2025-08-04 20:19:22.220 11576-12238 ImageProcessor          com.example.myapplication            D  📐 Контур: площадь=85550.0, углов=4
2025-08-04 20:19:22.220 11576-12238 ImageProcessor          com.example.myapplication            D  ✅ Найден прямоугольный контур площадью: 85550.0
2025-08-04 20:19:22.220 11576-12238 ImageProcessor          com.example.myapplication            D  📐 Контур: площадь=96.5, углов=8
2025-08-04 20:19:22.220 11576-12238 ImageProcessor          com.example.myapplication            D  📐 Контур: площадь=104.0, углов=11
2025-08-04 20:19:22.221 11576-12238 ImageProcessor          com.example.myapplication            D  📐 Контур: площадь=182.5, углов=13
2025-08-04 20:19:22.221 11576-12238 ImageProcessor          com.example.myapplication            D  📐 Контур: площадь=67.0, углов=12
2025-08-04 20:19:22.221 11576-12238 ImageProcessor          com.example.myapplication            D  📐 Контур: площадь=61.5, углов=10
2025-08-04 20:19:22.221 11576-12238 ImageProcessor          com.example.myapplication            D  📐 Контур: площадь=122.5, углов=11
2025-08-04 20:19:22.221 11576-12238 ImageProcessor          com.example.myapplication            D  📐 Контур: площадь=153.0, углов=12
2025-08-04 20:19:22.221 11576-12238 ImageProcessor          com.example.myapplication            D  📐 Контур: площадь=53.5, углов=9
2025-08-04 20:19:22.222 11576-12238 ImageProcessor          com.example.myapplication            D  📐 Контур: площадь=313.5, углов=9
2025-08-04 20:19:22.222 11576-12238 ImageProcessor          com.example.myapplication            D  📐 Контур: площадь=51.0, углов=11
2025-08-04 20:19:22.222 11576-12238 ImageProcessor          com.example.myapplication            D  📐 Контур: площадь=55.0, углов=12
2025-08-04 20:19:22.222 11576-12238 ImageProcessor          com.example.myapplication            D  📐 Контур: площадь=62.5, углов=13
2025-08-04 20:19:22.222 11576-12238 ImageProcessor          com.example.myapplication            D  📐 Контур: площадь=74.5, углов=12
2025-08-04 20:19:22.222 11576-12238 ImageProcessor          com.example.myapplication            D  📐 Контур: площадь=67.5, углов=13
2025-08-04 20:19:22.222 11576-12238 ImageProcessor          com.example.myapplication            D  📐 Контур: площадь=264.0, углов=15
2025-08-04 20:19:22.222 11576-12238 ImageProcessor          com.example.myapplication            D  📐 Контур: площадь=121.0, углов=12
2025-08-04 20:19:22.223 11576-12238 ImageProcessor          com.example.myapplication            D  📐 Контур: площадь=165.0, углов=13
2025-08-04 20:19:22.223 11576-12238 ImageProcessor          com.example.myapplication            D  📐 Контур: площадь=81.0, углов=10
2025-08-04 20:19:22.223 11576-12238 ImageProcessor          com.example.myapplication            D  📐 Контур: площадь=60.0, углов=10
2025-08-04 20:19:22.223 11576-12238 ImageProcessor          com.example.myapplication            D  📐 Контур: площадь=92.0, углов=6
2025-08-04 20:19:22.223 11576-12238 ImageProcessor          com.example.myapplication            D  📐 Контур: площадь=109.5, углов=13
2025-08-04 20:19:22.223 11576-12238 ImageProcessor          com.example.myapplication            D  📐 Контур: площадь=113.0, углов=11
2025-08-04 20:19:22.223 11576-12238 ImageProcessor          com.example.myapplication            D  📐 Контур: площадь=96.5, углов=9
2025-08-04 20:19:22.224 11576-12238 ImageProcessor          com.example.myapplication            D  📐 Контур: площадь=634.0, углов=12
2025-08-04 20:19:22.224 11576-12238 ImageProcessor          com.example.myapplication            D  📐 Контур: площадь=62.5, углов=10
2025-08-04 20:19:22.224 11576-12238 ImageProcessor          com.example.myapplication            D  📐 Контур: площадь=85.5, углов=14
2025-08-04 20:19:22.224 11576-12238 ImageProcessor          com.example.myapplication            D  📐 Контур: площадь=114.0, углов=10
2025-08-04 20:19:22.224 11576-12238 ImageProcessor          com.example.myapplication            D  📐 Контур: площадь=73.0, углов=14
2025-08-04 20:19:22.224 11576-12238 ImageProcessor          com.example.myapplication            D  📐 Контур: площадь=73.5, углов=12
2025-08-04 20:19:22.224 11576-12238 ImageProcessor          com.example.myapplication            D  📐 Контур: площадь=278.0, углов=16
2025-08-04 20:19:22.224 11576-12238 ImageProcessor          com.example.myapplication            D  📐 Контур: площадь=77.0, углов=15
2025-08-04 20:19:22.225 11576-12238 ImageProcessor          com.example.myapplication            D  📐 Контур: площадь=59.0, углов=7
2025-08-04 20:19:22.225 11576-12238 ImageProcessor          com.example.myapplication            D  📐 Контур: площадь=172.5, углов=12
2025-08-04 20:19:22.225 11576-12238 ImageProcessor          com.example.myapplication            D  📐 Контур: площадь=174.5, углов=10
2025-08-04 20:19:22.225 11576-12238 ImageProcessor          com.example.myapplication            D  📐 Контур: площадь=72.5, углов=17
2025-08-04 20:19:22.225 11576-12238 ImageProcessor          com.example.myapplication            D  📐 Контур: площадь=74.0, углов=13
2025-08-04 20:19:22.226 11576-12238 ImageProcessor          com.example.myapplication            D  📐 Контур: площадь=165.0, углов=13
2025-08-04 20:19:22.226 11576-12238 ImageProcessor          com.example.myapplication            D  📐 Контур: площадь=69.5, углов=7
2025-08-04 20:19:22.227 11576-12238 ImageProcessor          com.example.myapplication            D  📊 Найдено прямоугольных контуров: 1
2025-08-04 20:19:22.227 11576-12238 ImageProcessor          com.example.myapplication            D  🎯 Выбран самый большой контур площадью: 84680.0
2025-08-04 20:19:22.227 11576-12238 ImageProcessor          com.example.myapplication            D  🎯 Контур бланка найден, обрабатываем...
2025-08-04 20:19:22.236 11576-12238 ImageProcessor          com.example.myapplication            D  📋 Приоритетная обработка тестового бланка: 800x800
2025-08-04 20:19:22.238 11576-12238 ImageProcessor          com.example.myapplication            D  🚀 ЭТАП 1: Обрабатываем только эталонные ячейки...
2025-08-04 20:19:22.238 11576-12238 ImageProcessor          com.example.myapplication            D  🎯 Эталонная ячейка [0][0] добавлена в приоритетный батч
2025-08-04 20:19:22.239 11576-12238 ImageProcessor          com.example.myapplication            D  🎯 Эталонная ячейка [1][1] добавлена в приоритетный батч
2025-08-04 20:19:22.239 11576-12238 ImageProcessor          com.example.myapplication            D  🎯 Эталонная ячейка [2][2] добавлена в приоритетный батч
2025-08-04 20:19:22.239 11576-12238 ImageProcessor          com.example.myapplication            D  🎯 Эталонная ячейка [3][3] добавлена в приоритетный батч
2025-08-04 20:19:22.239 11576-12238 ImageProcessor          com.example.myapplication            D  🎯 Эталонная ячейка [4][4] добавлена в приоритетный батч
2025-08-04 20:19:22.239 11576-12238 ImageProcessor          com.example.myapplication            D  🎯 Эталонная ячейка [5][3] добавлена в приоритетный батч
2025-08-04 20:19:22.240 11576-12238 ImageProcessor          com.example.myapplication            D  🎯 Эталонная ячейка [6][2] добавлена в приоритетный батч
2025-08-04 20:19:22.240 11576-12238 ImageProcessor          com.example.myapplication            D  🎯 Эталонная ячейка [7][1] добавлена в приоритетный батч
2025-08-04 20:19:22.240 11576-12238 ImageProcessor          com.example.myapplication            D  🎯 Эталонная ячейка [8][0] добавлена в приоритетный батч
2025-08-04 20:19:22.240 11576-12238 ImageProcessor          com.example.myapplication            D  🎯 Эталонная ячейка [9][1] добавлена в приоритетный батч
2025-08-04 20:19:22.289 11576-11586 System                  com.example.myapplication            W  A resource failed to call close. 
2025-08-04 20:19:23.788 11576-12238 OnnxModel               com.example.myapplication            I  ⚡ Батч-обработка 10 изображений за 1548мс (среднее: 154,8мс на изображение)
2025-08-04 20:19:23.788 11576-12238 ImageProcessor          com.example.myapplication            D  ⚡ Эталонные ячейки обработаны за 1548мс
2025-08-04 20:19:23.789 11576-12238 ImageProcessor          com.example.myapplication            D  ✅ Эталонная ячейка [0][0] = ПУСТОЕ (0%)
2025-08-04 20:19:23.789 11576-12238 ImageProcessor          com.example.myapplication            D  ✅ Эталонная ячейка [1][1] = ЗАПОЛНЕНО (99%)
2025-08-04 20:19:23.789 11576-12238 ImageProcessor          com.example.myapplication            D  ✅ Эталонная ячейка [2][2] = ПУСТОЕ (0%)
2025-08-04 20:19:23.789 11576-12238 ImageProcessor          com.example.myapplication            D  ✅ Эталонная ячейка [3][3] = ЗАПОЛНЕНО (100%)
2025-08-04 20:19:23.789 11576-12238 ImageProcessor          com.example.myapplication            D  ✅ Эталонная ячейка [4][4] = ЗАПОЛНЕНО (100%)
2025-08-04 20:19:23.789 11576-12238 ImageProcessor          com.example.myapplication            D  ✅ Эталонная ячейка [5][3] = ПУСТОЕ (0%)
2025-08-04 20:19:23.789 11576-12238 ImageProcessor          com.example.myapplication            D  ✅ Эталонная ячейка [6][2] = ПУСТОЕ (0%)
2025-08-04 20:19:23.789 11576-12238 ImageProcessor          com.example.myapplication            D  ✅ Эталонная ячейка [7][1] = ПУСТОЕ (0%)
2025-08-04 20:19:23.790 11576-12238 ImageProcessor          com.example.myapplication            D  ✅ Эталонная ячейка [8][0] = ПУСТОЕ (0%)
2025-08-04 20:19:23.790 11576-12238 ImageProcessor          com.example.myapplication            D  ✅ Эталонная ячейка [9][1] = ПУСТОЕ (0%)
2025-08-04 20:19:23.790 11576-12238 ImageProcessor          com.example.myapplication            D  🔍 ЭТАП 2: Проверяем результат эталонных ячеек...
2025-08-04 20:19:23.790 11576-12238 ImageProcessor          com.example.myapplication            D  ❌ Вопрос 0 неправильный - нужна фоновая проверка
2025-08-04 20:19:23.790 11576-12238 ImageProcessor          com.example.myapplication            D  ✅ Вопрос 1 правильный
2025-08-04 20:19:23.790 11576-12238 ImageProcessor          com.example.myapplication            D  ❌ Вопрос 2 неправильный - нужна фоновая проверка
2025-08-04 20:19:23.790 11576-12238 ImageProcessor          com.example.myapplication            D  ✅ Вопрос 3 правильный
2025-08-04 20:19:23.790 11576-12238 ImageProcessor          com.example.myapplication            D  ✅ Вопрос 4 правильный
2025-08-04 20:19:23.790 11576-12238 ImageProcessor          com.example.myapplication            D  ❌ Вопрос 5 неправильный - нужна фоновая проверка
2025-08-04 20:19:23.791 11576-12238 ImageProcessor          com.example.myapplication            D  ❌ Вопрос 6 неправильный - нужна фоновая проверка
2025-08-04 20:19:23.791 11576-12238 ImageProcessor          com.example.myapplication            D  ❌ Вопрос 7 неправильный - нужна фоновая проверка
2025-08-04 20:19:23.791 11576-12238 ImageProcessor          com.example.myapplication            D  ❌ Вопрос 8 неправильный - нужна фоновая проверка
2025-08-04 20:19:23.791 11576-12238 ImageProcessor          com.example.myapplication            D  ❌ Вопрос 9 неправильный - нужна фоновая проверка
2025-08-04 20:19:23.791 11576-12238 ImageProcessor          com.example.myapplication            D  🔄 ЭТАП 3: Фоновая проверка 7 вопросов с ошибками...
2025-08-04 20:19:24.336 11576-11584 e.myapplication         com.example.myapplication            I  Background concurrent mark compact GC freed 11MB AllocSpace bytes, 4(2368KB) LOS objects, 49% free, 13MB/26MB, paused 202us,7.043ms total 66.692ms
2025-08-04 20:19:24.932 11576-11584 e.myapplication         com.example.myapplication            I  Background concurrent mark compact GC freed 11MB AllocSpace bytes, 4(2368KB) LOS objects, 49% free, 13MB/26MB, paused 537us,6.445ms total 60.770ms
2025-08-04 20:19:29.064 11576-12238 OnnxModel               com.example.myapplication            I  ⚡ Батч-обработка 35 изображений за 5261мс (среднее: 150,3мс на изображение)
2025-08-04 20:19:29.064 11576-12238 ImageProcessor          com.example.myapplication            D  ⚡ Ячейки с ошибками обработаны за 5262мс
2025-08-04 20:19:29.064 11576-12238 ImageProcessor          com.example.myapplication            D  🔍 Ошибочная ячейка [0][0] = ПУСТОЕ (0%)
2025-08-04 20:19:29.064 11576-12238 ImageProcessor          com.example.myapplication            D  🔍 Ошибочная ячейка [0][1] = ПУСТОЕ (0%)
2025-08-04 20:19:29.065 11576-12238 ImageProcessor          com.example.myapplication            D  🔍 Ошибочная ячейка [0][2] = ЗАПОЛНЕНО (99%)
2025-08-04 20:19:29.065 11576-12238 ImageProcessor          com.example.myapplication            D  🔍 Ошибочная ячейка [0][3] = ПУСТОЕ (0%)
2025-08-04 20:19:29.065 11576-12238 ImageProcessor          com.example.myapplication            D  🔍 Ошибочная ячейка [0][4] = ПУСТОЕ (0%)
2025-08-04 20:19:29.065 11576-12238 ImageProcessor          com.example.myapplication            D  🔍 Ошибочная ячейка [2][0] = ПУСТОЕ (0%)
2025-08-04 20:19:29.065 11576-12238 ImageProcessor          com.example.myapplication            D  🔍 Ошибочная ячейка [2][1] = ПУСТОЕ (0%)
2025-08-04 20:19:29.065 11576-12238 ImageProcessor          com.example.myapplication            D  🔍 Ошибочная ячейка [2][2] = ПУСТОЕ (0%)
2025-08-04 20:19:29.065 11576-12238 ImageProcessor          com.example.myapplication            D  🔍 Ошибочная ячейка [2][3] = ЗАПОЛНЕНО (99%)
2025-08-04 20:19:29.065 11576-12238 ImageProcessor          com.example.myapplication            D  🔍 Ошибочная ячейка [2][4] = ПУСТОЕ (0%)
2025-08-04 20:19:29.065 11576-12238 ImageProcessor          com.example.myapplication            D  🔍 Ошибочная ячейка [5][0] = ЗАПОЛНЕНО (100%)
2025-08-04 20:19:29.065 11576-12238 ImageProcessor          com.example.myapplication            D  🔍 Ошибочная ячейка [5][1] = ПУСТОЕ (0%)
2025-08-04 20:19:29.065 11576-12238 ImageProcessor          com.example.myapplication            D  🔍 Ошибочная ячейка [5][2] = ПУСТОЕ (0%)
2025-08-04 20:19:29.065 11576-12238 ImageProcessor          com.example.myapplication            D  🔍 Ошибочная ячейка [5][3] = ПУСТОЕ (0%)
2025-08-04 20:19:29.065 11576-12238 ImageProcessor          com.example.myapplication            D  🔍 Ошибочная ячейка [5][4] = ПУСТОЕ (0%)
2025-08-04 20:19:29.065 11576-12238 ImageProcessor          com.example.myapplication            D  🔍 Ошибочная ячейка [6][0] = ЗАПОЛНЕНО (100%)
2025-08-04 20:19:29.065 11576-12238 ImageProcessor          com.example.myapplication            D  🔍 Ошибочная ячейка [6][1] = ПУСТОЕ (0%)
2025-08-04 20:19:29.065 11576-12238 ImageProcessor          com.example.myapplication            D  🔍 Ошибочная ячейка [6][2] = ПУСТОЕ (0%)
2025-08-04 20:19:29.065 11576-12238 ImageProcessor          com.example.myapplication            D  🔍 Ошибочная ячейка [6][3] = ПУСТОЕ (0%)
2025-08-04 20:19:29.065 11576-12238 ImageProcessor          com.example.myapplication            D  🔍 Ошибочная ячейка [6][4] = ПУСТОЕ (0%)
2025-08-04 20:19:29.065 11576-12238 ImageProcessor          com.example.myapplication            D  🔍 Ошибочная ячейка [7][0] = ЗАПОЛНЕНО (100%)
2025-08-04 20:19:29.065 11576-12238 ImageProcessor          com.example.myapplication            D  🔍 Ошибочная ячейка [7][1] = ПУСТОЕ (0%)
2025-08-04 20:19:29.065 11576-12238 ImageProcessor          com.example.myapplication            D  🔍 Ошибочная ячейка [7][2] = ПУСТОЕ (0%)
2025-08-04 20:19:29.065 11576-12238 ImageProcessor          com.example.myapplication            D  🔍 Ошибочная ячейка [7][3] = ПУСТОЕ (0%)
2025-08-04 20:19:29.065 11576-12238 ImageProcessor          com.example.myapplication            D  🔍 Ошибочная ячейка [7][4] = ПУСТОЕ (0%)
2025-08-04 20:19:29.065 11576-12238 ImageProcessor          com.example.myapplication            D  🔍 Ошибочная ячейка [8][0] = ПУСТОЕ (0%)
2025-08-04 20:19:29.065 11576-12238 ImageProcessor          com.example.myapplication            D  🔍 Ошибочная ячейка [8][1] = ЗАПОЛНЕНО (100%)
2025-08-04 20:19:29.065 11576-12238 ImageProcessor          com.example.myapplication            D  🔍 Ошибочная ячейка [8][2] = ПУСТОЕ (0%)
2025-08-04 20:19:29.066 11576-12238 ImageProcessor          com.example.myapplication            D  🔍 Ошибочная ячейка [8][3] = ПУСТОЕ (0%)
2025-08-04 20:19:29.066 11576-12238 ImageProcessor          com.example.myapplication            D  🔍 Ошибочная ячейка [8][4] = ПУСТОЕ (0%)
2025-08-04 20:19:29.066 11576-12238 ImageProcessor          com.example.myapplication            D  🔍 Ошибочная ячейка [9][0] = ЗАПОЛНЕНО (100%)
2025-08-04 20:19:29.066 11576-12238 ImageProcessor          com.example.myapplication            D  🔍 Ошибочная ячейка [9][1] = ПУСТОЕ (0%)
2025-08-04 20:19:29.066 11576-12238 ImageProcessor          com.example.myapplication            D  🔍 Ошибочная ячейка [9][2] = ПУСТОЕ (0%)
2025-08-04 20:19:29.066 11576-12238 ImageProcessor          com.example.myapplication            D  🔍 Ошибочная ячейка [9][3] = ПУСТОЕ (0%)
2025-08-04 20:19:29.066 11576-12238 ImageProcessor          com.example.myapplication            D  🔍 Ошибочная ячейка [9][4] = ПУСТОЕ (0%)
2025-08-04 20:19:29.066 11576-12238 ImageProcessor          com.example.myapplication            D  🔄 Вопрос 0: выбран ответ 2, правильный 0
2025-08-04 20:19:29.066 11576-12238 ImageProcessor          com.example.myapplication            D  🔄 Вопрос 2: выбран ответ 3, правильный 2
2025-08-04 20:19:29.066 11576-12238 ImageProcessor          com.example.myapplication            D  🔄 Вопрос 5: выбран ответ 0, правильный 3
2025-08-04 20:19:29.066 11576-12238 ImageProcessor          com.example.myapplication            D  🔄 Вопрос 6: выбран ответ 0, правильный 2
2025-08-04 20:19:29.066 11576-12238 ImageProcessor          com.example.myapplication            D  🔄 Вопрос 7: выбран ответ 0, правильный 1
2025-08-04 20:19:29.066 11576-12238 ImageProcessor          com.example.myapplication            D  🔄 Вопрос 8: выбран ответ 1, правильный 0
2025-08-04 20:19:29.066 11576-12238 ImageProcessor          com.example.myapplication            D  🔄 Вопрос 9: выбран ответ 0, правильный 1
2025-08-04 20:19:29.067 11576-12238 ImageProcessor          com.example.myapplication            D  ✅ Приоритетная обработка завершена: 3/10 правильных ответов
2025-08-04 20:19:29.067 11576-12238 ImageProcessor          com.example.myapplication            D  📊 Эталонных ячеек: 10, вопросов с ошибками: 7
2025-08-04 20:19:29.067 11576-12238 ImageProcessor          com.example.myapplication            D  📊 Размеры массивов: selectedAnswers=10, grading=10, correctAnswers=10
2025-08-04 20:19:29.067 11576-12238 ImageProcessor          com.example.myapplication            D  📊 selectedAnswers: [2, 1, 3, 3, 4, 0, 0, 0, 1, 0]
2025-08-04 20:19:29.067 11576-12238 ImageProcessor          com.example.myapplication            D  📊 grading: [0, 1, 0, 1, 1, 0, 0, 0, 0, 0]
2025-08-04 20:19:29.071 11576-12238 BatchActivity           com.example.myapplication            D  📊 Обработка результатов: detectedAnswers.size=10, currentQuestions=10, correctAnswers.size=10
2025-08-04 20:19:29.071 11576-12238 BatchActivity           com.example.myapplication            D  🎯 Расчет оценки: процент=30%, тип=PERCENTAGE, результат=2
2025-08-04 20:19:29.071 11576-12238 BatchActivity           com.example.myapplication            D  📊 Результаты обработки: 3/10 = 30,0%, оценка: 2
2025-08-04 20:19:29.071 11576-11576 BatchActivity           com.example.myapplication            D  📝 Добавляем результат: 1000002173.jpg, правильных: 3/10
2025-08-04 20:19:29.072 11576-11576 BatchResultsAdapter     com.example.myapplication            D  📊 getItemCount: 10
2025-08-04 20:19:29.072 11576-11576 BatchResultsAdapter     com.example.myapplication            D  📊 getItemCount: 10
2025-08-04 20:19:29.072 11576-11576 BatchActivity           com.example.myapplication            D  📊 Всего результатов в адаптере: 10
2025-08-04 20:19:29.072 11576-11576 BatchActivity           com.example.myapplication            D  📏 Высота RecyclerView: 5716
2025-08-04 20:19:29.084 11576-11576 BatchResultsAdapter     com.example.myapplication            D  📊 getItemCount: 10
2025-08-04 20:19:29.084 11576-11576 BatchResultsAdapter     com.example.myapplication            D  📊 getItemCount: 10
2025-08-04 20:19:29.086 11576-11576 BatchResultsAdapter     com.example.myapplication            D  📊 getItemCount: 10
2025-08-04 20:19:29.086 11576-11576 BatchResultsAdapter     com.example.myapplication            D  🔗 Привязываем элемент 0: 1000002182.jpg
2025-08-04 20:19:29.089 11576-11576 BatchResultsAdapter     com.example.myapplication            D  📊 getItemCount: 10
2025-08-04 20:19:29.089 11576-11576 BatchResultsAdapter     com.example.myapplication            D  🔗 Привязываем элемент 1: 1000002181.jpg
2025-08-04 20:19:29.092 11576-11576 BatchResultsAdapter     com.example.myapplication            D  📊 getItemCount: 10
2025-08-04 20:19:29.092 11576-11576 BatchResultsAdapter     com.example.myapplication            D  🔗 Привязываем элемент 2: 1000002180.jpg
2025-08-04 20:19:29.094 11576-11576 BatchResultsAdapter     com.example.myapplication            D  📊 getItemCount: 10
2025-08-04 20:19:29.094 11576-11576 BatchResultsAdapter     com.example.myapplication            D  🔗 Привязываем элемент 3: 1000002179.jpg
2025-08-04 20:19:29.097 11576-11576 BatchResultsAdapter     com.example.myapplication            D  📊 getItemCount: 10
2025-08-04 20:19:29.097 11576-11576 BatchResultsAdapter     com.example.myapplication            D  🔗 Привязываем элемент 4: 1000002178.jpg
2025-08-04 20:19:29.099 11576-11576 BatchResultsAdapter     com.example.myapplication            D  📊 getItemCount: 10
2025-08-04 20:19:29.111 11576-11576 BatchResultsAdapter     com.example.myapplication            D  🔗 Привязываем элемент 5: 1000002177.jpg
2025-08-04 20:19:29.114 11576-11576 BatchResultsAdapter     com.example.myapplication            D  📊 getItemCount: 10
2025-08-04 20:19:29.119 11576-12238 skia                    com.example.myapplication            D  SkJpegCodec::onGetPixels + (3000, 4000)
2025-08-04 20:19:29.119 11576-12238 skia                    com.example.myapplication            D  stream rewind not support
2025-08-04 20:19:29.127 11576-11576 BatchResultsAdapter     com.example.myapplication            D  🔗 Привязываем элемент 6: 1000002176.jpg
2025-08-04 20:19:29.130 11576-11576 BatchResultsAdapter     com.example.myapplication            D  📊 getItemCount: 10
2025-08-04 20:19:29.140 11576-11576 BatchResultsAdapter     com.example.myapplication            D  🔗 Привязываем элемент 7: 1000002175.jpg
2025-08-04 20:19:29.143 11576-11576 BatchResultsAdapter     com.example.myapplication            D  📊 getItemCount: 10
2025-08-04 20:19:29.153 11576-11576 BatchResultsAdapter     com.example.myapplication            D  🔗 Привязываем элемент 8: 1000002174.jpg
2025-08-04 20:19:29.156 11576-11576 BatchResultsAdapter     com.example.myapplication            D  📊 getItemCount: 10
2025-08-04 20:19:29.169 11576-11576 BatchResultsAdapter     com.example.myapplication            D  🔗 Привязываем элемент 9: 1000002173.jpg
2025-08-04 20:19:29.172 11576-11576 oplus.andr...actoryImpl com.example.myapplication            I  get feature:IOplusDynamicVsyncFeature
2025-08-04 20:19:29.172 11576-11576 oplus.andr...actoryImpl com.example.myapplication            I  get feature:IOplusDynamicVsyncFeature
2025-08-04 20:19:29.172 11576-11576 oplus.andr...actoryImpl com.example.myapplication            I  get feature:IOplusDynamicVsyncFeature
2025-08-04 20:19:29.173 11576-11576 OplusViewDebugManager   com.example.myapplication            D  OplusViewDebugManager Constructor android.view.debug.OplusViewDebugManager@870036b [mHasViewDebugProperty true] [mHasMsgDebugProperty false] [DEBUG false] [EXTRAINFOENABLE false] [LIGHT_OS true]
2025-08-04 20:19:29.173 11576-11576 OplusViewDebugManager   com.example.myapplication            D  OplusViewDebugManager Constructor android.view.debug.OplusViewDebugManager@87e3ec8 [mHasViewDebugProperty true] [mHasMsgDebugProperty false] [DEBUG false] [EXTRAINFOENABLE false] [LIGHT_OS true]
2025-08-04 20:19:29.173 11576-11576 BatchResultsAdapter     com.example.myapplication            D  📊 getItemCount: 10
2025-08-04 20:19:29.173 11576-11576 BatchResultsAdapter     com.example.myapplication            D  📊 getItemCount: 10
2025-08-04 20:19:29.174 11576-11576 BatchResultsAdapter     com.example.myapplication            D  📊 getItemCount: 10
2025-08-04 20:19:29.174 11576-11576 BatchResultsAdapter     com.example.myapplication            D  📊 getItemCount: 10
2025-08-04 20:19:29.174 11576-11576 BatchResultsAdapter     com.example.myapplication            D  📊 getItemCount: 10
2025-08-04 20:19:29.174 11576-11576 BatchResultsAdapter     com.example.myapplication            D  📊 getItemCount: 10
2025-08-04 20:19:29.174 11576-11576 BatchResultsAdapter     com.example.myapplication            D  📊 getItemCount: 10
2025-08-04 20:19:29.174 11576-11576 BatchResultsAdapter     com.example.myapplication            D  📊 getItemCount: 10
2025-08-04 20:19:29.174 11576-11576 BatchResultsAdapter     com.example.myapplication            D  📊 getItemCount: 10
2025-08-04 20:19:29.174 11576-11576 BatchResultsAdapter     com.example.myapplication            D  📊 getItemCount: 10
2025-08-04 20:19:29.175 11576-11576 BatchResultsAdapter     com.example.myapplication            D  📊 getItemCount: 10
2025-08-04 20:19:29.175 11576-11576 BatchResultsAdapter     com.example.myapplication            D  📊 getItemCount: 10
2025-08-04 20:19:29.175 11576-11576 BatchResultsAdapter     com.example.myapplication            D  📊 getItemCount: 10
2025-08-04 20:19:29.175 11576-11576 BatchResultsAdapter     com.example.myapplication            D  📊 getItemCount: 10
2025-08-04 20:19:29.176 11576-11576 BatchResultsAdapter     com.example.myapplication            D  📊 getItemCount: 10
2025-08-04 20:19:29.176 11576-11576 BatchResultsAdapter     com.example.myapplication            D  📊 getItemCount: 10
2025-08-04 20:19:29.176 11576-11576 BatchResultsAdapter     com.example.myapplication            D  📊 getItemCount: 10
2025-08-04 20:19:29.176 11576-11576 BatchResultsAdapter     com.example.myapplication            D  📊 getItemCount: 10
2025-08-04 20:19:29.176 11576-11576 BatchResultsAdapter     com.example.myapplication            D  📊 getItemCount: 10
2025-08-04 20:19:29.176 11576-11576 BatchResultsAdapter     com.example.myapplication            D  📊 getItemCount: 10
2025-08-04 20:19:29.176 11576-11576 BatchResultsAdapter     com.example.myapplication            D  📊 getItemCount: 10
2025-08-04 20:19:29.176 11576-11576 BatchResultsAdapter     com.example.myapplication            D  📊 getItemCount: 10
2025-08-04 20:19:29.176 11576-11576 BatchResultsAdapter     com.example.myapplication            D  📊 getItemCount: 10
2025-08-04 20:19:29.286 11576-12238 skia                    com.example.myapplication            D  SkJpegCodec::onGetPixels -
2025-08-04 20:19:29.291 11576-12238 ImageProcessor          com.example.myapplication            D  🔍 Начинаем ML обработку кадра: 3000x4000
2025-08-04 20:19:29.291 11576-12238 ImageProcessor          com.example.myapplication            D  🤖 ML модель готова: true
2025-08-04 20:19:29.376 11576-12238 ImageProcessor          com.example.myapplication            D  📊 Найдено контуров: 72
2025-08-04 20:19:29.376 11576-12238 ImageProcessor          com.example.myapplication            D  🔍 Анализируем 72 найденных контуров...
2025-08-04 20:19:29.377 11576-12238 ImageProcessor          com.example.myapplication            D  📐 Контур: площадь=97417.5, углов=4
2025-08-04 20:19:29.377 11576-12238 ImageProcessor          com.example.myapplication            D  ✅ Найден прямоугольный контур площадью: 97417.5
2025-08-04 20:19:29.377 11576-12238 ImageProcessor          com.example.myapplication            D  📐 Контур: площадь=73.5, углов=14
2025-08-04 20:19:29.377 11576-12238 ImageProcessor          com.example.myapplication            D  📐 Контур: площадь=52.0, углов=14
2025-08-04 20:19:29.377 11576-12238 ImageProcessor          com.example.myapplication            D  📐 Контур: площадь=225.5, углов=15
2025-08-04 20:19:29.377 11576-12238 ImageProcessor          com.example.myapplication            D  📐 Контур: площадь=113.5, углов=9
2025-08-04 20:19:29.378 11576-12238 ImageProcessor          com.example.myapplication            D  📐 Контур: площадь=65.5, углов=8
2025-08-04 20:19:29.378 11576-12238 ImageProcessor          com.example.myapplication            D  📐 Контур: площадь=69.0, углов=10
2025-08-04 20:19:29.378 11576-12238 ImageProcessor          com.example.myapplication            D  📐 Контур: площадь=207.0, углов=10
2025-08-04 20:19:29.378 11576-12238 ImageProcessor          com.example.myapplication            D  📐 Контур: площадь=192.0, углов=14
2025-08-04 20:19:29.378 11576-12238 ImageProcessor          com.example.myapplication            D  📐 Контур: площадь=136.5, углов=10
2025-08-04 20:19:29.378 11576-12238 ImageProcessor          com.example.myapplication            D  📐 Контур: площадь=73.5, углов=13
2025-08-04 20:19:29.378 11576-12238 ImageProcessor          com.example.myapplication            D  📐 Контур: площадь=227.5, углов=14
2025-08-04 20:19:29.379 11576-12238 ImageProcessor          com.example.myapplication            D  📐 Контур: площадь=236.0, углов=15
2025-08-04 20:19:29.379 11576-12238 ImageProcessor          com.example.myapplication            D  📐 Контур: площадь=196.5, углов=10
2025-08-04 20:19:29.379 11576-12238 ImageProcessor          com.example.myapplication            D  📐 Контур: площадь=91.0, углов=10
2025-08-04 20:19:29.379 11576-12238 ImageProcessor          com.example.myapplication            D  📐 Контур: площадь=93.5, углов=7
2025-08-04 20:19:29.379 11576-12238 ImageProcessor          com.example.myapplication            D  📐 Контур: площадь=75.0, углов=10
2025-08-04 20:19:29.379 11576-12238 ImageProcessor          com.example.myapplication            D  📐 Контур: площадь=120.5, углов=10
2025-08-04 20:19:29.379 11576-12238 ImageProcessor          com.example.myapplication            D  📐 Контур: площадь=566.0, углов=10
2025-08-04 20:19:29.380 11576-12238 ImageProcessor          com.example.myapplication            D  📐 Контур: площадь=58.0, углов=14
2025-08-04 20:19:29.380 11576-12238 ImageProcessor          com.example.myapplication            D  📐 Контур: площадь=56.5, углов=14
2025-08-04 20:19:29.380 11576-12238 ImageProcessor          com.example.myapplication            D  📐 Контур: площадь=765.5, углов=13
2025-08-04 20:19:29.380 11576-12238 ImageProcessor          com.example.myapplication            D  📐 Контур: площадь=313.5, углов=9
2025-08-04 20:19:29.380 11576-12238 ImageProcessor          com.example.myapplication            D  📐 Контур: площадь=69.0, углов=13
2025-08-04 20:19:29.380 11576-12238 ImageProcessor          com.example.myapplication            D  📐 Контур: площадь=252.5, углов=6
2025-08-04 20:19:29.381 11576-12238 ImageProcessor          com.example.myapplication            D  📐 Контур: площадь=356.5, углов=17
2025-08-04 20:19:29.381 11576-12238 ImageProcessor          com.example.myapplication            D  📐 Контур: площадь=154.0, углов=7
2025-08-04 20:19:29.381 11576-12238 ImageProcessor          com.example.myapplication            D  📐 Контур: площадь=80.5, углов=12
2025-08-04 20:19:29.381 11576-12238 ImageProcessor          com.example.myapplication            D  📐 Контур: площадь=157.5, углов=9
2025-08-04 20:19:29.381 11576-12238 ImageProcessor          com.example.myapplication            D  📐 Контур: площадь=182.5, углов=13
2025-08-04 20:19:29.381 11576-12238 ImageProcessor          com.example.myapplication            D  📐 Контур: площадь=76.5, углов=15
2025-08-04 20:19:29.381 11576-12238 ImageProcessor          com.example.myapplication            D  📐 Контур: площадь=86.5, углов=9
2025-08-04 20:19:29.381 11576-12238 ImageProcessor          com.example.myapplication            D  📐 Контур: площадь=71.5, углов=9
2025-08-04 20:19:29.382 11576-12238 ImageProcessor          com.example.myapplication            D  📐 Контур: площадь=107.5, углов=16
2025-08-04 20:19:29.382 11576-12238 ImageProcessor          com.example.myapplication            D  📐 Контур: площадь=115.0, углов=10
2025-08-04 20:19:29.382 11576-12238 ImageProcessor          com.example.myapplication            D  📐 Контур: площадь=207.5, углов=11
2025-08-04 20:19:29.382 11576-12238 ImageProcessor          com.example.myapplication            D  📐 Контур: площадь=129.0, углов=8
2025-08-04 20:19:29.382 11576-12238 ImageProcessor          com.example.myapplication            D  📐 Контур: площадь=162.5, углов=12
2025-08-04 20:19:29.382 11576-12238 ImageProcessor          com.example.myapplication            D  📐 Контур: площадь=115.5, углов=8
2025-08-04 20:19:29.382 11576-12238 ImageProcessor          com.example.myapplication            D  📐 Контур: площадь=86.0, углов=10
2025-08-04 20:19:29.382 11576-12238 ImageProcessor          com.example.myapplication            D  📊 Найдено прямоугольных контуров: 1
2025-08-04 20:19:29.382 11576-12238 ImageProcessor          com.example.myapplication            D  🎯 Выбран самый большой контур площадью: 95814.0
2025-08-04 20:19:29.382 11576-12238 ImageProcessor          com.example.myapplication            D  🎯 Контур бланка найден, обрабатываем...
2025-08-04 20:19:29.394 11576-12238 ImageProcessor          com.example.myapplication            D  📋 Приоритетная обработка тестового бланка: 800x800
2025-08-04 20:19:29.396 11576-12238 ImageProcessor          com.example.myapplication            D  🚀 ЭТАП 1: Обрабатываем только эталонные ячейки...
2025-08-04 20:19:29.396 11576-12238 ImageProcessor          com.example.myapplication            D  🎯 Эталонная ячейка [0][0] добавлена в приоритетный батч
2025-08-04 20:19:29.397 11576-12238 ImageProcessor          com.example.myapplication            D  🎯 Эталонная ячейка [1][1] добавлена в приоритетный батч
2025-08-04 20:19:29.397 11576-12238 ImageProcessor          com.example.myapplication            D  🎯 Эталонная ячейка [2][2] добавлена в приоритетный батч
2025-08-04 20:19:29.397 11576-12238 ImageProcessor          com.example.myapplication            D  🎯 Эталонная ячейка [3][3] добавлена в приоритетный батч
2025-08-04 20:19:29.397 11576-12238 ImageProcessor          com.example.myapplication            D  🎯 Эталонная ячейка [4][4] добавлена в приоритетный батч
2025-08-04 20:19:29.398 11576-12238 ImageProcessor          com.example.myapplication            D  🎯 Эталонная ячейка [5][3] добавлена в приоритетный батч
2025-08-04 20:19:29.398 11576-12238 ImageProcessor          com.example.myapplication            D  🎯 Эталонная ячейка [6][2] добавлена в приоритетный батч
2025-08-04 20:19:29.398 11576-12238 ImageProcessor          com.example.myapplication            D  🎯 Эталонная ячейка [7][1] добавлена в приоритетный батч
2025-08-04 20:19:29.398 11576-12238 ImageProcessor          com.example.myapplication            D  🎯 Эталонная ячейка [8][0] добавлена в приоритетный батч
2025-08-04 20:19:29.399 11576-12238 ImageProcessor          com.example.myapplication            D  🎯 Эталонная ячейка [9][1] добавлена в приоритетный батч
2025-08-04 20:19:29.449 11576-11586 System                  com.example.myapplication            W  A resource failed to call close. 
2025-08-04 20:19:30.952 11576-12238 OnnxModel               com.example.myapplication            I  ⚡ Батч-обработка 10 изображений за 1552мс (среднее: 155,2мс на изображение)
2025-08-04 20:19:30.952 11576-12238 ImageProcessor          com.example.myapplication            D  ⚡ Эталонные ячейки обработаны за 1553мс
2025-08-04 20:19:30.952 11576-12238 ImageProcessor          com.example.myapplication            D  ✅ Эталонная ячейка [0][0] = ПУСТОЕ (0%)
2025-08-04 20:19:30.952 11576-12238 ImageProcessor          com.example.myapplication            D  ✅ Эталонная ячейка [1][1] = ЗАПОЛНЕНО (100%)
2025-08-04 20:19:30.952 11576-12238 ImageProcessor          com.example.myapplication            D  ✅ Эталонная ячейка [2][2] = ПУСТОЕ (0%)
2025-08-04 20:19:30.952 11576-12238 ImageProcessor          com.example.myapplication            D  ✅ Эталонная ячейка [3][3] = ПУСТОЕ (0%)
2025-08-04 20:19:30.952 11576-12238 ImageProcessor          com.example.myapplication            D  ✅ Эталонная ячейка [4][4] = ПУСТОЕ (0%)
2025-08-04 20:19:30.952 11576-12238 ImageProcessor          com.example.myapplication            D  ✅ Эталонная ячейка [5][3] = ЗАПОЛНЕНО (100%)
2025-08-04 20:19:30.952 11576-12238 ImageProcessor          com.example.myapplication            D  ✅ Эталонная ячейка [6][2] = ПУСТОЕ (0%)
2025-08-04 20:19:30.952 11576-12238 ImageProcessor          com.example.myapplication            D  ✅ Эталонная ячейка [7][1] = ПУСТОЕ (0%)
2025-08-04 20:19:30.953 11576-12238 ImageProcessor          com.example.myapplication            D  ✅ Эталонная ячейка [8][0] = ЗАПОЛНЕНО (100%)
2025-08-04 20:19:30.953 11576-12238 ImageProcessor          com.example.myapplication            D  ✅ Эталонная ячейка [9][1] = ПУСТОЕ (0%)
2025-08-04 20:19:30.953 11576-12238 ImageProcessor          com.example.myapplication            D  🔍 ЭТАП 2: Проверяем результат эталонных ячеек...
2025-08-04 20:19:30.953 11576-12238 ImageProcessor          com.example.myapplication            D  ❌ Вопрос 0 неправильный - нужна фоновая проверка
2025-08-04 20:19:30.953 11576-12238 ImageProcessor          com.example.myapplication            D  ✅ Вопрос 1 правильный
2025-08-04 20:19:30.953 11576-12238 ImageProcessor          com.example.myapplication            D  ❌ Вопрос 2 неправильный - нужна фоновая проверка
2025-08-04 20:19:30.953 11576-12238 ImageProcessor          com.example.myapplication            D  ❌ Вопрос 3 неправильный - нужна фоновая проверка
2025-08-04 20:19:30.954 11576-12238 ImageProcessor          com.example.myapplication            D  ❌ Вопрос 4 неправильный - нужна фоновая проверка
2025-08-04 20:19:30.954 11576-12238 ImageProcessor          com.example.myapplication            D  ✅ Вопрос 5 правильный
2025-08-04 20:19:30.954 11576-12238 ImageProcessor          com.example.myapplication            D  ❌ Вопрос 6 неправильный - нужна фоновая проверка
2025-08-04 20:19:30.954 11576-12238 ImageProcessor          com.example.myapplication            D  ❌ Вопрос 7 неправильный - нужна фоновая проверка
2025-08-04 20:19:30.954 11576-12238 ImageProcessor          com.example.myapplication            D  ✅ Вопрос 8 правильный
2025-08-04 20:19:30.954 11576-12238 ImageProcessor          com.example.myapplication            D  ❌ Вопрос 9 неправильный - нужна фоновая проверка
2025-08-04 20:19:30.954 11576-12238 ImageProcessor          com.example.myapplication            D  🔄 ЭТАП 3: Фоновая проверка 7 вопросов с ошибками...
2025-08-04 20:19:33.162 11576-11584 e.myapplication         com.example.myapplication            I  Background concurrent mark compact GC freed 11MB AllocSpace bytes, 4(2368KB) LOS objects, 49% free, 13MB/26MB, paused 442us,5.491ms total 49.278ms
2025-08-04 20:19:36.240 11576-12238 OnnxModel               com.example.myapplication            I  ⚡ Батч-обработка 35 изображений за 5275мс (среднее: 150,7мс на изображение)
2025-08-04 20:19:36.240 11576-12238 ImageProcessor          com.example.myapplication            D  ⚡ Ячейки с ошибками обработаны за 5276мс
2025-08-04 20:19:36.240 11576-12238 ImageProcessor          com.example.myapplication            D  🔍 Ошибочная ячейка [0][0] = ПУСТОЕ (0%)
2025-08-04 20:19:36.240 11576-12238 ImageProcessor          com.example.myapplication            D  🔍 Ошибочная ячейка [0][1] = ПУСТОЕ (0%)
2025-08-04 20:19:36.240 11576-12238 ImageProcessor          com.example.myapplication            D  🔍 Ошибочная ячейка [0][2] = ЗАПОЛНЕНО (100%)
2025-08-04 20:19:36.240 11576-12238 ImageProcessor          com.example.myapplication            D  🔍 Ошибочная ячейка [0][3] = ПУСТОЕ (0%)
2025-08-04 20:19:36.240 11576-12238 ImageProcessor          com.example.myapplication            D  🔍 Ошибочная ячейка [0][4] = ПУСТОЕ (0%)
2025-08-04 20:19:36.240 11576-12238 ImageProcessor          com.example.myapplication            D  🔍 Ошибочная ячейка [2][0] = ПУСТОЕ (0%)
2025-08-04 20:19:36.240 11576-12238 ImageProcessor          com.example.myapplication            D  🔍 Ошибочная ячейка [2][1] = ЗАПОЛНЕНО (100%)
2025-08-04 20:19:36.240 11576-12238 ImageProcessor          com.example.myapplication            D  🔍 Ошибочная ячейка [2][2] = ПУСТОЕ (0%)
2025-08-04 20:19:36.240 11576-12238 ImageProcessor          com.example.myapplication            D  🔍 Ошибочная ячейка [2][3] = ПУСТОЕ (0%)
2025-08-04 20:19:36.241 11576-12238 ImageProcessor          com.example.myapplication            D  🔍 Ошибочная ячейка [2][4] = ПУСТОЕ (0%)
2025-08-04 20:19:36.241 11576-12238 ImageProcessor          com.example.myapplication            D  🔍 Ошибочная ячейка [3][0] = ПУСТОЕ (0%)
2025-08-04 20:19:36.241 11576-12238 ImageProcessor          com.example.myapplication            D  🔍 Ошибочная ячейка [3][1] = ПУСТОЕ (0%)
2025-08-04 20:19:36.241 11576-12238 ImageProcessor          com.example.myapplication            D  🔍 Ошибочная ячейка [3][2] = ЗАПОЛНЕНО (100%)
2025-08-04 20:19:36.241 11576-12238 ImageProcessor          com.example.myapplication            D  🔍 Ошибочная ячейка [3][3] = ПУСТОЕ (0%)
2025-08-04 20:19:36.241 11576-12238 ImageProcessor          com.example.myapplication            D  🔍 Ошибочная ячейка [3][4] = ПУСТОЕ (0%)
2025-08-04 20:19:36.241 11576-12238 ImageProcessor          com.example.myapplication            D  🔍 Ошибочная ячейка [4][0] = ПУСТОЕ (0%)
2025-08-04 20:19:36.241 11576-12238 ImageProcessor          com.example.myapplication            D  🔍 Ошибочная ячейка [4][1] = ПУСТОЕ (0%)
2025-08-04 20:19:36.241 11576-12238 ImageProcessor          com.example.myapplication            D  🔍 Ошибочная ячейка [4][2] = ЗАПОЛНЕНО (100%)
2025-08-04 20:19:36.241 11576-12238 ImageProcessor          com.example.myapplication            D  🔍 Ошибочная ячейка [4][3] = ПУСТОЕ (0%)
2025-08-04 20:19:36.241 11576-12238 ImageProcessor          com.example.myapplication            D  🔍 Ошибочная ячейка [4][4] = ПУСТОЕ (0%)
2025-08-04 20:19:36.241 11576-12238 ImageProcessor          com.example.myapplication            D  🔍 Ошибочная ячейка [6][0] = ПУСТОЕ (0%)
2025-08-04 20:19:36.241 11576-12238 ImageProcessor          com.example.myapplication            D  🔍 Ошибочная ячейка [6][1] = ПУСТОЕ (0%)
2025-08-04 20:19:36.242 11576-12238 ImageProcessor          com.example.myapplication            D  🔍 Ошибочная ячейка [6][2] = ПУСТОЕ (0%)
2025-08-04 20:19:36.242 11576-12238 ImageProcessor          com.example.myapplication            D  🔍 Ошибочная ячейка [6][3] = ЗАПОЛНЕНО (100%)
2025-08-04 20:19:36.242 11576-12238 ImageProcessor          com.example.myapplication            D  🔍 Ошибочная ячейка [6][4] = ПУСТОЕ (0%)
2025-08-04 20:19:36.242 11576-12238 ImageProcessor          com.example.myapplication            D  🔍 Ошибочная ячейка [7][0] = ЗАПОЛНЕНО (99%)
2025-08-04 20:19:36.242 11576-12238 ImageProcessor          com.example.myapplication            D  🔍 Ошибочная ячейка [7][1] = ПУСТОЕ (0%)
2025-08-04 20:19:36.242 11576-12238 ImageProcessor          com.example.myapplication            D  🔍 Ошибочная ячейка [7][2] = ПУСТОЕ (0%)
2025-08-04 20:19:36.242 11576-12238 ImageProcessor          com.example.myapplication            D  🔍 Ошибочная ячейка [7][3] = ПУСТОЕ (0%)
2025-08-04 20:19:36.242 11576-12238 ImageProcessor          com.example.myapplication            D  🔍 Ошибочная ячейка [7][4] = ПУСТОЕ (0%)
2025-08-04 20:19:36.243 11576-12238 ImageProcessor          com.example.myapplication            D  🔍 Ошибочная ячейка [9][0] = ПУСТОЕ (0%)
2025-08-04 20:19:36.243 11576-12238 ImageProcessor          com.example.myapplication            D  🔍 Ошибочная ячейка [9][1] = ПУСТОЕ (0%)
2025-08-04 20:19:36.243 11576-12238 ImageProcessor          com.example.myapplication            D  🔍 Ошибочная ячейка [9][2] = ЗАПОЛНЕНО (100%)
2025-08-04 20:19:36.243 11576-12238 ImageProcessor          com.example.myapplication            D  🔍 Ошибочная ячейка [9][3] = ПУСТОЕ (0%)
2025-08-04 20:19:36.243 11576-12238 ImageProcessor          com.example.myapplication            D  🔍 Ошибочная ячейка [9][4] = ПУСТОЕ (0%)
2025-08-04 20:19:36.243 11576-12238 ImageProcessor          com.example.myapplication            D  🔄 Вопрос 0: выбран ответ 2, правильный 0
2025-08-04 20:19:36.243 11576-12238 ImageProcessor          com.example.myapplication            D  🔄 Вопрос 2: выбран ответ 1, правильный 2
2025-08-04 20:19:36.243 11576-12238 ImageProcessor          com.example.myapplication            D  🔄 Вопрос 3: выбран ответ 2, правильный 3
2025-08-04 20:19:36.243 11576-12238 ImageProcessor          com.example.myapplication            D  🔄 Вопрос 4: выбран ответ 2, правильный 4
2025-08-04 20:19:36.243 11576-12238 ImageProcessor          com.example.myapplication            D  🔄 Вопрос 6: выбран ответ 3, правильный 2
2025-08-04 20:19:36.244 11576-12238 ImageProcessor          com.example.myapplication            D  🔄 Вопрос 7: выбран ответ 0, правильный 1
2025-08-04 20:19:36.244 11576-12238 ImageProcessor          com.example.myapplication            D  🔄 Вопрос 9: выбран ответ 2, правильный 1
2025-08-04 20:19:36.246 11576-12238 ImageProcessor          com.example.myapplication            D  ✅ Приоритетная обработка завершена: 3/10 правильных ответов
2025-08-04 20:19:36.246 11576-12238 ImageProcessor          com.example.myapplication            D  📊 Эталонных ячеек: 10, вопросов с ошибками: 7
2025-08-04 20:19:36.246 11576-12238 ImageProcessor          com.example.myapplication            D  📊 Размеры массивов: selectedAnswers=10, grading=10, correctAnswers=10
2025-08-04 20:19:36.246 11576-12238 ImageProcessor          com.example.myapplication            D  📊 selectedAnswers: [2, 1, 1, 2, 2, 3, 3, 0, 0, 2]
2025-08-04 20:19:36.247 11576-12238 ImageProcessor          com.example.myapplication            D  📊 grading: [0, 1, 0, 0, 0, 1, 0, 0, 1, 0]
2025-08-04 20:19:36.253 11576-12238 BatchActivity           com.example.myapplication            D  📊 Обработка результатов: detectedAnswers.size=10, currentQuestions=10, correctAnswers.size=10
2025-08-04 20:19:36.253 11576-12238 BatchActivity           com.example.myapplication            D  🎯 Расчет оценки: процент=30%, тип=PERCENTAGE, результат=2
2025-08-04 20:19:36.253 11576-12238 BatchActivity           com.example.myapplication            D  📊 Результаты обработки: 3/10 = 30,0%, оценка: 2
2025-08-04 20:19:36.254 11576-11576 BatchActivity           com.example.myapplication            D  📝 Добавляем результат: 1000002172.jpg, правильных: 3/10
2025-08-04 20:19:36.254 11576-11576 BatchResultsAdapter     com.example.myapplication            D  📊 getItemCount: 11
2025-08-04 20:19:36.254 11576-11576 BatchResultsAdapter     com.example.myapplication            D  📊 getItemCount: 11
2025-08-04 20:19:36.254 11576-11576 BatchActivity           com.example.myapplication            D  📊 Всего результатов в адаптере: 11
2025-08-04 20:19:36.254 11576-11576 BatchActivity           com.example.myapplication            D  📏 Высота RecyclerView: 6411
2025-08-04 20:19:36.262 11576-11576 BatchResultsAdapter     com.example.myapplication            D  📊 getItemCount: 11
2025-08-04 20:19:36.262 11576-11576 BatchResultsAdapter     com.example.myapplication            D  📊 getItemCount: 11
2025-08-04 20:19:36.265 11576-11576 BatchResultsAdapter     com.example.myapplication            D  📊 getItemCount: 11
2025-08-04 20:19:36.265 11576-11576 BatchResultsAdapter     com.example.myapplication            D  🔗 Привязываем элемент 0: 1000002182.jpg
2025-08-04 20:19:36.271 11576-11576 BatchResultsAdapter     com.example.myapplication            D  📊 getItemCount: 11
2025-08-04 20:19:36.272 11576-11576 BatchResultsAdapter     com.example.myapplication            D  🔗 Привязываем элемент 1: 1000002181.jpg
2025-08-04 20:19:36.277 11576-11576 BatchResultsAdapter     com.example.myapplication            D  📊 getItemCount: 11
2025-08-04 20:19:36.277 11576-11576 BatchResultsAdapter     com.example.myapplication            D  🔗 Привязываем элемент 2: 1000002180.jpg
2025-08-04 20:19:36.281 11576-11576 BatchResultsAdapter     com.example.myapplication            D  📊 getItemCount: 11
2025-08-04 20:19:36.281 11576-11576 BatchResultsAdapter     com.example.myapplication            D  🔗 Привязываем элемент 3: 1000002179.jpg
2025-08-04 20:19:36.284 11576-11576 BatchResultsAdapter     com.example.myapplication            D  📊 getItemCount: 11
2025-08-04 20:19:36.284 11576-11576 BatchResultsAdapter     com.example.myapplication            D  🔗 Привязываем элемент 4: 1000002178.jpg
2025-08-04 20:19:36.286 11576-11576 BatchResultsAdapter     com.example.myapplication            D  📊 getItemCount: 11
2025-08-04 20:19:36.298 11576-11576 BatchResultsAdapter     com.example.myapplication            D  🔗 Привязываем элемент 5: 1000002177.jpg
2025-08-04 20:19:36.301 11576-11576 BatchResultsAdapter     com.example.myapplication            D  📊 getItemCount: 11
2025-08-04 20:19:36.312 11576-12238 skia                    com.example.myapplication            D  SkJpegCodec::onGetPixels + (3000, 4000)
2025-08-04 20:19:36.312 11576-12238 skia                    com.example.myapplication            D  stream rewind not support
2025-08-04 20:19:36.315 11576-11576 BatchResultsAdapter     com.example.myapplication            D  🔗 Привязываем элемент 6: 1000002176.jpg
2025-08-04 20:19:36.319 11576-11576 BatchResultsAdapter     com.example.myapplication            D  📊 getItemCount: 11
2025-08-04 20:19:36.329 11576-11576 BatchResultsAdapter     com.example.myapplication            D  🔗 Привязываем элемент 7: 1000002175.jpg
2025-08-04 20:19:36.332 11576-11576 BatchResultsAdapter     com.example.myapplication            D  📊 getItemCount: 11
2025-08-04 20:19:36.342 11576-11576 BatchResultsAdapter     com.example.myapplication            D  🔗 Привязываем элемент 8: 1000002174.jpg
2025-08-04 20:19:36.346 11576-11576 BatchResultsAdapter     com.example.myapplication            D  📊 getItemCount: 11
2025-08-04 20:19:36.355 11576-11576 BatchResultsAdapter     com.example.myapplication            D  🔗 Привязываем элемент 9: 1000002173.jpg
2025-08-04 20:19:36.359 11576-11576 BatchResultsAdapter     com.example.myapplication            D  📊 getItemCount: 11
2025-08-04 20:19:36.369 11576-11576 BatchResultsAdapter     com.example.myapplication            D  🔗 Привязываем элемент 10: 1000002172.jpg
2025-08-04 20:19:36.372 11576-11576 oplus.andr...actoryImpl com.example.myapplication            I  get feature:IOplusDynamicVsyncFeature
2025-08-04 20:19:36.372 11576-11576 oplus.andr...actoryImpl com.example.myapplication            I  get feature:IOplusDynamicVsyncFeature
2025-08-04 20:19:36.372 11576-11576 oplus.andr...actoryImpl com.example.myapplication            I  get feature:IOplusDynamicVsyncFeature
2025-08-04 20:19:36.373 11576-11576 OplusViewDebugManager   com.example.myapplication            D  OplusViewDebugManager Constructor android.view.debug.OplusViewDebugManager@254f8aa [mHasViewDebugProperty true] [mHasMsgDebugProperty false] [DEBUG false] [EXTRAINFOENABLE false] [LIGHT_OS true]
2025-08-04 20:19:36.373 11576-11576 OplusViewDebugManager   com.example.myapplication            D  OplusViewDebugManager Constructor android.view.debug.OplusViewDebugManager@f6ddc9b [mHasViewDebugProperty true] [mHasMsgDebugProperty false] [DEBUG false] [EXTRAINFOENABLE false] [LIGHT_OS true]
2025-08-04 20:19:36.373 11576-11576 BatchResultsAdapter     com.example.myapplication            D  📊 getItemCount: 11
2025-08-04 20:19:36.374 11576-11576 BatchResultsAdapter     com.example.myapplication            D  📊 getItemCount: 11
2025-08-04 20:19:36.374 11576-11576 BatchResultsAdapter     com.example.myapplication            D  📊 getItemCount: 11
2025-08-04 20:19:36.374 11576-11576 BatchResultsAdapter     com.example.myapplication            D  📊 getItemCount: 11
2025-08-04 20:19:36.374 11576-11576 BatchResultsAdapter     com.example.myapplication            D  📊 getItemCount: 11
2025-08-04 20:19:36.374 11576-11576 BatchResultsAdapter     com.example.myapplication            D  📊 getItemCount: 11
2025-08-04 20:19:36.374 11576-11576 BatchResultsAdapter     com.example.myapplication            D  📊 getItemCount: 11
2025-08-04 20:19:36.375 11576-11576 BatchResultsAdapter     com.example.myapplication            D  📊 getItemCount: 11
2025-08-04 20:19:36.375 11576-11576 BatchResultsAdapter     com.example.myapplication            D  📊 getItemCount: 11
2025-08-04 20:19:36.375 11576-11576 BatchResultsAdapter     com.example.myapplication            D  📊 getItemCount: 11
2025-08-04 20:19:36.375 11576-11576 BatchResultsAdapter     com.example.myapplication            D  📊 getItemCount: 11
2025-08-04 20:19:36.375 11576-11576 BatchResultsAdapter     com.example.myapplication            D  📊 getItemCount: 11
2025-08-04 20:19:36.375 11576-11576 BatchResultsAdapter     com.example.myapplication            D  📊 getItemCount: 11
2025-08-04 20:19:36.376 11576-11576 BatchResultsAdapter     com.example.myapplication            D  📊 getItemCount: 11
2025-08-04 20:19:36.376 11576-11576 BatchResultsAdapter     com.example.myapplication            D  📊 getItemCount: 11
2025-08-04 20:19:36.376 11576-11576 BatchResultsAdapter     com.example.myapplication            D  📊 getItemCount: 11
2025-08-04 20:19:36.376 11576-11576 BatchResultsAdapter     com.example.myapplication            D  📊 getItemCount: 11
2025-08-04 20:19:36.376 11576-11576 BatchResultsAdapter     com.example.myapplication            D  📊 getItemCount: 11
2025-08-04 20:19:36.376 11576-11576 BatchResultsAdapter     com.example.myapplication            D  📊 getItemCount: 11
2025-08-04 20:19:36.376 11576-11576 BatchResultsAdapter     com.example.myapplication            D  📊 getItemCount: 11
2025-08-04 20:19:36.376 11576-11576 BatchResultsAdapter     com.example.myapplication            D  📊 getItemCount: 11
2025-08-04 20:19:36.377 11576-11576 BatchResultsAdapter     com.example.myapplication            D  📊 getItemCount: 11
2025-08-04 20:19:36.377 11576-11576 BatchResultsAdapter     com.example.myapplication            D  📊 getItemCount: 11
2025-08-04 20:19:36.377 11576-11576 BatchResultsAdapter     com.example.myapplication            D  📊 getItemCount: 11
2025-08-04 20:19:36.377 11576-11576 BatchResultsAdapter     com.example.myapplication            D  📊 getItemCount: 11
2025-08-04 20:19:36.540 11576-12238 skia                    com.example.myapplication            D  SkJpegCodec::onGetPixels -
2025-08-04 20:19:36.548 11576-12238 ImageProcessor          com.example.myapplication            D  🔍 Начинаем ML обработку кадра: 3000x4000
2025-08-04 20:19:36.548 11576-12238 ImageProcessor          com.example.myapplication            D  🤖 ML модель готова: true
2025-08-04 20:19:36.614 11576-12238 ImageProcessor          com.example.myapplication            D  📊 Найдено контуров: 67
2025-08-04 20:19:36.614 11576-12238 ImageProcessor          com.example.myapplication            D  🔍 Анализируем 67 найденных контуров...
2025-08-04 20:19:36.614 11576-12238 ImageProcessor          com.example.myapplication            D  📐 Контур: площадь=75755.0, углов=4
2025-08-04 20:19:36.614 11576-12238 ImageProcessor          com.example.myapplication            D  ✅ Найден прямоугольный контур площадью: 75755.0
2025-08-04 20:19:36.615 11576-12238 ImageProcessor          com.example.myapplication            D  📐 Контур: площадь=274.0, углов=2
2025-08-04 20:19:36.615 11576-12238 ImageProcessor          com.example.myapplication            D  📐 Контур: площадь=12436.0, углов=3
2025-08-04 20:19:36.615 11576-12238 ImageProcessor          com.example.myapplication            D  📐 Контур: площадь=291.0, углов=11
2025-08-04 20:19:36.615 11576-12238 ImageProcessor          com.example.myapplication            D  📐 Контур: площадь=195.0, углов=18
2025-08-04 20:19:36.615 11576-12238 ImageProcessor          com.example.myapplication            D  📐 Контур: площадь=354.5, углов=14
2025-08-04 20:19:36.615 11576-12238 ImageProcessor          com.example.myapplication            D  📐 Контур: площадь=74.0, углов=8
2025-08-04 20:19:36.616 11576-12238 ImageProcessor          com.example.myapplication            D  📐 Контур: площадь=64.0, углов=11
2025-08-04 20:19:36.616 11576-12238 ImageProcessor          com.example.myapplication            D  📐 Контур: площадь=120.5, углов=14
2025-08-04 20:19:36.616 11576-12238 ImageProcessor          com.example.myapplication            D  📐 Контур: площадь=71.5, углов=8
2025-08-04 20:19:36.616 11576-12238 ImageProcessor          com.example.myapplication            D  📐 Контур: площадь=476.5, углов=11
2025-08-04 20:19:36.616 11576-12238 ImageProcessor          com.example.myapplication            D  📐 Контур: площадь=84.5, углов=11
2025-08-04 20:19:36.616 11576-12238 ImageProcessor          com.example.myapplication            D  📐 Контур: площадь=92.0, углов=7
2025-08-04 20:19:36.616 11576-12238 ImageProcessor          com.example.myapplication            D  📐 Контур: площадь=306.0, углов=15
2025-08-04 20:19:36.617 11576-12238 ImageProcessor          com.example.myapplication            D  📐 Контур: площадь=226.0, углов=8
2025-08-04 20:19:36.617 11576-12238 ImageProcessor          com.example.myapplication            D  📐 Контур: площадь=112.0, углов=11
2025-08-04 20:19:36.617 11576-12238 ImageProcessor          com.example.myapplication            D  📐 Контур: площадь=95.5, углов=13
2025-08-04 20:19:36.617 11576-12238 ImageProcessor          com.example.myapplication            D  📐 Контур: площадь=626.0, углов=5
2025-08-04 20:19:36.617 11576-12238 ImageProcessor          com.example.myapplication            D  📐 Контур: площадь=368.5, углов=15
2025-08-04 20:19:36.618 11576-12238 ImageProcessor          com.example.myapplication            D  📐 Контур: площадь=159.5, углов=11
2025-08-04 20:19:36.618 11576-12238 ImageProcessor          com.example.myapplication            D  📐 Контур: площадь=135.5, углов=12
2025-08-04 20:19:36.618 11576-12238 ImageProcessor          com.example.myapplication            D  📐 Контур: площадь=98.5, углов=9
2025-08-04 20:19:36.618 11576-12238 ImageProcessor          com.example.myapplication            D  📐 Контур: площадь=69.0, углов=8
2025-08-04 20:19:36.618 11576-12238 ImageProcessor          com.example.myapplication            D  📊 Найдено прямоугольных контуров: 1
2025-08-04 20:19:36.618 11576-12238 ImageProcessor          com.example.myapplication            D  🎯 Выбран самый большой контур площадью: 75462.0
2025-08-04 20:19:36.618 11576-12238 ImageProcessor          com.example.myapplication            D  🎯 Контур бланка найден, обрабатываем...
2025-08-04 20:19:36.628 11576-12238 ImageProcessor          com.example.myapplication            D  📋 Приоритетная обработка тестового бланка: 800x800
2025-08-04 20:19:36.630 11576-12238 ImageProcessor          com.example.myapplication            D  🚀 ЭТАП 1: Обрабатываем только эталонные ячейки...
2025-08-04 20:19:36.630 11576-12238 ImageProcessor          com.example.myapplication            D  🎯 Эталонная ячейка [0][0] добавлена в приоритетный батч
2025-08-04 20:19:36.630 11576-12238 ImageProcessor          com.example.myapplication            D  🎯 Эталонная ячейка [1][1] добавлена в приоритетный батч
2025-08-04 20:19:36.631 11576-12238 ImageProcessor          com.example.myapplication            D  🎯 Эталонная ячейка [2][2] добавлена в приоритетный батч
2025-08-04 20:19:36.631 11576-12238 ImageProcessor          com.example.myapplication            D  🎯 Эталонная ячейка [3][3] добавлена в приоритетный батч
2025-08-04 20:19:36.631 11576-12238 ImageProcessor          com.example.myapplication            D  🎯 Эталонная ячейка [4][4] добавлена в приоритетный батч
2025-08-04 20:19:36.631 11576-12238 ImageProcessor          com.example.myapplication            D  🎯 Эталонная ячейка [5][3] добавлена в приоритетный батч
2025-08-04 20:19:36.632 11576-12238 ImageProcessor          com.example.myapplication            D  🎯 Эталонная ячейка [6][2] добавлена в приоритетный батч
2025-08-04 20:19:36.632 11576-12238 ImageProcessor          com.example.myapplication            D  🎯 Эталонная ячейка [7][1] добавлена в приоритетный батч
2025-08-04 20:19:36.632 11576-12238 ImageProcessor          com.example.myapplication            D  🎯 Эталонная ячейка [8][0] добавлена в приоритетный батч
2025-08-04 20:19:36.632 11576-12238 ImageProcessor          com.example.myapplication            D  🎯 Эталонная ячейка [9][1] добавлена в приоритетный батч
2025-08-04 20:19:36.701 11576-11584 e.myapplication         com.example.myapplication            I  NativeAlloc concurrent mark compact GC freed 4268KB AllocSpace bytes, 2(612KB) LOS objects, 49% free, 13MB/26MB, paused 247us,6.800ms total 72.890ms
2025-08-04 20:19:36.707 11576-11586 System                  com.example.myapplication            W  A resource failed to call close. 
2025-08-04 20:19:38.132 11576-12238 OnnxModel               com.example.myapplication            I  ⚡ Батч-обработка 10 изображений за 1499мс (среднее: 149,9мс на изображение)
2025-08-04 20:19:38.132 11576-12238 ImageProcessor          com.example.myapplication            D  ⚡ Эталонные ячейки обработаны за 1500мс
2025-08-04 20:19:38.132 11576-12238 ImageProcessor          com.example.myapplication            D  ✅ Эталонная ячейка [0][0] = ПУСТОЕ (0%)
2025-08-04 20:19:38.132 11576-12238 ImageProcessor          com.example.myapplication            D  ✅ Эталонная ячейка [1][1] = ПУСТОЕ (0%)
2025-08-04 20:19:38.132 11576-12238 ImageProcessor          com.example.myapplication            D  ✅ Эталонная ячейка [2][2] = ПУСТОЕ (0%)
2025-08-04 20:19:38.132 11576-12238 ImageProcessor          com.example.myapplication            D  ✅ Эталонная ячейка [3][3] = ПУСТОЕ (0%)
2025-08-04 20:19:38.132 11576-12238 ImageProcessor          com.example.myapplication            D  ✅ Эталонная ячейка [4][4] = ЗАПОЛНЕНО (100%)
2025-08-04 20:19:38.132 11576-12238 ImageProcessor          com.example.myapplication            D  ✅ Эталонная ячейка [5][3] = ПУСТОЕ (0%)
2025-08-04 20:19:38.132 11576-12238 ImageProcessor          com.example.myapplication            D  ✅ Эталонная ячейка [6][2] = ЗАПОЛНЕНО (100%)
2025-08-04 20:19:38.133 11576-12238 ImageProcessor          com.example.myapplication            D  ✅ Эталонная ячейка [7][1] = ПУСТОЕ (0%)
2025-08-04 20:19:38.133 11576-12238 ImageProcessor          com.example.myapplication            D  ✅ Эталонная ячейка [8][0] = ПУСТОЕ (0%)
2025-08-04 20:19:38.133 11576-12238 ImageProcessor          com.example.myapplication            D  ✅ Эталонная ячейка [9][1] = ЗАПОЛНЕНО (100%)
2025-08-04 20:19:38.133 11576-12238 ImageProcessor          com.example.myapplication            D  🔍 ЭТАП 2: Проверяем результат эталонных ячеек...
2025-08-04 20:19:38.133 11576-12238 ImageProcessor          com.example.myapplication            D  ❌ Вопрос 0 неправильный - нужна фоновая проверка
2025-08-04 20:19:38.133 11576-12238 ImageProcessor          com.example.myapplication            D  ❌ Вопрос 1 неправильный - нужна фоновая проверка
2025-08-04 20:19:38.133 11576-12238 ImageProcessor          com.example.myapplication            D  ❌ Вопрос 2 неправильный - нужна фоновая проверка
2025-08-04 20:19:38.133 11576-12238 ImageProcessor          com.example.myapplication            D  ❌ Вопрос 3 неправильный - нужна фоновая проверка
2025-08-04 20:19:38.133 11576-12238 ImageProcessor          com.example.myapplication            D  ✅ Вопрос 4 правильный
2025-08-04 20:19:38.133 11576-12238 ImageProcessor          com.example.myapplication            D  ❌ Вопрос 5 неправильный - нужна фоновая проверка
2025-08-04 20:19:38.133 11576-12238 ImageProcessor          com.example.myapplication            D  ✅ Вопрос 6 правильный
2025-08-04 20:19:38.133 11576-12238 ImageProcessor          com.example.myapplication            D  ❌ Вопрос 7 неправильный - нужна фоновая проверка
2025-08-04 20:19:38.133 11576-12238 ImageProcessor          com.example.myapplication            D  ❌ Вопрос 8 неправильный - нужна фоновая проверка
2025-08-04 20:19:38.133 11576-12238 ImageProcessor          com.example.myapplication            D  ✅ Вопрос 9 правильный
2025-08-04 20:19:38.133 11576-12238 ImageProcessor          com.example.myapplication            D  🔄 ЭТАП 3: Фоновая проверка 7 вопросов с ошибками...
2025-08-04 20:19:41.646 11576-11584 e.myapplication         com.example.myapplication            I  Background concurrent mark compact GC freed 11MB AllocSpace bytes, 4(2368KB) LOS objects, 49% free, 13MB/26MB, paused 383us,7.771ms total 121.016ms
2025-08-04 20:19:43.430 11576-11584 e.myapplication         com.example.myapplication            I  Background concurrent mark compact GC freed 11MB AllocSpace bytes, 4(2368KB) LOS objects, 49% free, 13MB/26MB, paused 185us,7.653ms total 65.006ms
2025-08-04 20:19:43.491 11576-12238 OnnxModel               com.example.myapplication            I  ⚡ Батч-обработка 35 изображений за 5353мс (среднее: 152,9мс на изображение)
2025-08-04 20:19:43.492 11576-12238 ImageProcessor          com.example.myapplication            D  ⚡ Ячейки с ошибками обработаны за 5354мс
2025-08-04 20:19:43.492 11576-12238 ImageProcessor          com.example.myapplication            D  🔍 Ошибочная ячейка [0][0] = ПУСТОЕ (0%)
2025-08-04 20:19:43.492 11576-12238 ImageProcessor          com.example.myapplication            D  🔍 Ошибочная ячейка [0][1] = ПУСТОЕ (0%)
2025-08-04 20:19:43.492 11576-12238 ImageProcessor          com.example.myapplication            D  🔍 Ошибочная ячейка [0][2] = ЗАПОЛНЕНО (99%)
2025-08-04 20:19:43.492 11576-12238 ImageProcessor          com.example.myapplication            D  🔍 Ошибочная ячейка [0][3] = ПУСТОЕ (0%)
2025-08-04 20:19:43.492 11576-12238 ImageProcessor          com.example.myapplication            D  🔍 Ошибочная ячейка [0][4] = ПУСТОЕ (0%)
2025-08-04 20:19:43.492 11576-12238 ImageProcessor          com.example.myapplication            D  🔍 Ошибочная ячейка [1][0] = ПУСТОЕ (0%)
2025-08-04 20:19:43.492 11576-12238 ImageProcessor          com.example.myapplication            D  🔍 Ошибочная ячейка [1][1] = ПУСТОЕ (0%)
2025-08-04 20:19:43.492 11576-12238 ImageProcessor          com.example.myapplication            D  🔍 Ошибочная ячейка [1][2] = ЗАПОЛНЕНО (99%)
2025-08-04 20:19:43.492 11576-12238 ImageProcessor          com.example.myapplication            D  🔍 Ошибочная ячейка [1][3] = ПУСТОЕ (0%)
2025-08-04 20:19:43.492 11576-12238 ImageProcessor          com.example.myapplication            D  🔍 Ошибочная ячейка [1][4] = ПУСТОЕ (0%)
2025-08-04 20:19:43.492 11576-12238 ImageProcessor          com.example.myapplication            D  🔍 Ошибочная ячейка [2][0] = ПУСТОЕ (0%)
2025-08-04 20:19:43.492 11576-12238 ImageProcessor          com.example.myapplication            D  🔍 Ошибочная ячейка [2][1] = ПУСТОЕ (0%)
2025-08-04 20:19:43.493 11576-12238 ImageProcessor          com.example.myapplication            D  🔍 Ошибочная ячейка [2][2] = ПУСТОЕ (0%)
2025-08-04 20:19:43.493 11576-12238 ImageProcessor          com.example.myapplication            D  🔍 Ошибочная ячейка [2][3] = ЗАПОЛНЕНО (100%)
2025-08-04 20:19:43.493 11576-12238 ImageProcessor          com.example.myapplication            D  🔍 Ошибочная ячейка [2][4] = ПУСТОЕ (0%)
2025-08-04 20:19:43.493 11576-12238 ImageProcessor          com.example.myapplication            D  🔍 Ошибочная ячейка [3][0] = ПУСТОЕ (0%)
2025-08-04 20:19:43.493 11576-12238 ImageProcessor          com.example.myapplication            D  🔍 Ошибочная ячейка [3][1] = ЗАПОЛНЕНО (100%)
2025-08-04 20:19:43.493 11576-12238 ImageProcessor          com.example.myapplication            D  🔍 Ошибочная ячейка [3][2] = ПУСТОЕ (0%)
2025-08-04 20:19:43.494 11576-12238 ImageProcessor          com.example.myapplication            D  🔍 Ошибочная ячейка [3][3] = ПУСТОЕ (0%)
2025-08-04 20:19:43.494 11576-12238 ImageProcessor          com.example.myapplication            D  🔍 Ошибочная ячейка [3][4] = ПУСТОЕ (0%)
2025-08-04 20:19:43.494 11576-12238 ImageProcessor          com.example.myapplication            D  🔍 Ошибочная ячейка [5][0] = ЗАПОЛНЕНО (100%)
2025-08-04 20:19:43.494 11576-12238 ImageProcessor          com.example.myapplication            D  🔍 Ошибочная ячейка [5][1] = ПУСТОЕ (0%)
2025-08-04 20:19:43.494 11576-12238 ImageProcessor          com.example.myapplication            D  🔍 Ошибочная ячейка [5][2] = ПУСТОЕ (0%)
2025-08-04 20:19:43.494 11576-12238 ImageProcessor          com.example.myapplication            D  🔍 Ошибочная ячейка [5][3] = ПУСТОЕ (0%)
2025-08-04 20:19:43.494 11576-12238 ImageProcessor          com.example.myapplication            D  🔍 Ошибочная ячейка [5][4] = ПУСТОЕ (0%)
2025-08-04 20:19:43.494 11576-12238 ImageProcessor          com.example.myapplication            D  🔍 Ошибочная ячейка [7][0] = ПУСТОЕ (0%)
2025-08-04 20:19:43.494 11576-12238 ImageProcessor          com.example.myapplication            D  🔍 Ошибочная ячейка [7][1] = ПУСТОЕ (0%)
2025-08-04 20:19:43.495 11576-12238 ImageProcessor          com.example.myapplication            D  🔍 Ошибочная ячейка [7][2] = ПУСТОЕ (0%)
2025-08-04 20:19:43.495 11576-12238 ImageProcessor          com.example.myapplication            D  🔍 Ошибочная ячейка [7][3] = ЗАПОЛНЕНО (100%)
2025-08-04 20:19:43.495 11576-12238 ImageProcessor          com.example.myapplication            D  🔍 Ошибочная ячейка [7][4] = ПУСТОЕ (0%)
2025-08-04 20:19:43.495 11576-12238 ImageProcessor          com.example.myapplication            D  🔍 Ошибочная ячейка [8][0] = ПУСТОЕ (0%)
2025-08-04 20:19:43.495 11576-12238 ImageProcessor          com.example.myapplication            D  🔍 Ошибочная ячейка [8][1] = ПУСТОЕ (0%)
2025-08-04 20:19:43.495 11576-12238 ImageProcessor          com.example.myapplication            D  🔍 Ошибочная ячейка [8][2] = ЗАПОЛНЕНО (100%)
2025-08-04 20:19:43.495 11576-12238 ImageProcessor          com.example.myapplication            D  🔍 Ошибочная ячейка [8][3] = ПУСТОЕ (0%)
2025-08-04 20:19:43.495 11576-12238 ImageProcessor          com.example.myapplication            D  🔍 Ошибочная ячейка [8][4] = ПУСТОЕ (0%)
2025-08-04 20:19:43.495 11576-12238 ImageProcessor          com.example.myapplication            D  🔄 Вопрос 0: выбран ответ 2, правильный 0
2025-08-04 20:19:43.495 11576-12238 ImageProcessor          com.example.myapplication            D  🔄 Вопрос 1: выбран ответ 2, правильный 1
2025-08-04 20:19:43.495 11576-12238 ImageProcessor          com.example.myapplication            D  🔄 Вопрос 2: выбран ответ 3, правильный 2
2025-08-04 20:19:43.496 11576-12238 ImageProcessor          com.example.myapplication            D  🔄 Вопрос 3: выбран ответ 1, правильный 3
2025-08-04 20:19:43.496 11576-12238 ImageProcessor          com.example.myapplication            D  🔄 Вопрос 5: выбран ответ 0, правильный 3
2025-08-04 20:19:43.496 11576-12238 ImageProcessor          com.example.myapplication            D  🔄 Вопрос 7: выбран ответ 3, правильный 1
2025-08-04 20:19:43.496 11576-12238 ImageProcessor          com.example.myapplication            D  🔄 Вопрос 8: выбран ответ 2, правильный 0
2025-08-04 20:19:43.497 11576-12238 ImageProcessor          com.example.myapplication            D  ✅ Приоритетная обработка завершена: 3/10 правильных ответов
2025-08-04 20:19:43.497 11576-12238 ImageProcessor          com.example.myapplication            D  📊 Эталонных ячеек: 10, вопросов с ошибками: 7
2025-08-04 20:19:43.497 11576-12238 ImageProcessor          com.example.myapplication            D  📊 Размеры массивов: selectedAnswers=10, grading=10, correctAnswers=10
2025-08-04 20:19:43.498 11576-12238 ImageProcessor          com.example.myapplication            D  📊 selectedAnswers: [2, 2, 3, 1, 4, 0, 2, 3, 2, 1]
2025-08-04 20:19:43.498 11576-12238 ImageProcessor          com.example.myapplication            D  📊 grading: [0, 0, 0, 0, 1, 0, 1, 0, 0, 1]
2025-08-04 20:19:43.501 11576-12238 BatchActivity           com.example.myapplication            D  📊 Обработка результатов: detectedAnswers.size=10, currentQuestions=10, correctAnswers.size=10
2025-08-04 20:19:43.501 11576-12238 BatchActivity           com.example.myapplication            D  🎯 Расчет оценки: процент=30%, тип=PERCENTAGE, результат=2
2025-08-04 20:19:43.502 11576-12238 BatchActivity           com.example.myapplication            D  📊 Результаты обработки: 3/10 = 30,0%, оценка: 2
2025-08-04 20:19:43.502 11576-11576 BatchActivity           com.example.myapplication            D  📝 Добавляем результат: 1000002171.jpg, правильных: 3/10
2025-08-04 20:19:43.502 11576-11576 BatchResultsAdapter     com.example.myapplication            D  📊 getItemCount: 12
2025-08-04 20:19:43.503 11576-11576 BatchResultsAdapter     com.example.myapplication            D  📊 getItemCount: 12
2025-08-04 20:19:43.503 11576-11576 BatchActivity           com.example.myapplication            D  📊 Всего результатов в адаптере: 12
2025-08-04 20:19:43.503 11576-11576 BatchActivity           com.example.myapplication            D  📏 Высота RecyclerView: 7106
2025-08-04 20:19:43.520 11576-11576 BatchResultsAdapter     com.example.myapplication            D  📊 getItemCount: 12
2025-08-04 20:19:43.520 11576-11576 BatchResultsAdapter     com.example.myapplication            D  📊 getItemCount: 12
2025-08-04 20:19:43.522 11576-11576 BatchResultsAdapter     com.example.myapplication            D  📊 getItemCount: 12
2025-08-04 20:19:43.522 11576-11576 BatchResultsAdapter     com.example.myapplication            D  🔗 Привязываем элемент 0: 1000002182.jpg
2025-08-04 20:19:43.525 11576-11576 BatchResultsAdapter     com.example.myapplication            D  📊 getItemCount: 12
2025-08-04 20:19:43.525 11576-11576 BatchResultsAdapter     com.example.myapplication            D  🔗 Привязываем элемент 1: 1000002181.jpg
2025-08-04 20:19:43.527 11576-11576 BatchResultsAdapter     com.example.myapplication            D  📊 getItemCount: 12
2025-08-04 20:19:43.527 11576-11576 BatchResultsAdapter     com.example.myapplication            D  🔗 Привязываем элемент 2: 1000002180.jpg
2025-08-04 20:19:43.529 11576-11576 BatchResultsAdapter     com.example.myapplication            D  📊 getItemCount: 12
2025-08-04 20:19:43.530 11576-11576 BatchResultsAdapter     com.example.myapplication            D  🔗 Привязываем элемент 3: 1000002179.jpg
2025-08-04 20:19:43.532 11576-11576 BatchResultsAdapter     com.example.myapplication            D  📊 getItemCount: 12
2025-08-04 20:19:43.532 11576-11576 BatchResultsAdapter     com.example.myapplication            D  🔗 Привязываем элемент 4: 1000002178.jpg
2025-08-04 20:19:43.535 11576-11576 BatchResultsAdapter     com.example.myapplication            D  📊 getItemCount: 12
2025-08-04 20:19:43.546 11576-11576 BatchResultsAdapter     com.example.myapplication            D  🔗 Привязываем элемент 5: 1000002177.jpg
2025-08-04 20:19:43.549 11576-11576 BatchResultsAdapter     com.example.myapplication            D  📊 getItemCount: 12
2025-08-04 20:19:43.563 11576-12238 skia                    com.example.myapplication            D  SkJpegCodec::onGetPixels + (3000, 4000)
2025-08-04 20:19:43.563 11576-12238 skia                    com.example.myapplication            D  stream rewind not support
2025-08-04 20:19:43.566 11576-11576 BatchResultsAdapter     com.example.myapplication            D  🔗 Привязываем элемент 6: 1000002176.jpg
2025-08-04 20:19:43.569 11576-11576 BatchResultsAdapter     com.example.myapplication            D  📊 getItemCount: 12
2025-08-04 20:19:43.578 11576-11576 BatchResultsAdapter     com.example.myapplication            D  🔗 Привязываем элемент 7: 1000002175.jpg
2025-08-04 20:19:43.583 11576-11576 BatchResultsAdapter     com.example.myapplication            D  📊 getItemCount: 12
2025-08-04 20:19:43.593 11576-11576 BatchResultsAdapter     com.example.myapplication            D  🔗 Привязываем элемент 8: 1000002174.jpg
2025-08-04 20:19:43.596 11576-11576 BatchResultsAdapter     com.example.myapplication            D  📊 getItemCount: 12
2025-08-04 20:19:43.606 11576-11576 BatchResultsAdapter     com.example.myapplication            D  🔗 Привязываем элемент 9: 1000002173.jpg
2025-08-04 20:19:43.609 11576-11576 BatchResultsAdapter     com.example.myapplication            D  📊 getItemCount: 12
2025-08-04 20:19:43.618 11576-11576 BatchResultsAdapter     com.example.myapplication            D  🔗 Привязываем элемент 10: 1000002172.jpg
2025-08-04 20:19:43.622 11576-11576 BatchResultsAdapter     com.example.myapplication            D  📊 getItemCount: 12
2025-08-04 20:19:43.631 11576-11576 BatchResultsAdapter     com.example.myapplication            D  🔗 Привязываем элемент 11: 1000002171.jpg
2025-08-04 20:19:43.634 11576-11576 oplus.andr...actoryImpl com.example.myapplication            I  get feature:IOplusDynamicVsyncFeature
2025-08-04 20:19:43.634 11576-11576 oplus.andr...actoryImpl com.example.myapplication            I  get feature:IOplusDynamicVsyncFeature
2025-08-04 20:19:43.635 11576-11576 oplus.andr...actoryImpl com.example.myapplication            I  get feature:IOplusDynamicVsyncFeature
2025-08-04 20:19:43.635 11576-11576 OplusViewDebugManager   com.example.myapplication            D  OplusViewDebugManager Constructor android.view.debug.OplusViewDebugManager@77051ec [mHasViewDebugProperty true] [mHasMsgDebugProperty false] [DEBUG false] [EXTRAINFOENABLE false] [LIGHT_OS true]
2025-08-04 20:19:43.635 11576-11576 OplusViewDebugManager   com.example.myapplication            D  OplusViewDebugManager Constructor android.view.debug.OplusViewDebugManager@c50f9b5 [mHasViewDebugProperty true] [mHasMsgDebugProperty false] [DEBUG false] [EXTRAINFOENABLE false] [LIGHT_OS true]
2025-08-04 20:19:43.635 11576-11576 BatchResultsAdapter     com.example.myapplication            D  📊 getItemCount: 12
2025-08-04 20:19:43.635 11576-11576 BatchResultsAdapter     com.example.myapplication            D  📊 getItemCount: 12
2025-08-04 20:19:43.636 11576-11576 BatchResultsAdapter     com.example.myapplication            D  📊 getItemCount: 12
2025-08-04 20:19:43.636 11576-11576 BatchResultsAdapter     com.example.myapplication            D  📊 getItemCount: 12
2025-08-04 20:19:43.636 11576-11576 BatchResultsAdapter     com.example.myapplication            D  📊 getItemCount: 12
2025-08-04 20:19:43.636 11576-11576 BatchResultsAdapter     com.example.myapplication            D  📊 getItemCount: 12
2025-08-04 20:19:43.636 11576-11576 BatchResultsAdapter     com.example.myapplication            D  📊 getItemCount: 12
2025-08-04 20:19:43.636 11576-11576 BatchResultsAdapter     com.example.myapplication            D  📊 getItemCount: 12
2025-08-04 20:19:43.636 11576-11576 BatchResultsAdapter     com.example.myapplication            D  📊 getItemCount: 12
2025-08-04 20:19:43.637 11576-11576 BatchResultsAdapter     com.example.myapplication            D  📊 getItemCount: 12
2025-08-04 20:19:43.637 11576-11576 BatchResultsAdapter     com.example.myapplication            D  📊 getItemCount: 12
2025-08-04 20:19:43.637 11576-11576 BatchResultsAdapter     com.example.myapplication            D  📊 getItemCount: 12
2025-08-04 20:19:43.637 11576-11576 BatchResultsAdapter     com.example.myapplication            D  📊 getItemCount: 12
2025-08-04 20:19:43.637 11576-11576 BatchResultsAdapter     com.example.myapplication            D  📊 getItemCount: 12
2025-08-04 20:19:43.638 11576-11576 BatchResultsAdapter     com.example.myapplication            D  📊 getItemCount: 12
2025-08-04 20:19:43.638 11576-11576 BatchResultsAdapter     com.example.myapplication            D  📊 getItemCount: 12
2025-08-04 20:19:43.638 11576-11576 BatchResultsAdapter     com.example.myapplication            D  📊 getItemCount: 12
2025-08-04 20:19:43.638 11576-11576 BatchResultsAdapter     com.example.myapplication            D  📊 getItemCount: 12
2025-08-04 20:19:43.639 11576-11576 BatchResultsAdapter     com.example.myapplication            D  📊 getItemCount: 12
2025-08-04 20:19:43.639 11576-11576 BatchResultsAdapter     com.example.myapplication            D  📊 getItemCount: 12
2025-08-04 20:19:43.639 11576-11576 BatchResultsAdapter     com.example.myapplication            D  📊 getItemCount: 12
2025-08-04 20:19:43.640 11576-11576 BatchResultsAdapter     com.example.myapplication            D  📊 getItemCount: 12
2025-08-04 20:19:43.640 11576-11576 BatchResultsAdapter     com.example.myapplication            D  📊 getItemCount: 12
2025-08-04 20:19:43.640 11576-11576 BatchResultsAdapter     com.example.myapplication            D  📊 getItemCount: 12
2025-08-04 20:19:43.641 11576-11576 BatchResultsAdapter     com.example.myapplication            D  📊 getItemCount: 12
2025-08-04 20:19:43.641 11576-11576 BatchResultsAdapter     com.example.myapplication            D  📊 getItemCount: 12
2025-08-04 20:19:43.641 11576-11576 BatchResultsAdapter     com.example.myapplication            D  📊 getItemCount: 12
2025-08-04 20:19:43.730 11576-12238 skia                    com.example.myapplication            D  SkJpegCodec::onGetPixels -
2025-08-04 20:19:43.737 11576-12238 ImageProcessor          com.example.myapplication            D  🔍 Начинаем ML обработку кадра: 3000x4000
2025-08-04 20:19:43.737 11576-12238 ImageProcessor          com.example.myapplication            D  🤖 ML модель готова: true
2025-08-04 20:19:43.807 11576-12238 ImageProcessor          com.example.myapplication            D  📊 Найдено контуров: 83
2025-08-04 20:19:43.807 11576-12238 ImageProcessor          com.example.myapplication            D  🔍 Анализируем 83 найденных контуров...
2025-08-04 20:19:43.807 11576-12238 ImageProcessor          com.example.myapplication            D  📐 Контур: площадь=72118.5, углов=4
2025-08-04 20:19:43.807 11576-12238 ImageProcessor          com.example.myapplication            D  ✅ Найден прямоугольный контур площадью: 72118.5
2025-08-04 20:19:43.808 11576-12238 ImageProcessor          com.example.myapplication            D  📐 Контур: площадь=236.5, углов=2
2025-08-04 20:19:43.808 11576-12238 ImageProcessor          com.example.myapplication            D  📐 Контур: площадь=11127.5, углов=3
2025-08-04 20:19:43.808 11576-12238 ImageProcessor          com.example.myapplication            D  📐 Контур: площадь=133.5, углов=15
2025-08-04 20:19:43.808 11576-12238 ImageProcessor          com.example.myapplication            D  📐 Контур: площадь=53.5, углов=16
2025-08-04 20:19:43.808 11576-12238 ImageProcessor          com.example.myapplication            D  📐 Контур: площадь=64.5, углов=12
2025-08-04 20:19:43.808 11576-12238 ImageProcessor          com.example.myapplication            D  📐 Контур: площадь=128.5, углов=11
2025-08-04 20:19:43.809 11576-12238 ImageProcessor          com.example.myapplication            D  📐 Контур: площадь=64.0, углов=8
2025-08-04 20:19:43.809 11576-12238 ImageProcessor          com.example.myapplication            D  📐 Контур: площадь=78.5, углов=7
2025-08-04 20:19:43.809 11576-12238 ImageProcessor          com.example.myapplication            D  📐 Контур: площадь=179.0, углов=11
2025-08-04 20:19:43.809 11576-12238 ImageProcessor          com.example.myapplication            D  📐 Контур: площадь=66.0, углов=6
2025-08-04 20:19:43.809 11576-12238 ImageProcessor          com.example.myapplication            D  📐 Контур: площадь=216.0, углов=10
2025-08-04 20:19:43.809 11576-12238 ImageProcessor          com.example.myapplication            D  📐 Контур: площадь=587.0, углов=8
2025-08-04 20:19:43.809 11576-12238 ImageProcessor          com.example.myapplication            D  📐 Контур: площадь=120.5, углов=12
2025-08-04 20:19:43.810 11576-12238 ImageProcessor          com.example.myapplication            D  📐 Контур: площадь=422.5, углов=11
2025-08-04 20:19:43.810 11576-12238 ImageProcessor          com.example.myapplication            D  📐 Контур: площадь=72.0, углов=15
2025-08-04 20:19:43.810 11576-12238 ImageProcessor          com.example.myapplication            D  📐 Контур: площадь=77.5, углов=17
2025-08-04 20:19:43.810 11576-12238 ImageProcessor          com.example.myapplication            D  📐 Контур: площадь=79.5, углов=13
2025-08-04 20:19:43.810 11576-12238 ImageProcessor          com.example.myapplication            D  📐 Контур: площадь=158.0, углов=11
2025-08-04 20:19:43.811 11576-12238 ImageProcessor          com.example.myapplication            D  📐 Контур: площадь=90.5, углов=16
2025-08-04 20:19:43.811 11576-12238 ImageProcessor          com.example.myapplication            D  📐 Контур: площадь=104.0, углов=10
2025-08-04 20:19:43.811 11576-12238 ImageProcessor          com.example.myapplication            D  📐 Контур: площадь=139.5, углов=12
2025-08-04 20:19:43.811 11576-12238 ImageProcessor          com.example.myapplication            D  📐 Контур: площадь=81.5, углов=7
2025-08-04 20:19:43.811 11576-12238 ImageProcessor          com.example.myapplication            D  📐 Контур: площадь=121.0, углов=9
2025-08-04 20:19:43.811 11576-12238 ImageProcessor          com.example.myapplication            D  📐 Контур: площадь=61.0, углов=9
2025-08-04 20:19:43.811 11576-12238 ImageProcessor          com.example.myapplication            D  📊 Найдено прямоугольных контуров: 1
2025-08-04 20:19:43.811 11576-12238 ImageProcessor          com.example.myapplication            D  🎯 Выбран самый большой контур площадью: 71263.5
2025-08-04 20:19:43.811 11576-12238 ImageProcessor          com.example.myapplication            D  🎯 Контур бланка найден, обрабатываем...
2025-08-04 20:19:43.820 11576-12238 ImageProcessor          com.example.myapplication            D  📋 Приоритетная обработка тестового бланка: 800x800
2025-08-04 20:19:43.822 11576-12238 ImageProcessor          com.example.myapplication            D  🚀 ЭТАП 1: Обрабатываем только эталонные ячейки...
2025-08-04 20:19:43.822 11576-12238 ImageProcessor          com.example.myapplication            D  🎯 Эталонная ячейка [0][0] добавлена в приоритетный батч
2025-08-04 20:19:43.822 11576-12238 ImageProcessor          com.example.myapplication            D  🎯 Эталонная ячейка [1][1] добавлена в приоритетный батч
2025-08-04 20:19:43.823 11576-12238 ImageProcessor          com.example.myapplication            D  🎯 Эталонная ячейка [2][2] добавлена в приоритетный батч
2025-08-04 20:19:43.823 11576-12238 ImageProcessor          com.example.myapplication            D  🎯 Эталонная ячейка [3][3] добавлена в приоритетный батч
2025-08-04 20:19:43.823 11576-12238 ImageProcessor          com.example.myapplication            D  🎯 Эталонная ячейка [4][4] добавлена в приоритетный батч
2025-08-04 20:19:43.823 11576-12238 ImageProcessor          com.example.myapplication            D  🎯 Эталонная ячейка [5][3] добавлена в приоритетный батч
2025-08-04 20:19:43.824 11576-12238 ImageProcessor          com.example.myapplication            D  🎯 Эталонная ячейка [6][2] добавлена в приоритетный батч
2025-08-04 20:19:43.824 11576-12238 ImageProcessor          com.example.myapplication            D  🎯 Эталонная ячейка [7][1] добавлена в приоритетный батч
2025-08-04 20:19:43.824 11576-12238 ImageProcessor          com.example.myapplication            D  🎯 Эталонная ячейка [8][0] добавлена в приоритетный батч
2025-08-04 20:19:43.824 11576-12238 ImageProcessor          com.example.myapplication            D  🎯 Эталонная ячейка [9][1] добавлена в приоритетный батч
2025-08-04 20:19:43.863 11576-11586 System                  com.example.myapplication            W  A resource failed to call close. 
2025-08-04 20:19:45.290 11576-11584 e.myapplication         com.example.myapplication            I  Background concurrent mark compact GC freed 11MB AllocSpace bytes, 4(2368KB) LOS objects, 49% free, 13MB/26MB, paused 219us,7.977ms total 76.254ms
2025-08-04 20:19:45.340 11576-12238 OnnxModel               com.example.myapplication            I  ⚡ Батч-обработка 10 изображений за 1516мс (среднее: 151,6мс на изображение)
2025-08-04 20:19:45.340 11576-12238 ImageProcessor          com.example.myapplication            D  ⚡ Эталонные ячейки обработаны за 1516мс
2025-08-04 20:19:45.340 11576-12238 ImageProcessor          com.example.myapplication            D  ✅ Эталонная ячейка [0][0] = ПУСТОЕ (0%)
2025-08-04 20:19:45.340 11576-12238 ImageProcessor          com.example.myapplication            D  ✅ Эталонная ячейка [1][1] = ЗАПОЛНЕНО (99%)
2025-08-04 20:19:45.340 11576-12238 ImageProcessor          com.example.myapplication            D  ✅ Эталонная ячейка [2][2] = ЗАПОЛНЕНО (100%)
2025-08-04 20:19:45.340 11576-12238 ImageProcessor          com.example.myapplication            D  ✅ Эталонная ячейка [3][3] = ПУСТОЕ (0%)
2025-08-04 20:19:45.340 11576-12238 ImageProcessor          com.example.myapplication            D  ✅ Эталонная ячейка [4][4] = ЗАПОЛНЕНО (100%)
2025-08-04 20:19:45.340 11576-12238 ImageProcessor          com.example.myapplication            D  ✅ Эталонная ячейка [5][3] = ПУСТОЕ (0%)
2025-08-04 20:19:45.340 11576-12238 ImageProcessor          com.example.myapplication            D  ✅ Эталонная ячейка [6][2] = ЗАПОЛНЕНО (100%)
2025-08-04 20:19:45.340 11576-12238 ImageProcessor          com.example.myapplication            D  ✅ Эталонная ячейка [7][1] = ПУСТОЕ (0%)
2025-08-04 20:19:45.341 11576-12238 ImageProcessor          com.example.myapplication            D  ✅ Эталонная ячейка [8][0] = ПУСТОЕ (0%)
2025-08-04 20:19:45.341 11576-12238 ImageProcessor          com.example.myapplication            D  ✅ Эталонная ячейка [9][1] = ПУСТОЕ (0%)
2025-08-04 20:19:45.341 11576-12238 ImageProcessor          com.example.myapplication            D  🔍 ЭТАП 2: Проверяем результат эталонных ячеек...
2025-08-04 20:19:45.341 11576-12238 ImageProcessor          com.example.myapplication            D  ❌ Вопрос 0 неправильный - нужна фоновая проверка
2025-08-04 20:19:45.341 11576-12238 ImageProcessor          com.example.myapplication            D  ✅ Вопрос 1 правильный
2025-08-04 20:19:45.341 11576-12238 ImageProcessor          com.example.myapplication            D  ✅ Вопрос 2 правильный
2025-08-04 20:19:45.341 11576-12238 ImageProcessor          com.example.myapplication            D  ❌ Вопрос 3 неправильный - нужна фоновая проверка
2025-08-04 20:19:45.341 11576-12238 ImageProcessor          com.example.myapplication            D  ✅ Вопрос 4 правильный
2025-08-04 20:19:45.341 11576-12238 ImageProcessor          com.example.myapplication            D  ❌ Вопрос 5 неправильный - нужна фоновая проверка
2025-08-04 20:19:45.341 11576-12238 ImageProcessor          com.example.myapplication            D  ✅ Вопрос 6 правильный
2025-08-04 20:19:45.341 11576-12238 ImageProcessor          com.example.myapplication            D  ❌ Вопрос 7 неправильный - нужна фоновая проверка
2025-08-04 20:19:45.341 11576-12238 ImageProcessor          com.example.myapplication            D  ❌ Вопрос 8 неправильный - нужна фоновая проверка
2025-08-04 20:19:45.341 11576-12238 ImageProcessor          com.example.myapplication            D  ❌ Вопрос 9 неправильный - нужна фоновая проверка
2025-08-04 20:19:45.341 11576-12238 ImageProcessor          com.example.myapplication            D  🔄 ЭТАП 3: Фоновая проверка 6 вопросов с ошибками...
2025-08-04 20:19:47.080 11576-11584 e.myapplication         com.example.myapplication            I  Background concurrent mark compact GC freed 11MB AllocSpace bytes, 4(2368KB) LOS objects, 49% free, 13MB/26MB, paused 192us,8.031ms total 54.382ms
2025-08-04 20:19:47.700 11576-11584 e.myapplication         com.example.myapplication            I  Background concurrent mark compact GC freed 11MB AllocSpace bytes, 4(2368KB) LOS objects, 49% free, 13MB/26MB, paused 468us,21.821ms total 67.352ms
2025-08-04 20:19:49.847 11576-12238 OnnxModel               com.example.myapplication            I  ⚡ Батч-обработка 30 изображений за 4502мс (среднее: 150,1мс на изображение)
2025-08-04 20:19:49.847 11576-12238 ImageProcessor          com.example.myapplication            D  ⚡ Ячейки с ошибками обработаны за 4502мс
2025-08-04 20:19:49.847 11576-12238 ImageProcessor          com.example.myapplication            D  🔍 Ошибочная ячейка [0][0] = ПУСТОЕ (0%)
2025-08-04 20:19:49.848 11576-12238 ImageProcessor          com.example.myapplication            D  🔍 Ошибочная ячейка [0][1] = ПУСТОЕ (0%)
2025-08-04 20:19:49.848 11576-12238 ImageProcessor          com.example.myapplication            D  🔍 Ошибочная ячейка [0][2] = ЗАПОЛНЕНО (100%)
2025-08-04 20:19:49.848 11576-12238 ImageProcessor          com.example.myapplication            D  🔍 Ошибочная ячейка [0][3] = ПУСТОЕ (0%)
2025-08-04 20:19:49.848 11576-12238 ImageProcessor          com.example.myapplication            D  🔍 Ошибочная ячейка [0][4] = ПУСТОЕ (0%)
2025-08-04 20:19:49.848 11576-12238 ImageProcessor          com.example.myapplication            D  🔍 Ошибочная ячейка [3][0] = ПУСТОЕ (0%)
2025-08-04 20:19:49.848 11576-12238 ImageProcessor          com.example.myapplication            D  🔍 Ошибочная ячейка [3][1] = ЗАПОЛНЕНО (100%)
2025-08-04 20:19:49.848 11576-12238 ImageProcessor          com.example.myapplication            D  🔍 Ошибочная ячейка [3][2] = ПУСТОЕ (0%)
2025-08-04 20:19:49.848 11576-12238 ImageProcessor          com.example.myapplication            D  🔍 Ошибочная ячейка [3][3] = ПУСТОЕ (0%)
2025-08-04 20:19:49.848 11576-12238 ImageProcessor          com.example.myapplication            D  🔍 Ошибочная ячейка [3][4] = ПУСТОЕ (0%)
2025-08-04 20:19:49.848 11576-12238 ImageProcessor          com.example.myapplication            D  🔍 Ошибочная ячейка [5][0] = ЗАПОЛНЕНО (100%)
2025-08-04 20:19:49.848 11576-12238 ImageProcessor          com.example.myapplication            D  🔍 Ошибочная ячейка [5][1] = ПУСТОЕ (0%)
2025-08-04 20:19:49.849 11576-12238 ImageProcessor          com.example.myapplication            D  🔍 Ошибочная ячейка [5][2] = ПУСТОЕ (0%)
2025-08-04 20:19:49.849 11576-12238 ImageProcessor          com.example.myapplication            D  🔍 Ошибочная ячейка [5][3] = ПУСТОЕ (0%)
2025-08-04 20:19:49.849 11576-12238 ImageProcessor          com.example.myapplication            D  🔍 Ошибочная ячейка [5][4] = ПУСТОЕ (0%)
2025-08-04 20:19:49.849 11576-12238 ImageProcessor          com.example.myapplication            D  🔍 Ошибочная ячейка [7][0] = ПУСТОЕ (0%)
2025-08-04 20:19:49.849 11576-12238 ImageProcessor          com.example.myapplication            D  🔍 Ошибочная ячейка [7][1] = ПУСТОЕ (0%)
2025-08-04 20:19:49.849 11576-12238 ImageProcessor          com.example.myapplication            D  🔍 Ошибочная ячейка [7][2] = ПУСТОЕ (0%)
2025-08-04 20:19:49.849 11576-12238 ImageProcessor          com.example.myapplication            D  🔍 Ошибочная ячейка [7][3] = ЗАПОЛНЕНО (100%)
2025-08-04 20:19:49.849 11576-12238 ImageProcessor          com.example.myapplication            D  🔍 Ошибочная ячейка [7][4] = ПУСТОЕ (0%)
2025-08-04 20:19:49.849 11576-12238 ImageProcessor          com.example.myapplication            D  🔍 Ошибочная ячейка [8][0] = ПУСТОЕ (0%)
2025-08-04 20:19:49.849 11576-12238 ImageProcessor          com.example.myapplication            D  🔍 Ошибочная ячейка [8][1] = ЗАПОЛНЕНО (100%)
2025-08-04 20:19:49.849 11576-12238 ImageProcessor          com.example.myapplication            D  🔍 Ошибочная ячейка [8][2] = ПУСТОЕ (0%)
2025-08-04 20:19:49.849 11576-12238 ImageProcessor          com.example.myapplication            D  🔍 Ошибочная ячейка [8][3] = ПУСТОЕ (0%)
2025-08-04 20:19:49.849 11576-12238 ImageProcessor          com.example.myapplication            D  🔍 Ошибочная ячейка [8][4] = ПУСТОЕ (0%)
2025-08-04 20:19:49.849 11576-12238 ImageProcessor          com.example.myapplication            D  🔍 Ошибочная ячейка [9][0] = ПУСТОЕ (0%)
2025-08-04 20:19:49.849 11576-12238 ImageProcessor          com.example.myapplication            D  🔍 Ошибочная ячейка [9][1] = ПУСТОЕ (0%)
2025-08-04 20:19:49.850 11576-12238 ImageProcessor          com.example.myapplication            D  🔍 Ошибочная ячейка [9][2] = ЗАПОЛНЕНО (100%)
2025-08-04 20:19:49.850 11576-12238 ImageProcessor          com.example.myapplication            D  🔍 Ошибочная ячейка [9][3] = ПУСТОЕ (0%)
2025-08-04 20:19:49.850 11576-12238 ImageProcessor          com.example.myapplication            D  🔍 Ошибочная ячейка [9][4] = ПУСТОЕ (0%)
2025-08-04 20:19:49.850 11576-12238 ImageProcessor          com.example.myapplication            D  🔄 Вопрос 0: выбран ответ 2, правильный 0
2025-08-04 20:19:49.850 11576-12238 ImageProcessor          com.example.myapplication            D  🔄 Вопрос 3: выбран ответ 1, правильный 3
2025-08-04 20:19:49.850 11576-12238 ImageProcessor          com.example.myapplication            D  🔄 Вопрос 5: выбран ответ 0, правильный 3
2025-08-04 20:19:49.850 11576-12238 ImageProcessor          com.example.myapplication            D  🔄 Вопрос 7: выбран ответ 3, правильный 1
2025-08-04 20:19:49.850 11576-12238 ImageProcessor          com.example.myapplication            D  🔄 Вопрос 8: выбран ответ 1, правильный 0
2025-08-04 20:19:49.850 11576-12238 ImageProcessor          com.example.myapplication            D  🔄 Вопрос 9: выбран ответ 2, правильный 1
2025-08-04 20:19:49.852 11576-12238 ImageProcessor          com.example.myapplication            D  ✅ Приоритетная обработка завершена: 4/10 правильных ответов
2025-08-04 20:19:49.852 11576-12238 ImageProcessor          com.example.myapplication            D  📊 Эталонных ячеек: 10, вопросов с ошибками: 6
2025-08-04 20:19:49.852 11576-12238 ImageProcessor          com.example.myapplication            D  📊 Размеры массивов: selectedAnswers=10, grading=10, correctAnswers=10
2025-08-04 20:19:49.852 11576-12238 ImageProcessor          com.example.myapplication            D  📊 selectedAnswers: [2, 1, 2, 1, 4, 0, 2, 3, 1, 2]
2025-08-04 20:19:49.852 11576-12238 ImageProcessor          com.example.myapplication            D  📊 grading: [0, 1, 1, 0, 1, 0, 1, 0, 0, 0]
2025-08-04 20:19:49.860 11576-12238 BatchActivity           com.example.myapplication            D  📊 Обработка результатов: detectedAnswers.size=10, currentQuestions=10, correctAnswers.size=10
2025-08-04 20:19:49.860 11576-12238 BatchActivity           com.example.myapplication            D  🎯 Расчет оценки: процент=40%, тип=PERCENTAGE, результат=2
2025-08-04 20:19:49.860 11576-12238 BatchActivity           com.example.myapplication            D  📊 Результаты обработки: 4/10 = 40,0%, оценка: 2
2025-08-04 20:19:49.860 11576-11576 BatchActivity           com.example.myapplication            D  📝 Добавляем результат: 1000002170.jpg, правильных: 4/10
2025-08-04 20:19:49.861 11576-11576 BatchResultsAdapter     com.example.myapplication            D  📊 getItemCount: 13
2025-08-04 20:19:49.861 11576-11576 BatchResultsAdapter     com.example.myapplication            D  📊 getItemCount: 13
2025-08-04 20:19:49.861 11576-11576 BatchActivity           com.example.myapplication            D  📊 Всего результатов в адаптере: 13
2025-08-04 20:19:49.861 11576-11576 BatchActivity           com.example.myapplication            D  📏 Высота RecyclerView: 7801
2025-08-04 20:19:49.866 11576-11576 BatchResultsAdapter     com.example.myapplication            D  📊 getItemCount: 13
2025-08-04 20:19:49.866 11576-11576 BatchResultsAdapter     com.example.myapplication            D  📊 getItemCount: 13
2025-08-04 20:19:49.868 11576-11576 BatchResultsAdapter     com.example.myapplication            D  📊 getItemCount: 13
2025-08-04 20:19:49.868 11576-11576 BatchResultsAdapter     com.example.myapplication            D  🔗 Привязываем элемент 0: 1000002182.jpg
2025-08-04 20:19:49.872 11576-11576 BatchResultsAdapter     com.example.myapplication            D  📊 getItemCount: 13
2025-08-04 20:19:49.872 11576-11576 BatchResultsAdapter     com.example.myapplication            D  🔗 Привязываем элемент 1: 1000002181.jpg
2025-08-04 20:19:49.875 11576-11576 BatchResultsAdapter     com.example.myapplication            D  📊 getItemCount: 13
2025-08-04 20:19:49.875 11576-11576 BatchResultsAdapter     com.example.myapplication            D  🔗 Привязываем элемент 2: 1000002180.jpg
2025-08-04 20:19:49.877 11576-11576 BatchResultsAdapter     com.example.myapplication            D  📊 getItemCount: 13
2025-08-04 20:19:49.877 11576-11576 BatchResultsAdapter     com.example.myapplication            D  🔗 Привязываем элемент 3: 1000002179.jpg
2025-08-04 20:19:49.879 11576-11576 BatchResultsAdapter     com.example.myapplication            D  📊 getItemCount: 13
2025-08-04 20:19:49.879 11576-11576 BatchResultsAdapter     com.example.myapplication            D  🔗 Привязываем элемент 4: 1000002178.jpg
2025-08-04 20:19:49.882 11576-11576 BatchResultsAdapter     com.example.myapplication            D  📊 getItemCount: 13
2025-08-04 20:19:49.893 11576-11576 BatchResultsAdapter     com.example.myapplication            D  🔗 Привязываем элемент 5: 1000002177.jpg
2025-08-04 20:19:49.896 11576-11576 BatchResultsAdapter     com.example.myapplication            D  📊 getItemCount: 13
2025-08-04 20:19:49.905 11576-11576 BatchResultsAdapter     com.example.myapplication            D  🔗 Привязываем элемент 6: 1000002176.jpg
2025-08-04 20:19:49.909 11576-11576 BatchResultsAdapter     com.example.myapplication            D  📊 getItemCount: 13
2025-08-04 20:19:49.916 11576-12238 skia                    com.example.myapplication            D  SkJpegCodec::onGetPixels + (3000, 4000)
2025-08-04 20:19:49.916 11576-12238 skia                    com.example.myapplication            D  stream rewind not support
2025-08-04 20:19:49.921 11576-11576 BatchResultsAdapter     com.example.myapplication            D  🔗 Привязываем элемент 7: 1000002175.jpg
2025-08-04 20:19:49.924 11576-11576 BatchResultsAdapter     com.example.myapplication            D  📊 getItemCount: 13
2025-08-04 20:19:49.933 11576-11576 BatchResultsAdapter     com.example.myapplication            D  🔗 Привязываем элемент 8: 1000002174.jpg
2025-08-04 20:19:49.936 11576-11576 BatchResultsAdapter     com.example.myapplication            D  📊 getItemCount: 13
2025-08-04 20:19:49.946 11576-11576 BatchResultsAdapter     com.example.myapplication            D  🔗 Привязываем элемент 9: 1000002173.jpg
2025-08-04 20:19:49.948 11576-11576 BatchResultsAdapter     com.example.myapplication            D  📊 getItemCount: 13
2025-08-04 20:19:49.958 11576-11576 BatchResultsAdapter     com.example.myapplication            D  🔗 Привязываем элемент 10: 1000002172.jpg
2025-08-04 20:19:49.961 11576-11576 BatchResultsAdapter     com.example.myapplication            D  📊 getItemCount: 13
2025-08-04 20:19:49.971 11576-11576 BatchResultsAdapter     com.example.myapplication            D  🔗 Привязываем элемент 11: 1000002171.jpg
2025-08-04 20:19:49.974 11576-11576 BatchResultsAdapter     com.example.myapplication            D  📊 getItemCount: 13
2025-08-04 20:19:49.984 11576-11576 BatchResultsAdapter     com.example.myapplication            D  🔗 Привязываем элемент 12: 1000002170.jpg
2025-08-04 20:19:49.987 11576-11576 oplus.andr...actoryImpl com.example.myapplication            I  get feature:IOplusDynamicVsyncFeature
2025-08-04 20:19:49.987 11576-11576 oplus.andr...actoryImpl com.example.myapplication            I  get feature:IOplusDynamicVsyncFeature
2025-08-04 20:19:49.987 11576-11576 oplus.andr...actoryImpl com.example.myapplication            I  get feature:IOplusDynamicVsyncFeature
2025-08-04 20:19:49.987 11576-11576 OplusViewDebugManager   com.example.myapplication            D  OplusViewDebugManager Constructor android.view.debug.OplusViewDebugManager@79f5adb [mHasViewDebugProperty true] [mHasMsgDebugProperty false] [DEBUG false] [EXTRAINFOENABLE false] [LIGHT_OS true]
2025-08-04 20:19:49.987 11576-11576 OplusViewDebugManager   com.example.myapplication            D  OplusViewDebugManager Constructor android.view.debug.OplusViewDebugManager@cea9978 [mHasViewDebugProperty true] [mHasMsgDebugProperty false] [DEBUG false] [EXTRAINFOENABLE false] [LIGHT_OS true]
2025-08-04 20:19:49.988 11576-11576 BatchResultsAdapter     com.example.myapplication            D  📊 getItemCount: 13
2025-08-04 20:19:49.989 11576-11576 BatchResultsAdapter     com.example.myapplication            D  📊 getItemCount: 13
2025-08-04 20:19:49.989 11576-11576 BatchResultsAdapter     com.example.myapplication            D  📊 getItemCount: 13
2025-08-04 20:19:49.989 11576-11576 BatchResultsAdapter     com.example.myapplication            D  📊 getItemCount: 13
2025-08-04 20:19:49.989 11576-11576 BatchResultsAdapter     com.example.myapplication            D  📊 getItemCount: 13
2025-08-04 20:19:49.990 11576-11576 BatchResultsAdapter     com.example.myapplication            D  📊 getItemCount: 13
2025-08-04 20:19:49.990 11576-11576 BatchResultsAdapter     com.example.myapplication            D  📊 getItemCount: 13
2025-08-04 20:19:49.990 11576-11576 BatchResultsAdapter     com.example.myapplication            D  📊 getItemCount: 13
2025-08-04 20:19:49.990 11576-11576 BatchResultsAdapter     com.example.myapplication            D  📊 getItemCount: 13
2025-08-04 20:19:49.990 11576-11576 BatchResultsAdapter     com.example.myapplication            D  📊 getItemCount: 13
2025-08-04 20:19:49.990 11576-11576 BatchResultsAdapter     com.example.myapplication            D  📊 getItemCount: 13
2025-08-04 20:19:49.990 11576-11576 BatchResultsAdapter     com.example.myapplication            D  📊 getItemCount: 13
2025-08-04 20:19:49.990 11576-11576 BatchResultsAdapter     com.example.myapplication            D  📊 getItemCount: 13
2025-08-04 20:19:49.990 11576-11576 BatchResultsAdapter     com.example.myapplication            D  📊 getItemCount: 13
2025-08-04 20:19:49.990 11576-11576 BatchResultsAdapter     com.example.myapplication            D  📊 getItemCount: 13
2025-08-04 20:19:49.991 11576-11576 BatchResultsAdapter     com.example.myapplication            D  📊 getItemCount: 13
2025-08-04 20:19:49.991 11576-11576 BatchResultsAdapter     com.example.myapplication            D  📊 getItemCount: 13
2025-08-04 20:19:49.991 11576-11576 BatchResultsAdapter     com.example.myapplication            D  📊 getItemCount: 13
2025-08-04 20:19:49.992 11576-11576 BatchResultsAdapter     com.example.myapplication            D  📊 getItemCount: 13
2025-08-04 20:19:49.992 11576-11576 BatchResultsAdapter     com.example.myapplication            D  📊 getItemCount: 13
2025-08-04 20:19:49.992 11576-11576 BatchResultsAdapter     com.example.myapplication            D  📊 getItemCount: 13
2025-08-04 20:19:49.992 11576-11576 BatchResultsAdapter     com.example.myapplication            D  📊 getItemCount: 13
2025-08-04 20:19:49.992 11576-11576 BatchResultsAdapter     com.example.myapplication            D  📊 getItemCount: 13
2025-08-04 20:19:49.992 11576-11576 BatchResultsAdapter     com.example.myapplication            D  📊 getItemCount: 13
2025-08-04 20:19:49.992 11576-11576 BatchResultsAdapter     com.example.myapplication            D  📊 getItemCount: 13
2025-08-04 20:19:49.992 11576-11576 BatchResultsAdapter     com.example.myapplication            D  📊 getItemCount: 13
2025-08-04 20:19:49.992 11576-11576 BatchResultsAdapter     com.example.myapplication            D  📊 getItemCount: 13
2025-08-04 20:19:49.992 11576-11576 BatchResultsAdapter     com.example.myapplication            D  📊 getItemCount: 13
2025-08-04 20:19:49.992 11576-11576 BatchResultsAdapter     com.example.myapplication            D  📊 getItemCount: 13
2025-08-04 20:19:50.082 11576-12238 skia                    com.example.myapplication            D  SkJpegCodec::onGetPixels -
2025-08-04 20:19:50.087 11576-12238 ImageProcessor          com.example.myapplication            D  🔍 Начинаем ML обработку кадра: 3000x4000
2025-08-04 20:19:50.087 11576-12238 ImageProcessor          com.example.myapplication            D  🤖 ML модель готова: true
2025-08-04 20:19:50.155 11576-12238 ImageProcessor          com.example.myapplication            D  📊 Найдено контуров: 63
2025-08-04 20:19:50.155 11576-12238 ImageProcessor          com.example.myapplication            D  🔍 Анализируем 63 найденных контуров...
2025-08-04 20:19:50.155 11576-12238 ImageProcessor          com.example.myapplication            D  📐 Контур: площадь=87386.0, углов=4
2025-08-04 20:19:50.156 11576-12238 ImageProcessor          com.example.myapplication            D  ✅ Найден прямоугольный контур площадью: 87386.0
2025-08-04 20:19:50.156 11576-12238 ImageProcessor          com.example.myapplication            D  📐 Контур: площадь=111.5, углов=15
2025-08-04 20:19:50.156 11576-12238 ImageProcessor          com.example.myapplication            D  📐 Контур: площадь=212.0, углов=10
2025-08-04 20:19:50.156 11576-12238 ImageProcessor          com.example.myapplication            D  📐 Контур: площадь=133.0, углов=13
2025-08-04 20:19:50.156 11576-12238 ImageProcessor          com.example.myapplication            D  📐 Контур: площадь=56.5, углов=7
2025-08-04 20:19:50.156 11576-12238 ImageProcessor          com.example.myapplication            D  📐 Контур: площадь=111.5, углов=10
2025-08-04 20:19:50.156 11576-12238 ImageProcessor          com.example.myapplication            D  📐 Контур: площадь=236.0, углов=16
2025-08-04 20:19:50.157 11576-12238 ImageProcessor          com.example.myapplication            D  📐 Контур: площадь=60.0, углов=9
2025-08-04 20:19:50.157 11576-12238 ImageProcessor          com.example.myapplication            D  📐 Контур: площадь=51.5, углов=11
2025-08-04 20:19:50.157 11576-12238 ImageProcessor          com.example.myapplication            D  📐 Контур: площадь=202.5, углов=11
2025-08-04 20:19:50.157 11576-12238 ImageProcessor          com.example.myapplication            D  📐 Контур: площадь=75.5, углов=11
2025-08-04 20:19:50.157 11576-12238 ImageProcessor          com.example.myapplication            D  📐 Контур: площадь=160.0, углов=14
2025-08-04 20:19:50.157 11576-12238 ImageProcessor          com.example.myapplication            D  📐 Контур: площадь=81.5, углов=7
2025-08-04 20:19:50.158 11576-12238 ImageProcessor          com.example.myapplication            D  📐 Контур: площадь=92.5, углов=8
2025-08-04 20:19:50.158 11576-12238 ImageProcessor          com.example.myapplication            D  📐 Контур: площадь=182.5, углов=16
2025-08-04 20:19:50.158 11576-12238 ImageProcessor          com.example.myapplication            D  📐 Контур: площадь=141.5, углов=15
2025-08-04 20:19:50.158 11576-12238 ImageProcessor          com.example.myapplication            D  📐 Контур: площадь=74.5, углов=11
2025-08-04 20:19:50.158 11576-12238 ImageProcessor          com.example.myapplication            D  📐 Контур: площадь=171.0, углов=10
2025-08-04 20:19:50.158 11576-12238 ImageProcessor          com.example.myapplication            D  📐 Контур: площадь=80.0, углов=11
2025-08-04 20:19:50.158 11576-12238 ImageProcessor          com.example.myapplication            D  📐 Контур: площадь=53.0, углов=9
2025-08-04 20:19:50.159 11576-12238 ImageProcessor          com.example.myapplication            D  📐 Контур: площадь=297.0, углов=13
2025-08-04 20:19:50.159 11576-12238 ImageProcessor          com.example.myapplication            D  📐 Контур: площадь=115.5, углов=8
2025-08-04 20:19:50.159 11576-12238 ImageProcessor          com.example.myapplication            D  📐 Контур: площадь=98.0, углов=11
2025-08-04 20:19:50.159 11576-12238 ImageProcessor          com.example.myapplication            D  📐 Контур: площадь=365.5, углов=14
2025-08-04 20:19:50.159 11576-12238 ImageProcessor          com.example.myapplication            D  📐 Контур: площадь=114.5, углов=18
2025-08-04 20:19:50.159 11576-12238 ImageProcessor          com.example.myapplication            D  📊 Найдено прямоугольных контуров: 1
2025-08-04 20:19:50.159 11576-12238 ImageProcessor          com.example.myapplication            D  🎯 Выбран самый большой контур площадью: 86744.0
2025-08-04 20:19:50.159 11576-12238 ImageProcessor          com.example.myapplication            D  🎯 Контур бланка найден, обрабатываем...
2025-08-04 20:19:50.170 11576-12238 ImageProcessor          com.example.myapplication            D  📋 Приоритетная обработка тестового бланка: 800x800
2025-08-04 20:19:50.172 11576-12238 ImageProcessor          com.example.myapplication            D  🚀 ЭТАП 1: Обрабатываем только эталонные ячейки...
2025-08-04 20:19:50.172 11576-12238 ImageProcessor          com.example.myapplication            D  🎯 Эталонная ячейка [0][0] добавлена в приоритетный батч
2025-08-04 20:19:50.172 11576-12238 ImageProcessor          com.example.myapplication            D  🎯 Эталонная ячейка [1][1] добавлена в приоритетный батч
2025-08-04 20:19:50.172 11576-12238 ImageProcessor          com.example.myapplication            D  🎯 Эталонная ячейка [2][2] добавлена в приоритетный батч
2025-08-04 20:19:50.173 11576-12238 ImageProcessor          com.example.myapplication            D  🎯 Эталонная ячейка [3][3] добавлена в приоритетный батч
2025-08-04 20:19:50.173 11576-12238 ImageProcessor          com.example.myapplication            D  🎯 Эталонная ячейка [4][4] добавлена в приоритетный батч
2025-08-04 20:19:50.173 11576-12238 ImageProcessor          com.example.myapplication            D  🎯 Эталонная ячейка [5][3] добавлена в приоритетный батч
2025-08-04 20:19:50.173 11576-12238 ImageProcessor          com.example.myapplication            D  🎯 Эталонная ячейка [6][2] добавлена в приоритетный батч
2025-08-04 20:19:50.174 11576-12238 ImageProcessor          com.example.myapplication            D  🎯 Эталонная ячейка [7][1] добавлена в приоритетный батч
2025-08-04 20:19:50.174 11576-12238 ImageProcessor          com.example.myapplication            D  🎯 Эталонная ячейка [8][0] добавлена в приоритетный батч
2025-08-04 20:19:50.174 11576-12238 ImageProcessor          com.example.myapplication            D  🎯 Эталонная ячейка [9][1] добавлена в приоритетный батч
2025-08-04 20:19:50.218 11576-11586 System                  com.example.myapplication            W  A resource failed to call close. 
2025-08-04 20:19:51.695 11576-12238 OnnxModel               com.example.myapplication            I  ⚡ Батч-обработка 10 изображений за 1521мс (среднее: 152,1мс на изображение)
2025-08-04 20:19:51.696 11576-12238 ImageProcessor          com.example.myapplication            D  ⚡ Эталонные ячейки обработаны за 1522мс
2025-08-04 20:19:51.696 11576-12238 ImageProcessor          com.example.myapplication            D  ✅ Эталонная ячейка [0][0] = ПУСТОЕ (0%)
2025-08-04 20:19:51.696 11576-12238 ImageProcessor          com.example.myapplication            D  ✅ Эталонная ячейка [1][1] = ЗАПОЛНЕНО (100%)
2025-08-04 20:19:51.696 11576-12238 ImageProcessor          com.example.myapplication            D  ✅ Эталонная ячейка [2][2] = ЗАПОЛНЕНО (100%)
2025-08-04 20:19:51.696 11576-12238 ImageProcessor          com.example.myapplication            D  ✅ Эталонная ячейка [3][3] = ПУСТОЕ (0%)
2025-08-04 20:19:51.696 11576-12238 ImageProcessor          com.example.myapplication            D  ✅ Эталонная ячейка [4][4] = ЗАПОЛНЕНО (100%)
2025-08-04 20:19:51.696 11576-12238 ImageProcessor          com.example.myapplication            D  ✅ Эталонная ячейка [5][3] = ПУСТОЕ (0%)
2025-08-04 20:19:51.697 11576-12238 ImageProcessor          com.example.myapplication            D  ✅ Эталонная ячейка [6][2] = ЗАПОЛНЕНО (100%)
2025-08-04 20:19:51.697 11576-12238 ImageProcessor          com.example.myapplication            D  ✅ Эталонная ячейка [7][1] = ПУСТОЕ (0%)
2025-08-04 20:19:51.697 11576-12238 ImageProcessor          com.example.myapplication            D  ✅ Эталонная ячейка [8][0] = ПУСТОЕ (0%)
2025-08-04 20:19:51.697 11576-12238 ImageProcessor          com.example.myapplication            D  ✅ Эталонная ячейка [9][1] = ПУСТОЕ (0%)
2025-08-04 20:19:51.697 11576-12238 ImageProcessor          com.example.myapplication            D  🔍 ЭТАП 2: Проверяем результат эталонных ячеек...
2025-08-04 20:19:51.698 11576-12238 ImageProcessor          com.example.myapplication            D  ❌ Вопрос 0 неправильный - нужна фоновая проверка
2025-08-04 20:19:51.698 11576-12238 ImageProcessor          com.example.myapplication            D  ✅ Вопрос 1 правильный
2025-08-04 20:19:51.698 11576-12238 ImageProcessor          com.example.myapplication            D  ✅ Вопрос 2 правильный
2025-08-04 20:19:51.698 11576-12238 ImageProcessor          com.example.myapplication            D  ❌ Вопрос 3 неправильный - нужна фоновая проверка
2025-08-04 20:19:51.698 11576-12238 ImageProcessor          com.example.myapplication            D  ✅ Вопрос 4 правильный
2025-08-04 20:19:51.698 11576-12238 ImageProcessor          com.example.myapplication            D  ❌ Вопрос 5 неправильный - нужна фоновая проверка
2025-08-04 20:19:51.698 11576-12238 ImageProcessor          com.example.myapplication            D  ✅ Вопрос 6 правильный
2025-08-04 20:19:51.698 11576-12238 ImageProcessor          com.example.myapplication            D  ❌ Вопрос 7 неправильный - нужна фоновая проверка
2025-08-04 20:19:51.698 11576-12238 ImageProcessor          com.example.myapplication            D  ❌ Вопрос 8 неправильный - нужна фоновая проверка
2025-08-04 20:19:51.698 11576-12238 ImageProcessor          com.example.myapplication            D  ❌ Вопрос 9 неправильный - нужна фоновая проверка
2025-08-04 20:19:51.698 11576-12238 ImageProcessor          com.example.myapplication            D  🔄 ЭТАП 3: Фоновая проверка 6 вопросов с ошибками...
2025-08-04 20:19:52.093 11576-11584 e.myapplication         com.example.myapplication            I  Background concurrent mark compact GC freed 11MB AllocSpace bytes, 4(2368KB) LOS objects, 49% free, 13MB/26MB, paused 197us,7.763ms total 55.386ms
2025-08-04 20:19:52.704 11576-11584 e.myapplication         com.example.myapplication            I  Background concurrent mark compact GC freed 11MB AllocSpace bytes, 4(2368KB) LOS objects, 49% free, 13MB/26MB, paused 215us,7.212ms total 54.039ms
2025-08-04 20:19:55.127 11576-11584 e.myapplication         com.example.myapplication            I  Background concurrent mark compact GC freed 11MB AllocSpace bytes, 4(2368KB) LOS objects, 49% free, 13MB/26MB, paused 206us,8.497ms total 58.236ms
2025-08-04 20:19:56.255 11576-12238 OnnxModel               com.example.myapplication            I  ⚡ Батч-обработка 30 изображений за 4546мс (среднее: 151,5мс на изображение)
2025-08-04 20:19:56.255 11576-12238 ImageProcessor          com.example.myapplication            D  ⚡ Ячейки с ошибками обработаны за 4547мс
2025-08-04 20:19:56.255 11576-12238 ImageProcessor          com.example.myapplication            D  🔍 Ошибочная ячейка [0][0] = ПУСТОЕ (0%)
2025-08-04 20:19:56.255 11576-12238 ImageProcessor          com.example.myapplication            D  🔍 Ошибочная ячейка [0][1] = ПУСТОЕ (0%)
2025-08-04 20:19:56.255 11576-12238 ImageProcessor          com.example.myapplication            D  🔍 Ошибочная ячейка [0][2] = ЗАПОЛНЕНО (99%)
2025-08-04 20:19:56.255 11576-12238 ImageProcessor          com.example.myapplication            D  🔍 Ошибочная ячейка [0][3] = ПУСТОЕ (0%)
2025-08-04 20:19:56.255 11576-12238 ImageProcessor          com.example.myapplication            D  🔍 Ошибочная ячейка [0][4] = ПУСТОЕ (0%)
2025-08-04 20:19:56.255 11576-12238 ImageProcessor          com.example.myapplication            D  🔍 Ошибочная ячейка [3][0] = ПУСТОЕ (0%)
2025-08-04 20:19:56.255 11576-12238 ImageProcessor          com.example.myapplication            D  🔍 Ошибочная ячейка [3][1] = ЗАПОЛНЕНО (100%)
2025-08-04 20:19:56.255 11576-12238 ImageProcessor          com.example.myapplication            D  🔍 Ошибочная ячейка [3][2] = ПУСТОЕ (0%)
2025-08-04 20:19:56.255 11576-12238 ImageProcessor          com.example.myapplication            D  🔍 Ошибочная ячейка [3][3] = ПУСТОЕ (0%)
2025-08-04 20:19:56.255 11576-12238 ImageProcessor          com.example.myapplication            D  🔍 Ошибочная ячейка [3][4] = ПУСТОЕ (0%)
2025-08-04 20:19:56.256 11576-12238 ImageProcessor          com.example.myapplication            D  🔍 Ошибочная ячейка [5][0] = ЗАПОЛНЕНО (100%)
2025-08-04 20:19:56.256 11576-12238 ImageProcessor          com.example.myapplication            D  🔍 Ошибочная ячейка [5][1] = ПУСТОЕ (0%)
2025-08-04 20:19:56.256 11576-12238 ImageProcessor          com.example.myapplication            D  🔍 Ошибочная ячейка [5][2] = ПУСТОЕ (0%)
2025-08-04 20:19:56.256 11576-12238 ImageProcessor          com.example.myapplication            D  🔍 Ошибочная ячейка [5][3] = ПУСТОЕ (0%)
2025-08-04 20:19:56.256 11576-12238 ImageProcessor          com.example.myapplication            D  🔍 Ошибочная ячейка [5][4] = ПУСТОЕ (0%)
2025-08-04 20:19:56.256 11576-12238 ImageProcessor          com.example.myapplication            D  🔍 Ошибочная ячейка [7][0] = ПУСТОЕ (0%)
2025-08-04 20:19:56.256 11576-12238 ImageProcessor          com.example.myapplication            D  🔍 Ошибочная ячейка [7][1] = ПУСТОЕ (0%)
2025-08-04 20:19:56.256 11576-12238 ImageProcessor          com.example.myapplication            D  🔍 Ошибочная ячейка [7][2] = ПУСТОЕ (0%)
2025-08-04 20:19:56.256 11576-12238 ImageProcessor          com.example.myapplication            D  🔍 Ошибочная ячейка [7][3] = ЗАПОЛНЕНО (100%)
2025-08-04 20:19:56.256 11576-12238 ImageProcessor          com.example.myapplication            D  🔍 Ошибочная ячейка [7][4] = ПУСТОЕ (0%)
2025-08-04 20:19:56.256 11576-12238 ImageProcessor          com.example.myapplication            D  🔍 Ошибочная ячейка [8][0] = ПУСТОЕ (0%)
2025-08-04 20:19:56.256 11576-12238 ImageProcessor          com.example.myapplication            D  🔍 Ошибочная ячейка [8][1] = ЗАПОЛНЕНО (100%)
2025-08-04 20:19:56.256 11576-12238 ImageProcessor          com.example.myapplication            D  🔍 Ошибочная ячейка [8][2] = ПУСТОЕ (0%)
2025-08-04 20:19:56.256 11576-12238 ImageProcessor          com.example.myapplication            D  🔍 Ошибочная ячейка [8][3] = ПУСТОЕ (0%)
2025-08-04 20:19:56.256 11576-12238 ImageProcessor          com.example.myapplication            D  🔍 Ошибочная ячейка [8][4] = ПУСТОЕ (0%)
2025-08-04 20:19:56.256 11576-12238 ImageProcessor          com.example.myapplication            D  🔍 Ошибочная ячейка [9][0] = ПУСТОЕ (0%)
2025-08-04 20:19:56.256 11576-12238 ImageProcessor          com.example.myapplication            D  🔍 Ошибочная ячейка [9][1] = ПУСТОЕ (0%)
2025-08-04 20:19:56.256 11576-12238 ImageProcessor          com.example.myapplication            D  🔍 Ошибочная ячейка [9][2] = ЗАПОЛНЕНО (100%)
2025-08-04 20:19:56.256 11576-12238 ImageProcessor          com.example.myapplication            D  🔍 Ошибочная ячейка [9][3] = ПУСТОЕ (0%)
2025-08-04 20:19:56.257 11576-12238 ImageProcessor          com.example.myapplication            D  🔍 Ошибочная ячейка [9][4] = ПУСТОЕ (0%)
2025-08-04 20:19:56.257 11576-12238 ImageProcessor          com.example.myapplication            D  🔄 Вопрос 0: выбран ответ 2, правильный 0
2025-08-04 20:19:56.257 11576-12238 ImageProcessor          com.example.myapplication            D  🔄 Вопрос 3: выбран ответ 1, правильный 3
2025-08-04 20:19:56.257 11576-12238 ImageProcessor          com.example.myapplication            D  🔄 Вопрос 5: выбран ответ 0, правильный 3
2025-08-04 20:19:56.257 11576-12238 ImageProcessor          com.example.myapplication            D  🔄 Вопрос 7: выбран ответ 3, правильный 1
2025-08-04 20:19:56.257 11576-12238 ImageProcessor          com.example.myapplication            D  🔄 Вопрос 8: выбран ответ 1, правильный 0
2025-08-04 20:19:56.257 11576-12238 ImageProcessor          com.example.myapplication            D  🔄 Вопрос 9: выбран ответ 2, правильный 1
2025-08-04 20:19:56.258 11576-12238 ImageProcessor          com.example.myapplication            D  ✅ Приоритетная обработка завершена: 4/10 правильных ответов
2025-08-04 20:19:56.258 11576-12238 ImageProcessor          com.example.myapplication            D  📊 Эталонных ячеек: 10, вопросов с ошибками: 6
2025-08-04 20:19:56.258 11576-12238 ImageProcessor          com.example.myapplication            D  📊 Размеры массивов: selectedAnswers=10, grading=10, correctAnswers=10
2025-08-04 20:19:56.258 11576-12238 ImageProcessor          com.example.myapplication            D  📊 selectedAnswers: [2, 1, 2, 1, 4, 0, 2, 3, 1, 2]
2025-08-04 20:19:56.258 11576-12238 ImageProcessor          com.example.myapplication            D  📊 grading: [0, 1, 1, 0, 1, 0, 1, 0, 0, 0]
2025-08-04 20:19:56.262 11576-12238 BatchActivity           com.example.myapplication            D  📊 Обработка результатов: detectedAnswers.size=10, currentQuestions=10, correctAnswers.size=10
2025-08-04 20:19:56.262 11576-12238 BatchActivity           com.example.myapplication            D  🎯 Расчет оценки: процент=40%, тип=PERCENTAGE, результат=2
2025-08-04 20:19:56.262 11576-12238 BatchActivity           com.example.myapplication            D  📊 Результаты обработки: 4/10 = 40,0%, оценка: 2
2025-08-04 20:19:56.262 11576-11576 BatchActivity           com.example.myapplication            D  📝 Добавляем результат: 1000002169.jpg, правильных: 4/10
2025-08-04 20:19:56.263 11576-11576 BatchResultsAdapter     com.example.myapplication            D  📊 getItemCount: 14
2025-08-04 20:19:56.263 11576-11576 BatchResultsAdapter     com.example.myapplication            D  📊 getItemCount: 14
2025-08-04 20:19:56.263 11576-11576 BatchActivity           com.example.myapplication            D  📊 Всего результатов в адаптере: 14
2025-08-04 20:19:56.263 11576-11576 BatchActivity           com.example.myapplication            D  📏 Высота RecyclerView: 8454
2025-08-04 20:19:56.277 11576-11576 BatchResultsAdapter     com.example.myapplication            D  📊 getItemCount: 14
2025-08-04 20:19:56.277 11576-11576 BatchResultsAdapter     com.example.myapplication            D  📊 getItemCount: 14
2025-08-04 20:19:56.281 11576-11576 BatchResultsAdapter     com.example.myapplication            D  📊 getItemCount: 14
2025-08-04 20:19:56.281 11576-11576 BatchResultsAdapter     com.example.myapplication            D  🔗 Привязываем элемент 0: 1000002182.jpg
2025-08-04 20:19:56.285 11576-11576 BatchResultsAdapter     com.example.myapplication            D  📊 getItemCount: 14
2025-08-04 20:19:56.285 11576-11576 BatchResultsAdapter     com.example.myapplication            D  🔗 Привязываем элемент 1: 1000002181.jpg
2025-08-04 20:19:56.288 11576-11576 BatchResultsAdapter     com.example.myapplication            D  📊 getItemCount: 14
2025-08-04 20:19:56.288 11576-11576 BatchResultsAdapter     com.example.myapplication            D  🔗 Привязываем элемент 2: 1000002180.jpg
2025-08-04 20:19:56.291 11576-11576 BatchResultsAdapter     com.example.myapplication            D  📊 getItemCount: 14
2025-08-04 20:19:56.291 11576-11576 BatchResultsAdapter     com.example.myapplication            D  🔗 Привязываем элемент 3: 1000002179.jpg
2025-08-04 20:19:56.294 11576-11576 BatchResultsAdapter     com.example.myapplication            D  📊 getItemCount: 14
2025-08-04 20:19:56.294 11576-11576 BatchResultsAdapter     com.example.myapplication            D  🔗 Привязываем элемент 4: 1000002178.jpg
2025-08-04 20:19:56.296 11576-11576 BatchResultsAdapter     com.example.myapplication            D  📊 getItemCount: 14
2025-08-04 20:19:56.307 11576-11576 BatchResultsAdapter     com.example.myapplication            D  🔗 Привязываем элемент 5: 1000002177.jpg
2025-08-04 20:19:56.311 11576-11576 BatchResultsAdapter     com.example.myapplication            D  📊 getItemCount: 14
2025-08-04 20:19:56.318 11576-12238 skia                    com.example.myapplication            D  SkJpegCodec::onGetPixels + (3000, 4000)
2025-08-04 20:19:56.318 11576-12238 skia                    com.example.myapplication            D  stream rewind not support
2025-08-04 20:19:56.323 11576-11576 BatchResultsAdapter     com.example.myapplication            D  🔗 Привязываем элемент 6: 1000002176.jpg
2025-08-04 20:19:56.326 11576-11576 BatchResultsAdapter     com.example.myapplication            D  📊 getItemCount: 14
2025-08-04 20:19:56.335 11576-11576 BatchResultsAdapter     com.example.myapplication            D  🔗 Привязываем элемент 7: 1000002175.jpg
2025-08-04 20:19:56.338 11576-11576 BatchResultsAdapter     com.example.myapplication            D  📊 getItemCount: 14
2025-08-04 20:19:56.348 11576-11576 BatchResultsAdapter     com.example.myapplication            D  🔗 Привязываем элемент 8: 1000002174.jpg
2025-08-04 20:19:56.351 11576-11576 BatchResultsAdapter     com.example.myapplication            D  📊 getItemCount: 14
2025-08-04 20:19:56.361 11576-11576 BatchResultsAdapter     com.example.myapplication            D  🔗 Привязываем элемент 9: 1000002173.jpg
2025-08-04 20:19:56.364 11576-11576 BatchResultsAdapter     com.example.myapplication            D  📊 getItemCount: 14
2025-08-04 20:19:56.374 11576-11576 BatchResultsAdapter     com.example.myapplication            D  🔗 Привязываем элемент 10: 1000002172.jpg
2025-08-04 20:19:56.377 11576-11576 BatchResultsAdapter     com.example.myapplication            D  📊 getItemCount: 14
2025-08-04 20:19:56.387 11576-11576 BatchResultsAdapter     com.example.myapplication            D  🔗 Привязываем элемент 11: 1000002171.jpg
2025-08-04 20:19:56.391 11576-11576 BatchResultsAdapter     com.example.myapplication            D  📊 getItemCount: 14
2025-08-04 20:19:56.400 11576-11576 BatchResultsAdapter     com.example.myapplication            D  🔗 Привязываем элемент 12: 1000002170.jpg
2025-08-04 20:19:56.405 11576-11576 BatchResultsAdapter     com.example.myapplication            D  📊 getItemCount: 14
2025-08-04 20:19:56.415 11576-11576 BatchResultsAdapter     com.example.myapplication            D  🔗 Привязываем элемент 13: 1000002169.jpg
2025-08-04 20:19:56.419 11576-11576 oplus.andr...actoryImpl com.example.myapplication            I  get feature:IOplusDynamicVsyncFeature
2025-08-04 20:19:56.419 11576-11576 oplus.andr...actoryImpl com.example.myapplication            I  get feature:IOplusDynamicVsyncFeature
2025-08-04 20:19:56.419 11576-11576 oplus.andr...actoryImpl com.example.myapplication            I  get feature:IOplusDynamicVsyncFeature
2025-08-04 20:19:56.419 11576-11576 OplusViewDebugManager   com.example.myapplication            D  OplusViewDebugManager Constructor android.view.debug.OplusViewDebugManager@2258be1 [mHasViewDebugProperty true] [mHasMsgDebugProperty false] [DEBUG false] [EXTRAINFOENABLE false] [LIGHT_OS true]
2025-08-04 20:19:56.419 11576-11576 OplusViewDebugManager   com.example.myapplication            D  OplusViewDebugManager Constructor android.view.debug.OplusViewDebugManager@ba14d06 [mHasViewDebugProperty true] [mHasMsgDebugProperty false] [DEBUG false] [EXTRAINFOENABLE false] [LIGHT_OS true]
2025-08-04 20:19:56.420 11576-11576 BatchResultsAdapter     com.example.myapplication            D  📊 getItemCount: 14
2025-08-04 20:19:56.420 11576-11576 BatchResultsAdapter     com.example.myapplication            D  📊 getItemCount: 14
2025-08-04 20:19:56.420 11576-11576 BatchResultsAdapter     com.example.myapplication            D  📊 getItemCount: 14
2025-08-04 20:19:56.421 11576-11576 BatchResultsAdapter     com.example.myapplication            D  📊 getItemCount: 14
2025-08-04 20:19:56.421 11576-11576 BatchResultsAdapter     com.example.myapplication            D  📊 getItemCount: 14
2025-08-04 20:19:56.421 11576-11576 BatchResultsAdapter     com.example.myapplication            D  📊 getItemCount: 14
2025-08-04 20:19:56.421 11576-11576 BatchResultsAdapter     com.example.myapplication            D  📊 getItemCount: 14
2025-08-04 20:19:56.421 11576-11576 BatchResultsAdapter     com.example.myapplication            D  📊 getItemCount: 14
2025-08-04 20:19:56.421 11576-11576 BatchResultsAdapter     com.example.myapplication            D  📊 getItemCount: 14
2025-08-04 20:19:56.421 11576-11576 BatchResultsAdapter     com.example.myapplication            D  📊 getItemCount: 14
2025-08-04 20:19:56.421 11576-11576 BatchResultsAdapter     com.example.myapplication            D  📊 getItemCount: 14
2025-08-04 20:19:56.422 11576-11576 BatchResultsAdapter     com.example.myapplication            D  📊 getItemCount: 14
2025-08-04 20:19:56.422 11576-11576 BatchResultsAdapter     com.example.myapplication            D  📊 getItemCount: 14
2025-08-04 20:19:56.422 11576-11576 BatchResultsAdapter     com.example.myapplication            D  📊 getItemCount: 14
2025-08-04 20:19:56.422 11576-11576 BatchResultsAdapter     com.example.myapplication            D  📊 getItemCount: 14
2025-08-04 20:19:56.422 11576-11576 BatchResultsAdapter     com.example.myapplication            D  📊 getItemCount: 14
2025-08-04 20:19:56.422 11576-11576 BatchResultsAdapter     com.example.myapplication            D  📊 getItemCount: 14
2025-08-04 20:19:56.423 11576-11576 BatchResultsAdapter     com.example.myapplication            D  📊 getItemCount: 14
2025-08-04 20:19:56.423 11576-11576 BatchResultsAdapter     com.example.myapplication            D  📊 getItemCount: 14
2025-08-04 20:19:56.423 11576-11576 BatchResultsAdapter     com.example.myapplication            D  📊 getItemCount: 14
2025-08-04 20:19:56.423 11576-11576 BatchResultsAdapter     com.example.myapplication            D  📊 getItemCount: 14
2025-08-04 20:19:56.423 11576-11576 BatchResultsAdapter     com.example.myapplication            D  📊 getItemCount: 14
2025-08-04 20:19:56.423 11576-11576 BatchResultsAdapter     com.example.myapplication            D  📊 getItemCount: 14
2025-08-04 20:19:56.423 11576-11576 BatchResultsAdapter     com.example.myapplication            D  📊 getItemCount: 14
2025-08-04 20:19:56.424 11576-11576 BatchResultsAdapter     com.example.myapplication            D  📊 getItemCount: 14
2025-08-04 20:19:56.424 11576-11576 BatchResultsAdapter     com.example.myapplication            D  📊 getItemCount: 14
2025-08-04 20:19:56.424 11576-11576 BatchResultsAdapter     com.example.myapplication            D  📊 getItemCount: 14
2025-08-04 20:19:56.424 11576-11576 BatchResultsAdapter     com.example.myapplication            D  📊 getItemCount: 14
2025-08-04 20:19:56.424 11576-11576 BatchResultsAdapter     com.example.myapplication            D  📊 getItemCount: 14
2025-08-04 20:19:56.424 11576-11576 BatchResultsAdapter     com.example.myapplication            D  📊 getItemCount: 14
2025-08-04 20:19:56.424 11576-11576 BatchResultsAdapter     com.example.myapplication            D  📊 getItemCount: 14
2025-08-04 20:19:56.456 11576-12238 skia                    com.example.myapplication            D  SkJpegCodec::onGetPixels -
2025-08-04 20:19:56.463 11576-12238 ImageProcessor          com.example.myapplication            D  🔍 Начинаем ML обработку кадра: 3000x4000
2025-08-04 20:19:56.464 11576-12238 ImageProcessor          com.example.myapplication            D  🤖 ML модель готова: true
2025-08-04 20:19:56.541 11576-12238 ImageProcessor          com.example.myapplication            D  📊 Найдено контуров: 69
2025-08-04 20:19:56.541 11576-12238 ImageProcessor          com.example.myapplication            D  🔍 Анализируем 69 найденных контуров...
2025-08-04 20:19:56.542 11576-12238 ImageProcessor          com.example.myapplication            D  📐 Контур: площадь=104028.5, углов=4
2025-08-04 20:19:56.542 11576-12238 ImageProcessor          com.example.myapplication            D  ✅ Найден прямоугольный контур площадью: 104028.5
2025-08-04 20:19:56.542 11576-12238 ImageProcessor          com.example.myapplication            D  📐 Контур: площадь=163.0, углов=2
2025-08-04 20:19:56.542 11576-12238 ImageProcessor          com.example.myapplication            D  📐 Контур: площадь=61.0, углов=8
2025-08-04 20:19:56.542 11576-12238 ImageProcessor          com.example.myapplication            D  📐 Контур: площадь=134.5, углов=16
2025-08-04 20:19:56.542 11576-12238 ImageProcessor          com.example.myapplication            D  📐 Контур: площадь=56.5, углов=13
2025-08-04 20:19:56.543 11576-12238 ImageProcessor          com.example.myapplication            D  📐 Контур: площадь=79.0, углов=11
2025-08-04 20:19:56.543 11576-12238 ImageProcessor          com.example.myapplication            D  📐 Контур: площадь=71.5, углов=9
2025-08-04 20:19:56.543 11576-12238 ImageProcessor          com.example.myapplication            D  📐 Контур: площадь=143.5, углов=12
2025-08-04 20:19:56.543 11576-12238 ImageProcessor          com.example.myapplication            D  📐 Контур: площадь=148.0, углов=9
2025-08-04 20:19:56.543 11576-12238 ImageProcessor          com.example.myapplication            D  📐 Контур: площадь=279.0, углов=9
2025-08-04 20:19:56.543 11576-12238 ImageProcessor          com.example.myapplication            D  📐 Контур: площадь=129.5, углов=19
2025-08-04 20:19:56.543 11576-12238 ImageProcessor          com.example.myapplication            D  📐 Контур: площадь=395.5, углов=10
2025-08-04 20:19:56.543 11576-12238 ImageProcessor          com.example.myapplication            D  📐 Контур: площадь=90.5, углов=8
2025-08-04 20:19:56.544 11576-12238 ImageProcessor          com.example.myapplication            D  📐 Контур: площадь=83.0, углов=10
2025-08-04 20:19:56.544 11576-12238 ImageProcessor          com.example.myapplication            D  📐 Контур: площадь=117.0, углов=8
2025-08-04 20:19:56.544 11576-12238 ImageProcessor          com.example.myapplication            D  📐 Контур: площадь=127.0, углов=11
2025-08-04 20:19:56.544 11576-12238 ImageProcessor          com.example.myapplication            D  📐 Контур: площадь=71.0, углов=6
2025-08-04 20:19:56.544 11576-12238 ImageProcessor          com.example.myapplication            D  📐 Контур: площадь=93.0, углов=16
2025-08-04 20:19:56.544 11576-12238 ImageProcessor          com.example.myapplication            D  📐 Контур: площадь=51.5, углов=13
2025-08-04 20:19:56.544 11576-12238 ImageProcessor          com.example.myapplication            D  📐 Контур: площадь=283.5, углов=15
2025-08-04 20:19:56.545 11576-12238 ImageProcessor          com.example.myapplication            D  📐 Контур: площадь=173.5, углов=15
2025-08-04 20:19:56.545 11576-12238 ImageProcessor          com.example.myapplication            D  📐 Контур: площадь=86.0, углов=9
2025-08-04 20:19:56.545 11576-12238 ImageProcessor          com.example.myapplication            D  📐 Контур: площадь=106.5, углов=12
2025-08-04 20:19:56.545 11576-12238 ImageProcessor          com.example.myapplication            D  📐 Контур: площадь=112.5, углов=14
2025-08-04 20:19:56.545 11576-12238 ImageProcessor          com.example.myapplication            D  📐 Контур: площадь=124.5, углов=10
2025-08-04 20:19:56.545 11576-12238 ImageProcessor          com.example.myapplication            D  📐 Контур: площадь=273.0, углов=12
2025-08-04 20:19:56.546 11576-12238 ImageProcessor          com.example.myapplication            D  📐 Контур: площадь=186.0, углов=15
2025-08-04 20:19:56.546 11576-12238 ImageProcessor          com.example.myapplication            D  📐 Контур: площадь=132.5, углов=7
2025-08-04 20:19:56.546 11576-12238 ImageProcessor          com.example.myapplication            D  📊 Найдено прямоугольных контуров: 1
2025-08-04 20:19:56.546 11576-12238 ImageProcessor          com.example.myapplication            D  🎯 Выбран самый большой контур площадью: 102669.0
2025-08-04 20:19:56.546 11576-12238 ImageProcessor          com.example.myapplication            D  🎯 Контур бланка найден, обрабатываем...
2025-08-04 20:19:56.555 11576-12238 ImageProcessor          com.example.myapplication            D  📋 Приоритетная обработка тестового бланка: 800x800
2025-08-04 20:19:56.557 11576-12238 ImageProcessor          com.example.myapplication            D  🚀 ЭТАП 1: Обрабатываем только эталонные ячейки...
2025-08-04 20:19:56.557 11576-12238 ImageProcessor          com.example.myapplication            D  🎯 Эталонная ячейка [0][0] добавлена в приоритетный батч
2025-08-04 20:19:56.557 11576-12238 ImageProcessor          com.example.myapplication            D  🎯 Эталонная ячейка [1][1] добавлена в приоритетный батч
2025-08-04 20:19:56.557 11576-12238 ImageProcessor          com.example.myapplication            D  🎯 Эталонная ячейка [2][2] добавлена в приоритетный батч
2025-08-04 20:19:56.558 11576-12238 ImageProcessor          com.example.myapplication            D  🎯 Эталонная ячейка [3][3] добавлена в приоритетный батч
2025-08-04 20:19:56.558 11576-12238 ImageProcessor          com.example.myapplication            D  🎯 Эталонная ячейка [4][4] добавлена в приоритетный батч
2025-08-04 20:19:56.558 11576-12238 ImageProcessor          com.example.myapplication            D  🎯 Эталонная ячейка [5][3] добавлена в приоритетный батч
2025-08-04 20:19:56.558 11576-12238 ImageProcessor          com.example.myapplication            D  🎯 Эталонная ячейка [6][2] добавлена в приоритетный батч
2025-08-04 20:19:56.559 11576-12238 ImageProcessor          com.example.myapplication            D  🎯 Эталонная ячейка [7][1] добавлена в приоритетный батч
2025-08-04 20:19:56.559 11576-12238 ImageProcessor          com.example.myapplication            D  🎯 Эталонная ячейка [8][0] добавлена в приоритетный батч
2025-08-04 20:19:56.559 11576-12238 ImageProcessor          com.example.myapplication            D  🎯 Эталонная ячейка [9][1] добавлена в приоритетный батч
2025-08-04 20:19:56.624 11576-11584 e.myapplication         com.example.myapplication            I  NativeAlloc concurrent mark compact GC freed 12MB AllocSpace bytes, 5(2388KB) LOS objects, 49% free, 13MB/26MB, paused 204us,7.240ms total 68.515ms
2025-08-04 20:19:56.634 11576-11586 System                  com.example.myapplication            W  A resource failed to call close. 
2025-08-04 20:19:58.089 11576-12238 OnnxModel               com.example.myapplication            I  ⚡ Батч-обработка 10 изображений за 1529мс (среднее: 152,9мс на изображение)
2025-08-04 20:19:58.089 11576-12238 ImageProcessor          com.example.myapplication            D  ⚡ Эталонные ячейки обработаны за 1530мс
2025-08-04 20:19:58.089 11576-12238 ImageProcessor          com.example.myapplication            D  ✅ Эталонная ячейка [0][0] = ПУСТОЕ (0%)
2025-08-04 20:19:58.089 11576-12238 ImageProcessor          com.example.myapplication            D  ✅ Эталонная ячейка [1][1] = ЗАПОЛНЕНО (100%)
2025-08-04 20:19:58.089 11576-12238 ImageProcessor          com.example.myapplication            D  ✅ Эталонная ячейка [2][2] = ЗАПОЛНЕНО (100%)
2025-08-04 20:19:58.089 11576-12238 ImageProcessor          com.example.myapplication            D  ✅ Эталонная ячейка [3][3] = ПУСТОЕ (0%)
2025-08-04 20:19:58.089 11576-12238 ImageProcessor          com.example.myapplication            D  ✅ Эталонная ячейка [4][4] = ЗАПОЛНЕНО (100%)
2025-08-04 20:19:58.089 11576-12238 ImageProcessor          com.example.myapplication            D  ✅ Эталонная ячейка [5][3] = ПУСТОЕ (0%)
2025-08-04 20:19:58.089 11576-12238 ImageProcessor          com.example.myapplication            D  ✅ Эталонная ячейка [6][2] = ЗАПОЛНЕНО (100%)
2025-08-04 20:19:58.089 11576-12238 ImageProcessor          com.example.myapplication            D  ✅ Эталонная ячейка [7][1] = ПУСТОЕ (0%)
2025-08-04 20:19:58.089 11576-12238 ImageProcessor          com.example.myapplication            D  ✅ Эталонная ячейка [8][0] = ПУСТОЕ (0%)
2025-08-04 20:19:58.089 11576-12238 ImageProcessor          com.example.myapplication            D  ✅ Эталонная ячейка [9][1] = ПУСТОЕ (0%)
2025-08-04 20:19:58.089 11576-12238 ImageProcessor          com.example.myapplication            D  🔍 ЭТАП 2: Проверяем результат эталонных ячеек...
2025-08-04 20:19:58.089 11576-12238 ImageProcessor          com.example.myapplication            D  ❌ Вопрос 0 неправильный - нужна фоновая проверка
2025-08-04 20:19:58.089 11576-12238 ImageProcessor          com.example.myapplication            D  ✅ Вопрос 1 правильный
2025-08-04 20:19:58.089 11576-12238 ImageProcessor          com.example.myapplication            D  ✅ Вопрос 2 правильный
2025-08-04 20:19:58.089 11576-12238 ImageProcessor          com.example.myapplication            D  ❌ Вопрос 3 неправильный - нужна фоновая проверка
2025-08-04 20:19:58.089 11576-12238 ImageProcessor          com.example.myapplication            D  ✅ Вопрос 4 правильный
2025-08-04 20:19:58.089 11576-12238 ImageProcessor          com.example.myapplication            D  ❌ Вопрос 5 неправильный - нужна фоновая проверка
2025-08-04 20:19:58.089 11576-12238 ImageProcessor          com.example.myapplication            D  ✅ Вопрос 6 правильный
2025-08-04 20:19:58.089 11576-12238 ImageProcessor          com.example.myapplication            D  ❌ Вопрос 7 неправильный - нужна фоновая проверка
2025-08-04 20:19:58.089 11576-12238 ImageProcessor          com.example.myapplication            D  ❌ Вопрос 8 неправильный - нужна фоновая проверка
2025-08-04 20:19:58.089 11576-12238 ImageProcessor          com.example.myapplication            D  ❌ Вопрос 9 неправильный - нужна фоновая проверка
2025-08-04 20:19:58.089 11576-12238 ImageProcessor          com.example.myapplication            D  🔄 ЭТАП 3: Фоновая проверка 6 вопросов с ошибками...
2025-08-04 20:20:00.913 11576-11584 e.myapplication         com.example.myapplication            I  Background concurrent mark compact GC freed 11MB AllocSpace bytes, 4(2368KB) LOS objects, 49% free, 13MB/26MB, paused 189us,7.640ms total 59.209ms
2025-08-04 20:20:02.101 11576-11584 e.myapplication         com.example.myapplication            I  Background concurrent mark compact GC freed 11MB AllocSpace bytes, 4(2368KB) LOS objects, 49% free, 13MB/26MB, paused 395us,7.871ms total 50.082ms
2025-08-04 20:20:02.636 11576-12238 OnnxModel               com.example.myapplication            I  ⚡ Батч-обработка 30 изображений за 4543мс (среднее: 151,4мс на изображение)
2025-08-04 20:20:02.636 11576-12238 ImageProcessor          com.example.myapplication            D  ⚡ Ячейки с ошибками обработаны за 4543мс
2025-08-04 20:20:02.637 11576-12238 ImageProcessor          com.example.myapplication            D  🔍 Ошибочная ячейка [0][0] = ПУСТОЕ (0%)
2025-08-04 20:20:02.637 11576-12238 ImageProcessor          com.example.myapplication            D  🔍 Ошибочная ячейка [0][1] = ПУСТОЕ (0%)
2025-08-04 20:20:02.637 11576-12238 ImageProcessor          com.example.myapplication            D  🔍 Ошибочная ячейка [0][2] = ЗАПОЛНЕНО (99%)
2025-08-04 20:20:02.637 11576-12238 ImageProcessor          com.example.myapplication            D  🔍 Ошибочная ячейка [0][3] = ПУСТОЕ (0%)
2025-08-04 20:20:02.637 11576-12238 ImageProcessor          com.example.myapplication            D  🔍 Ошибочная ячейка [0][4] = ПУСТОЕ (0%)
2025-08-04 20:20:02.637 11576-12238 ImageProcessor          com.example.myapplication            D  🔍 Ошибочная ячейка [3][0] = ПУСТОЕ (0%)
2025-08-04 20:20:02.637 11576-12238 ImageProcessor          com.example.myapplication            D  🔍 Ошибочная ячейка [3][1] = ЗАПОЛНЕНО (99%)
2025-08-04 20:20:02.637 11576-12238 ImageProcessor          com.example.myapplication            D  🔍 Ошибочная ячейка [3][2] = ПУСТОЕ (0%)
2025-08-04 20:20:02.637 11576-12238 ImageProcessor          com.example.myapplication            D  🔍 Ошибочная ячейка [3][3] = ПУСТОЕ (0%)
2025-08-04 20:20:02.637 11576-12238 ImageProcessor          com.example.myapplication            D  🔍 Ошибочная ячейка [3][4] = ПУСТОЕ (0%)
2025-08-04 20:20:02.637 11576-12238 ImageProcessor          com.example.myapplication            D  🔍 Ошибочная ячейка [5][0] = ЗАПОЛНЕНО (99%)
2025-08-04 20:20:02.637 11576-12238 ImageProcessor          com.example.myapplication            D  🔍 Ошибочная ячейка [5][1] = ПУСТОЕ (0%)
2025-08-04 20:20:02.637 11576-12238 ImageProcessor          com.example.myapplication            D  🔍 Ошибочная ячейка [5][2] = ПУСТОЕ (0%)
2025-08-04 20:20:02.637 11576-12238 ImageProcessor          com.example.myapplication            D  🔍 Ошибочная ячейка [5][3] = ПУСТОЕ (0%)
2025-08-04 20:20:02.637 11576-12238 ImageProcessor          com.example.myapplication            D  🔍 Ошибочная ячейка [5][4] = ПУСТОЕ (0%)
2025-08-04 20:20:02.637 11576-12238 ImageProcessor          com.example.myapplication            D  🔍 Ошибочная ячейка [7][0] = ПУСТОЕ (0%)
2025-08-04 20:20:02.637 11576-12238 ImageProcessor          com.example.myapplication            D  🔍 Ошибочная ячейка [7][1] = ПУСТОЕ (0%)
2025-08-04 20:20:02.637 11576-12238 ImageProcessor          com.example.myapplication            D  🔍 Ошибочная ячейка [7][2] = ПУСТОЕ (0%)
2025-08-04 20:20:02.637 11576-12238 ImageProcessor          com.example.myapplication            D  🔍 Ошибочная ячейка [7][3] = ЗАПОЛНЕНО (99%)
2025-08-04 20:20:02.637 11576-12238 ImageProcessor          com.example.myapplication            D  🔍 Ошибочная ячейка [7][4] = ПУСТОЕ (0%)
2025-08-04 20:20:02.637 11576-12238 ImageProcessor          com.example.myapplication            D  🔍 Ошибочная ячейка [8][0] = ПУСТОЕ (0%)
2025-08-04 20:20:02.637 11576-12238 ImageProcessor          com.example.myapplication            D  🔍 Ошибочная ячейка [8][1] = ЗАПОЛНЕНО (100%)
2025-08-04 20:20:02.637 11576-12238 ImageProcessor          com.example.myapplication            D  🔍 Ошибочная ячейка [8][2] = ПУСТОЕ (0%)
2025-08-04 20:20:02.637 11576-12238 ImageProcessor          com.example.myapplication            D  🔍 Ошибочная ячейка [8][3] = ПУСТОЕ (0%)
2025-08-04 20:20:02.637 11576-12238 ImageProcessor          com.example.myapplication            D  🔍 Ошибочная ячейка [8][4] = ПУСТОЕ (0%)
2025-08-04 20:20:02.637 11576-12238 ImageProcessor          com.example.myapplication            D  🔍 Ошибочная ячейка [9][0] = ПУСТОЕ (0%)
2025-08-04 20:20:02.637 11576-12238 ImageProcessor          com.example.myapplication            D  🔍 Ошибочная ячейка [9][1] = ПУСТОЕ (0%)
2025-08-04 20:20:02.638 11576-12238 ImageProcessor          com.example.myapplication            D  🔍 Ошибочная ячейка [9][2] = ЗАПОЛНЕНО (100%)
2025-08-04 20:20:02.638 11576-12238 ImageProcessor          com.example.myapplication            D  🔍 Ошибочная ячейка [9][3] = ПУСТОЕ (0%)
2025-08-04 20:20:02.638 11576-12238 ImageProcessor          com.example.myapplication            D  🔍 Ошибочная ячейка [9][4] = ПУСТОЕ (0%)
2025-08-04 20:20:02.638 11576-12238 ImageProcessor          com.example.myapplication            D  🔄 Вопрос 0: выбран ответ 2, правильный 0
2025-08-04 20:20:02.638 11576-12238 ImageProcessor          com.example.myapplication            D  🔄 Вопрос 3: выбран ответ 1, правильный 3
2025-08-04 20:20:02.638 11576-12238 ImageProcessor          com.example.myapplication            D  🔄 Вопрос 5: выбран ответ 0, правильный 3
2025-08-04 20:20:02.638 11576-12238 ImageProcessor          com.example.myapplication            D  🔄 Вопрос 7: выбран ответ 3, правильный 1
2025-08-04 20:20:02.638 11576-12238 ImageProcessor          com.example.myapplication            D  🔄 Вопрос 8: выбран ответ 1, правильный 0
2025-08-04 20:20:02.638 11576-12238 ImageProcessor          com.example.myapplication            D  🔄 Вопрос 9: выбран ответ 2, правильный 1
2025-08-04 20:20:02.639 11576-12238 ImageProcessor          com.example.myapplication            D  ✅ Приоритетная обработка завершена: 4/10 правильных ответов
2025-08-04 20:20:02.639 11576-12238 ImageProcessor          com.example.myapplication            D  📊 Эталонных ячеек: 10, вопросов с ошибками: 6
2025-08-04 20:20:02.639 11576-12238 ImageProcessor          com.example.myapplication            D  📊 Размеры массивов: selectedAnswers=10, grading=10, correctAnswers=10
2025-08-04 20:20:02.639 11576-12238 ImageProcessor          com.example.myapplication            D  📊 selectedAnswers: [2, 1, 2, 1, 4, 0, 2, 3, 1, 2]
2025-08-04 20:20:02.639 11576-12238 ImageProcessor          com.example.myapplication            D  📊 grading: [0, 1, 1, 0, 1, 0, 1, 0, 0, 0]
2025-08-04 20:20:02.642 11576-12238 BatchActivity           com.example.myapplication            D  📊 Обработка результатов: detectedAnswers.size=10, currentQuestions=10, correctAnswers.size=10
2025-08-04 20:20:02.642 11576-12238 BatchActivity           com.example.myapplication            D  🎯 Расчет оценки: процент=40%, тип=PERCENTAGE, результат=2
2025-08-04 20:20:02.643 11576-12238 BatchActivity           com.example.myapplication            D  📊 Результаты обработки: 4/10 = 40,0%, оценка: 2
2025-08-04 20:20:02.643 11576-11576 BatchActivity           com.example.myapplication            D  📝 Добавляем результат: 1000002168.jpg, правильных: 4/10
2025-08-04 20:20:02.643 11576-11576 BatchResultsAdapter     com.example.myapplication            D  📊 getItemCount: 15
2025-08-04 20:20:02.643 11576-11576 BatchResultsAdapter     com.example.myapplication            D  📊 getItemCount: 15
2025-08-04 20:20:02.643 11576-11576 BatchActivity           com.example.myapplication            D  📊 Всего результатов в адаптере: 15
2025-08-04 20:20:02.644 11576-11576 BatchActivity           com.example.myapplication            D  📏 Высота RecyclerView: 9107
2025-08-04 20:20:02.654 11576-11576 BatchResultsAdapter     com.example.myapplication            D  📊 getItemCount: 15
2025-08-04 20:20:02.654 11576-11576 BatchResultsAdapter     com.example.myapplication            D  📊 getItemCount: 15
2025-08-04 20:20:02.657 11576-11576 BatchResultsAdapter     com.example.myapplication            D  📊 getItemCount: 15
2025-08-04 20:20:02.657 11576-11576 BatchResultsAdapter     com.example.myapplication            D  🔗 Привязываем элемент 0: 1000002182.jpg
2025-08-04 20:20:02.659 11576-11576 BatchResultsAdapter     com.example.myapplication            D  📊 getItemCount: 15
2025-08-04 20:20:02.659 11576-11576 BatchResultsAdapter     com.example.myapplication            D  🔗 Привязываем элемент 1: 1000002181.jpg
2025-08-04 20:20:02.662 11576-11576 BatchResultsAdapter     com.example.myapplication            D  📊 getItemCount: 15
2025-08-04 20:20:02.662 11576-11576 BatchResultsAdapter     com.example.myapplication            D  🔗 Привязываем элемент 2: 1000002180.jpg
2025-08-04 20:20:02.664 11576-11576 BatchResultsAdapter     com.example.myapplication            D  📊 getItemCount: 15
2025-08-04 20:20:02.664 11576-11576 BatchResultsAdapter     com.example.myapplication            D  🔗 Привязываем элемент 3: 1000002179.jpg
2025-08-04 20:20:02.666 11576-11576 BatchResultsAdapter     com.example.myapplication            D  📊 getItemCount: 15
2025-08-04 20:20:02.666 11576-11576 BatchResultsAdapter     com.example.myapplication            D  🔗 Привязываем элемент 4: 1000002178.jpg
2025-08-04 20:20:02.668 11576-11576 BatchResultsAdapter     com.example.myapplication            D  📊 getItemCount: 15
2025-08-04 20:20:02.680 11576-11576 BatchResultsAdapter     com.example.myapplication            D  🔗 Привязываем элемент 5: 1000002177.jpg
2025-08-04 20:20:02.683 11576-11576 BatchResultsAdapter     com.example.myapplication            D  📊 getItemCount: 15
2025-08-04 20:20:02.691 11576-12238 skia                    com.example.myapplication            D  SkJpegCodec::onGetPixels + (3000, 4000)
2025-08-04 20:20:02.691 11576-12238 skia                    com.example.myapplication            D  stream rewind not support
2025-08-04 20:20:02.696 11576-11576 BatchResultsAdapter     com.example.myapplication            D  🔗 Привязываем элемент 6: 1000002176.jpg
2025-08-04 20:20:02.700 11576-11576 BatchResultsAdapter     com.example.myapplication            D  📊 getItemCount: 15
2025-08-04 20:20:02.712 11576-11576 BatchResultsAdapter     com.example.myapplication            D  🔗 Привязываем элемент 7: 1000002175.jpg
2025-08-04 20:20:02.715 11576-11576 BatchResultsAdapter     com.example.myapplication            D  📊 getItemCount: 15
2025-08-04 20:20:02.724 11576-11576 BatchResultsAdapter     com.example.myapplication            D  🔗 Привязываем элемент 8: 1000002174.jpg
2025-08-04 20:20:02.727 11576-11576 BatchResultsAdapter     com.example.myapplication            D  📊 getItemCount: 15
2025-08-04 20:20:02.736 11576-11576 BatchResultsAdapter     com.example.myapplication            D  🔗 Привязываем элемент 9: 1000002173.jpg
2025-08-04 20:20:02.739 11576-11576 BatchResultsAdapter     com.example.myapplication            D  📊 getItemCount: 15
2025-08-04 20:20:02.748 11576-11576 BatchResultsAdapter     com.example.myapplication            D  🔗 Привязываем элемент 10: 1000002172.jpg
2025-08-04 20:20:02.751 11576-11576 BatchResultsAdapter     com.example.myapplication            D  📊 getItemCount: 15
2025-08-04 20:20:02.760 11576-11576 BatchResultsAdapter     com.example.myapplication            D  🔗 Привязываем элемент 11: 1000002171.jpg
2025-08-04 20:20:02.763 11576-11576 BatchResultsAdapter     com.example.myapplication            D  📊 getItemCount: 15
2025-08-04 20:20:02.773 11576-11576 BatchResultsAdapter     com.example.myapplication            D  🔗 Привязываем элемент 12: 1000002170.jpg
2025-08-04 20:20:02.776 11576-11576 BatchResultsAdapter     com.example.myapplication            D  📊 getItemCount: 15
2025-08-04 20:20:02.785 11576-11576 BatchResultsAdapter     com.example.myapplication            D  🔗 Привязываем элемент 13: 1000002169.jpg
2025-08-04 20:20:02.788 11576-11576 BatchResultsAdapter     com.example.myapplication            D  📊 getItemCount: 15
2025-08-04 20:20:02.798 11576-11576 BatchResultsAdapter     com.example.myapplication            D  🔗 Привязываем элемент 14: 1000002168.jpg
2025-08-04 20:20:02.802 11576-11576 oplus.andr...actoryImpl com.example.myapplication            I  get feature:IOplusDynamicVsyncFeature
2025-08-04 20:20:02.802 11576-11576 oplus.andr...actoryImpl com.example.myapplication            I  get feature:IOplusDynamicVsyncFeature
2025-08-04 20:20:02.802 11576-11576 oplus.andr...actoryImpl com.example.myapplication            I  get feature:IOplusDynamicVsyncFeature
2025-08-04 20:20:02.802 11576-11576 OplusViewDebugManager   com.example.myapplication            D  OplusViewDebugManager Constructor android.view.debug.OplusViewDebugManager@15a5806 [mHasViewDebugProperty true] [mHasMsgDebugProperty false] [DEBUG false] [EXTRAINFOENABLE false] [LIGHT_OS true]
2025-08-04 20:20:02.802 11576-11576 OplusViewDebugManager   com.example.myapplication            D  OplusViewDebugManager Constructor android.view.debug.OplusViewDebugManager@4ed7ec7 [mHasViewDebugProperty true] [mHasMsgDebugProperty false] [DEBUG false] [EXTRAINFOENABLE false] [LIGHT_OS true]
2025-08-04 20:20:02.803 11576-11576 BatchResultsAdapter     com.example.myapplication            D  📊 getItemCount: 15
2025-08-04 20:20:02.803 11576-11576 BatchResultsAdapter     com.example.myapplication            D  📊 getItemCount: 15
2025-08-04 20:20:02.803 11576-11576 BatchResultsAdapter     com.example.myapplication            D  📊 getItemCount: 15
2025-08-04 20:20:02.803 11576-11576 BatchResultsAdapter     com.example.myapplication            D  📊 getItemCount: 15
2025-08-04 20:20:02.803 11576-11576 BatchResultsAdapter     com.example.myapplication            D  📊 getItemCount: 15
2025-08-04 20:20:02.804 11576-11576 BatchResultsAdapter     com.example.myapplication            D  📊 getItemCount: 15
2025-08-04 20:20:02.804 11576-11576 BatchResultsAdapter     com.example.myapplication            D  📊 getItemCount: 15
2025-08-04 20:20:02.804 11576-11576 BatchResultsAdapter     com.example.myapplication            D  📊 getItemCount: 15
2025-08-04 20:20:02.804 11576-11576 BatchResultsAdapter     com.example.myapplication            D  📊 getItemCount: 15
2025-08-04 20:20:02.804 11576-11576 BatchResultsAdapter     com.example.myapplication            D  📊 getItemCount: 15
2025-08-04 20:20:02.804 11576-11576 BatchResultsAdapter     com.example.myapplication            D  📊 getItemCount: 15
2025-08-04 20:20:02.804 11576-11576 BatchResultsAdapter     com.example.myapplication            D  📊 getItemCount: 15
2025-08-04 20:20:02.804 11576-11576 BatchResultsAdapter     com.example.myapplication            D  📊 getItemCount: 15
2025-08-04 20:20:02.804 11576-11576 BatchResultsAdapter     com.example.myapplication            D  📊 getItemCount: 15
2025-08-04 20:20:02.805 11576-11576 BatchResultsAdapter     com.example.myapplication            D  📊 getItemCount: 15
2025-08-04 20:20:02.805 11576-11576 BatchResultsAdapter     com.example.myapplication            D  📊 getItemCount: 15
2025-08-04 20:20:02.805 11576-11576 BatchResultsAdapter     com.example.myapplication            D  📊 getItemCount: 15
2025-08-04 20:20:02.805 11576-11576 BatchResultsAdapter     com.example.myapplication            D  📊 getItemCount: 15
2025-08-04 20:20:02.806 11576-11576 BatchResultsAdapter     com.example.myapplication            D  📊 getItemCount: 15
2025-08-04 20:20:02.806 11576-11576 BatchResultsAdapter     com.example.myapplication            D  📊 getItemCount: 15
2025-08-04 20:20:02.806 11576-11576 BatchResultsAdapter     com.example.myapplication            D  📊 getItemCount: 15
2025-08-04 20:20:02.806 11576-11576 BatchResultsAdapter     com.example.myapplication            D  📊 getItemCount: 15
2025-08-04 20:20:02.806 11576-11576 BatchResultsAdapter     com.example.myapplication            D  📊 getItemCount: 15
2025-08-04 20:20:02.806 11576-11576 BatchResultsAdapter     com.example.myapplication            D  📊 getItemCount: 15
2025-08-04 20:20:02.806 11576-11576 BatchResultsAdapter     com.example.myapplication            D  📊 getItemCount: 15
2025-08-04 20:20:02.806 11576-11576 BatchResultsAdapter     com.example.myapplication            D  📊 getItemCount: 15
2025-08-04 20:20:02.806 11576-11576 BatchResultsAdapter     com.example.myapplication            D  📊 getItemCount: 15
2025-08-04 20:20:02.807 11576-11576 BatchResultsAdapter     com.example.myapplication            D  📊 getItemCount: 15
2025-08-04 20:20:02.807 11576-11576 BatchResultsAdapter     com.example.myapplication            D  📊 getItemCount: 15
2025-08-04 20:20:02.807 11576-11576 BatchResultsAdapter     com.example.myapplication            D  📊 getItemCount: 15
2025-08-04 20:20:02.807 11576-11576 BatchResultsAdapter     com.example.myapplication            D  📊 getItemCount: 15
2025-08-04 20:20:02.807 11576-11576 BatchResultsAdapter     com.example.myapplication            D  📊 getItemCount: 15
2025-08-04 20:20:02.807 11576-11576 BatchResultsAdapter     com.example.myapplication            D  📊 getItemCount: 15
2025-08-04 20:20:02.888 11576-12238 skia                    com.example.myapplication            D  SkJpegCodec::onGetPixels -
2025-08-04 20:20:02.897 11576-12238 ImageProcessor          com.example.myapplication            D  🔍 Начинаем ML обработку кадра: 3000x4000
2025-08-04 20:20:02.897 11576-12238 ImageProcessor          com.example.myapplication            D  🤖 ML модель готова: true
2025-08-04 20:20:02.973 11576-12238 ImageProcessor          com.example.myapplication            D  📊 Найдено контуров: 122
2025-08-04 20:20:02.973 11576-12238 ImageProcessor          com.example.myapplication            D  🔍 Анализируем 122 найденных контуров...
2025-08-04 20:20:02.974 11576-12238 ImageProcessor          com.example.myapplication            D  📐 Контур: площадь=799.0, углов=3
2025-08-04 20:20:02.974 11576-12238 ImageProcessor          com.example.myapplication            D  📐 Контур: площадь=221.5, углов=9
2025-08-04 20:20:02.974 11576-12238 ImageProcessor          com.example.myapplication            D  📐 Контур: площадь=87.5, углов=11
2025-08-04 20:20:02.974 11576-12238 ImageProcessor          com.example.myapplication            D  📐 Контур: площадь=54.5, углов=14
2025-08-04 20:20:02.975 11576-12238 ImageProcessor          com.example.myapplication            D  📐 Контур: площадь=197.0, углов=13
2025-08-04 20:20:02.975 11576-12238 ImageProcessor          com.example.myapplication            D  📐 Контур: площадь=182.0, углов=8
2025-08-04 20:20:02.975 11576-12238 ImageProcessor          com.example.myapplication            D  📐 Контур: площадь=204.5, углов=9
2025-08-04 20:20:02.976 11576-12238 ImageProcessor          com.example.myapplication            D  📐 Контур: площадь=106828.0, углов=4
2025-08-04 20:20:02.976 11576-12238 ImageProcessor          com.example.myapplication            D  ✅ Найден прямоугольный контур площадью: 106828.0
2025-08-04 20:20:02.976 11576-12238 ImageProcessor          com.example.myapplication            D  📐 Контур: площадь=104.0, углов=8
2025-08-04 20:20:02.976 11576-12238 ImageProcessor          com.example.myapplication            D  📐 Контур: площадь=57.0, углов=9
2025-08-04 20:20:02.976 11576-12238 ImageProcessor          com.example.myapplication            D  📐 Контур: площадь=453.5, углов=7
2025-08-04 20:20:02.977 11576-12238 ImageProcessor          com.example.myapplication            D  📐 Контур: площадь=51.0, углов=7
2025-08-04 20:20:02.977 11576-12238 ImageProcessor          com.example.myapplication            D  📐 Контур: площадь=300.5, углов=15
2025-08-04 20:20:02.977 11576-12238 ImageProcessor          com.example.myapplication            D  📐 Контур: площадь=329.0, углов=8
2025-08-04 20:20:02.977 11576-12238 ImageProcessor          com.example.myapplication            D  📐 Контур: площадь=181.0, углов=14
2025-08-04 20:20:02.977 11576-12238 ImageProcessor          com.example.myapplication            D  📐 Контур: площадь=74.0, углов=12
2025-08-04 20:20:02.978 11576-12238 ImageProcessor          com.example.myapplication            D  📐 Контур: площадь=60.0, углов=11
2025-08-04 20:20:02.978 11576-12238 ImageProcessor          com.example.myapplication            D  📐 Контур: площадь=58.0, углов=8
2025-08-04 20:20:02.978 11576-12238 ImageProcessor          com.example.myapplication            D  📐 Контур: площадь=122.5, углов=10
2025-08-04 20:20:02.978 11576-12238 ImageProcessor          com.example.myapplication            D  📐 Контур: площадь=141.5, углов=13
2025-08-04 20:20:02.978 11576-12238 ImageProcessor          com.example.myapplication            D  📐 Контур: площадь=54.0, углов=10
2025-08-04 20:20:02.979 11576-12238 ImageProcessor          com.example.myapplication            D  📐 Контур: площадь=412.0, углов=2
2025-08-04 20:20:02.979 11576-12238 ImageProcessor          com.example.myapplication            D  📐 Контур: площадь=110.5, углов=12
2025-08-04 20:20:02.979 11576-12238 ImageProcessor          com.example.myapplication            D  📐 Контур: площадь=14245.5, углов=4
2025-08-04 20:20:02.979 11576-12238 ImageProcessor          com.example.myapplication            D  ✅ Найден прямоугольный контур площадью: 14245.5
2025-08-04 20:20:02.980 11576-12238 ImageProcessor          com.example.myapplication            D  📐 Контур: площадь=117.0, углов=10
2025-08-04 20:20:02.980 11576-12238 ImageProcessor          com.example.myapplication            D  📐 Контур: площадь=901.0, углов=10
2025-08-04 20:20:02.980 11576-12238 ImageProcessor          com.example.myapplication            D  📐 Контур: площадь=59.0, углов=11
2025-08-04 20:20:02.980 11576-12238 ImageProcessor          com.example.myapplication            D  📐 Контур: площадь=194.0, углов=9
2025-08-04 20:20:02.981 11576-12238 ImageProcessor          com.example.myapplication            D  📐 Контур: площадь=1159.0, углов=10
2025-08-04 20:20:02.981 11576-12238 ImageProcessor          com.example.myapplication            D  📐 Контур: площадь=161.0, углов=7
2025-08-04 20:20:02.981 11576-12238 ImageProcessor          com.example.myapplication            D  📐 Контур: площадь=117.0, углов=15
2025-08-04 20:20:02.981 11576-12238 ImageProcessor          com.example.myapplication            D  📐 Контур: площадь=107.0, углов=9
2025-08-04 20:20:02.981 11576-12238 ImageProcessor          com.example.myapplication            D  📐 Контур: площадь=300.5, углов=14
2025-08-04 20:20:02.981 11576-12238 ImageProcessor          com.example.myapplication            D  📐 Контур: площадь=78.0, углов=9
2025-08-04 20:20:02.982 11576-12238 ImageProcessor          com.example.myapplication            D  📐 Контур: площадь=63.0, углов=8
2025-08-04 20:20:02.982 11576-12238 ImageProcessor          com.example.myapplication            D  📐 Контур: площадь=73.5, углов=12
2025-08-04 20:20:02.982 11576-12238 ImageProcessor          com.example.myapplication            D  📐 Контур: площадь=58.0, углов=13
2025-08-04 20:20:02.982 11576-12238 ImageProcessor          com.example.myapplication            D  📐 Контур: площадь=66.0, углов=15
2025-08-04 20:20:02.982 11576-12238 ImageProcessor          com.example.myapplication            D  📐 Контур: площадь=82.0, углов=6
2025-08-04 20:20:02.982 11576-12238 ImageProcessor          com.example.myapplication            D  📐 Контур: площадь=114.5, углов=8
2025-08-04 20:20:02.982 11576-12238 ImageProcessor          com.example.myapplication            D  📐 Контур: площадь=375.0, углов=17
2025-08-04 20:20:02.983 11576-12238 ImageProcessor          com.example.myapplication            D  📐 Контур: площадь=183.5, углов=17
2025-08-04 20:20:02.983 11576-12238 ImageProcessor          com.example.myapplication            D  📐 Контур: площадь=75.5, углов=9
2025-08-04 20:20:02.983 11576-12238 ImageProcessor          com.example.myapplication            D  📐 Контур: площадь=473.5, углов=9
2025-08-04 20:20:02.983 11576-12238 ImageProcessor          com.example.myapplication            D  📊 Найдено прямоугольных контуров: 2
2025-08-04 20:20:02.983 11576-12238 ImageProcessor          com.example.myapplication            D  🎯 Выбран самый большой контур площадью: 106042.0
2025-08-04 20:20:02.983 11576-12238 ImageProcessor          com.example.myapplication            D  🎯 Контур бланка найден, обрабатываем...
2025-08-04 20:20:02.990 11576-12238 ImageProcessor          com.example.myapplication            D  📋 Приоритетная обработка тестового бланка: 800x800
2025-08-04 20:20:02.992 11576-12238 ImageProcessor          com.example.myapplication            D  🚀 ЭТАП 1: Обрабатываем только эталонные ячейки...
2025-08-04 20:20:02.993 11576-12238 ImageProcessor          com.example.myapplication            D  🎯 Эталонная ячейка [0][0] добавлена в приоритетный батч
2025-08-04 20:20:02.993 11576-12238 ImageProcessor          com.example.myapplication            D  🎯 Эталонная ячейка [1][1] добавлена в приоритетный батч
2025-08-04 20:20:02.993 11576-12238 ImageProcessor          com.example.myapplication            D  🎯 Эталонная ячейка [2][2] добавлена в приоритетный батч
2025-08-04 20:20:02.993 11576-12238 ImageProcessor          com.example.myapplication            D  🎯 Эталонная ячейка [3][3] добавлена в приоритетный батч
2025-08-04 20:20:02.994 11576-12238 ImageProcessor          com.example.myapplication            D  🎯 Эталонная ячейка [4][4] добавлена в приоритетный батч
2025-08-04 20:20:02.994 11576-12238 ImageProcessor          com.example.myapplication            D  🎯 Эталонная ячейка [5][3] добавлена в приоритетный батч
2025-08-04 20:20:02.994 11576-12238 ImageProcessor          com.example.myapplication            D  🎯 Эталонная ячейка [6][2] добавлена в приоритетный батч
2025-08-04 20:20:02.994 11576-12238 ImageProcessor          com.example.myapplication            D  🎯 Эталонная ячейка [7][1] добавлена в приоритетный батч
2025-08-04 20:20:02.995 11576-12238 ImageProcessor          com.example.myapplication            D  🎯 Эталонная ячейка [8][0] добавлена в приоритетный батч
2025-08-04 20:20:02.995 11576-12238 ImageProcessor          com.example.myapplication            D  🎯 Эталонная ячейка [9][1] добавлена в приоритетный батч
2025-08-04 20:20:03.043 11576-11586 System                  com.example.myapplication            W  A resource failed to call close. 
2025-08-04 20:20:04.558 11576-12238 OnnxModel               com.example.myapplication            I  ⚡ Батч-обработка 10 изображений за 1563мс (среднее: 156,3мс на изображение)
2025-08-04 20:20:04.558 11576-12238 ImageProcessor          com.example.myapplication            D  ⚡ Эталонные ячейки обработаны за 1563мс
2025-08-04 20:20:04.559 11576-12238 ImageProcessor          com.example.myapplication            D  ✅ Эталонная ячейка [0][0] = ПУСТОЕ (0%)
2025-08-04 20:20:04.559 11576-12238 ImageProcessor          com.example.myapplication            D  ✅ Эталонная ячейка [1][1] = ЗАПОЛНЕНО (99%)
2025-08-04 20:20:04.559 11576-12238 ImageProcessor          com.example.myapplication            D  ✅ Эталонная ячейка [2][2] = ЗАПОЛНЕНО (99%)
2025-08-04 20:20:04.559 11576-12238 ImageProcessor          com.example.myapplication            D  ✅ Эталонная ячейка [3][3] = ПУСТОЕ (0%)
2025-08-04 20:20:04.559 11576-12238 ImageProcessor          com.example.myapplication            D  ✅ Эталонная ячейка [4][4] = ЗАПОЛНЕНО (99%)
2025-08-04 20:20:04.559 11576-12238 ImageProcessor          com.example.myapplication            D  ✅ Эталонная ячейка [5][3] = ПУСТОЕ (0%)
2025-08-04 20:20:04.559 11576-12238 ImageProcessor          com.example.myapplication            D  ✅ Эталонная ячейка [6][2] = ЗАПОЛНЕНО (100%)
2025-08-04 20:20:04.559 11576-12238 ImageProcessor          com.example.myapplication            D  ✅ Эталонная ячейка [7][1] = ПУСТОЕ (0%)
2025-08-04 20:20:04.559 11576-12238 ImageProcessor          com.example.myapplication            D  ✅ Эталонная ячейка [8][0] = ПУСТОЕ (0%)
2025-08-04 20:20:04.559 11576-12238 ImageProcessor          com.example.myapplication            D  ✅ Эталонная ячейка [9][1] = ПУСТОЕ (0%)
2025-08-04 20:20:04.559 11576-12238 ImageProcessor          com.example.myapplication            D  🔍 ЭТАП 2: Проверяем результат эталонных ячеек...
2025-08-04 20:20:04.559 11576-12238 ImageProcessor          com.example.myapplication            D  ❌ Вопрос 0 неправильный - нужна фоновая проверка
2025-08-04 20:20:04.559 11576-12238 ImageProcessor          com.example.myapplication            D  ✅ Вопрос 1 правильный
2025-08-04 20:20:04.559 11576-12238 ImageProcessor          com.example.myapplication            D  ✅ Вопрос 2 правильный
2025-08-04 20:20:04.559 11576-12238 ImageProcessor          com.example.myapplication            D  ❌ Вопрос 3 неправильный - нужна фоновая проверка
2025-08-04 20:20:04.559 11576-12238 ImageProcessor          com.example.myapplication            D  ✅ Вопрос 4 правильный
2025-08-04 20:20:04.559 11576-12238 ImageProcessor          com.example.myapplication            D  ❌ Вопрос 5 неправильный - нужна фоновая проверка
2025-08-04 20:20:04.559 11576-12238 ImageProcessor          com.example.myapplication            D  ✅ Вопрос 6 правильный
2025-08-04 20:20:04.559 11576-12238 ImageProcessor          com.example.myapplication            D  ❌ Вопрос 7 неправильный - нужна фоновая проверка
2025-08-04 20:20:04.559 11576-12238 ImageProcessor          com.example.myapplication            D  ❌ Вопрос 8 неправильный - нужна фоновая проверка
2025-08-04 20:20:04.560 11576-12238 ImageProcessor          com.example.myapplication            D  ❌ Вопрос 9 неправильный - нужна фоновая проверка
2025-08-04 20:20:04.560 11576-12238 ImageProcessor          com.example.myapplication            D  🔄 ЭТАП 3: Фоновая проверка 6 вопросов с ошибками...
2025-08-04 20:20:05.420 11576-11584 e.myapplication         com.example.myapplication            I  Background concurrent mark compact GC freed 16MB AllocSpace bytes, 5(2960KB) LOS objects, 49% free, 13MB/26MB, paused 227us,7.731ms total 65.498ms
2025-08-04 20:20:09.138 11576-12238 OnnxModel               com.example.myapplication            I  ⚡ Батч-обработка 30 изображений за 4571мс (среднее: 152,4мс на изображение)
2025-08-04 20:20:09.138 11576-12238 ImageProcessor          com.example.myapplication            D  ⚡ Ячейки с ошибками обработаны за 4571мс
2025-08-04 20:20:09.139 11576-12238 ImageProcessor          com.example.myapplication            D  🔍 Ошибочная ячейка [0][0] = ПУСТОЕ (0%)
2025-08-04 20:20:09.139 11576-12238 ImageProcessor          com.example.myapplication            D  🔍 Ошибочная ячейка [0][1] = ПУСТОЕ (0%)
2025-08-04 20:20:09.139 11576-12238 ImageProcessor          com.example.myapplication            D  🔍 Ошибочная ячейка [0][2] = ЗАПОЛНЕНО (99%)
2025-08-04 20:20:09.139 11576-12238 ImageProcessor          com.example.myapplication            D  🔍 Ошибочная ячейка [0][3] = ПУСТОЕ (0%)
2025-08-04 20:20:09.139 11576-12238 ImageProcessor          com.example.myapplication            D  🔍 Ошибочная ячейка [0][4] = ПУСТОЕ (0%)
2025-08-04 20:20:09.139 11576-12238 ImageProcessor          com.example.myapplication            D  🔍 Ошибочная ячейка [3][0] = ПУСТОЕ (0%)
2025-08-04 20:20:09.139 11576-12238 ImageProcessor          com.example.myapplication            D  🔍 Ошибочная ячейка [3][1] = ЗАПОЛНЕНО (100%)
2025-08-04 20:20:09.139 11576-12238 ImageProcessor          com.example.myapplication            D  🔍 Ошибочная ячейка [3][2] = ПУСТОЕ (0%)
2025-08-04 20:20:09.139 11576-12238 ImageProcessor          com.example.myapplication            D  🔍 Ошибочная ячейка [3][3] = ПУСТОЕ (0%)
2025-08-04 20:20:09.139 11576-12238 ImageProcessor          com.example.myapplication            D  🔍 Ошибочная ячейка [3][4] = ПУСТОЕ (0%)
2025-08-04 20:20:09.139 11576-12238 ImageProcessor          com.example.myapplication            D  🔍 Ошибочная ячейка [5][0] = ЗАПОЛНЕНО (100%)
2025-08-04 20:20:09.140 11576-12238 ImageProcessor          com.example.myapplication            D  🔍 Ошибочная ячейка [5][1] = ПУСТОЕ (0%)
2025-08-04 20:20:09.140 11576-12238 ImageProcessor          com.example.myapplication            D  🔍 Ошибочная ячейка [5][2] = ПУСТОЕ (0%)
2025-08-04 20:20:09.140 11576-12238 ImageProcessor          com.example.myapplication            D  🔍 Ошибочная ячейка [5][3] = ПУСТОЕ (0%)
2025-08-04 20:20:09.140 11576-12238 ImageProcessor          com.example.myapplication            D  🔍 Ошибочная ячейка [5][4] = ПУСТОЕ (0%)
2025-08-04 20:20:09.140 11576-12238 ImageProcessor          com.example.myapplication            D  🔍 Ошибочная ячейка [7][0] = ПУСТОЕ (0%)
2025-08-04 20:20:09.140 11576-12238 ImageProcessor          com.example.myapplication            D  🔍 Ошибочная ячейка [7][1] = ПУСТОЕ (0%)
2025-08-04 20:20:09.140 11576-12238 ImageProcessor          com.example.myapplication            D  🔍 Ошибочная ячейка [7][2] = ПУСТОЕ (0%)
2025-08-04 20:20:09.140 11576-12238 ImageProcessor          com.example.myapplication            D  🔍 Ошибочная ячейка [7][3] = ЗАПОЛНЕНО (100%)
2025-08-04 20:20:09.140 11576-12238 ImageProcessor          com.example.myapplication            D  🔍 Ошибочная ячейка [7][4] = ПУСТОЕ (0%)
2025-08-04 20:20:09.140 11576-12238 ImageProcessor          com.example.myapplication            D  🔍 Ошибочная ячейка [8][0] = ПУСТОЕ (0%)
2025-08-04 20:20:09.141 11576-12238 ImageProcessor          com.example.myapplication            D  🔍 Ошибочная ячейка [8][1] = ЗАПОЛНЕНО (100%)
2025-08-04 20:20:09.141 11576-12238 ImageProcessor          com.example.myapplication            D  🔍 Ошибочная ячейка [8][2] = ПУСТОЕ (0%)
2025-08-04 20:20:09.141 11576-12238 ImageProcessor          com.example.myapplication            D  🔍 Ошибочная ячейка [8][3] = ПУСТОЕ (0%)
2025-08-04 20:20:09.141 11576-12238 ImageProcessor          com.example.myapplication            D  🔍 Ошибочная ячейка [8][4] = ПУСТОЕ (0%)
2025-08-04 20:20:09.141 11576-12238 ImageProcessor          com.example.myapplication            D  🔍 Ошибочная ячейка [9][0] = ПУСТОЕ (0%)
2025-08-04 20:20:09.141 11576-12238 ImageProcessor          com.example.myapplication            D  🔍 Ошибочная ячейка [9][1] = ПУСТОЕ (0%)
2025-08-04 20:20:09.141 11576-12238 ImageProcessor          com.example.myapplication            D  🔍 Ошибочная ячейка [9][2] = ЗАПОЛНЕНО (100%)
2025-08-04 20:20:09.141 11576-12238 ImageProcessor          com.example.myapplication            D  🔍 Ошибочная ячейка [9][3] = ПУСТОЕ (0%)
2025-08-04 20:20:09.141 11576-12238 ImageProcessor          com.example.myapplication            D  🔍 Ошибочная ячейка [9][4] = ПУСТОЕ (0%)
2025-08-04 20:20:09.141 11576-12238 ImageProcessor          com.example.myapplication            D  🔄 Вопрос 0: выбран ответ 2, правильный 0
2025-08-04 20:20:09.141 11576-12238 ImageProcessor          com.example.myapplication            D  🔄 Вопрос 3: выбран ответ 1, правильный 3
2025-08-04 20:20:09.141 11576-12238 ImageProcessor          com.example.myapplication            D  🔄 Вопрос 5: выбран ответ 0, правильный 3
2025-08-04 20:20:09.141 11576-12238 ImageProcessor          com.example.myapplication            D  🔄 Вопрос 7: выбран ответ 3, правильный 1
2025-08-04 20:20:09.141 11576-12238 ImageProcessor          com.example.myapplication            D  🔄 Вопрос 8: выбран ответ 1, правильный 0
2025-08-04 20:20:09.141 11576-12238 ImageProcessor          com.example.myapplication            D  🔄 Вопрос 9: выбран ответ 2, правильный 1
2025-08-04 20:20:09.142 11576-12238 ImageProcessor          com.example.myapplication            D  ✅ Приоритетная обработка завершена: 4/10 правильных ответов
2025-08-04 20:20:09.142 11576-12238 ImageProcessor          com.example.myapplication            D  📊 Эталонных ячеек: 10, вопросов с ошибками: 6
2025-08-04 20:20:09.142 11576-12238 ImageProcessor          com.example.myapplication            D  📊 Размеры массивов: selectedAnswers=10, grading=10, correctAnswers=10
2025-08-04 20:20:09.142 11576-12238 ImageProcessor          com.example.myapplication            D  📊 selectedAnswers: [2, 1, 2, 1, 4, 0, 2, 3, 1, 2]
2025-08-04 20:20:09.142 11576-12238 ImageProcessor          com.example.myapplication            D  📊 grading: [0, 1, 1, 0, 1, 0, 1, 0, 0, 0]
2025-08-04 20:20:09.146 11576-12238 BatchActivity           com.example.myapplication            D  📊 Обработка результатов: detectedAnswers.size=10, currentQuestions=10, correctAnswers.size=10
2025-08-04 20:20:09.146 11576-12238 BatchActivity           com.example.myapplication            D  🎯 Расчет оценки: процент=40%, тип=PERCENTAGE, результат=2
2025-08-04 20:20:09.146 11576-12238 BatchActivity           com.example.myapplication            D  📊 Результаты обработки: 4/10 = 40,0%, оценка: 2
2025-08-04 20:20:09.146 11576-11576 BatchActivity           com.example.myapplication            D  📝 Добавляем результат: 1000002167.jpg, правильных: 4/10
2025-08-04 20:20:09.147 11576-11576 BatchResultsAdapter     com.example.myapplication            D  📊 getItemCount: 16
2025-08-04 20:20:09.147 11576-11576 BatchResultsAdapter     com.example.myapplication            D  📊 getItemCount: 16
2025-08-04 20:20:09.147 11576-11576 BatchActivity           com.example.myapplication            D  📊 Всего результатов в адаптере: 16
2025-08-04 20:20:09.147 11576-11576 BatchActivity           com.example.myapplication            D  📏 Высота RecyclerView: 9760
2025-08-04 20:20:09.148 11576-11576 BatchResultsAdapter     com.example.myapplication            D  📊 getItemCount: 16
2025-08-04 20:20:09.148 11576-11576 BatchResultsAdapter     com.example.myapplication            D  📊 getItemCount: 16
2025-08-04 20:20:09.150 11576-11576 BatchResultsAdapter     com.example.myapplication            D  📊 getItemCount: 16
2025-08-04 20:20:09.150 11576-11576 BatchResultsAdapter     com.example.myapplication            D  🔗 Привязываем элемент 0: 1000002182.jpg
2025-08-04 20:20:09.153 11576-11576 BatchResultsAdapter     com.example.myapplication            D  📊 getItemCount: 16
2025-08-04 20:20:09.153 11576-11576 BatchResultsAdapter     com.example.myapplication            D  🔗 Привязываем элемент 1: 1000002181.jpg
2025-08-04 20:20:09.155 11576-11576 BatchResultsAdapter     com.example.myapplication            D  📊 getItemCount: 16
2025-08-04 20:20:09.155 11576-11576 BatchResultsAdapter     com.example.myapplication            D  🔗 Привязываем элемент 2: 1000002180.jpg
2025-08-04 20:20:09.158 11576-11576 BatchResultsAdapter     com.example.myapplication            D  📊 getItemCount: 16
2025-08-04 20:20:09.159 11576-11576 BatchResultsAdapter     com.example.myapplication            D  🔗 Привязываем элемент 3: 1000002179.jpg
2025-08-04 20:20:09.163 11576-11576 BatchResultsAdapter     com.example.myapplication            D  📊 getItemCount: 16
2025-08-04 20:20:09.163 11576-11576 BatchResultsAdapter     com.example.myapplication            D  🔗 Привязываем элемент 4: 1000002178.jpg
2025-08-04 20:20:09.165 11576-11576 BatchResultsAdapter     com.example.myapplication            D  📊 getItemCount: 16
2025-08-04 20:20:09.176 11576-11576 BatchResultsAdapter     com.example.myapplication            D  🔗 Привязываем элемент 5: 1000002177.jpg
2025-08-04 20:20:09.179 11576-11576 BatchResultsAdapter     com.example.myapplication            D  📊 getItemCount: 16
2025-08-04 20:20:09.191 11576-11576 BatchResultsAdapter     com.example.myapplication            D  🔗 Привязываем элемент 6: 1000002176.jpg
2025-08-04 20:20:09.192 11576-12238 skia                    com.example.myapplication            D  SkJpegCodec::onGetPixels + (3000, 4000)
2025-08-04 20:20:09.192 11576-12238 skia                    com.example.myapplication            D  stream rewind not support
2025-08-04 20:20:09.194 11576-11576 BatchResultsAdapter     com.example.myapplication            D  📊 getItemCount: 16
2025-08-04 20:20:09.203 11576-11576 BatchResultsAdapter     com.example.myapplication            D  🔗 Привязываем элемент 7: 1000002175.jpg
2025-08-04 20:20:09.206 11576-11576 BatchResultsAdapter     com.example.myapplication            D  📊 getItemCount: 16
2025-08-04 20:20:09.216 11576-11576 BatchResultsAdapter     com.example.myapplication            D  🔗 Привязываем элемент 8: 1000002174.jpg
2025-08-04 20:20:09.219 11576-11576 BatchResultsAdapter     com.example.myapplication            D  📊 getItemCount: 16
2025-08-04 20:20:09.228 11576-11576 BatchResultsAdapter     com.example.myapplication            D  🔗 Привязываем элемент 9: 1000002173.jpg
2025-08-04 20:20:09.231 11576-11576 BatchResultsAdapter     com.example.myapplication            D  📊 getItemCount: 16
2025-08-04 20:20:09.240 11576-11576 BatchResultsAdapter     com.example.myapplication            D  🔗 Привязываем элемент 10: 1000002172.jpg
2025-08-04 20:20:09.243 11576-11576 BatchResultsAdapter     com.example.myapplication            D  📊 getItemCount: 16
2025-08-04 20:20:09.252 11576-11576 BatchResultsAdapter     com.example.myapplication            D  🔗 Привязываем элемент 11: 1000002171.jpg
2025-08-04 20:20:09.255 11576-11576 BatchResultsAdapter     com.example.myapplication            D  📊 getItemCount: 16
2025-08-04 20:20:09.264 11576-11576 BatchResultsAdapter     com.example.myapplication            D  🔗 Привязываем элемент 12: 1000002170.jpg
2025-08-04 20:20:09.267 11576-11576 BatchResultsAdapter     com.example.myapplication            D  📊 getItemCount: 16
2025-08-04 20:20:09.276 11576-11576 BatchResultsAdapter     com.example.myapplication            D  🔗 Привязываем элемент 13: 1000002169.jpg
2025-08-04 20:20:09.279 11576-11576 BatchResultsAdapter     com.example.myapplication            D  📊 getItemCount: 16
2025-08-04 20:20:09.289 11576-11576 BatchResultsAdapter     com.example.myapplication            D  🔗 Привязываем элемент 14: 1000002168.jpg
2025-08-04 20:20:09.292 11576-11576 BatchResultsAdapter     com.example.myapplication            D  📊 getItemCount: 16
2025-08-04 20:20:09.301 11576-11576 BatchResultsAdapter     com.example.myapplication            D  🔗 Привязываем элемент 15: 1000002167.jpg
2025-08-04 20:20:09.305 11576-11576 oplus.andr...actoryImpl com.example.myapplication            I  get feature:IOplusDynamicVsyncFeature
2025-08-04 20:20:09.305 11576-11576 oplus.andr...actoryImpl com.example.myapplication            I  get feature:IOplusDynamicVsyncFeature
2025-08-04 20:20:09.305 11576-11576 oplus.andr...actoryImpl com.example.myapplication            I  get feature:IOplusDynamicVsyncFeature
2025-08-04 20:20:09.305 11576-11576 OplusViewDebugManager   com.example.myapplication            D  OplusViewDebugManager Constructor android.view.debug.OplusViewDebugManager@50c99b6 [mHasViewDebugProperty true] [mHasMsgDebugProperty false] [DEBUG false] [EXTRAINFOENABLE false] [LIGHT_OS true]
2025-08-04 20:20:09.306 11576-11576 OplusViewDebugManager   com.example.myapplication            D  OplusViewDebugManager Constructor android.view.debug.OplusViewDebugManager@5f716b7 [mHasViewDebugProperty true] [mHasMsgDebugProperty false] [DEBUG false] [EXTRAINFOENABLE false] [LIGHT_OS true]
2025-08-04 20:20:09.306 11576-11576 BatchResultsAdapter     com.example.myapplication            D  📊 getItemCount: 16
2025-08-04 20:20:09.306 11576-11576 BatchResultsAdapter     com.example.myapplication            D  📊 getItemCount: 16
2025-08-04 20:20:09.307 11576-11576 BatchResultsAdapter     com.example.myapplication            D  📊 getItemCount: 16
2025-08-04 20:20:09.307 11576-11576 BatchResultsAdapter     com.example.myapplication            D  📊 getItemCount: 16
2025-08-04 20:20:09.307 11576-11576 BatchResultsAdapter     com.example.myapplication            D  📊 getItemCount: 16
2025-08-04 20:20:09.307 11576-11576 BatchResultsAdapter     com.example.myapplication            D  📊 getItemCount: 16
2025-08-04 20:20:09.307 11576-11576 BatchResultsAdapter     com.example.myapplication            D  📊 getItemCount: 16
2025-08-04 20:20:09.308 11576-11576 BatchResultsAdapter     com.example.myapplication            D  📊 getItemCount: 16
2025-08-04 20:20:09.308 11576-11576 BatchResultsAdapter     com.example.myapplication            D  📊 getItemCount: 16
2025-08-04 20:20:09.308 11576-11576 BatchResultsAdapter     com.example.myapplication            D  📊 getItemCount: 16
2025-08-04 20:20:09.308 11576-11576 BatchResultsAdapter     com.example.myapplication            D  📊 getItemCount: 16
2025-08-04 20:20:09.308 11576-11576 BatchResultsAdapter     com.example.myapplication            D  📊 getItemCount: 16
2025-08-04 20:20:09.308 11576-11576 BatchResultsAdapter     com.example.myapplication            D  📊 getItemCount: 16
2025-08-04 20:20:09.308 11576-11576 BatchResultsAdapter     com.example.myapplication            D  📊 getItemCount: 16
2025-08-04 20:20:09.308 11576-11576 BatchResultsAdapter     com.example.myapplication            D  📊 getItemCount: 16
2025-08-04 20:20:09.308 11576-11576 BatchResultsAdapter     com.example.myapplication            D  📊 getItemCount: 16
2025-08-04 20:20:09.309 11576-11576 BatchResultsAdapter     com.example.myapplication            D  📊 getItemCount: 16
2025-08-04 20:20:09.309 11576-11576 BatchResultsAdapter     com.example.myapplication            D  📊 getItemCount: 16
2025-08-04 20:20:09.309 11576-11576 BatchResultsAdapter     com.example.myapplication            D  📊 getItemCount: 16
2025-08-04 20:20:09.310 11576-11576 BatchResultsAdapter     com.example.myapplication            D  📊 getItemCount: 16
2025-08-04 20:20:09.310 11576-11576 BatchResultsAdapter     com.example.myapplication            D  📊 getItemCount: 16
2025-08-04 20:20:09.310 11576-11576 BatchResultsAdapter     com.example.myapplication            D  📊 getItemCount: 16
2025-08-04 20:20:09.310 11576-11576 BatchResultsAdapter     com.example.myapplication            D  📊 getItemCount: 16
2025-08-04 20:20:09.310 11576-11576 BatchResultsAdapter     com.example.myapplication            D  📊 getItemCount: 16
2025-08-04 20:20:09.310 11576-11576 BatchResultsAdapter     com.example.myapplication            D  📊 getItemCount: 16
2025-08-04 20:20:09.310 11576-11576 BatchResultsAdapter     com.example.myapplication            D  📊 getItemCount: 16
2025-08-04 20:20:09.311 11576-11576 BatchResultsAdapter     com.example.myapplication            D  📊 getItemCount: 16
2025-08-04 20:20:09.311 11576-11576 BatchResultsAdapter     com.example.myapplication            D  📊 getItemCount: 16
2025-08-04 20:20:09.311 11576-11576 BatchResultsAdapter     com.example.myapplication            D  📊 getItemCount: 16
2025-08-04 20:20:09.311 11576-11576 BatchResultsAdapter     com.example.myapplication            D  📊 getItemCount: 16
2025-08-04 20:20:09.311 11576-11576 BatchResultsAdapter     com.example.myapplication            D  📊 getItemCount: 16
2025-08-04 20:20:09.311 11576-11576 BatchResultsAdapter     com.example.myapplication            D  📊 getItemCount: 16
2025-08-04 20:20:09.311 11576-11576 BatchResultsAdapter     com.example.myapplication            D  📊 getItemCount: 16
2025-08-04 20:20:09.311 11576-11576 BatchResultsAdapter     com.example.myapplication            D  📊 getItemCount: 16
2025-08-04 20:20:09.311 11576-11576 BatchResultsAdapter     com.example.myapplication            D  📊 getItemCount: 16
2025-08-04 20:20:09.363 11576-12238 skia                    com.example.myapplication            D  SkJpegCodec::onGetPixels -
2025-08-04 20:20:09.369 11576-12238 ImageProcessor          com.example.myapplication            D  🔍 Начинаем ML обработку кадра: 3000x4000
2025-08-04 20:20:09.369 11576-12238 ImageProcessor          com.example.myapplication            D  🤖 ML модель готова: true
2025-08-04 20:20:09.454 11576-12238 ImageProcessor          com.example.myapplication            D  📊 Найдено контуров: 80
2025-08-04 20:20:09.455 11576-12238 ImageProcessor          com.example.myapplication            D  🔍 Анализируем 80 найденных контуров...
2025-08-04 20:20:09.455 11576-12238 ImageProcessor          com.example.myapplication            D  📐 Контур: площадь=115260.5, углов=4
2025-08-04 20:20:09.455 11576-12238 ImageProcessor          com.example.myapplication            D  ✅ Найден прямоугольный контур площадью: 115260.5
2025-08-04 20:20:09.455 11576-12238 ImageProcessor          com.example.myapplication            D  📐 Контур: площадь=267.5, углов=9
2025-08-04 20:20:09.455 11576-12238 ImageProcessor          com.example.myapplication            D  📐 Контур: площадь=342.5, углов=7
2025-08-04 20:20:09.456 11576-12238 ImageProcessor          com.example.myapplication            D  📐 Контур: площадь=15099.5, углов=4
2025-08-04 20:20:09.456 11576-12238 ImageProcessor          com.example.myapplication            D  ✅ Найден прямоугольный контур площадью: 15099.5
2025-08-04 20:20:09.456 11576-12238 ImageProcessor          com.example.myapplication            D  📐 Контур: площадь=70.0, углов=12
2025-08-04 20:20:09.456 11576-12238 ImageProcessor          com.example.myapplication            D  📐 Контур: площадь=87.5, углов=10
2025-08-04 20:20:09.456 11576-12238 ImageProcessor          com.example.myapplication            D  📐 Контур: площадь=14728.5, углов=3
2025-08-04 20:20:09.457 11576-12238 ImageProcessor          com.example.myapplication            D  📐 Контур: площадь=124.0, углов=10
2025-08-04 20:20:09.457 11576-12238 ImageProcessor          com.example.myapplication            D  📐 Контур: площадь=61.5, углов=12
2025-08-04 20:20:09.457 11576-12238 ImageProcessor          com.example.myapplication            D  📐 Контур: площадь=91.0, углов=10
2025-08-04 20:20:09.457 11576-12238 ImageProcessor          com.example.myapplication            D  📐 Контур: площадь=152.0, углов=11
2025-08-04 20:20:09.457 11576-12238 ImageProcessor          com.example.myapplication            D  📐 Контур: площадь=201.0, углов=15
2025-08-04 20:20:09.457 11576-12238 ImageProcessor          com.example.myapplication            D  📐 Контур: площадь=64.5, углов=9
2025-08-04 20:20:09.457 11576-12238 ImageProcessor          com.example.myapplication            D  📐 Контур: площадь=55.0, углов=13
2025-08-04 20:20:09.458 11576-12238 ImageProcessor          com.example.myapplication            D  📐 Контур: площадь=94.5, углов=18
2025-08-04 20:20:09.458 11576-12238 ImageProcessor          com.example.myapplication            D  📐 Контур: площадь=89.0, углов=12
2025-08-04 20:20:09.458 11576-12238 ImageProcessor          com.example.myapplication            D  📐 Контур: площадь=66.5, углов=8
2025-08-04 20:20:09.458 11576-12238 ImageProcessor          com.example.myapplication            D  📐 Контур: площадь=74.0, углов=8
2025-08-04 20:20:09.458 11576-12238 ImageProcessor          com.example.myapplication            D  📐 Контур: площадь=66.0, углов=12
2025-08-04 20:20:09.458 11576-12238 ImageProcessor          com.example.myapplication            D  📐 Контур: площадь=120.0, углов=14
2025-08-04 20:20:09.458 11576-12238 ImageProcessor          com.example.myapplication            D  📐 Контур: площадь=81.0, углов=11
2025-08-04 20:20:09.458 11576-12238 ImageProcessor          com.example.myapplication            D  📐 Контур: площадь=68.0, углов=7
2025-08-04 20:20:09.459 11576-12238 ImageProcessor          com.example.myapplication            D  📐 Контур: площадь=188.0, углов=17
2025-08-04 20:20:09.459 11576-12238 ImageProcessor          com.example.myapplication            D  📐 Контур: площадь=301.0, углов=12
2025-08-04 20:20:09.459 11576-12238 ImageProcessor          com.example.myapplication            D  📐 Контур: площадь=57.5, углов=15
2025-08-04 20:20:09.459 11576-12238 ImageProcessor          com.example.myapplication            D  📐 Контур: площадь=117.0, углов=9
2025-08-04 20:20:09.459 11576-12238 ImageProcessor          com.example.myapplication            D  📊 Найдено прямоугольных контуров: 2
2025-08-04 20:20:09.459 11576-12238 ImageProcessor          com.example.myapplication            D  🎯 Выбран самый большой контур площадью: 114487.0
2025-08-04 20:20:09.459 11576-12238 ImageProcessor          com.example.myapplication            D  🎯 Контур бланка найден, обрабатываем...
2025-08-04 20:20:09.468 11576-12238 ImageProcessor          com.example.myapplication            D  📋 Приоритетная обработка тестового бланка: 800x800
2025-08-04 20:20:09.470 11576-12238 ImageProcessor          com.example.myapplication            D  🚀 ЭТАП 1: Обрабатываем только эталонные ячейки...
2025-08-04 20:20:09.470 11576-12238 ImageProcessor          com.example.myapplication            D  🎯 Эталонная ячейка [0][0] добавлена в приоритетный батч
2025-08-04 20:20:09.471 11576-12238 ImageProcessor          com.example.myapplication            D  🎯 Эталонная ячейка [1][1] добавлена в приоритетный батч
2025-08-04 20:20:09.471 11576-12238 ImageProcessor          com.example.myapplication            D  🎯 Эталонная ячейка [2][2] добавлена в приоритетный батч
2025-08-04 20:20:09.471 11576-12238 ImageProcessor          com.example.myapplication            D  🎯 Эталонная ячейка [3][3] добавлена в приоритетный батч
2025-08-04 20:20:09.471 11576-12238 ImageProcessor          com.example.myapplication            D  🎯 Эталонная ячейка [4][4] добавлена в приоритетный батч
2025-08-04 20:20:09.472 11576-12238 ImageProcessor          com.example.myapplication            D  🎯 Эталонная ячейка [5][3] добавлена в приоритетный батч
2025-08-04 20:20:09.472 11576-12238 ImageProcessor          com.example.myapplication            D  🎯 Эталонная ячейка [6][2] добавлена в приоритетный батч
2025-08-04 20:20:09.472 11576-12238 ImageProcessor          com.example.myapplication            D  🎯 Эталонная ячейка [7][1] добавлена в приоритетный батч
2025-08-04 20:20:09.472 11576-12238 ImageProcessor          com.example.myapplication            D  🎯 Эталонная ячейка [8][0] добавлена в приоритетный батч
2025-08-04 20:20:09.472 11576-12238 ImageProcessor          com.example.myapplication            D  🎯 Эталонная ячейка [9][1] добавлена в приоритетный батч
2025-08-04 20:20:09.542 11576-11586 System                  com.example.myapplication            W  A resource failed to call close. 
2025-08-04 20:20:10.188 11576-11584 e.myapplication         com.example.myapplication            I  Background concurrent mark compact GC freed 11MB AllocSpace bytes, 4(2368KB) LOS objects, 49% free, 13MB/26MB, paused 211us,7.198ms total 54.958ms
2025-08-04 20:20:11.021 11576-12238 OnnxModel               com.example.myapplication            I  ⚡ Батч-обработка 10 изображений за 1547мс (среднее: 154,7мс на изображение)
2025-08-04 20:20:11.021 11576-12238 ImageProcessor          com.example.myapplication            D  ⚡ Эталонные ячейки обработаны за 1548мс
2025-08-04 20:20:11.021 11576-12238 ImageProcessor          com.example.myapplication            D  ✅ Эталонная ячейка [0][0] = ПУСТОЕ (0%)
2025-08-04 20:20:11.021 11576-12238 ImageProcessor          com.example.myapplication            D  ✅ Эталонная ячейка [1][1] = ЗАПОЛНЕНО (99%)
2025-08-04 20:20:11.021 11576-12238 ImageProcessor          com.example.myapplication            D  ✅ Эталонная ячейка [2][2] = ЗАПОЛНЕНО (99%)
2025-08-04 20:20:11.021 11576-12238 ImageProcessor          com.example.myapplication            D  ✅ Эталонная ячейка [3][3] = ПУСТОЕ (0%)
2025-08-04 20:20:11.021 11576-12238 ImageProcessor          com.example.myapplication            D  ✅ Эталонная ячейка [4][4] = ЗАПОЛНЕНО (99%)
2025-08-04 20:20:11.021 11576-12238 ImageProcessor          com.example.myapplication            D  ✅ Эталонная ячейка [5][3] = ПУСТОЕ (0%)
2025-08-04 20:20:11.021 11576-12238 ImageProcessor          com.example.myapplication            D  ✅ Эталонная ячейка [6][2] = ЗАПОЛНЕНО (100%)
2025-08-04 20:20:11.021 11576-12238 ImageProcessor          com.example.myapplication            D  ✅ Эталонная ячейка [7][1] = ПУСТОЕ (0%)
2025-08-04 20:20:11.021 11576-12238 ImageProcessor          com.example.myapplication            D  ✅ Эталонная ячейка [8][0] = ПУСТОЕ (0%)
2025-08-04 20:20:11.021 11576-12238 ImageProcessor          com.example.myapplication            D  ✅ Эталонная ячейка [9][1] = ПУСТОЕ (0%)
2025-08-04 20:20:11.021 11576-12238 ImageProcessor          com.example.myapplication            D  🔍 ЭТАП 2: Проверяем результат эталонных ячеек...
2025-08-04 20:20:11.021 11576-12238 ImageProcessor          com.example.myapplication            D  ❌ Вопрос 0 неправильный - нужна фоновая проверка
2025-08-04 20:20:11.021 11576-12238 ImageProcessor          com.example.myapplication            D  ✅ Вопрос 1 правильный
2025-08-04 20:20:11.021 11576-12238 ImageProcessor          com.example.myapplication            D  ✅ Вопрос 2 правильный
2025-08-04 20:20:11.021 11576-12238 ImageProcessor          com.example.myapplication            D  ❌ Вопрос 3 неправильный - нужна фоновая проверка
2025-08-04 20:20:11.021 11576-12238 ImageProcessor          com.example.myapplication            D  ✅ Вопрос 4 правильный
2025-08-04 20:20:11.021 11576-12238 ImageProcessor          com.example.myapplication            D  ❌ Вопрос 5 неправильный - нужна фоновая проверка
2025-08-04 20:20:11.021 11576-12238 ImageProcessor          com.example.myapplication            D  ✅ Вопрос 6 правильный
2025-08-04 20:20:11.021 11576-12238 ImageProcessor          com.example.myapplication            D  ❌ Вопрос 7 неправильный - нужна фоновая проверка
2025-08-04 20:20:11.021 11576-12238 ImageProcessor          com.example.myapplication            D  ❌ Вопрос 8 неправильный - нужна фоновая проверка
2025-08-04 20:20:11.021 11576-12238 ImageProcessor          com.example.myapplication            D  ❌ Вопрос 9 неправильный - нужна фоновая проверка
2025-08-04 20:20:11.021 11576-12238 ImageProcessor          com.example.myapplication            D  🔄 ЭТАП 3: Фоновая проверка 6 вопросов с ошибками...
2025-08-04 20:20:13.840 11576-11584 e.myapplication         com.example.myapplication            I  Background concurrent mark compact GC freed 11MB AllocSpace bytes, 4(2368KB) LOS objects, 49% free, 13MB/26MB, paused 206us,6.310ms total 57.270ms
2025-08-04 20:20:15.558 11576-12238 OnnxModel               com.example.myapplication            I  ⚡ Батч-обработка 30 изображений за 4533мс (среднее: 151,1мс на изображение)
2025-08-04 20:20:15.558 11576-12238 ImageProcessor          com.example.myapplication            D  ⚡ Ячейки с ошибками обработаны за 4533мс
2025-08-04 20:20:15.558 11576-12238 ImageProcessor          com.example.myapplication            D  🔍 Ошибочная ячейка [0][0] = ПУСТОЕ (0%)
2025-08-04 20:20:15.558 11576-12238 ImageProcessor          com.example.myapplication            D  🔍 Ошибочная ячейка [0][1] = ПУСТОЕ (0%)
2025-08-04 20:20:15.558 11576-12238 ImageProcessor          com.example.myapplication            D  🔍 Ошибочная ячейка [0][2] = ЗАПОЛНЕНО (99%)
2025-08-04 20:20:15.558 11576-12238 ImageProcessor          com.example.myapplication            D  🔍 Ошибочная ячейка [0][3] = ПУСТОЕ (0%)
2025-08-04 20:20:15.558 11576-12238 ImageProcessor          com.example.myapplication            D  🔍 Ошибочная ячейка [0][4] = ПУСТОЕ (0%)
2025-08-04 20:20:15.558 11576-12238 ImageProcessor          com.example.myapplication            D  🔍 Ошибочная ячейка [3][0] = ПУСТОЕ (0%)
2025-08-04 20:20:15.558 11576-12238 ImageProcessor          com.example.myapplication            D  🔍 Ошибочная ячейка [3][1] = ЗАПОЛНЕНО (99%)
2025-08-04 20:20:15.559 11576-12238 ImageProcessor          com.example.myapplication            D  🔍 Ошибочная ячейка [3][2] = ПУСТОЕ (0%)
2025-08-04 20:20:15.559 11576-12238 ImageProcessor          com.example.myapplication            D  🔍 Ошибочная ячейка [3][3] = ПУСТОЕ (0%)
2025-08-04 20:20:15.559 11576-12238 ImageProcessor          com.example.myapplication            D  🔍 Ошибочная ячейка [3][4] = ПУСТОЕ (0%)
2025-08-04 20:20:15.559 11576-12238 ImageProcessor          com.example.myapplication            D  🔍 Ошибочная ячейка [5][0] = ЗАПОЛНЕНО (100%)
2025-08-04 20:20:15.559 11576-12238 ImageProcessor          com.example.myapplication            D  🔍 Ошибочная ячейка [5][1] = ПУСТОЕ (0%)
2025-08-04 20:20:15.559 11576-12238 ImageProcessor          com.example.myapplication            D  🔍 Ошибочная ячейка [5][2] = ПУСТОЕ (0%)
2025-08-04 20:20:15.559 11576-12238 ImageProcessor          com.example.myapplication            D  🔍 Ошибочная ячейка [5][3] = ПУСТОЕ (0%)
2025-08-04 20:20:15.559 11576-12238 ImageProcessor          com.example.myapplication            D  🔍 Ошибочная ячейка [5][4] = ПУСТОЕ (0%)
2025-08-04 20:20:15.559 11576-12238 ImageProcessor          com.example.myapplication            D  🔍 Ошибочная ячейка [7][0] = ПУСТОЕ (0%)
2025-08-04 20:20:15.559 11576-12238 ImageProcessor          com.example.myapplication            D  🔍 Ошибочная ячейка [7][1] = ПУСТОЕ (0%)
2025-08-04 20:20:15.559 11576-12238 ImageProcessor          com.example.myapplication            D  🔍 Ошибочная ячейка [7][2] = ПУСТОЕ (0%)
2025-08-04 20:20:15.559 11576-12238 ImageProcessor          com.example.myapplication            D  🔍 Ошибочная ячейка [7][3] = ЗАПОЛНЕНО (100%)
2025-08-04 20:20:15.559 11576-12238 ImageProcessor          com.example.myapplication            D  🔍 Ошибочная ячейка [7][4] = ПУСТОЕ (0%)
2025-08-04 20:20:15.559 11576-12238 ImageProcessor          com.example.myapplication            D  🔍 Ошибочная ячейка [8][0] = ПУСТОЕ (0%)
2025-08-04 20:20:15.559 11576-12238 ImageProcessor          com.example.myapplication            D  🔍 Ошибочная ячейка [8][1] = ЗАПОЛНЕНО (100%)
2025-08-04 20:20:15.559 11576-12238 ImageProcessor          com.example.myapplication            D  🔍 Ошибочная ячейка [8][2] = ПУСТОЕ (0%)
2025-08-04 20:20:15.559 11576-12238 ImageProcessor          com.example.myapplication            D  🔍 Ошибочная ячейка [8][3] = ПУСТОЕ (0%)
2025-08-04 20:20:15.559 11576-12238 ImageProcessor          com.example.myapplication            D  🔍 Ошибочная ячейка [8][4] = ПУСТОЕ (0%)
2025-08-04 20:20:15.559 11576-12238 ImageProcessor          com.example.myapplication            D  🔍 Ошибочная ячейка [9][0] = ПУСТОЕ (0%)
2025-08-04 20:20:15.559 11576-12238 ImageProcessor          com.example.myapplication            D  🔍 Ошибочная ячейка [9][1] = ПУСТОЕ (0%)
2025-08-04 20:20:15.559 11576-12238 ImageProcessor          com.example.myapplication            D  🔍 Ошибочная ячейка [9][2] = ЗАПОЛНЕНО (100%)
2025-08-04 20:20:15.559 11576-12238 ImageProcessor          com.example.myapplication            D  🔍 Ошибочная ячейка [9][3] = ПУСТОЕ (0%)
2025-08-04 20:20:15.559 11576-12238 ImageProcessor          com.example.myapplication            D  🔍 Ошибочная ячейка [9][4] = ПУСТОЕ (0%)
2025-08-04 20:20:15.559 11576-12238 ImageProcessor          com.example.myapplication            D  🔄 Вопрос 0: выбран ответ 2, правильный 0
2025-08-04 20:20:15.559 11576-12238 ImageProcessor          com.example.myapplication            D  🔄 Вопрос 3: выбран ответ 1, правильный 3
2025-08-04 20:20:15.559 11576-12238 ImageProcessor          com.example.myapplication            D  🔄 Вопрос 5: выбран ответ 0, правильный 3
2025-08-04 20:20:15.559 11576-12238 ImageProcessor          com.example.myapplication            D  🔄 Вопрос 7: выбран ответ 3, правильный 1
2025-08-04 20:20:15.559 11576-12238 ImageProcessor          com.example.myapplication            D  🔄 Вопрос 8: выбран ответ 1, правильный 0
2025-08-04 20:20:15.559 11576-12238 ImageProcessor          com.example.myapplication            D  🔄 Вопрос 9: выбран ответ 2, правильный 1
2025-08-04 20:20:15.560 11576-12238 ImageProcessor          com.example.myapplication            D  ✅ Приоритетная обработка завершена: 4/10 правильных ответов
2025-08-04 20:20:15.560 11576-12238 ImageProcessor          com.example.myapplication            D  📊 Эталонных ячеек: 10, вопросов с ошибками: 6
2025-08-04 20:20:15.560 11576-12238 ImageProcessor          com.example.myapplication            D  📊 Размеры массивов: selectedAnswers=10, grading=10, correctAnswers=10
2025-08-04 20:20:15.560 11576-12238 ImageProcessor          com.example.myapplication            D  📊 selectedAnswers: [2, 1, 2, 1, 4, 0, 2, 3, 1, 2]
2025-08-04 20:20:15.560 11576-12238 ImageProcessor          com.example.myapplication            D  📊 grading: [0, 1, 1, 0, 1, 0, 1, 0, 0, 0]
2025-08-04 20:20:15.564 11576-12238 BatchActivity           com.example.myapplication            D  📊 Обработка результатов: detectedAnswers.size=10, currentQuestions=10, correctAnswers.size=10
2025-08-04 20:20:15.564 11576-12238 BatchActivity           com.example.myapplication            D  🎯 Расчет оценки: процент=40%, тип=PERCENTAGE, результат=2
2025-08-04 20:20:15.564 11576-12238 BatchActivity           com.example.myapplication            D  📊 Результаты обработки: 4/10 = 40,0%, оценка: 2
2025-08-04 20:20:15.564 11576-11576 BatchActivity           com.example.myapplication            D  📝 Добавляем результат: 1000002166.jpg, правильных: 4/10
2025-08-04 20:20:15.565 11576-11576 BatchResultsAdapter     com.example.myapplication            D  📊 getItemCount: 17
2025-08-04 20:20:15.565 11576-11576 BatchResultsAdapter     com.example.myapplication            D  📊 getItemCount: 17
2025-08-04 20:20:15.565 11576-11576 BatchActivity           com.example.myapplication            D  📊 Всего результатов в адаптере: 17
2025-08-04 20:20:15.565 11576-11576 BatchActivity           com.example.myapplication            D  📏 Высота RecyclerView: 10413
2025-08-04 20:20:15.577 11576-11576 BatchResultsAdapter     com.example.myapplication            D  📊 getItemCount: 17
2025-08-04 20:20:15.577 11576-11576 BatchResultsAdapter     com.example.myapplication            D  📊 getItemCount: 17
2025-08-04 20:20:15.579 11576-11576 BatchResultsAdapter     com.example.myapplication            D  📊 getItemCount: 17
2025-08-04 20:20:15.580 11576-11576 BatchResultsAdapter     com.example.myapplication            D  🔗 Привязываем элемент 0: 1000002182.jpg
2025-08-04 20:20:15.582 11576-11576 BatchResultsAdapter     com.example.myapplication            D  📊 getItemCount: 17
2025-08-04 20:20:15.582 11576-11576 BatchResultsAdapter     com.example.myapplication            D  🔗 Привязываем элемент 1: 1000002181.jpg
2025-08-04 20:20:15.585 11576-11576 BatchResultsAdapter     com.example.myapplication            D  📊 getItemCount: 17
2025-08-04 20:20:15.585 11576-11576 BatchResultsAdapter     com.example.myapplication            D  🔗 Привязываем элемент 2: 1000002180.jpg
2025-08-04 20:20:15.587 11576-11576 BatchResultsAdapter     com.example.myapplication            D  📊 getItemCount: 17
2025-08-04 20:20:15.587 11576-11576 BatchResultsAdapter     com.example.myapplication            D  🔗 Привязываем элемент 3: 1000002179.jpg
2025-08-04 20:20:15.590 11576-11576 BatchResultsAdapter     com.example.myapplication            D  📊 getItemCount: 17
2025-08-04 20:20:15.590 11576-11576 BatchResultsAdapter     com.example.myapplication            D  🔗 Привязываем элемент 4: 1000002178.jpg
2025-08-04 20:20:15.592 11576-11576 BatchResultsAdapter     com.example.myapplication            D  📊 getItemCount: 17
2025-08-04 20:20:15.602 11576-11576 BatchResultsAdapter     com.example.myapplication            D  🔗 Привязываем элемент 5: 1000002177.jpg
2025-08-04 20:20:15.605 11576-11576 BatchResultsAdapter     com.example.myapplication            D  📊 getItemCount: 17
2025-08-04 20:20:15.614 11576-11576 BatchResultsAdapter     com.example.myapplication            D  🔗 Привязываем элемент 6: 1000002176.jpg
2025-08-04 20:20:15.616 11576-11576 BatchResultsAdapter     com.example.myapplication            D  📊 getItemCount: 17
2025-08-04 20:20:15.624 11576-11576 BatchResultsAdapter     com.example.myapplication            D  🔗 Привязываем элемент 7: 1000002175.jpg
2025-08-04 20:20:15.627 11576-11576 BatchResultsAdapter     com.example.myapplication            D  📊 getItemCount: 17
2025-08-04 20:20:15.635 11576-11576 BatchResultsAdapter     com.example.myapplication            D  🔗 Привязываем элемент 8: 1000002174.jpg
2025-08-04 20:20:15.638 11576-11576 BatchResultsAdapter     com.example.myapplication            D  📊 getItemCount: 17
2025-08-04 20:20:15.646 11576-11576 BatchResultsAdapter     com.example.myapplication            D  🔗 Привязываем элемент 9: 1000002173.jpg
2025-08-04 20:20:15.649 11576-11576 BatchResultsAdapter     com.example.myapplication            D  📊 getItemCount: 17
2025-08-04 20:20:15.657 11576-11576 BatchResultsAdapter     com.example.myapplication            D  🔗 Привязываем элемент 10: 1000002172.jpg
2025-08-04 20:20:15.659 11576-11576 BatchResultsAdapter     com.example.myapplication            D  📊 getItemCount: 17
2025-08-04 20:20:15.667 11576-11576 BatchResultsAdapter     com.example.myapplication            D  🔗 Привязываем элемент 11: 1000002171.jpg
2025-08-04 20:20:15.670 11576-11576 BatchResultsAdapter     com.example.myapplication            D  📊 getItemCount: 17
2025-08-04 20:20:15.678 11576-11576 BatchResultsAdapter     com.example.myapplication            D  🔗 Привязываем элемент 12: 1000002170.jpg
2025-08-04 20:20:15.681 11576-11576 BatchResultsAdapter     com.example.myapplication            D  📊 getItemCount: 17
2025-08-04 20:20:15.689 11576-11576 BatchResultsAdapter     com.example.myapplication            D  🔗 Привязываем элемент 13: 1000002169.jpg
2025-08-04 20:20:15.692 11576-11576 BatchResultsAdapter     com.example.myapplication            D  📊 getItemCount: 17
2025-08-04 20:20:15.700 11576-11576 BatchResultsAdapter     com.example.myapplication            D  🔗 Привязываем элемент 14: 1000002168.jpg
2025-08-04 20:20:15.702 11576-11576 BatchResultsAdapter     com.example.myapplication            D  📊 getItemCount: 17
2025-08-04 20:20:15.711 11576-11576 BatchResultsAdapter     com.example.myapplication            D  🔗 Привязываем элемент 15: 1000002167.jpg
2025-08-04 20:20:15.713 11576-11576 BatchResultsAdapter     com.example.myapplication            D  📊 getItemCount: 17
2025-08-04 20:20:15.723 11576-11576 BatchResultsAdapter     com.example.myapplication            D  🔗 Привязываем элемент 16: 1000002166.jpg
2025-08-04 20:20:15.727 11576-11576 oplus.andr...actoryImpl com.example.myapplication            I  get feature:IOplusDynamicVsyncFeature
2025-08-04 20:20:15.727 11576-11576 oplus.andr...actoryImpl com.example.myapplication            I  get feature:IOplusDynamicVsyncFeature
2025-08-04 20:20:15.727 11576-11576 oplus.andr...actoryImpl com.example.myapplication            I  get feature:IOplusDynamicVsyncFeature
2025-08-04 20:20:15.727 11576-11576 OplusViewDebugManager   com.example.myapplication            D  OplusViewDebugManager Constructor android.view.debug.OplusViewDebugManager@2e35ebb [mHasViewDebugProperty true] [mHasMsgDebugProperty false] [DEBUG false] [EXTRAINFOENABLE false] [LIGHT_OS true]
2025-08-04 20:20:15.727 11576-11576 OplusViewDebugManager   com.example.myapplication            D  OplusViewDebugManager Constructor android.view.debug.OplusViewDebugManager@14e7fd8 [mHasViewDebugProperty true] [mHasMsgDebugProperty false] [DEBUG false] [EXTRAINFOENABLE false] [LIGHT_OS true]
2025-08-04 20:20:15.727 11576-11576 BatchResultsAdapter     com.example.myapplication            D  📊 getItemCount: 17
2025-08-04 20:20:15.728 11576-11576 BatchResultsAdapter     com.example.myapplication            D  📊 getItemCount: 17
2025-08-04 20:20:15.728 11576-11576 BatchResultsAdapter     com.example.myapplication            D  📊 getItemCount: 17
2025-08-04 20:20:15.728 11576-11576 BatchResultsAdapter     com.example.myapplication            D  📊 getItemCount: 17
2025-08-04 20:20:15.728 11576-11576 BatchResultsAdapter     com.example.myapplication            D  📊 getItemCount: 17
2025-08-04 20:20:15.728 11576-11576 BatchResultsAdapter     com.example.myapplication            D  📊 getItemCount: 17
2025-08-04 20:20:15.728 11576-11576 BatchResultsAdapter     com.example.myapplication            D  📊 getItemCount: 17
2025-08-04 20:20:15.728 11576-11576 BatchResultsAdapter     com.example.myapplication            D  📊 getItemCount: 17
2025-08-04 20:20:15.729 11576-11576 BatchResultsAdapter     com.example.myapplication            D  📊 getItemCount: 17
2025-08-04 20:20:15.729 11576-11576 BatchResultsAdapter     com.example.myapplication            D  📊 getItemCount: 17
2025-08-04 20:20:15.729 11576-11576 BatchResultsAdapter     com.example.myapplication            D  📊 getItemCount: 17
2025-08-04 20:20:15.729 11576-11576 BatchResultsAdapter     com.example.myapplication            D  📊 getItemCount: 17
2025-08-04 20:20:15.729 11576-11576 BatchResultsAdapter     com.example.myapplication            D  📊 getItemCount: 17
2025-08-04 20:20:15.729 11576-11576 BatchResultsAdapter     com.example.myapplication            D  📊 getItemCount: 17
2025-08-04 20:20:15.729 11576-11576 BatchResultsAdapter     com.example.myapplication            D  📊 getItemCount: 17
2025-08-04 20:20:15.729 11576-11576 BatchResultsAdapter     com.example.myapplication            D  📊 getItemCount: 17
2025-08-04 20:20:15.729 11576-11576 BatchResultsAdapter     com.example.myapplication            D  📊 getItemCount: 17
2025-08-04 20:20:15.730 11576-11576 BatchResultsAdapter     com.example.myapplication            D  📊 getItemCount: 17
2025-08-04 20:20:15.730 11576-11576 BatchResultsAdapter     com.example.myapplication            D  📊 getItemCount: 17
2025-08-04 20:20:15.730 11576-11576 BatchResultsAdapter     com.example.myapplication            D  📊 getItemCount: 17
2025-08-04 20:20:15.731 11576-11576 BatchResultsAdapter     com.example.myapplication            D  📊 getItemCount: 17
2025-08-04 20:20:15.731 11576-11576 BatchResultsAdapter     com.example.myapplication            D  📊 getItemCount: 17
2025-08-04 20:20:15.731 11576-11576 BatchResultsAdapter     com.example.myapplication            D  📊 getItemCount: 17
2025-08-04 20:20:15.731 11576-11576 BatchResultsAdapter     com.example.myapplication            D  📊 getItemCount: 17
2025-08-04 20:20:15.731 11576-11576 BatchResultsAdapter     com.example.myapplication            D  📊 getItemCount: 17
2025-08-04 20:20:15.731 11576-11576 BatchResultsAdapter     com.example.myapplication            D  📊 getItemCount: 17
2025-08-04 20:20:15.731 11576-11576 BatchResultsAdapter     com.example.myapplication            D  📊 getItemCount: 17
2025-08-04 20:20:15.731 11576-11576 BatchResultsAdapter     com.example.myapplication            D  📊 getItemCount: 17
2025-08-04 20:20:15.731 11576-11576 BatchResultsAdapter     com.example.myapplication            D  📊 getItemCount: 17
2025-08-04 20:20:15.732 11576-11576 BatchResultsAdapter     com.example.myapplication            D  📊 getItemCount: 17
2025-08-04 20:20:15.732 11576-11576 BatchResultsAdapter     com.example.myapplication            D  📊 getItemCount: 17
2025-08-04 20:20:15.732 11576-11576 BatchResultsAdapter     com.example.myapplication            D  📊 getItemCount: 17
2025-08-04 20:20:15.732 11576-11576 BatchResultsAdapter     com.example.myapplication            D  📊 getItemCount: 17
2025-08-04 20:20:15.732 11576-11576 BatchResultsAdapter     com.example.myapplication            D  📊 getItemCount: 17
2025-08-04 20:20:15.732 11576-11576 BatchResultsAdapter     com.example.myapplication            D  📊 getItemCount: 17
2025-08-04 20:20:15.732 11576-11576 BatchResultsAdapter     com.example.myapplication            D  📊 getItemCount: 17
2025-08-04 20:20:15.732 11576-11576 BatchResultsAdapter     com.example.myapplication            D  📊 getItemCount: 17
2025-08-04 20:20:33.274 11576-11576 AutofillManager         com.example.myapplication            V  requestHideFillUi(null): anchor = null
2025-08-04 20:20:33.449 11576-11576 ScrollIdentify          com.example.myapplication            I  on fling
2025-08-04 20:20:33.449 11576-11576 ViewRootImplExtImpl     com.example.myapplication            D  the up motion event handled by client, just return
2025-08-04 20:20:35.691 11576-11576 AutofillManager         com.example.myapplication            V  requestHideFillUi(null): anchor = null
2025-08-04 20:20:35.911 11576-11576 ScrollIdentify          com.example.myapplication            I  on fling
2025-08-04 20:20:35.911 11576-11576 ViewRootImplExtImpl     com.example.myapplication            D  the up motion event handled by client, just return
2025-08-04 20:20:36.993 11576-11576 AutofillManager         com.example.myapplication            V  requestHideFillUi(null): anchor = null
2025-08-04 20:20:37.157 11576-11576 ScrollIdentify          com.example.myapplication            I  on fling
2025-08-04 20:20:37.157 11576-11576 ViewRootImplExtImpl     com.example.myapplication            D  the up motion event handled by client, just return
2025-08-04 20:20:37.594 11576-11576 AutofillManager         com.example.myapplication            V  requestHideFillUi(null): anchor = null
2025-08-04 20:20:37.898 11576-11576 ScrollIdentify          com.example.myapplication            I  on fling
2025-08-04 20:20:37.898 11576-11576 ViewRootImplExtImpl     com.example.myapplication            D  the up motion event handled by client, just return
2025-08-04 20:20:38.319 11576-11576 AutofillManager         com.example.myapplication            V  requestHideFillUi(null): anchor = null
2025-08-04 20:20:38.502 11576-11576 ScrollIdentify          com.example.myapplication            I  on fling
2025-08-04 20:20:38.502 11576-11576 ViewRootImplExtImpl     com.example.myapplication            D  the up motion event handled by client, just return
2025-08-04 20:20:38.780 11576-11576 AutofillManager         com.example.myapplication            V  requestHideFillUi(null): anchor = null
2025-08-04 20:20:39.038 11576-11576 ScrollIdentify          com.example.myapplication            I  on fling
2025-08-04 20:20:39.038 11576-11576 ViewRootImplExtImpl     com.example.myapplication            D  the up motion event handled by client, just return
2025-08-04 20:20:39.474 11576-11576 AutofillManager         com.example.myapplication            V  requestHideFillUi(null): anchor = null
2025-08-04 20:20:39.695 11576-11576 VelocityTracker         com.example.myapplication            I  LSQ2 speed rezero
2025-08-04 20:20:39.695 11576-11576 VelocityTracker         com.example.myapplication            I  LSQ2 speed rezero
2025-08-04 20:20:39.696 11576-11576 VelocityTracker         com.example.myapplication            I  LSQ2 speed rezero
2025-08-04 20:20:39.696 11576-11576 ViewRootImplExtImpl     com.example.myapplication            D  the up motion event handled by client, just return
2025-08-04 20:20:40.037 11576-11576 AutofillManager         com.example.myapplication            V  requestHideFillUi(null): anchor = null
2025-08-04 20:20:40.251 11576-11576 ScrollIdentify          com.example.myapplication            I  on fling
2025-08-04 20:20:40.251 11576-11576 ViewRootImplExtImpl     com.example.myapplication            D  the up motion event handled by client, just return
2025-08-04 20:20:40.611 11576-11576 AutofillManager         com.example.myapplication            V  requestHideFillUi(null): anchor = null
2025-08-04 20:20:40.844 11576-11576 ScrollIdentify          com.example.myapplication            I  on fling
2025-08-04 20:20:40.844 11576-11576 ViewRootImplExtImpl     com.example.myapplication            D  the up motion event handled by client, just return
2025-08-04 20:20:41.189 11576-11576 AutofillManager         com.example.myapplication            V  requestHideFillUi(null): anchor = null
2025-08-04 20:20:41.388 11576-11576 ScrollIdentify          com.example.myapplication            I  on fling
2025-08-04 20:20:41.388 11576-11576 ViewRootImplExtImpl     com.example.myapplication            D  the up motion event handled by client, just return
2025-08-04 20:20:42.549 11576-11576 AutofillManager         com.example.myapplication            V  requestHideFillUi(null): anchor = null
2025-08-04 20:20:42.749 11576-11576 ScrollIdentify          com.example.myapplication            I  on fling
2025-08-04 20:20:42.749 11576-11576 ViewRootImplExtImpl     com.example.myapplication            D  the up motion event handled by client, just return
2025-08-04 20:20:45.888 11576-11576 AutofillManager         com.example.myapplication            V  requestHideFillUi(null): anchor = null
2025-08-04 20:20:46.108 11576-11576 ScrollIdentify          com.example.myapplication            I  on fling
2025-08-04 20:20:46.108 11576-11576 ViewRootImplExtImpl     com.example.myapplication            D  the up motion event handled by client, just return
2025-08-04 20:20:46.437 11576-11576 AutofillManager         com.example.myapplication            V  requestHideFillUi(null): anchor = null
2025-08-04 20:20:46.618 11576-11576 ScrollIdentify          com.example.myapplication            I  on fling
2025-08-04 20:20:46.618 11576-11576 ViewRootImplExtImpl     com.example.myapplication            D  the up motion event handled by client, just return
2025-08-04 20:20:47.074 11576-11576 AutofillManager         com.example.myapplication            V  requestHideFillUi(null): anchor = null
2025-08-04 20:20:47.312 11576-11576 ScrollIdentify          com.example.myapplication            I  on fling
2025-08-04 20:20:47.312 11576-11576 ViewRootImplExtImpl     com.example.myapplication            D  the up motion event handled by client, just return
2025-08-04 20:20:47.640 11576-11576 AutofillManager         com.example.myapplication            V  requestHideFillUi(null): anchor = null
2025-08-04 20:20:47.809 11576-11576 ScrollIdentify          com.example.myapplication            I  on fling
2025-08-04 20:20:47.809 11576-11576 ViewRootImplExtImpl     com.example.myapplication            D  the up motion event handled by client, just return
2025-08-04 20:20:48.482 11576-11576 AutofillManager         com.example.myapplication            V  requestHideFillUi(null): anchor = null
2025-08-04 20:20:48.622 11576-11576 ScrollIdentify          com.example.myapplication            I  on fling
2025-08-04 20:20:48.622 11576-11576 ViewRootImplExtImpl     com.example.myapplication            D  the up motion event handled by client, just return
2025-08-04 20:20:48.818 11576-11576 AutofillManager         com.example.myapplication            V  requestHideFillUi(null): anchor = null
2025-08-04 20:20:49.289 11576-11576 ScrollIdentify          com.example.myapplication            I  on fling
2025-08-04 20:20:49.289 11576-11576 ViewRootImplExtImpl     com.example.myapplication            D  the up motion event handled by client, just return
2025-08-04 20:20:49.619 11576-11576 AutofillManager         com.example.myapplication            V  requestHideFillUi(null): anchor = null
2025-08-04 20:20:49.777 11576-11576 ScrollIdentify          com.example.myapplication            I  on fling
2025-08-04 20:20:49.777 11576-11576 ViewRootImplExtImpl     com.example.myapplication            D  the up motion event handled by client, just return
2025-08-04 20:20:49.955 11576-11576 AutofillManager         com.example.myapplication            V  requestHideFillUi(null): anchor = null
2025-08-04 20:20:50.280 11576-11576 ScrollIdentify          com.example.myapplication            I  on fling
2025-08-04 20:20:50.281 11576-11576 ViewRootImplExtImpl     com.example.myapplication            D  the up motion event handled by client, just return
2025-08-04 20:20:50.579 11576-11576 AutofillManager         com.example.myapplication            V  requestHideFillUi(null): anchor = null
2025-08-04 20:20:50.767 11576-11576 ScrollIdentify          com.example.myapplication            I  on fling
2025-08-04 20:20:50.767 11576-11576 ViewRootImplExtImpl     com.example.myapplication            D  the up motion event handled by client, just return
2025-08-04 20:20:51.027 11576-11576 AutofillManager         com.example.myapplication            V  requestHideFillUi(null): anchor = null
2025-08-04 20:20:51.284 11576-11576 VelocityTracker         com.example.myapplication            I  LSQ2 speed rezero
2025-08-04 20:20:51.284 11576-11576 VelocityTracker         com.example.myapplication            I  LSQ2 speed rezero
2025-08-04 20:20:51.284 11576-11576 VelocityTracker         com.example.myapplication            I  LSQ2 speed rezero
2025-08-04 20:20:51.284 11576-11576 ScrollIdentify          com.example.myapplication            I  on fling
2025-08-04 20:20:51.285 11576-11576 ViewRootImplExtImpl     com.example.myapplication            D  the up motion event handled by client, just return
2025-08-04 20:20:51.549 11576-11576 AutofillManager         com.example.myapplication            V  requestHideFillUi(null): anchor = null
2025-08-04 20:20:51.730 11576-11576 ScrollIdentify          com.example.myapplication            I  on fling
2025-08-04 20:20:51.730 11576-11576 ViewRootImplExtImpl     com.example.myapplication            D  the up motion event handled by client, just return
2025-08-04 20:20:52.025 11576-11576 AutofillManager         com.example.myapplication            V  requestHideFillUi(null): anchor = null
2025-08-04 20:20:52.198 11576-11576 ScrollIdentify          com.example.myapplication            I  on fling
2025-08-04 20:20:52.198 11576-11576 ViewRootImplExtImpl     com.example.myapplication            D  the up motion event handled by client, just return
2025-08-04 20:20:52.478 11576-11576 AutofillManager         com.example.myapplication            V  requestHideFillUi(null): anchor = null
2025-08-04 20:20:52.827 11576-11576 ScrollIdentify          com.example.myapplication            I  on fling
2025-08-04 20:20:52.827 11576-11576 ViewRootImplExtImpl     com.example.myapplication            D  the up motion event handled by client, just return
2025-08-04 20:20:53.097 11576-11576 AutofillManager         com.example.myapplication            V  requestHideFillUi(null): anchor = null
2025-08-04 20:20:53.363 11576-11576 ScrollIdentify          com.example.myapplication            I  on fling
2025-08-04 20:20:53.363 11576-11576 ViewRootImplExtImpl     com.example.myapplication            D  the up motion event handled by client, just return
2025-08-04 20:20:53.540 11576-11576 AutofillManager         com.example.myapplication            V  requestHideFillUi(null): anchor = null
2025-08-04 20:20:53.800 11576-11576 ScrollIdentify          com.example.myapplication            I  on fling
2025-08-04 20:20:53.800 11576-11576 ViewRootImplExtImpl     com.example.myapplication            D  the up motion event handled by client, just return
2025-08-04 20:20:54.102 11576-11576 AutofillManager         com.example.myapplication            V  requestHideFillUi(null): anchor = null
2025-08-04 20:20:54.452 11576-11576 ScrollIdentify          com.example.myapplication            I  on fling
2025-08-04 20:20:54.452 11576-11576 ViewRootImplExtImpl     com.example.myapplication            D  the up motion event handled by client, just return
2025-08-04 20:20:54.723 11576-11576 AutofillManager         com.example.myapplication            V  requestHideFillUi(null): anchor = null
2025-08-04 20:20:54.995 11576-11576 VelocityTracker         com.example.myapplication            I  LSQ2 speed rezero
2025-08-04 20:20:54.996 11576-11576 VelocityTracker         com.example.myapplication            I  LSQ2 speed rezero
2025-08-04 20:20:54.996 11576-11576 VelocityTracker         com.example.myapplication            I  LSQ2 speed rezero
2025-08-04 20:20:54.996 11576-11576 ScrollIdentify          com.example.myapplication            I  on fling
2025-08-04 20:20:54.996 11576-11576 ViewRootImplExtImpl     com.example.myapplication            D  the up motion event handled by client, just return
2025-08-04 20:20:55.382 11576-11576 AutofillManager         com.example.myapplication            V  requestHideFillUi(null): anchor = null
2025-08-04 20:20:55.565 11576-11576 ScrollIdentify          com.example.myapplication            I  on fling
2025-08-04 20:20:55.565 11576-11576 ViewRootImplExtImpl     com.example.myapplication            D  the up motion event handled by client, just return
2025-08-04 20:20:56.101 11576-11576 AutofillManager         com.example.myapplication            V  requestHideFillUi(null): anchor = null
2025-08-04 20:20:56.264 11576-11576 ScrollIdentify          com.example.myapplication            I  on fling
2025-08-04 20:20:56.265 11576-11576 ViewRootImplExtImpl     com.example.myapplication            D  the up motion event handled by client, just return
2025-08-04 20:20:57.024 11576-11576 AutofillManager         com.example.myapplication            V  requestHideFillUi(null): anchor = null
2025-08-04 20:20:57.115 11576-11576 ScrollIdentify          com.example.myapplication            I  on fling
2025-08-04 20:20:57.115 11576-11576 ViewRootImplExtImpl     com.example.myapplication            D  the up motion event handled by client, just return
2025-08-04 20:20:57.642 11576-11576 AutofillManager         com.example.myapplication            V  requestHideFillUi(null): anchor = null
2025-08-04 20:20:57.732 11576-11576 ScrollIdentify          com.example.myapplication            I  on fling
2025-08-04 20:20:57.732 11576-11576 ViewRootImplExtImpl     com.example.myapplication            D  the up motion event handled by client, just return
2025-08-04 20:21:03.599 11576-11576 AutofillManager         com.example.myapplication            V  requestHideFillUi(null): anchor = null
2025-08-04 20:21:03.685 11576-11576 ViewRootImplExtImpl     com.example.myapplication            D  the up motion event handled by client, just return
2025-08-04 20:21:03.709 11576-11576 BatchActivity           com.example.myapplication            D  📊 Добавляем 17 результатов в отчет
2025-08-04 20:21:03.709 11576-11576 BatchActivity           com.example.myapplication            D  📊 currentQuestions: 10
2025-08-04 20:21:03.709 11576-11576 BatchActivity           com.example.myapplication            D  📊 Все результаты:
2025-08-04 20:21:03.709 11576-11576 BatchActivity           com.example.myapplication            D  📊   Результат 0: 1000002182.jpg, totalQuestions: 10, correctCount: 4
2025-08-04 20:21:03.709 11576-11576 BatchActivity           com.example.myapplication            D  📊   Результат 1: 1000002181.jpg, totalQuestions: 10, correctCount: 3
2025-08-04 20:21:03.709 11576-11576 BatchActivity           com.example.myapplication            D  📊   Результат 2: 1000002180.jpg, totalQuestions: 10, correctCount: 9
2025-08-04 20:21:03.709 11576-11576 BatchActivity           com.example.myapplication            D  📊   Результат 3: 1000002179.jpg, totalQuestions: 10, correctCount: 2
2025-08-04 20:21:03.709 11576-11576 BatchActivity           com.example.myapplication            D  📊   Результат 4: 1000002178.jpg, totalQuestions: 10, correctCount: 10
2025-08-04 20:21:03.709 11576-11576 BatchActivity           com.example.myapplication            D  📊   Результат 5: 1000002177.jpg, totalQuestions: 10, correctCount: 4
2025-08-04 20:21:03.709 11576-11576 BatchActivity           com.example.myapplication            D  📊   Результат 6: 1000002176.jpg, totalQuestions: 10, correctCount: 4
2025-08-04 20:21:03.709 11576-11576 BatchActivity           com.example.myapplication            D  📊   Результат 7: 1000002175.jpg, totalQuestions: 10, correctCount: 3
2025-08-04 20:21:03.709 11576-11576 BatchActivity           com.example.myapplication            D  📊   Результат 8: 1000002174.jpg, totalQuestions: 10, correctCount: 2
2025-08-04 20:21:03.709 11576-11576 BatchActivity           com.example.myapplication            D  📊   Результат 9: 1000002173.jpg, totalQuestions: 10, correctCount: 3
2025-08-04 20:21:03.709 11576-11576 BatchActivity           com.example.myapplication            D  📊   Результат 10: 1000002172.jpg, totalQuestions: 10, correctCount: 3
2025-08-04 20:21:03.710 11576-11576 BatchActivity           com.example.myapplication            D  📊   Результат 11: 1000002171.jpg, totalQuestions: 10, correctCount: 3
2025-08-04 20:21:03.710 11576-11576 BatchActivity           com.example.myapplication            D  📊   Результат 12: 1000002170.jpg, totalQuestions: 10, correctCount: 4
2025-08-04 20:21:03.710 11576-11576 BatchActivity           com.example.myapplication            D  📊   Результат 13: 1000002169.jpg, totalQuestions: 10, correctCount: 4
2025-08-04 20:21:03.710 11576-11576 BatchActivity           com.example.myapplication            D  📊   Результат 14: 1000002168.jpg, totalQuestions: 10, correctCount: 4
2025-08-04 20:21:03.710 11576-11576 BatchActivity           com.example.myapplication            D  📊   Результат 15: 1000002167.jpg, totalQuestions: 10, correctCount: 4
2025-08-04 20:21:03.710 11576-11576 BatchActivity           com.example.myapplication            D  📊   Результат 16: 1000002166.jpg, totalQuestions: 10, correctCount: 4
2025-08-04 20:21:03.710 11576-11576 BatchActivity           com.example.myapplication            D  📊 Формируем OMRResult для 1000002182.jpg:
2025-08-04 20:21:03.710 11576-11576 BatchActivity           com.example.myapplication            D     - totalQuestions: 10
2025-08-04 20:21:03.710 11576-11576 BatchActivity           com.example.myapplication            D     - selectedAnswers.size: 10
2025-08-04 20:21:03.710 11576-11576 BatchActivity           com.example.myapplication            D     - selectedAnswers: [2, 1, 3, 1, 4, 0, 2, 3, 2, 1]
2025-08-04 20:21:03.710 11576-11576 BatchActivity           com.example.myapplication            D     - grading: [0, 1, 0, 0, 1, 0, 1, 0, 0, 1]
2025-08-04 20:21:03.710 11576-11576 BatchActivity           com.example.myapplication            D     - correctAnswers: [0, 1, 2, 3, 4, 3, 2, 1, 0, 1]
2025-08-04 20:21:03.710 11576-11576 BatchActivity           com.example.myapplication            D     - errors: [ErrorDetail(questionNumber=1, selectedAnswer=3, correctAnswer=1), ErrorDetail(questionNumber=3, selectedAnswer=4, correctAnswer=3), ErrorDetail(questionNumber=4, selectedAnswer=2, correctAnswer=4), ErrorDetail(questionNumber=6, selectedAnswer=1, correctAnswer=4), ErrorDetail(questionNumber=8, selectedAnswer=4, correctAnswer=2), ErrorDetail(questionNumber=9, selectedAnswer=3, correctAnswer=1)]
2025-08-04 20:21:03.710 11576-11576 BatchActivity           com.example.myapplication            D     - grading.size: 10
2025-08-04 20:21:03.712 11576-11576 ReportsManager          com.example.myapplication            D  🔍 Расчет оценки: критерии=По процентам (по умолчанию), тип=PERCENTAGE
2025-08-04 20:21:03.713 11576-11576 ReportsManager          com.example.myapplication            D  📊 Процентная оценка: 4/10 = 40,0%
2025-08-04 20:21:03.714 11576-11576 ReportsManager          com.example.myapplication            D  📊 Критерии: {5=90.0..100.0, 4=75.0..89.99, 3=51.0..74.99, 2=0.0..50.99}
2025-08-04 20:21:03.714 11576-11576 ReportsManager          com.example.myapplication            D  📊 Результат оценки: 2
2025-08-04 20:21:03.714 11576-11576 ReportsManager          com.example.myapplication            D  📋 Создаем отчет: Пакетная обработка: 1000002182.jpg, текущие критерии: default
2025-08-04 20:21:03.728 11576-11576 ReportsManager          com.example.myapplication            D  💾 Сохраняем критерии: По процентам (по умолчанию) -> {"id":"default","name":"По процентам (по умолчанию)","type":"PERCENTAGE","maxPoints":0,"criteria":{"5":"90.0..100.0","4":"75.0..89.99","3":"51.0..74.99","2":"0.0..50.99"}}
2025-08-04 20:21:03.729 11576-11576 ReportsManager          com.example.myapplication            D  💾 Данные сохранены: 1 отчетов, 1 критериев
2025-08-04 20:21:03.730 11576-11576 ReportsManager          com.example.myapplication            D  📋 Добавлен отчет: Пакетная обработка: 1000002182.jpg (оценка: 2)
2025-08-04 20:21:03.730 11576-11576 BatchActivity           com.example.myapplication            D  📊 Формируем OMRResult для 1000002181.jpg:
2025-08-04 20:21:03.730 11576-11576 BatchActivity           com.example.myapplication            D     - totalQuestions: 10
2025-08-04 20:21:03.730 11576-11576 BatchActivity           com.example.myapplication            D     - selectedAnswers.size: 10
2025-08-04 20:21:03.730 11576-11576 BatchActivity           com.example.myapplication            D     - selectedAnswers: [2, 1, 0, 1, 4, 0, 3, 3, 2, 1]
2025-08-04 20:21:03.730 11576-11576 BatchActivity           com.example.myapplication            D     - grading: [0, 1, 0, 0, 1, 0, 0, 0, 0, 1]
2025-08-04 20:21:03.730 11576-11576 BatchActivity           com.example.myapplication            D     - correctAnswers: [0, 1, 2, 3, 4, 3, 2, 1, 0, 1]
2025-08-04 20:21:03.730 11576-11576 BatchActivity           com.example.myapplication            D     - errors: [ErrorDetail(questionNumber=1, selectedAnswer=3, correctAnswer=1), ErrorDetail(questionNumber=3, selectedAnswer=1, correctAnswer=3), ErrorDetail(questionNumber=4, selectedAnswer=2, correctAnswer=4), ErrorDetail(questionNumber=6, selectedAnswer=1, correctAnswer=4), ErrorDetail(questionNumber=7, selectedAnswer=4, correctAnswer=3), ErrorDetail(questionNumber=8, selectedAnswer=4, correctAnswer=2), ErrorDetail(questionNumber=9, selectedAnswer=3, correctAnswer=1)]
2025-08-04 20:21:03.731 11576-11576 BatchActivity           com.example.myapplication            D     - grading.size: 10
2025-08-04 20:21:03.731 11576-11576 ReportsManager          com.example.myapplication            D  🔍 Расчет оценки: критерии=По процентам (по умолчанию), тип=PERCENTAGE
2025-08-04 20:21:03.731 11576-11576 ReportsManager          com.example.myapplication            D  📊 Процентная оценка: 3/10 = 30,0%
2025-08-04 20:21:03.732 11576-11576 ReportsManager          com.example.myapplication            D  📊 Критерии: {5=90.0..100.0, 4=75.0..89.99, 3=51.0..74.99, 2=0.0..50.99}
2025-08-04 20:21:03.732 11576-11576 ReportsManager          com.example.myapplication            D  📊 Результат оценки: 2
2025-08-04 20:21:03.732 11576-11576 ReportsManager          com.example.myapplication            D  📋 Создаем отчет: Пакетная обработка: 1000002181.jpg, текущие критерии: default
2025-08-04 20:21:03.735 11576-11576 ReportsManager          com.example.myapplication            D  💾 Сохраняем критерии: По процентам (по умолчанию) -> {"id":"default","name":"По процентам (по умолчанию)","type":"PERCENTAGE","maxPoints":0,"criteria":{"5":"90.0..100.0","4":"75.0..89.99","3":"51.0..74.99","2":"0.0..50.99"}}
2025-08-04 20:21:03.737 11576-11576 ReportsManager          com.example.myapplication            D  💾 Данные сохранены: 2 отчетов, 1 критериев
2025-08-04 20:21:03.737 11576-11576 ReportsManager          com.example.myapplication            D  📋 Добавлен отчет: Пакетная обработка: 1000002181.jpg (оценка: 2)
2025-08-04 20:21:03.738 11576-11576 BatchActivity           com.example.myapplication            D  📊 Формируем OMRResult для 1000002180.jpg:
2025-08-04 20:21:03.738 11576-11576 BatchActivity           com.example.myapplication            D     - totalQuestions: 10
2025-08-04 20:21:03.738 11576-11576 BatchActivity           com.example.myapplication            D     - selectedAnswers.size: 10
2025-08-04 20:21:03.738 11576-11576 BatchActivity           com.example.myapplication            D     - selectedAnswers: [0, 1, 2, 1, 4, 3, 2, 1, 0, 1]
2025-08-04 20:21:03.738 11576-11576 BatchActivity           com.example.myapplication            D     - grading: [1, 1, 1, 0, 1, 1, 1, 1, 1, 1]
2025-08-04 20:21:03.738 11576-11576 BatchActivity           com.example.myapplication            D     - correctAnswers: [0, 1, 2, 3, 4, 3, 2, 1, 0, 1]
2025-08-04 20:21:03.738 11576-11576 BatchActivity           com.example.myapplication            D     - errors: [ErrorDetail(questionNumber=4, selectedAnswer=2, correctAnswer=4)]
2025-08-04 20:21:03.738 11576-11576 BatchActivity           com.example.myapplication            D     - grading.size: 10
2025-08-04 20:21:03.738 11576-11576 ReportsManager          com.example.myapplication            D  🔍 Расчет оценки: критерии=По процентам (по умолчанию), тип=PERCENTAGE
2025-08-04 20:21:03.739 11576-11576 ReportsManager          com.example.myapplication            D  📊 Процентная оценка: 9/10 = 90,0%
2025-08-04 20:21:03.739 11576-11576 ReportsManager          com.example.myapplication            D  📊 Критерии: {5=90.0..100.0, 4=75.0..89.99, 3=51.0..74.99, 2=0.0..50.99}
2025-08-04 20:21:03.739 11576-11576 ReportsManager          com.example.myapplication            D  📊 Результат оценки: 5
2025-08-04 20:21:03.739 11576-11576 ReportsManager          com.example.myapplication            D  📋 Создаем отчет: Пакетная обработка: 1000002180.jpg, текущие критерии: default
2025-08-04 20:21:03.742 11576-11576 ReportsManager          com.example.myapplication            D  💾 Сохраняем критерии: По процентам (по умолчанию) -> {"id":"default","name":"По процентам (по умолчанию)","type":"PERCENTAGE","maxPoints":0,"criteria":{"5":"90.0..100.0","4":"75.0..89.99","3":"51.0..74.99","2":"0.0..50.99"}}
2025-08-04 20:21:03.744 11576-11576 ReportsManager          com.example.myapplication            D  💾 Данные сохранены: 3 отчетов, 1 критериев
2025-08-04 20:21:03.744 11576-11576 ReportsManager          com.example.myapplication            D  📋 Добавлен отчет: Пакетная обработка: 1000002180.jpg (оценка: 5)
2025-08-04 20:21:03.744 11576-11576 BatchActivity           com.example.myapplication            D  📊 Формируем OMRResult для 1000002179.jpg:
2025-08-04 20:21:03.744 11576-11576 BatchActivity           com.example.myapplication            D     - totalQuestions: 10
2025-08-04 20:21:03.744 11576-11576 BatchActivity           com.example.myapplication            D     - selectedAnswers.size: 10
2025-08-04 20:21:03.745 11576-11576 BatchActivity           com.example.myapplication            D     - selectedAnswers: [2, 0, 3, 2, 4, 1, 2, 2, 1, 2]
2025-08-04 20:21:03.745 11576-11576 BatchActivity           com.example.myapplication            D     - grading: [0, 0, 0, 0, 1, 0, 1, 0, 0, 0]
2025-08-04 20:21:03.745 11576-11576 BatchActivity           com.example.myapplication            D     - correctAnswers: [0, 1, 2, 3, 4, 3, 2, 1, 0, 1]
2025-08-04 20:21:03.745 11576-11576 BatchActivity           com.example.myapplication            D     - errors: [ErrorDetail(questionNumber=1, selectedAnswer=3, correctAnswer=1), ErrorDetail(questionNumber=2, selectedAnswer=1, correctAnswer=2), ErrorDetail(questionNumber=3, selectedAnswer=4, correctAnswer=3), ErrorDetail(questionNumber=4, selectedAnswer=3, correctAnswer=4), ErrorDetail(questionNumber=6, selectedAnswer=2, correctAnswer=4), ErrorDetail(questionNumber=8, selectedAnswer=3, correctAnswer=2), ErrorDetail(questionNumber=9, selectedAnswer=2, correctAnswer=1), ErrorDetail(questionNumber=10, selectedAnswer=3, correctAnswer=2)]
2025-08-04 20:21:03.745 11576-11576 BatchActivity           com.example.myapplication            D     - grading.size: 10
2025-08-04 20:21:03.746 11576-11576 ReportsManager          com.example.myapplication            D  🔍 Расчет оценки: критерии=По процентам (по умолчанию), тип=PERCENTAGE
2025-08-04 20:21:03.746 11576-11576 ReportsManager          com.example.myapplication            D  📊 Процентная оценка: 2/10 = 20,0%
2025-08-04 20:21:03.746 11576-11576 ReportsManager          com.example.myapplication            D  📊 Критерии: {5=90.0..100.0, 4=75.0..89.99, 3=51.0..74.99, 2=0.0..50.99}
2025-08-04 20:21:03.746 11576-11576 ReportsManager          com.example.myapplication            D  📊 Результат оценки: 2
2025-08-04 20:21:03.746 11576-11576 ReportsManager          com.example.myapplication            D  📋 Создаем отчет: Пакетная обработка: 1000002179.jpg, текущие критерии: default
2025-08-04 20:21:03.749 11576-11576 ReportsManager          com.example.myapplication            D  💾 Сохраняем критерии: По процентам (по умолчанию) -> {"id":"default","name":"По процентам (по умолчанию)","type":"PERCENTAGE","maxPoints":0,"criteria":{"5":"90.0..100.0","4":"75.0..89.99","3":"51.0..74.99","2":"0.0..50.99"}}
2025-08-04 20:21:03.752 11576-11576 ReportsManager          com.example.myapplication            D  💾 Данные сохранены: 4 отчетов, 1 критериев
2025-08-04 20:21:03.752 11576-11576 ReportsManager          com.example.myapplication            D  📋 Добавлен отчет: Пакетная обработка: 1000002179.jpg (оценка: 2)
2025-08-04 20:21:03.752 11576-11576 BatchActivity           com.example.myapplication            D  📊 Формируем OMRResult для 1000002178.jpg:
2025-08-04 20:21:03.752 11576-11576 BatchActivity           com.example.myapplication            D     - totalQuestions: 10
2025-08-04 20:21:03.752 11576-11576 BatchActivity           com.example.myapplication            D     - selectedAnswers.size: 10
2025-08-04 20:21:03.752 11576-11576 BatchActivity           com.example.myapplication            D     - selectedAnswers: [0, 1, 2, 3, 4, 3, 2, 1, 0, 1]
2025-08-04 20:21:03.752 11576-11576 BatchActivity           com.example.myapplication            D     - grading: [1, 1, 1, 1, 1, 1, 1, 1, 1, 1]
2025-08-04 20:21:03.752 11576-11576 BatchActivity           com.example.myapplication            D     - correctAnswers: [0, 1, 2, 3, 4, 3, 2, 1, 0, 1]
2025-08-04 20:21:03.752 11576-11576 BatchActivity           com.example.myapplication            D     - errors: []
2025-08-04 20:21:03.752 11576-11576 BatchActivity           com.example.myapplication            D     - grading.size: 10
2025-08-04 20:21:03.752 11576-11576 ReportsManager          com.example.myapplication            D  🔍 Расчет оценки: критерии=По процентам (по умолчанию), тип=PERCENTAGE
2025-08-04 20:21:03.753 11576-11576 ReportsManager          com.example.myapplication            D  📊 Процентная оценка: 10/10 = 100,0%
2025-08-04 20:21:03.753 11576-11576 ReportsManager          com.example.myapplication            D  📊 Критерии: {5=90.0..100.0, 4=75.0..89.99, 3=51.0..74.99, 2=0.0..50.99}
2025-08-04 20:21:03.753 11576-11576 ReportsManager          com.example.myapplication            D  📊 Результат оценки: 5
2025-08-04 20:21:03.753 11576-11576 ReportsManager          com.example.myapplication            D  📋 Создаем отчет: Пакетная обработка: 1000002178.jpg, текущие критерии: default
2025-08-04 20:21:03.754 11576-11576 ReportsManager          com.example.myapplication            D  💾 Сохраняем критерии: По процентам (по умолчанию) -> {"id":"default","name":"По процентам (по умолчанию)","type":"PERCENTAGE","maxPoints":0,"criteria":{"5":"90.0..100.0","4":"75.0..89.99","3":"51.0..74.99","2":"0.0..50.99"}}
2025-08-04 20:21:03.756 11576-11576 ReportsManager          com.example.myapplication            D  💾 Данные сохранены: 5 отчетов, 1 критериев
2025-08-04 20:21:03.756 11576-11576 ReportsManager          com.example.myapplication            D  📋 Добавлен отчет: Пакетная обработка: 1000002178.jpg (оценка: 5)
2025-08-04 20:21:03.756 11576-11576 BatchActivity           com.example.myapplication            D  📊 Формируем OMRResult для 1000002177.jpg:
2025-08-04 20:21:03.756 11576-11576 BatchActivity           com.example.myapplication            D     - totalQuestions: 10
2025-08-04 20:21:03.756 11576-11576 BatchActivity           com.example.myapplication            D     - selectedAnswers.size: 10
2025-08-04 20:21:03.756 11576-11576 BatchActivity           com.example.myapplication            D     - selectedAnswers: [2, 1, 2, 1, 4, 0, 2, 3, 1, 2]
2025-08-04 20:21:03.756 11576-11576 BatchActivity           com.example.myapplication            D     - grading: [0, 1, 1, 0, 1, 0, 1, 0, 0, 0]
2025-08-04 20:21:03.756 11576-11576 BatchActivity           com.example.myapplication            D     - correctAnswers: [0, 1, 2, 3, 4, 3, 2, 1, 0, 1]
2025-08-04 20:21:03.756 11576-11576 BatchActivity           com.example.myapplication            D     - errors: [ErrorDetail(questionNumber=1, selectedAnswer=3, correctAnswer=1), ErrorDetail(questionNumber=4, selectedAnswer=2, correctAnswer=4), ErrorDetail(questionNumber=6, selectedAnswer=1, correctAnswer=4), ErrorDetail(questionNumber=8, selectedAnswer=4, correctAnswer=2), ErrorDetail(questionNumber=9, selectedAnswer=2, correctAnswer=1), ErrorDetail(questionNumber=10, selectedAnswer=3, correctAnswer=2)]
2025-08-04 20:21:03.756 11576-11576 BatchActivity           com.example.myapplication            D     - grading.size: 10
2025-08-04 20:21:03.756 11576-11576 ReportsManager          com.example.myapplication            D  🔍 Расчет оценки: критерии=По процентам (по умолчанию), тип=PERCENTAGE
2025-08-04 20:21:03.756 11576-11576 ReportsManager          com.example.myapplication            D  📊 Процентная оценка: 4/10 = 40,0%
2025-08-04 20:21:03.756 11576-11576 ReportsManager          com.example.myapplication            D  📊 Критерии: {5=90.0..100.0, 4=75.0..89.99, 3=51.0..74.99, 2=0.0..50.99}
2025-08-04 20:21:03.756 11576-11576 ReportsManager          com.example.myapplication            D  📊 Результат оценки: 2
2025-08-04 20:21:03.756 11576-11576 ReportsManager          com.example.myapplication            D  📋 Создаем отчет: Пакетная обработка: 1000002177.jpg, текущие критерии: default
2025-08-04 20:21:03.758 11576-11576 ReportsManager          com.example.myapplication            D  💾 Сохраняем критерии: По процентам (по умолчанию) -> {"id":"default","name":"По процентам (по умолчанию)","type":"PERCENTAGE","maxPoints":0,"criteria":{"5":"90.0..100.0","4":"75.0..89.99","3":"51.0..74.99","2":"0.0..50.99"}}
2025-08-04 20:21:03.762 11576-11576 ReportsManager          com.example.myapplication            D  💾 Данные сохранены: 6 отчетов, 1 критериев
2025-08-04 20:21:03.762 11576-11576 ReportsManager          com.example.myapplication            D  📋 Добавлен отчет: Пакетная обработка: 1000002177.jpg (оценка: 2)
2025-08-04 20:21:03.763 11576-11576 BatchActivity           com.example.myapplication            D  📊 Формируем OMRResult для 1000002176.jpg:
2025-08-04 20:21:03.763 11576-11576 BatchActivity           com.example.myapplication            D     - totalQuestions: 10
2025-08-04 20:21:03.763 11576-11576 BatchActivity           com.example.myapplication            D     - selectedAnswers.size: 10
2025-08-04 20:21:03.763 11576-11576 BatchActivity           com.example.myapplication            D     - selectedAnswers: [1, 2, 1, 3, 4, 0, 2, 3, 0, 2]
2025-08-04 20:21:03.763 11576-11576 BatchActivity           com.example.myapplication            D     - grading: [0, 0, 0, 1, 1, 0, 1, 0, 1, 0]
2025-08-04 20:21:03.763 11576-11576 BatchActivity           com.example.myapplication            D     - correctAnswers: [0, 1, 2, 3, 4, 3, 2, 1, 0, 1]
2025-08-04 20:21:03.764 11576-11576 BatchActivity           com.example.myapplication            D     - errors: [ErrorDetail(questionNumber=1, selectedAnswer=2, correctAnswer=1), ErrorDetail(questionNumber=2, selectedAnswer=3, correctAnswer=2), ErrorDetail(questionNumber=3, selectedAnswer=2, correctAnswer=3), ErrorDetail(questionNumber=6, selectedAnswer=1, correctAnswer=4), ErrorDetail(questionNumber=8, selectedAnswer=4, correctAnswer=2), ErrorDetail(questionNumber=10, selectedAnswer=3, correctAnswer=2)]
2025-08-04 20:21:03.764 11576-11576 BatchActivity           com.example.myapplication            D     - grading.size: 10
2025-08-04 20:21:03.764 11576-11576 ReportsManager          com.example.myapplication            D  🔍 Расчет оценки: критерии=По процентам (по умолчанию), тип=PERCENTAGE
2025-08-04 20:21:03.764 11576-11576 ReportsManager          com.example.myapplication            D  📊 Процентная оценка: 4/10 = 40,0%
2025-08-04 20:21:03.764 11576-11576 ReportsManager          com.example.myapplication            D  📊 Критерии: {5=90.0..100.0, 4=75.0..89.99, 3=51.0..74.99, 2=0.0..50.99}
2025-08-04 20:21:03.764 11576-11576 ReportsManager          com.example.myapplication            D  📊 Результат оценки: 2
2025-08-04 20:21:03.765 11576-11576 ReportsManager          com.example.myapplication            D  📋 Создаем отчет: Пакетная обработка: 1000002176.jpg, текущие критерии: default
2025-08-04 20:21:03.767 11576-11576 ReportsManager          com.example.myapplication            D  💾 Сохраняем критерии: По процентам (по умолчанию) -> {"id":"default","name":"По процентам (по умолчанию)","type":"PERCENTAGE","maxPoints":0,"criteria":{"5":"90.0..100.0","4":"75.0..89.99","3":"51.0..74.99","2":"0.0..50.99"}}
2025-08-04 20:21:03.770 11576-11576 ReportsManager          com.example.myapplication            D  💾 Данные сохранены: 7 отчетов, 1 критериев
2025-08-04 20:21:03.770 11576-11576 ReportsManager          com.example.myapplication            D  📋 Добавлен отчет: Пакетная обработка: 1000002176.jpg (оценка: 2)
2025-08-04 20:21:03.770 11576-11576 BatchActivity           com.example.myapplication            D  📊 Формируем OMRResult для 1000002175.jpg:
2025-08-04 20:21:03.770 11576-11576 BatchActivity           com.example.myapplication            D     - totalQuestions: 10
2025-08-04 20:21:03.770 11576-11576 BatchActivity           com.example.myapplication            D     - selectedAnswers.size: 10
2025-08-04 20:21:03.770 11576-11576 BatchActivity           com.example.myapplication            D     - selectedAnswers: [4, 1, 4, 4, 4, 4, 2, 3, 4, 2]
2025-08-04 20:21:03.770 11576-11576 BatchActivity           com.example.myapplication            D     - grading: [0, 1, 0, 0, 1, 0, 1, 0, 0, 0]
2025-08-04 20:21:03.770 11576-11576 BatchActivity           com.example.myapplication            D     - correctAnswers: [0, 1, 2, 3, 4, 3, 2, 1, 0, 1]
2025-08-04 20:21:03.770 11576-11576 BatchActivity           com.example.myapplication            D     - errors: [ErrorDetail(questionNumber=1, selectedAnswer=5, correctAnswer=1), ErrorDetail(questionNumber=3, selectedAnswer=5, correctAnswer=3), ErrorDetail(questionNumber=4, selectedAnswer=5, correctAnswer=4), ErrorDetail(questionNumber=6, selectedAnswer=5, correctAnswer=4), ErrorDetail(questionNumber=8, selectedAnswer=4, correctAnswer=2), ErrorDetail(questionNumber=9, selectedAnswer=5, correctAnswer=1), ErrorDetail(questionNumber=10, selectedAnswer=3, correctAnswer=2)]
2025-08-04 20:21:03.770 11576-11576 BatchActivity           com.example.myapplication            D     - grading.size: 10
2025-08-04 20:21:03.770 11576-11576 ReportsManager          com.example.myapplication            D  🔍 Расчет оценки: критерии=По процентам (по умолчанию), тип=PERCENTAGE
2025-08-04 20:21:03.771 11576-11576 ReportsManager          com.example.myapplication            D  📊 Процентная оценка: 3/10 = 30,0%
2025-08-04 20:21:03.771 11576-11576 ReportsManager          com.example.myapplication            D  📊 Критерии: {5=90.0..100.0, 4=75.0..89.99, 3=51.0..74.99, 2=0.0..50.99}
2025-08-04 20:21:03.771 11576-11576 ReportsManager          com.example.myapplication            D  📊 Результат оценки: 2
2025-08-04 20:21:03.771 11576-11576 ReportsManager          com.example.myapplication            D  📋 Создаем отчет: Пакетная обработка: 1000002175.jpg, текущие критерии: default
2025-08-04 20:21:03.773 11576-11576 ReportsManager          com.example.myapplication            D  💾 Сохраняем критерии: По процентам (по умолчанию) -> {"id":"default","name":"По процентам (по умолчанию)","type":"PERCENTAGE","maxPoints":0,"criteria":{"5":"90.0..100.0","4":"75.0..89.99","3":"51.0..74.99","2":"0.0..50.99"}}
2025-08-04 20:21:03.776 11576-11576 ReportsManager          com.example.myapplication            D  💾 Данные сохранены: 8 отчетов, 1 критериев
2025-08-04 20:21:03.776 11576-11576 ReportsManager          com.example.myapplication            D  📋 Добавлен отчет: Пакетная обработка: 1000002175.jpg (оценка: 2)
2025-08-04 20:21:03.776 11576-11576 BatchActivity           com.example.myapplication            D  📊 Формируем OMRResult для 1000002174.jpg:
2025-08-04 20:21:03.776 11576-11576 BatchActivity           com.example.myapplication            D     - totalQuestions: 10
2025-08-04 20:21:03.776 11576-11576 BatchActivity           com.example.myapplication            D     - selectedAnswers.size: 10
2025-08-04 20:21:03.776 11576-11576 BatchActivity           com.example.myapplication            D     - selectedAnswers: [2, 3, 0, 2, 4, 2, 3, 3, 2, 1]
2025-08-04 20:21:03.776 11576-11576 BatchActivity           com.example.myapplication            D     - grading: [0, 0, 0, 0, 1, 0, 0, 0, 0, 1]
2025-08-04 20:21:03.776 11576-11576 BatchActivity           com.example.myapplication            D     - correctAnswers: [0, 1, 2, 3, 4, 3, 2, 1, 0, 1]
2025-08-04 20:21:03.776 11576-11576 BatchActivity           com.example.myapplication            D     - errors: [ErrorDetail(questionNumber=1, selectedAnswer=3, correctAnswer=1), ErrorDetail(questionNumber=2, selectedAnswer=4, correctAnswer=2), ErrorDetail(questionNumber=3, selectedAnswer=1, correctAnswer=3), ErrorDetail(questionNumber=4, selectedAnswer=3, correctAnswer=4), ErrorDetail(questionNumber=6, selectedAnswer=3, correctAnswer=4), ErrorDetail(questionNumber=7, selectedAnswer=4, correctAnswer=3), ErrorDetail(questionNumber=8, selectedAnswer=4, correctAnswer=2), ErrorDetail(questionNumber=9, selectedAnswer=3, correctAnswer=1)]
2025-08-04 20:21:03.776 11576-11576 BatchActivity           com.example.myapplication            D     - grading.size: 10
2025-08-04 20:21:03.776 11576-11576 ReportsManager          com.example.myapplication            D  🔍 Расчет оценки: критерии=По процентам (по умолчанию), тип=PERCENTAGE
2025-08-04 20:21:03.777 11576-11576 ReportsManager          com.example.myapplication            D  📊 Процентная оценка: 2/10 = 20,0%
2025-08-04 20:21:03.777 11576-11576 ReportsManager          com.example.myapplication            D  📊 Критерии: {5=90.0..100.0, 4=75.0..89.99, 3=51.0..74.99, 2=0.0..50.99}
2025-08-04 20:21:03.777 11576-11576 ReportsManager          com.example.myapplication            D  📊 Результат оценки: 2
2025-08-04 20:21:03.777 11576-11576 ReportsManager          com.example.myapplication            D  📋 Создаем отчет: Пакетная обработка: 1000002174.jpg, текущие критерии: default
2025-08-04 20:21:03.779 11576-11576 ReportsManager          com.example.myapplication            D  💾 Сохраняем критерии: По процентам (по умолчанию) -> {"id":"default","name":"По процентам (по умолчанию)","type":"PERCENTAGE","maxPoints":0,"criteria":{"5":"90.0..100.0","4":"75.0..89.99","3":"51.0..74.99","2":"0.0..50.99"}}
2025-08-04 20:21:03.782 11576-11576 ReportsManager          com.example.myapplication            D  💾 Данные сохранены: 9 отчетов, 1 критериев
2025-08-04 20:21:03.782 11576-11576 ReportsManager          com.example.myapplication            D  📋 Добавлен отчет: Пакетная обработка: 1000002174.jpg (оценка: 2)
2025-08-04 20:21:03.782 11576-11576 BatchActivity           com.example.myapplication            D  📊 Формируем OMRResult для 1000002173.jpg:
2025-08-04 20:21:03.782 11576-11576 BatchActivity           com.example.myapplication            D     - totalQuestions: 10
2025-08-04 20:21:03.782 11576-11576 BatchActivity           com.example.myapplication            D     - selectedAnswers.size: 10
2025-08-04 20:21:03.782 11576-11576 BatchActivity           com.example.myapplication            D     - selectedAnswers: [2, 1, 3, 3, 4, 0, 0, 0, 1, 0]
2025-08-04 20:21:03.782 11576-11576 BatchActivity           com.example.myapplication            D     - grading: [0, 1, 0, 1, 1, 0, 0, 0, 0, 0]
2025-08-04 20:21:03.782 11576-11576 BatchActivity           com.example.myapplication            D     - correctAnswers: [0, 1, 2, 3, 4, 3, 2, 1, 0, 1]
2025-08-04 20:21:03.783 11576-11576 BatchActivity           com.example.myapplication            D     - errors: [ErrorDetail(questionNumber=1, selectedAnswer=3, correctAnswer=1), ErrorDetail(questionNumber=3, selectedAnswer=4, correctAnswer=3), ErrorDetail(questionNumber=6, selectedAnswer=1, correctAnswer=4), ErrorDetail(questionNumber=7, selectedAnswer=1, correctAnswer=3), ErrorDetail(questionNumber=8, selectedAnswer=1, correctAnswer=2), ErrorDetail(questionNumber=9, selectedAnswer=2, correctAnswer=1), ErrorDetail(questionNumber=10, selectedAnswer=1, correctAnswer=2)]
2025-08-04 20:21:03.783 11576-11576 BatchActivity           com.example.myapplication            D     - grading.size: 10
2025-08-04 20:21:03.783 11576-11576 ReportsManager          com.example.myapplication            D  🔍 Расчет оценки: критерии=По процентам (по умолчанию), тип=PERCENTAGE
2025-08-04 20:21:03.783 11576-11576 ReportsManager          com.example.myapplication            D  📊 Процентная оценка: 3/10 = 30,0%
2025-08-04 20:21:03.784 11576-11576 ReportsManager          com.example.myapplication            D  📊 Критерии: {5=90.0..100.0, 4=75.0..89.99, 3=51.0..74.99, 2=0.0..50.99}
2025-08-04 20:21:03.784 11576-11576 ReportsManager          com.example.myapplication            D  📊 Результат оценки: 2
2025-08-04 20:21:03.784 11576-11576 ReportsManager          com.example.myapplication            D  📋 Создаем отчет: Пакетная обработка: 1000002173.jpg, текущие критерии: default
2025-08-04 20:21:03.787 11576-11576 ReportsManager          com.example.myapplication            D  💾 Сохраняем критерии: По процентам (по умолчанию) -> {"id":"default","name":"По процентам (по умолчанию)","type":"PERCENTAGE","maxPoints":0,"criteria":{"5":"90.0..100.0","4":"75.0..89.99","3":"51.0..74.99","2":"0.0..50.99"}}
2025-08-04 20:21:03.790 11576-11576 ReportsManager          com.example.myapplication            D  💾 Данные сохранены: 10 отчетов, 1 критериев
2025-08-04 20:21:03.790 11576-11576 ReportsManager          com.example.myapplication            D  📋 Добавлен отчет: Пакетная обработка: 1000002173.jpg (оценка: 2)
2025-08-04 20:21:03.790 11576-11576 BatchActivity           com.example.myapplication            D  📊 Формируем OMRResult для 1000002172.jpg:
2025-08-04 20:21:03.790 11576-11576 BatchActivity           com.example.myapplication            D     - totalQuestions: 10
2025-08-04 20:21:03.790 11576-11576 BatchActivity           com.example.myapplication            D     - selectedAnswers.size: 10
2025-08-04 20:21:03.790 11576-11576 BatchActivity           com.example.myapplication            D     - selectedAnswers: [2, 1, 1, 2, 2, 3, 3, 0, 0, 2]
2025-08-04 20:21:03.790 11576-11576 BatchActivity           com.example.myapplication            D     - grading: [0, 1, 0, 0, 0, 1, 0, 0, 1, 0]
2025-08-04 20:21:03.790 11576-11576 BatchActivity           com.example.myapplication            D     - correctAnswers: [0, 1, 2, 3, 4, 3, 2, 1, 0, 1]
2025-08-04 20:21:03.790 11576-11576 BatchActivity           com.example.myapplication            D     - errors: [ErrorDetail(questionNumber=1, selectedAnswer=3, correctAnswer=1), ErrorDetail(questionNumber=3, selectedAnswer=2, correctAnswer=3), ErrorDetail(questionNumber=4, selectedAnswer=3, correctAnswer=4), ErrorDetail(questionNumber=5, selectedAnswer=3, correctAnswer=5), ErrorDetail(questionNumber=7, selectedAnswer=4, correctAnswer=3), ErrorDetail(questionNumber=8, selectedAnswer=1, correctAnswer=2), ErrorDetail(questionNumber=10, selectedAnswer=3, correctAnswer=2)]
2025-08-04 20:21:03.790 11576-11576 BatchActivity           com.example.myapplication            D     - grading.size: 10
2025-08-04 20:21:03.791 11576-11576 ReportsManager          com.example.myapplication            D  🔍 Расчет оценки: критерии=По процентам (по умолчанию), тип=PERCENTAGE
2025-08-04 20:21:03.791 11576-11576 ReportsManager          com.example.myapplication            D  📊 Процентная оценка: 3/10 = 30,0%
2025-08-04 20:21:03.791 11576-11576 ReportsManager          com.example.myapplication            D  📊 Критерии: {5=90.0..100.0, 4=75.0..89.99, 3=51.0..74.99, 2=0.0..50.99}
2025-08-04 20:21:03.791 11576-11576 ReportsManager          com.example.myapplication            D  📊 Результат оценки: 2
2025-08-04 20:21:03.791 11576-11576 ReportsManager          com.example.myapplication            D  📋 Создаем отчет: Пакетная обработка: 1000002172.jpg, текущие критерии: default
2025-08-04 20:21:03.793 11576-11576 ReportsManager          com.example.myapplication            D  💾 Сохраняем критерии: По процентам (по умолчанию) -> {"id":"default","name":"По процентам (по умолчанию)","type":"PERCENTAGE","maxPoints":0,"criteria":{"5":"90.0..100.0","4":"75.0..89.99","3":"51.0..74.99","2":"0.0..50.99"}}
2025-08-04 20:21:03.797 11576-11576 ReportsManager          com.example.myapplication            D  💾 Данные сохранены: 11 отчетов, 1 критериев
2025-08-04 20:21:03.797 11576-11576 ReportsManager          com.example.myapplication            D  📋 Добавлен отчет: Пакетная обработка: 1000002172.jpg (оценка: 2)
2025-08-04 20:21:03.797 11576-11576 BatchActivity           com.example.myapplication            D  📊 Формируем OMRResult для 1000002171.jpg:
2025-08-04 20:21:03.797 11576-11576 BatchActivity           com.example.myapplication            D     - totalQuestions: 10
2025-08-04 20:21:03.797 11576-11576 BatchActivity           com.example.myapplication            D     - selectedAnswers.size: 10
2025-08-04 20:21:03.797 11576-11576 BatchActivity           com.example.myapplication            D     - selectedAnswers: [2, 2, 3, 1, 4, 0, 2, 3, 2, 1]
2025-08-04 20:21:03.797 11576-11576 BatchActivity           com.example.myapplication            D     - grading: [0, 0, 0, 0, 1, 0, 1, 0, 0, 1]
2025-08-04 20:21:03.797 11576-11576 BatchActivity           com.example.myapplication            D     - correctAnswers: [0, 1, 2, 3, 4, 3, 2, 1, 0, 1]
2025-08-04 20:21:03.797 11576-11576 BatchActivity           com.example.myapplication            D     - errors: [ErrorDetail(questionNumber=1, selectedAnswer=3, correctAnswer=1), ErrorDetail(questionNumber=2, selectedAnswer=3, correctAnswer=2), ErrorDetail(questionNumber=3, selectedAnswer=4, correctAnswer=3), ErrorDetail(questionNumber=4, selectedAnswer=2, correctAnswer=4), ErrorDetail(questionNumber=6, selectedAnswer=1, correctAnswer=4), ErrorDetail(questionNumber=8, selectedAnswer=4, correctAnswer=2), ErrorDetail(questionNumber=9, selectedAnswer=3, correctAnswer=1)]
2025-08-04 20:21:03.797 11576-11576 BatchActivity           com.example.myapplication            D     - grading.size: 10
2025-08-04 20:21:03.798 11576-11576 ReportsManager          com.example.myapplication            D  🔍 Расчет оценки: критерии=По процентам (по умолчанию), тип=PERCENTAGE
2025-08-04 20:21:03.798 11576-11576 ReportsManager          com.example.myapplication            D  📊 Процентная оценка: 3/10 = 30,0%
2025-08-04 20:21:03.800 11576-11576 ReportsManager          com.example.myapplication            D  📊 Критерии: {5=90.0..100.0, 4=75.0..89.99, 3=51.0..74.99, 2=0.0..50.99}
2025-08-04 20:21:03.800 11576-11576 ReportsManager          com.example.myapplication            D  📊 Результат оценки: 2
2025-08-04 20:21:03.800 11576-11576 ReportsManager          com.example.myapplication            D  📋 Создаем отчет: Пакетная обработка: 1000002171.jpg, текущие критерии: default
2025-08-04 20:21:03.803 11576-11576 ReportsManager          com.example.myapplication            D  💾 Сохраняем критерии: По процентам (по умолчанию) -> {"id":"default","name":"По процентам (по умолчанию)","type":"PERCENTAGE","maxPoints":0,"criteria":{"5":"90.0..100.0","4":"75.0..89.99","3":"51.0..74.99","2":"0.0..50.99"}}
2025-08-04 20:21:03.809 11576-11576 ReportsManager          com.example.myapplication            D  💾 Данные сохранены: 12 отчетов, 1 критериев
2025-08-04 20:21:03.809 11576-11576 ReportsManager          com.example.myapplication            D  📋 Добавлен отчет: Пакетная обработка: 1000002171.jpg (оценка: 2)
2025-08-04 20:21:03.809 11576-11576 BatchActivity           com.example.myapplication            D  📊 Формируем OMRResult для 1000002170.jpg:
2025-08-04 20:21:03.809 11576-11576 BatchActivity           com.example.myapplication            D     - totalQuestions: 10
2025-08-04 20:21:03.809 11576-11576 BatchActivity           com.example.myapplication            D     - selectedAnswers.size: 10
2025-08-04 20:21:03.809 11576-11576 BatchActivity           com.example.myapplication            D     - selectedAnswers: [2, 1, 2, 1, 4, 0, 2, 3, 1, 2]
2025-08-04 20:21:03.809 11576-11576 BatchActivity           com.example.myapplication            D     - grading: [0, 1, 1, 0, 1, 0, 1, 0, 0, 0]
2025-08-04 20:21:03.809 11576-11576 BatchActivity           com.example.myapplication            D     - correctAnswers: [0, 1, 2, 3, 4, 3, 2, 1, 0, 1]
2025-08-04 20:21:03.809 11576-11576 BatchActivity           com.example.myapplication            D     - errors: [ErrorDetail(questionNumber=1, selectedAnswer=3, correctAnswer=1), ErrorDetail(questionNumber=4, selectedAnswer=2, correctAnswer=4), ErrorDetail(questionNumber=6, selectedAnswer=1, correctAnswer=4), ErrorDetail(questionNumber=8, selectedAnswer=4, correctAnswer=2), ErrorDetail(questionNumber=9, selectedAnswer=2, correctAnswer=1), ErrorDetail(questionNumber=10, selectedAnswer=3, correctAnswer=2)]
2025-08-04 20:21:03.809 11576-11576 BatchActivity           com.example.myapplication            D     - grading.size: 10
2025-08-04 20:21:03.809 11576-11576 ReportsManager          com.example.myapplication            D  🔍 Расчет оценки: критерии=По процентам (по умолчанию), тип=PERCENTAGE
2025-08-04 20:21:03.810 11576-11576 ReportsManager          com.example.myapplication            D  📊 Процентная оценка: 4/10 = 40,0%
2025-08-04 20:21:03.810 11576-11576 ReportsManager          com.example.myapplication            D  📊 Критерии: {5=90.0..100.0, 4=75.0..89.99, 3=51.0..74.99, 2=0.0..50.99}
2025-08-04 20:21:03.810 11576-11576 ReportsManager          com.example.myapplication            D  📊 Результат оценки: 2
2025-08-04 20:21:03.810 11576-11576 ReportsManager          com.example.myapplication            D  📋 Создаем отчет: Пакетная обработка: 1000002170.jpg, текущие критерии: default
2025-08-04 20:21:03.811 11576-11576 ReportsManager          com.example.myapplication            D  💾 Сохраняем критерии: По процентам (по умолчанию) -> {"id":"default","name":"По процентам (по умолчанию)","type":"PERCENTAGE","maxPoints":0,"criteria":{"5":"90.0..100.0","4":"75.0..89.99","3":"51.0..74.99","2":"0.0..50.99"}}
2025-08-04 20:21:03.814 11576-11576 ReportsManager          com.example.myapplication            D  💾 Данные сохранены: 13 отчетов, 1 критериев
2025-08-04 20:21:03.814 11576-11576 ReportsManager          com.example.myapplication            D  📋 Добавлен отчет: Пакетная обработка: 1000002170.jpg (оценка: 2)
2025-08-04 20:21:03.814 11576-11576 BatchActivity           com.example.myapplication            D  📊 Формируем OMRResult для 1000002169.jpg:
2025-08-04 20:21:03.815 11576-11576 BatchActivity           com.example.myapplication            D     - totalQuestions: 10
2025-08-04 20:21:03.815 11576-11576 BatchActivity           com.example.myapplication            D     - selectedAnswers.size: 10
2025-08-04 20:21:03.815 11576-11576 BatchActivity           com.example.myapplication            D     - selectedAnswers: [2, 1, 2, 1, 4, 0, 2, 3, 1, 2]
2025-08-04 20:21:03.815 11576-11576 BatchActivity           com.example.myapplication            D     - grading: [0, 1, 1, 0, 1, 0, 1, 0, 0, 0]
2025-08-04 20:21:03.815 11576-11576 BatchActivity           com.example.myapplication            D     - correctAnswers: [0, 1, 2, 3, 4, 3, 2, 1, 0, 1]
2025-08-04 20:21:03.815 11576-11576 BatchActivity           com.example.myapplication            D     - errors: [ErrorDetail(questionNumber=1, selectedAnswer=3, correctAnswer=1), ErrorDetail(questionNumber=4, selectedAnswer=2, correctAnswer=4), ErrorDetail(questionNumber=6, selectedAnswer=1, correctAnswer=4), ErrorDetail(questionNumber=8, selectedAnswer=4, correctAnswer=2), ErrorDetail(questionNumber=9, selectedAnswer=2, correctAnswer=1), ErrorDetail(questionNumber=10, selectedAnswer=3, correctAnswer=2)]
2025-08-04 20:21:03.815 11576-11576 BatchActivity           com.example.myapplication            D     - grading.size: 10
2025-08-04 20:21:03.815 11576-11576 ReportsManager          com.example.myapplication            D  🔍 Расчет оценки: критерии=По процентам (по умолчанию), тип=PERCENTAGE
2025-08-04 20:21:03.815 11576-11576 ReportsManager          com.example.myapplication            D  📊 Процентная оценка: 4/10 = 40,0%
2025-08-04 20:21:03.815 11576-11576 ReportsManager          com.example.myapplication            D  📊 Критерии: {5=90.0..100.0, 4=75.0..89.99, 3=51.0..74.99, 2=0.0..50.99}
2025-08-04 20:21:03.815 11576-11576 ReportsManager          com.example.myapplication            D  📊 Результат оценки: 2
2025-08-04 20:21:03.815 11576-11576 ReportsManager          com.example.myapplication            D  📋 Создаем отчет: Пакетная обработка: 1000002169.jpg, текущие критерии: default
2025-08-04 20:21:03.816 11576-11576 ReportsManager          com.example.myapplication            D  💾 Сохраняем критерии: По процентам (по умолчанию) -> {"id":"default","name":"По процентам (по умолчанию)","type":"PERCENTAGE","maxPoints":0,"criteria":{"5":"90.0..100.0","4":"75.0..89.99","3":"51.0..74.99","2":"0.0..50.99"}}
2025-08-04 20:21:03.820 11576-11576 ReportsManager          com.example.myapplication            D  💾 Данные сохранены: 14 отчетов, 1 критериев
2025-08-04 20:21:03.820 11576-11576 ReportsManager          com.example.myapplication            D  📋 Добавлен отчет: Пакетная обработка: 1000002169.jpg (оценка: 2)
2025-08-04 20:21:03.820 11576-11576 BatchActivity           com.example.myapplication            D  📊 Формируем OMRResult для 1000002168.jpg:
2025-08-04 20:21:03.820 11576-11576 BatchActivity           com.example.myapplication            D     - totalQuestions: 10
2025-08-04 20:21:03.820 11576-11576 BatchActivity           com.example.myapplication            D     - selectedAnswers.size: 10
2025-08-04 20:21:03.820 11576-11576 BatchActivity           com.example.myapplication            D     - selectedAnswers: [2, 1, 2, 1, 4, 0, 2, 3, 1, 2]
2025-08-04 20:21:03.820 11576-11576 BatchActivity           com.example.myapplication            D     - grading: [0, 1, 1, 0, 1, 0, 1, 0, 0, 0]
2025-08-04 20:21:03.821 11576-11576 BatchActivity           com.example.myapplication            D     - correctAnswers: [0, 1, 2, 3, 4, 3, 2, 1, 0, 1]
2025-08-04 20:21:03.821 11576-11576 BatchActivity           com.example.myapplication            D     - errors: [ErrorDetail(questionNumber=1, selectedAnswer=3, correctAnswer=1), ErrorDetail(questionNumber=4, selectedAnswer=2, correctAnswer=4), ErrorDetail(questionNumber=6, selectedAnswer=1, correctAnswer=4), ErrorDetail(questionNumber=8, selectedAnswer=4, correctAnswer=2), ErrorDetail(questionNumber=9, selectedAnswer=2, correctAnswer=1), ErrorDetail(questionNumber=10, selectedAnswer=3, correctAnswer=2)]
2025-08-04 20:21:03.821 11576-11576 BatchActivity           com.example.myapplication            D     - grading.size: 10
2025-08-04 20:21:03.821 11576-11576 ReportsManager          com.example.myapplication            D  🔍 Расчет оценки: критерии=По процентам (по умолчанию), тип=PERCENTAGE
2025-08-04 20:21:03.821 11576-11576 ReportsManager          com.example.myapplication            D  📊 Процентная оценка: 4/10 = 40,0%
2025-08-04 20:21:03.821 11576-11576 ReportsManager          com.example.myapplication            D  📊 Критерии: {5=90.0..100.0, 4=75.0..89.99, 3=51.0..74.99, 2=0.0..50.99}
2025-08-04 20:21:03.821 11576-11576 ReportsManager          com.example.myapplication            D  📊 Результат оценки: 2
2025-08-04 20:21:03.821 11576-11576 ReportsManager          com.example.myapplication            D  📋 Создаем отчет: Пакетная обработка: 1000002168.jpg, текущие критерии: default
2025-08-04 20:21:03.823 11576-11576 ReportsManager          com.example.myapplication            D  💾 Сохраняем критерии: По процентам (по умолчанию) -> {"id":"default","name":"По процентам (по умолчанию)","type":"PERCENTAGE","maxPoints":0,"criteria":{"5":"90.0..100.0","4":"75.0..89.99","3":"51.0..74.99","2":"0.0..50.99"}}
2025-08-04 20:21:03.827 11576-11576 ReportsManager          com.example.myapplication            D  💾 Данные сохранены: 15 отчетов, 1 критериев
2025-08-04 20:21:03.827 11576-11576 ReportsManager          com.example.myapplication            D  📋 Добавлен отчет: Пакетная обработка: 1000002168.jpg (оценка: 2)
2025-08-04 20:21:03.827 11576-11576 BatchActivity           com.example.myapplication            D  📊 Формируем OMRResult для 1000002167.jpg:
2025-08-04 20:21:03.827 11576-11576 BatchActivity           com.example.myapplication            D     - totalQuestions: 10
2025-08-04 20:21:03.827 11576-11576 BatchActivity           com.example.myapplication            D     - selectedAnswers.size: 10
2025-08-04 20:21:03.827 11576-11576 BatchActivity           com.example.myapplication            D     - selectedAnswers: [2, 1, 2, 1, 4, 0, 2, 3, 1, 2]
2025-08-04 20:21:03.827 11576-11576 BatchActivity           com.example.myapplication            D     - grading: [0, 1, 1, 0, 1, 0, 1, 0, 0, 0]
2025-08-04 20:21:03.827 11576-11576 BatchActivity           com.example.myapplication            D     - correctAnswers: [0, 1, 2, 3, 4, 3, 2, 1, 0, 1]
2025-08-04 20:21:03.827 11576-11576 BatchActivity           com.example.myapplication            D     - errors: [ErrorDetail(questionNumber=1, selectedAnswer=3, correctAnswer=1), ErrorDetail(questionNumber=4, selectedAnswer=2, correctAnswer=4), ErrorDetail(questionNumber=6, selectedAnswer=1, correctAnswer=4), ErrorDetail(questionNumber=8, selectedAnswer=4, correctAnswer=2), ErrorDetail(questionNumber=9, selectedAnswer=2, correctAnswer=1), ErrorDetail(questionNumber=10, selectedAnswer=3, correctAnswer=2)]
2025-08-04 20:21:03.827 11576-11576 BatchActivity           com.example.myapplication            D     - grading.size: 10
2025-08-04 20:21:03.827 11576-11576 ReportsManager          com.example.myapplication            D  🔍 Расчет оценки: критерии=По процентам (по умолчанию), тип=PERCENTAGE
2025-08-04 20:21:03.827 11576-11576 ReportsManager          com.example.myapplication            D  📊 Процентная оценка: 4/10 = 40,0%
2025-08-04 20:21:03.828 11576-11576 ReportsManager          com.example.myapplication            D  📊 Критерии: {5=90.0..100.0, 4=75.0..89.99, 3=51.0..74.99, 2=0.0..50.99}
2025-08-04 20:21:03.828 11576-11576 ReportsManager          com.example.myapplication            D  📊 Результат оценки: 2
2025-08-04 20:21:03.828 11576-11576 ReportsManager          com.example.myapplication            D  📋 Создаем отчет: Пакетная обработка: 1000002167.jpg, текущие критерии: default
2025-08-04 20:21:03.829 11576-11576 ReportsManager          com.example.myapplication            D  💾 Сохраняем критерии: По процентам (по умолчанию) -> {"id":"default","name":"По процентам (по умолчанию)","type":"PERCENTAGE","maxPoints":0,"criteria":{"5":"90.0..100.0","4":"75.0..89.99","3":"51.0..74.99","2":"0.0..50.99"}}
2025-08-04 20:21:03.833 11576-11576 ReportsManager          com.example.myapplication            D  💾 Данные сохранены: 16 отчетов, 1 критериев
2025-08-04 20:21:03.833 11576-11576 ReportsManager          com.example.myapplication            D  📋 Добавлен отчет: Пакетная обработка: 1000002167.jpg (оценка: 2)
2025-08-04 20:21:03.834 11576-11576 BatchActivity           com.example.myapplication            D  📊 Формируем OMRResult для 1000002166.jpg:
2025-08-04 20:21:03.834 11576-11576 BatchActivity           com.example.myapplication            D     - totalQuestions: 10
2025-08-04 20:21:03.834 11576-11576 BatchActivity           com.example.myapplication            D     - selectedAnswers.size: 10
2025-08-04 20:21:03.834 11576-11576 BatchActivity           com.example.myapplication            D     - selectedAnswers: [2, 1, 2, 1, 4, 0, 2, 3, 1, 2]
2025-08-04 20:21:03.834 11576-11576 BatchActivity           com.example.myapplication            D     - grading: [0, 1, 1, 0, 1, 0, 1, 0, 0, 0]
2025-08-04 20:21:03.834 11576-11576 BatchActivity           com.example.myapplication            D     - correctAnswers: [0, 1, 2, 3, 4, 3, 2, 1, 0, 1]
2025-08-04 20:21:03.834 11576-11576 BatchActivity           com.example.myapplication            D     - errors: [ErrorDetail(questionNumber=1, selectedAnswer=3, correctAnswer=1), ErrorDetail(questionNumber=4, selectedAnswer=2, correctAnswer=4), ErrorDetail(questionNumber=6, selectedAnswer=1, correctAnswer=4), ErrorDetail(questionNumber=8, selectedAnswer=4, correctAnswer=2), ErrorDetail(questionNumber=9, selectedAnswer=2, correctAnswer=1), ErrorDetail(questionNumber=10, selectedAnswer=3, correctAnswer=2)]
2025-08-04 20:21:03.834 11576-11576 BatchActivity           com.example.myapplication            D     - grading.size: 10
2025-08-04 20:21:03.834 11576-11576 ReportsManager          com.example.myapplication            D  🔍 Расчет оценки: критерии=По процентам (по умолчанию), тип=PERCENTAGE
2025-08-04 20:21:03.834 11576-11576 ReportsManager          com.example.myapplication            D  📊 Процентная оценка: 4/10 = 40,0%
2025-08-04 20:21:03.834 11576-11576 ReportsManager          com.example.myapplication            D  📊 Критерии: {5=90.0..100.0, 4=75.0..89.99, 3=51.0..74.99, 2=0.0..50.99}
2025-08-04 20:21:03.834 11576-11576 ReportsManager          com.example.myapplication            D  📊 Результат оценки: 2
2025-08-04 20:21:03.834 11576-11576 ReportsManager          com.example.myapplication            D  📋 Создаем отчет: Пакетная обработка: 1000002166.jpg, текущие критерии: default
2025-08-04 20:21:03.836 11576-11576 ReportsManager          com.example.myapplication            D  💾 Сохраняем критерии: По процентам (по умолчанию) -> {"id":"default","name":"По процентам (по умолчанию)","type":"PERCENTAGE","maxPoints":0,"criteria":{"5":"90.0..100.0","4":"75.0..89.99","3":"51.0..74.99","2":"0.0..50.99"}}
2025-08-04 20:21:03.840 11576-11576 ReportsManager          com.example.myapplication            D  💾 Данные сохранены: 17 отчетов, 1 критериев
2025-08-04 20:21:03.840 11576-11576 ReportsManager          com.example.myapplication            D  📋 Добавлен отчет: Пакетная обработка: 1000002166.jpg (оценка: 2)
2025-08-04 20:21:06.040 11576-11576 AutofillManager         com.example.myapplication            V  requestHideFillUi(null): anchor = null
2025-08-04 20:21:06.140 11576-11576 ViewRootImplExtImpl     com.example.myapplication            D  the up motion event handled by client, just return
2025-08-04 20:21:06.182 11576-11576 oplus.andr...actoryImpl com.example.myapplication            I  get feature:IOplusDynamicVsyncFeature
2025-08-04 20:21:06.182 11576-11576 oplus.andr...actoryImpl com.example.myapplication            I  get feature:IOplusDynamicVsyncFeature
2025-08-04 20:21:06.182 11576-11576 oplus.andr...actoryImpl com.example.myapplication            I  get feature:IOplusDynamicVsyncFeature
2025-08-04 20:21:06.196 11576-11576 oplus.andr...actoryImpl com.example.myapplication            I  get feature:IOplusDynamicVsyncFeature
2025-08-04 20:21:06.196 11576-11576 oplus.andr...actoryImpl com.example.myapplication            I  get feature:IOplusDynamicVsyncFeature
2025-08-04 20:21:06.196 11576-11576 oplus.andr...actoryImpl com.example.myapplication            I  get feature:IOplusDynamicVsyncFeature
2025-08-04 20:21:06.247 11576-11576 oplus.andr...actoryImpl com.example.myapplication            I  get feature:IOplusDynamicVsyncFeature
2025-08-04 20:21:06.247 11576-11576 oplus.andr...actoryImpl com.example.myapplication            I  get feature:IOplusDynamicVsyncFeature
2025-08-04 20:21:06.247 11576-11576 oplus.andr...actoryImpl com.example.myapplication            I  get feature:IOplusDynamicVsyncFeature
2025-08-04 20:21:06.252 11576-11576 oplus.andr...actoryImpl com.example.myapplication            I  get feature:IOplusDynamicVsyncFeature
2025-08-04 20:21:06.253 11576-11576 oplus.andr...actoryImpl com.example.myapplication            I  get feature:IOplusDynamicVsyncFeature
2025-08-04 20:21:06.253 11576-11576 oplus.andr...actoryImpl com.example.myapplication            I  get feature:IOplusDynamicVsyncFeature
2025-08-04 20:21:06.281 11576-11576 WindowManager           com.example.myapplication            D  Add to mViews: com.android.internal.policy.DecorView{2f96d5e V.E...... R.....I. 0,0-0,0 alpha=1.0 viewInfo = }[BatchActivity],pkg= com.example.myapplication
2025-08-04 20:21:06.281 11576-11646 skia                    com.example.myapplication            D  setRusSupported enable 0
2025-08-04 20:21:06.294 11576-11576 ViewRootImplExtImpl     com.example.myapplication            D  onDisplayChanged -1 for VRI android.view.ViewRootImpl@4958355
2025-08-04 20:21:06.299 11576-11576 OplusBracketLog         com.example.myapplication            E  [OplusViewMirrorManager] updateHostViewRootIfNeeded, not support android.view.ViewRootImpl@4958355
2025-08-04 20:21:06.352 11576-11576 InsetsController        com.example.myapplication            D  setRequestedVisibleTypes, mRequestedVisibleTypes: statusBars navigationBars captionBar systemGestures mandatorySystemGestures tappableElement displayCutout windowDecor systemOverlays, requestedVisibleTypes: statusBars navigationBars captionBar systemGestures mandatorySystemGestures tappableElement displayCutout windowDecor systemOverlays, visibleTypes: navigationBars, type: 2, call: android.view.InsetsController.controlAnimationUnchecked:1477 android.view.InsetsController.applyAnimation:2191 android.view.InsetsController.applyAnimation:2161 android.view.InsetsController.onControlsChanged:1163 android.view.ViewRootImpl.relayoutWindow:10356 android.view.ViewRootImpl.performTraversals:4151 android.view.ViewRootImpl.doTraversal:3313 android.view.ViewRootImpl$TraversalRunnable.run:11495 android.view.Choreographer$CallbackRecord.run:1621 android.view.Choreographer$CallbackRecord.run:1630 
2025-08-04 20:21:06.354 11576-11576 BufferQueueConsumer     com.example.myapplication            D  [](id:2d3800000002,api:0,p:-1,c:11576) connect: controlledByApp=false
2025-08-04 20:21:06.372 11576-11576 SurfaceControl          com.example.myapplication            I   setExtendedRangeBrightness sc=Surface(name=com.example.myapplication/com.example.myapplication.BatchActivity)/@0xe945534,currentBufferRatio=1.0,desiredRatio=1.0
2025-08-04 20:21:06.396 11576-11646 BLASTBufferQueue        com.example.myapplication            D  [VRI[BatchActivity]#2](f:0,a:1) acquireNextBufferLocked size=1218x2340 mFrameNumber=1 applyTransaction=true mTimestamp=1428781015505699(auto) mPendingTransactions.size=0 graphicBufferId=49718541418506 transform=0
2025-08-04 20:21:06.397 11576-11646 VRI[BatchActivity]      com.example.myapplication            D  Received frameCommittedCallback lastAttemptedDrawFrameNum=1 didProduceBuffer=true syncBuffer=false
2025-08-04 20:21:06.398 11576-11576 VRI[BatchActivity]      com.example.myapplication            D  draw finished. seqId=0
2025-08-04 20:21:06.398 11576-11576 ViewRootImplExtImpl     com.example.myapplication            D  setMaxDequeuedBufferCount: 2
2025-08-04 20:21:06.399 11576-11576 VRI[BatchActivity]      com.example.myapplication            D  onFocusEvent false
2025-08-04 20:21:06.406 11576-11576 callGcSupression        com.example.myapplication            D  java.lang.NullPointerException: Attempt to invoke virtual method 'java.lang.Object java.lang.reflect.Method.invoke(java.lang.Object, java.lang.Object[])' on a null object reference
2025-08-04 20:21:06.406 11576-11576 VRI[BatchActivity]      com.example.myapplication            W  handleResized abandoned!
2025-08-04 20:21:06.407 11576-11576 callGcSupression        com.example.myapplication            D  java.lang.NullPointerException: Attempt to invoke virtual method 'java.lang.Object java.lang.reflect.Method.invoke(java.lang.Object, java.lang.Object[])' on a null object reference
2025-08-04 20:21:06.504 11576-11646 VRI[BatchActivity]      com.example.myapplication            D  Received frameCommittedCallback lastAttemptedDrawFrameNum=3 didProduceBuffer=true syncBuffer=false
2025-08-04 20:21:06.505 11576-11576 VRI[BatchActivity]      com.example.myapplication            D  draw finished. seqId=0
2025-08-04 20:21:06.506 11576-11576 VRI[BatchActivity]      com.example.myapplication            D  onFocusEvent true
2025-08-04 20:21:06.643 11576-11576 InsetsController        com.example.myapplication            D  setRequestedVisibleTypes, mRequestedVisibleTypes: statusBars navigationBars captionBar systemGestures mandatorySystemGestures tappableElement displayCutout windowDecor systemOverlays, requestedVisibleTypes: statusBars navigationBars captionBar systemGestures mandatorySystemGestures tappableElement displayCutout windowDecor systemOverlays, visibleTypes: navigationBars, type: 2, call: android.view.InsetsController.notifyFinished:1879 android.view.InsetsAnimationThreadControlRunner$1.lambda$notifyFinished$0:86 android.view.InsetsAnimationThreadControlRunner$1.$r8$lambda$cDFF0h4Ncq-8EXdGszv69jrUu7c:0 android.view.InsetsAnimationThreadControlRunner$1$$ExternalSyntheticLambda1.run:0 android.os.Handler.handleCallback:973 android.os.Handler.dispatchMessage:100 android.os.Looper.loopOnce:282 android.os.Looper.loop:387 android.app.ActivityThread.main:9500 java.lang.reflect.Method.invoke:-2 
2025-08-04 20:21:07.162 11576-11576 AutofillManager         com.example.myapplication            V  requestHideFillUi(null): anchor = null
2025-08-04 20:21:07.312 11576-11576 OplusViewDebugManager   com.example.myapplication            D  OplusViewDebugManager Constructor android.view.debug.OplusViewDebugManager@35a0631 [mHasViewDebugProperty true] [mHasMsgDebugProperty false] [DEBUG false] [EXTRAINFOENABLE false] [LIGHT_OS true]
2025-08-04 20:21:07.312 11576-11576 OplusViewDebugManager   com.example.myapplication            D  OplusViewDebugManager Constructor android.view.debug.OplusViewDebugManager@61dc116 [mHasViewDebugProperty true] [mHasMsgDebugProperty false] [DEBUG false] [EXTRAINFOENABLE false] [LIGHT_OS true]
2025-08-04 20:21:07.313 11576-11576 ScrollIdentify          com.example.myapplication            I  on fling
2025-08-04 20:21:07.313 11576-11576 ViewRootImplExtImpl     com.example.myapplication            D  the up motion event handled by client, just return
2025-08-04 20:21:07.408 11576-11656 OplusScrollToTopManager com.example.myapplication            D  com.example.myapplication/com.example.myapplication.BatchActivity,This com.android.internal.policy.DecorView{9c11b8d V.E...... R....... 0,0-1080,2400 aid=1 alpha=1.0 viewInfo = }[BatchActivity] change focus to false
2025-08-04 20:21:07.515 11576-11656 OplusScrollToTopManager com.example.myapplication            D  com.example.myapplication/com.example.myapplication.BatchActivity,This com.android.internal.policy.DecorView{2f96d5e V.E...... R....... 0,0-1026,2148 alpha=1.0 viewInfo = }[BatchActivity] change focus to true
2025-08-04 20:21:08.202 11576-11576 AutofillManager         com.example.myapplication            V  requestHideFillUi(null): anchor = null
2025-08-04 20:21:08.440 11576-11576 VelocityTracker         com.example.myapplication            I  LSQ2 speed rezero
2025-08-04 20:21:08.440 11576-11576 VelocityTracker         com.example.myapplication            I  LSQ2 speed rezero
2025-08-04 20:21:08.440 11576-11576 VelocityTracker         com.example.myapplication            I  LSQ2 speed rezero
2025-08-04 20:21:08.441 11576-11576 ViewRootImplExtImpl     com.example.myapplication            D  the up motion event handled by client, just return
2025-08-04 20:21:13.180 11576-11576 AutofillManager         com.example.myapplication            V  requestHideFillUi(null): anchor = null
2025-08-04 20:21:13.408 11576-11576 ScrollIdentify          com.example.myapplication            I  on fling
2025-08-04 20:21:13.408 11576-11576 ViewRootImplExtImpl     com.example.myapplication            D  the up motion event handled by client, just return
2025-08-04 20:21:14.315 11576-11576 AutofillManager         com.example.myapplication            V  requestHideFillUi(null): anchor = null
2025-08-04 20:21:14.528 11576-11576 ScrollIdentify          com.example.myapplication            I  on fling
2025-08-04 20:21:14.528 11576-11576 ViewRootImplExtImpl     com.example.myapplication            D  the up motion event handled by client, just return
2025-08-04 20:21:24.581 11576-11576 AutofillManager         com.example.myapplication            V  requestHideFillUi(null): anchor = null
2025-08-04 20:21:24.674 11576-11576 ViewRootImplExtImpl     com.example.myapplication            D  the up motion event handled by client, just return
2025-08-04 20:21:24.685 11576-11576 OplusScrollToTopManager com.example.myapplication            D  com.example.myapplication/com.example.myapplication.BatchActivity,window dying
2025-08-04 20:21:24.685 11576-11576 OplusScrollToTopManager com.example.myapplication            D  com.example.myapplication/com.example.myapplication.BatchActivity,unregisterSystemUIBroadcastReceiver 
2025-08-04 20:21:24.686 11576-11576 OplusScrollToTopManager com.example.myapplication            D  com.example.myapplication/com.example.myapplication.BatchActivity, unregisterSystemUIBroadcastReceiver failed java.lang.IllegalArgumentException: Receiver not registered: android.view.OplusScrollToTopManager$2@8238484
2025-08-04 20:21:24.686 11576-11576 WindowOnBackDispatcher  com.example.myapplication            W  sendCancelIfRunning: isInProgress=false callback=android.view.ViewRootImpl$$ExternalSyntheticLambda11@bfa165b
2025-08-04 20:21:24.699 11576-11576 HWUI                    com.example.myapplication            D  RenderProxy::destroy: this=0xb400006e8854bd00, mContext=0xb400006de2ef3800
2025-08-04 20:21:24.699 11576-11646 HWUI                    com.example.myapplication            D  SkiaOpenGLPipeline::setSurface: this=0xb400006e8ad42480, surface=NULL
2025-08-04 20:21:24.704 11576-11646 HWUI                    com.example.myapplication            D  endAllActiveAnimators on 0xb400006de27ee000 (RippleDrawable) with handle 0xb400006de6ad3ca0
2025-08-04 20:21:24.733 11576-11591 BLASTBufferQueue        com.example.myapplication            D  [VRI[BatchActivity]#2](f:0,a:2) destructor()
2025-08-04 20:21:24.733 11576-11591 BufferQueueConsumer     com.example.myapplication            D  [VRI[BatchActivity]#2(BLAST Consumer)2](id:2d3800000002,api:0,p:-1,c:11576) disconnect
2025-08-04 20:21:24.736 11576-11576 InsetsController        com.example.myapplication            D  setRequestedVisibleTypes, mRequestedVisibleTypes: systemGestures mandatorySystemGestures tappableElement displayCutout windowDecor, requestedVisibleTypes: systemGestures mandatorySystemGestures tappableElement displayCutout windowDecor, visibleTypes: , type: 2, call: android.view.InsetsController.controlAnimationUnchecked:1477 android.view.InsetsController.applyAnimation:2191 android.view.InsetsController.applyAnimation:2161 android.view.InsetsController.onControlsChanged:1171 android.view.ViewRootImpl.handleInsetsControlChanged:2565 android.view.ViewRootImpl.-$$Nest$mhandleInsetsControlChanged:0 android.view.ViewRootImpl$ViewRootHandler.handleMessageImpl:7565 android.view.ViewRootImpl$ViewRootHandler.handleMessage:7504 android.os.Handler.dispatchMessage:107 android.os.Looper.loopOnce:282 
2025-08-04 20:21:24.743 11576-11576 callGcSupression        com.example.myapplication            D  java.lang.NullPointerException: Attempt to invoke virtual method 'java.lang.Object java.lang.reflect.Method.invoke(java.lang.Object, java.lang.Object[])' on a null object reference
2025-08-04 20:21:24.743 11576-11576 VRI[BatchActivity]      com.example.myapplication            W  handleResized abandoned!
2025-08-04 20:21:24.751 11576-11576 VRI[BatchActivity]      com.example.myapplication            D  onFocusEvent true
2025-08-04 20:21:25.095 11576-11576 InsetsController        com.example.myapplication            D  setRequestedVisibleTypes, mRequestedVisibleTypes: systemGestures mandatorySystemGestures tappableElement displayCutout windowDecor, requestedVisibleTypes: systemGestures mandatorySystemGestures tappableElement displayCutout windowDecor, visibleTypes: , type: 2, call: android.view.InsetsController.notifyFinished:1879 android.view.InsetsAnimationThreadControlRunner$1.lambda$notifyFinished$0:86 android.view.InsetsAnimationThreadControlRunner$1.$r8$lambda$cDFF0h4Ncq-8EXdGszv69jrUu7c:0 android.view.InsetsAnimationThreadControlRunner$1$$ExternalSyntheticLambda1.run:0 android.os.Handler.handleCallback:973 android.os.Handler.dispatchMessage:100 android.os.Looper.loopOnce:282 android.os.Looper.loop:387 android.app.ActivityThread.main:9500 java.lang.reflect.Method.invoke:-2 
2025-08-04 20:21:25.497 11576-11576 AutofillManager         com.example.myapplication            V  requestHideFillUi(null): anchor = null
2025-08-04 20:21:25.637 11576-11576 ScrollIdentify          com.example.myapplication            I  on fling
2025-08-04 20:21:25.638 11576-11576 ViewRootImplExtImpl     com.example.myapplication            D  the up motion event handled by client, just return
2025-08-04 20:21:25.753 11576-11656 OplusScrollToTopManager com.example.myapplication            D  com.example.myapplication/com.example.myapplication.BatchActivity,This com.android.internal.policy.DecorView{9c11b8d V.E...... R......D 0,0-1080,2400 aid=1 alpha=1.0 viewInfo = }[BatchActivity] change focus to true
2025-08-04 20:21:25.793 11576-11576 AutofillManager         com.example.myapplication            V  requestHideFillUi(null): anchor = null
2025-08-04 20:21:26.008 11576-11576 ScrollIdentify          com.example.myapplication            I  on fling
2025-08-04 20:21:26.008 11576-11576 ViewRootImplExtImpl     com.example.myapplication            D  the up motion event handled by client, just return
2025-08-04 20:21:26.212 11576-11576 AutofillManager         com.example.myapplication            V  requestHideFillUi(null): anchor = null
2025-08-04 20:21:26.642 11576-11576 ScrollIdentify          com.example.myapplication            I  on fling
2025-08-04 20:21:26.642 11576-11576 ViewRootImplExtImpl     com.example.myapplication            D  the up motion event handled by client, just return
2025-08-04 20:21:26.897 11576-11576 AutofillManager         com.example.myapplication            V  requestHideFillUi(null): anchor = null
2025-08-04 20:21:27.276 11576-11576 ScrollIdentify          com.example.myapplication            I  on fling
2025-08-04 20:21:27.277 11576-11576 ViewRootImplExtImpl     com.example.myapplication            D  the up motion event handled by client, just return
2025-08-04 20:21:27.518 11576-11576 AutofillManager         com.example.myapplication            V  requestHideFillUi(null): anchor = null
2025-08-04 20:21:27.885 11576-11576 ScrollIdentify          com.example.myapplication            I  on fling
2025-08-04 20:21:27.885 11576-11576 ViewRootImplExtImpl     com.example.myapplication            D  the up motion event handled by client, just return
2025-08-04 20:21:28.091 11576-11576 AutofillManager         com.example.myapplication            V  requestHideFillUi(null): anchor = null
2025-08-04 20:21:28.744 11576-11576 ScrollIdentify          com.example.myapplication            I  on fling
2025-08-04 20:21:28.744 11576-11576 ViewRootImplExtImpl     com.example.myapplication            D  the up motion event handled by client, just return
2025-08-04 20:21:29.205 11576-11576 AutofillManager         com.example.myapplication            V  requestHideFillUi(null): anchor = null
2025-08-04 20:21:29.437 11576-11576 ScrollIdentify          com.example.myapplication            I  on fling
2025-08-04 20:21:29.438 11576-11576 ViewRootImplExtImpl     com.example.myapplication            D  the up motion event handled by client, just return
2025-08-04 20:21:30.146 11576-11576 AutofillManager         com.example.myapplication            V  requestHideFillUi(null): anchor = null
2025-08-04 20:21:30.319 11576-11576 ScrollIdentify          com.example.myapplication            I  on fling
2025-08-04 20:21:30.319 11576-11576 ViewRootImplExtImpl     com.example.myapplication            D  the up motion event handled by client, just return
2025-08-04 20:21:31.136 11576-11576 AutofillManager         com.example.myapplication            V  requestHideFillUi(null): anchor = null
2025-08-04 20:21:31.210 11576-11576 ScrollIdentify          com.example.myapplication            I  on fling
2025-08-04 20:21:31.210 11576-11576 ViewRootImplExtImpl     com.example.myapplication            D  the up motion event handled by client, just return
2025-08-04 20:21:31.521 11576-11576 AutofillManager         com.example.myapplication            V  requestHideFillUi(null): anchor = null
2025-08-04 20:21:31.588 11576-11576 ScrollIdentify          com.example.myapplication            I  on fling
2025-08-04 20:21:31.588 11576-11576 ViewRootImplExtImpl     com.example.myapplication            D  the up motion event handled by client, just return
2025-08-04 20:21:34.282 11576-11576 AutofillManager         com.example.myapplication            V  requestHideFillUi(null): anchor = null
2025-08-04 20:21:34.368 11576-11576 VelocityTracker         com.example.myapplication            I  LSQ2 speed rezero
2025-08-04 20:21:34.368 11576-11576 VelocityTracker         com.example.myapplication            I  LSQ2 speed rezero
2025-08-04 20:21:34.368 11576-11576 ScrollIdentify          com.example.myapplication            I  on fling
2025-08-04 20:21:34.822 11576-11576 AutofillManager         com.example.myapplication            V  requestHideFillUi(null): anchor = null
2025-08-04 20:21:34.914 11576-11576 callGcSupression        com.example.myapplication            D  java.lang.NullPointerException: Attempt to invoke virtual method 'java.lang.Object java.lang.reflect.Method.invoke(java.lang.Object, java.lang.Object[])' on a null object reference
2025-08-04 20:21:34.915 11576-11576 VRI[BatchActivity]      com.example.myapplication            W  handleResized abandoned!
2025-08-04 20:21:34.960 11576-11576 ScrollIdentify          com.example.myapplication            I  on fling
2025-08-04 20:21:35.610 11576-11576 Activity                com.example.myapplication            D  dispatchKeyEvent to com.example.myapplication.BatchActivity@1054672 will call onBackPressed
2025-08-04 20:21:35.610 11576-11576 Activity                com.example.myapplication            D  com.example.myapplication.BatchActivity@1054672onBackPressed!
2025-08-04 20:21:35.620 11576-11576 callGcSupression        com.example.myapplication            D  java.lang.NullPointerException: Attempt to invoke virtual method 'java.lang.Object java.lang.reflect.Method.invoke(java.lang.Object, java.lang.Object[])' on a null object reference
2025-08-04 20:21:35.621 11576-11576 ScrollOpti...neManager] com.example.myapplication            D  updateCurrentActivity: mCurrentActivityName=null, isOptEnable=true, isAnimAheadEnable=true, isFrameInsertEnable=true, InsertNum=1, isEnabledForScrollChanged=false
2025-08-04 20:21:35.625 11576-11971 VRI[MainActivity]       com.example.myapplication            D  dispatchAppVisibility visible:true
2025-08-04 20:21:35.638 11576-11576 callGcSupression        com.example.myapplication            D  java.lang.NullPointerException: Attempt to invoke virtual method 'java.lang.Object java.lang.reflect.Method.invoke(java.lang.Object, java.lang.Object[])' on a null object reference
2025-08-04 20:21:35.638 11576-11576 VRI[MainActivity]       com.example.myapplication            D  setWindowStopped stopped:false
2025-08-04 20:21:35.640 11576-11576 ScrollOpti...neManager] com.example.myapplication            D  updateCurrentActivity: mCurrentActivityName=com.example.myapplication.MainActivity, isOptEnable=true, isAnimAheadEnable=true, isFrameInsertEnable=true, InsertNum=1, isEnabledForScrollChanged=false
2025-08-04 20:21:35.640 11576-11576 ActivityThread          com.example.myapplication            D  ComponentInfo{com.example.myapplication/com.example.myapplication.MainActivity} checkFinished=false 2
2025-08-04 20:21:35.640 11576-11576 ResourcesManagerExtImpl com.example.myapplication            D  applyConfigurationToAppResourcesLocked app.getDisplayId() return callback.displayId:0
2025-08-04 20:21:35.654 11576-11576 ViewRootImplExtImpl     com.example.myapplication            D  wrapConfigInfoIntoFlags rotation=0, smallestScreenWidthDp=360, relayoutAsync=false, flags=0, newFlags=23592960, residentWS=false, title=com.example.myapplication/com.example.myapplication.MainActivity
2025-08-04 20:21:35.663 11576-11576 VRI[MainActivity]       com.example.myapplication            D  relayoutWindow result, sizeChanged:false, surfaceControlChanged:true, transformHintChanged:false, mSurfaceSize:Point(1080, 2400), mLastSurfaceSize:Point(1080, 2400), mWidth:1080, mHeight:2400, requestedWidth:1080, requestedHeight:2400, transformHint:0, installOrientation:0, displayRotation:0, isSurfaceValid:true, attr.flag:-2122252032, tmpFrames:ClientWindowFrames{frame=[0,0][1080,2400] display=[0,0][1080,2400] parentFrame=[0,0][0,0]}, relayoutAsync:false, mSyncSeqId:0
2025-08-04 20:21:35.663 11576-11576 VRI[MainActivity]       com.example.myapplication            W  updateBlastSurfaceIfNeeded, surfaceSize:Point(1080, 2400), lastSurfaceSize:Point(1080, 2400), format:-1, blastBufferQueue:null
2025-08-04 20:21:35.663 11576-11576 BufferQueueConsumer     com.example.myapplication            D  [](id:2d3800000003,api:0,p:-1,c:11576) connect: controlledByApp=false
2025-08-04 20:21:35.665 11576-11576 SurfaceControl          com.example.myapplication            I   setExtendedRangeBrightness sc=Surface(name=com.example.myapplication/com.example.myapplication.MainActivity)/@0xe766b0a,currentBufferRatio=1.0,desiredRatio=1.0
2025-08-04 20:21:35.675 11576-11646 BLASTBufferQueue        com.example.myapplication            D  [VRI[MainActivity]#3](f:0,a:1) acquireNextBufferLocked size=1080x2400 mFrameNumber=1 applyTransaction=true mTimestamp=1428810293592163(auto) mPendingTransactions.size=0 graphicBufferId=49718541418508 transform=0
2025-08-04 20:21:35.675 11576-11646 VRI[MainActivity]       com.example.myapplication            D  Received frameCommittedCallback lastAttemptedDrawFrameNum=1 didProduceBuffer=true syncBuffer=false
2025-08-04 20:21:35.675 11576-11576 VRI[MainActivity]       com.example.myapplication            D  draw finished. seqId=0
2025-08-04 20:21:35.676 11576-11576 ViewRootImplExtImpl     com.example.myapplication            D  setMaxDequeuedBufferCount: 2
2025-08-04 20:21:35.676 11576-11576 VRI[BatchActivity]      com.example.myapplication            D  onFocusEvent false
2025-08-04 20:21:35.681 11576-11576 callGcSupression        com.example.myapplication            D  java.lang.NullPointerException: Attempt to invoke virtual method 'java.lang.Object java.lang.reflect.Method.invoke(java.lang.Object, java.lang.Object[])' on a null object reference
2025-08-04 20:21:35.681 11576-11576 VRI[MainActivity]       com.example.myapplication            W  handleResized, msg:, frameChanged:false, configChanged:false, displayChanged:false, attachedFrameChanged:false, compatScaleChanged:false, pendingDragResizing=false
2025-08-04 20:21:35.701 11576-11646 VRI[MainActivity]       com.example.myapplication            D  Received frameCommittedCallback lastAttemptedDrawFrameNum=3 didProduceBuffer=true syncBuffer=false
2025-08-04 20:21:35.701 11576-11576 VRI[MainActivity]       com.example.myapplication            D  draw finished. seqId=0
2025-08-04 20:21:35.733 11576-11576 VRI[MainActivity]       com.example.myapplication            D  onFocusEvent true
2025-08-04 20:21:35.911 11576-11971 VRI[BatchActivity]      com.example.myapplication            D  dispatchAppVisibility visible:false
2025-08-04 20:21:35.921 11576-11576 VRI[BatchActivity]      com.example.myapplication            D  visibilityChanged oldVisibility=true newVisibility=false
2025-08-04 20:21:35.921 11576-11576 callGcSupression        com.example.myapplication            D  java.lang.NullPointerException: Attempt to invoke virtual method 'java.lang.Object java.lang.reflect.Method.invoke(java.lang.Object, java.lang.Object[])' on a null object reference
2025-08-04 20:21:35.922 11576-11576 VRI[BatchActivity]      com.example.myapplication            D  setWindowStopped stopped:true
2025-08-04 20:21:35.929 11576-11576 AutofillManager         com.example.myapplication            V  updateSessionLocked(): id=null, bounds=null, value=null, action=5, flags=0
2025-08-04 20:21:35.935 11576-11576 AutofillManager         com.example.myapplication            D  onActivityFinishing(): calling cancelLocked()
2025-08-04 20:21:35.935 11576-11576 AutofillManager         com.example.myapplication            V  cancelSessionLocked(): FINISHED
2025-08-04 20:21:35.936 11576-11576 OplusScrollToTopManager com.example.myapplication            D  com.example.myapplication/com.example.myapplication.BatchActivity,window dying
2025-08-04 20:21:35.936 11576-11576 OplusScrollToTopManager com.example.myapplication            D  com.example.myapplication/com.example.myapplication.BatchActivity,unregisterSystemUIBroadcastReceiver 
2025-08-04 20:21:35.936 11576-11576 OplusScrollToTopManager com.example.myapplication            D  com.example.myapplication/com.example.myapplication.BatchActivity, unregisterSystemUIBroadcastReceiver failed java.lang.IllegalArgumentException: Receiver not registered: android.view.OplusScrollToTopManager$2@25fb6b
2025-08-04 20:21:35.936 11576-11576 WindowOnBackDispatcher  com.example.myapplication            W  sendCancelIfRunning: isInProgress=false callback=android.view.ViewRootImpl$$ExternalSyntheticLambda11@1bb2f45
2025-08-04 20:21:35.937 11576-11576 OplusCursorFeedback     com.example.myapplication            D  editorDetachFromWindow android.widget.Editor@288d6c8
2025-08-04 20:21:35.937 11576-11576 OplusCursorFeedback     com.example.myapplication            D  clear
2025-08-04 20:21:35.937 11576-11576 OplusCursorFeedback     com.example.myapplication            D  editorDetachFromWindow android.widget.Editor@c649361
2025-08-04 20:21:35.942 11576-11576 HWUI                    com.example.myapplication            D  RenderProxy::destroy: this=0xb400006e899b0000, mContext=0xb400006de6fe9740
2025-08-04 20:21:35.942 11576-11646 HWUI                    com.example.myapplication            D  SkiaOpenGLPipeline::setSurface: this=0xb400006f41311c00, surface=NULL
2025-08-04 20:21:35.944 11576-11646 BLASTBufferQueue        com.example.myapplication            D  [VRI[BatchActivity]#1](f:0,a:2) destructor()
2025-08-04 20:21:35.945 11576-11646 BufferQueueConsumer     com.example.myapplication            D  [VRI[BatchActivity]#1(BLAST Consumer)1](id:2d3800000001,api:0,p:-1,c:11576) disconnect
2025-08-04 20:21:36.746 11576-11656 OplusScrollToTopManager com.example.myapplication            D  com.example.myapplication/com.example.myapplication.MainActivity,This com.android.internal.policy.DecorView{64732a2 V.E...... R......D 0,0-1080,2400 aid=0 alpha=1.0 viewInfo = }[MainActivity] change focus to true
2025-08-04 20:21:37.700 11576-11576 AutofillManager         com.example.myapplication            V  requestHideFillUi(null): anchor = null
2025-08-04 20:21:37.785 11576-11576 ViewRootImplExtImpl     com.example.myapplication            D  the up motion event handled by client, just return
2025-08-04 20:21:37.804 11576-11576 callGcSupression        com.example.myapplication            D  java.lang.NullPointerException: Attempt to invoke virtual method 'java.lang.Object java.lang.reflect.Method.invoke(java.lang.Object, java.lang.Object[])' on a null object reference
2025-08-04 20:21:37.805 11576-11576 ScrollOpti...neManager] com.example.myapplication            D  updateCurrentActivity: mCurrentActivityName=null, isOptEnable=true, isAnimAheadEnable=true, isFrameInsertEnable=true, InsertNum=1, isEnabledForScrollChanged=false
2025-08-04 20:21:37.813 11576-11576 callGcSupression        com.example.myapplication            D  java.lang.NullPointerException: Attempt to invoke virtual method 'java.lang.Object java.lang.reflect.Method.invoke(java.lang.Object, java.lang.Object[])' on a null object reference
2025-08-04 20:21:37.816 11576-11576 ResourcesManagerExtImpl com.example.myapplication            D  applyConfigurationToAppResourcesLocked app.getDisplayId() return callback.displayId:0
2025-08-04 20:21:37.817 11576-12721 libMEOW                 com.example.myapplication            D  meow new tls: 0xb400006df89f0f40
2025-08-04 20:21:37.817 11576-12721 libMEOW                 com.example.myapplication            D  applied 1 plugins for [com.example.myapplication]:
2025-08-04 20:21:37.817 11576-12721 libMEOW                 com.example.myapplication            D    plugin 1: [libMEOW_gift.so]: 0xb400006ef062d480
2025-08-04 20:21:37.817 11576-12721 libMEOW                 com.example.myapplication            D  rebuild call chain: 0xb400006df8ff0500
2025-08-04 20:21:37.817 11576-12721 libMEOW                 com.example.myapplication            D  meow delete tls: 0xb400006df89f0f40
2025-08-04 20:21:37.837 11576-11576 oplus.andr...actoryImpl com.example.myapplication            I  get feature:IOplusDynamicVsyncFeature
2025-08-04 20:21:37.837 11576-11576 oplus.andr...actoryImpl com.example.myapplication            I  get feature:IOplusDynamicVsyncFeature
2025-08-04 20:21:37.837 11576-11576 oplus.andr...actoryImpl com.example.myapplication            I  get feature:IOplusDynamicVsyncFeature
2025-08-04 20:21:37.837 11576-11576 oplus.andr...actoryImpl com.example.myapplication            I  get feature:IOplusDynamicVsyncFeature
2025-08-04 20:21:37.837 11576-11576 oplus.andr...actoryImpl com.example.myapplication            I  get feature:IOplusDynamicVsyncFeature
2025-08-04 20:21:37.837 11576-11576 oplus.andr...actoryImpl com.example.myapplication            I  get feature:IOplusDynamicVsyncFeature
2025-08-04 20:21:37.839 11576-11576 oplus.andr...actoryImpl com.example.myapplication            I  get feature:IOplusDynamicVsyncFeature
2025-08-04 20:21:37.839 11576-11576 oplus.andr...actoryImpl com.example.myapplication            I  get feature:IOplusDynamicVsyncFeature
2025-08-04 20:21:37.839 11576-11576 oplus.andr...actoryImpl com.example.myapplication            I  get feature:IOplusDynamicVsyncFeature
2025-08-04 20:21:37.843 11576-11576 oplus.andr...actoryImpl com.example.myapplication            I  get feature:IOplusDynamicVsyncFeature
2025-08-04 20:21:37.843 11576-11576 oplus.andr...actoryImpl com.example.myapplication            I  get feature:IOplusDynamicVsyncFeature
2025-08-04 20:21:37.843 11576-11576 oplus.andr...actoryImpl com.example.myapplication            I  get feature:IOplusDynamicVsyncFeature
2025-08-04 20:21:37.853 11576-11576 AutofillManager         com.example.myapplication            D  Fill dialog is enabled:false, hints=[password, passwordAuto, creditCardNumber, creditCardSecurityCode, creditCardExpirationDate]
2025-08-04 20:21:37.853 11576-11576 TextView                com.example.myapplication            V  notifyAutoFillManagerAfterTextChanged
2025-08-04 20:21:37.853 11576-11576 AutofillManager         com.example.myapplication            V  notifyValueChanged(1073741824): ignoring on state UNKNOWN
2025-08-04 20:21:37.857 11576-11576 AutofillManager         com.example.myapplication            V  notifyValueChanged(1073741824): ignoring on state UNKNOWN
2025-08-04 20:21:37.860 11576-11576 TextView                com.example.myapplication            V  notifyAutoFillManagerAfterTextChanged
2025-08-04 20:21:37.860 11576-11576 AutofillManager         com.example.myapplication            V  notifyValueChanged(1073741824): ignoring on state UNKNOWN
2025-08-04 20:21:37.860 11576-11576 AutofillManager         com.example.myapplication            V  notifyValueChanged(1073741825): ignoring on state UNKNOWN
2025-08-04 20:21:37.861 11576-11576 TextView                com.example.myapplication            V  notifyAutoFillManagerAfterTextChanged
2025-08-04 20:21:37.862 11576-11576 AutofillManager         com.example.myapplication            V  notifyValueChanged(1073741826): ignoring on state UNKNOWN
2025-08-04 20:21:37.863 11576-11576 TextView                com.example.myapplication            V  notifyAutoFillManagerAfterTextChanged
2025-08-04 20:21:37.863 11576-11576 AutofillManager         com.example.myapplication            V  notifyValueChanged(1073741826): ignoring on state UNKNOWN
2025-08-04 20:21:37.869 11576-11576 TextView                com.example.myapplication            V  notifyAutoFillManagerAfterTextChanged
2025-08-04 20:21:37.869 11576-11576 AutofillManager         com.example.myapplication            V  notifyValueChanged(1073741827): ignoring on state UNKNOWN
2025-08-04 20:21:37.869 11576-11576 TextView                com.example.myapplication            V  notifyAutoFillManagerAfterTextChanged
2025-08-04 20:21:37.869 11576-11576 AutofillManager         com.example.myapplication            V  notifyValueChanged(1073741827): ignoring on state UNKNOWN
2025-08-04 20:21:37.870 11576-11576 TextView                com.example.myapplication            V  notifyAutoFillManagerAfterTextChanged
2025-08-04 20:21:37.871 11576-11576 AutofillManager         com.example.myapplication            V  notifyValueChanged(1073741827): ignoring on state UNKNOWN
2025-08-04 20:21:37.875 11576-11576 TextView                com.example.myapplication            V  notifyAutoFillManagerAfterTextChanged
2025-08-04 20:21:37.875 11576-11576 AutofillManager         com.example.myapplication            V  notifyValueChanged(1073741828): ignoring on state UNKNOWN
2025-08-04 20:21:37.875 11576-11576 TextView                com.example.myapplication            V  notifyAutoFillManagerAfterTextChanged
2025-08-04 20:21:37.875 11576-11576 AutofillManager         com.example.myapplication            V  notifyValueChanged(1073741828): ignoring on state UNKNOWN
2025-08-04 20:21:37.876 11576-11576 TextView                com.example.myapplication            V  notifyAutoFillManagerAfterTextChanged
2025-08-04 20:21:37.876 11576-11576 AutofillManager         com.example.myapplication            V  notifyValueChanged(1073741828): ignoring on state UNKNOWN
2025-08-04 20:21:37.880 11576-11576 TextView                com.example.myapplication            V  notifyAutoFillManagerAfterTextChanged
2025-08-04 20:21:37.880 11576-11576 AutofillManager         com.example.myapplication            V  notifyValueChanged(1073741829): ignoring on state UNKNOWN
2025-08-04 20:21:37.880 11576-11576 TextView                com.example.myapplication            V  notifyAutoFillManagerAfterTextChanged
2025-08-04 20:21:37.880 11576-11576 AutofillManager         com.example.myapplication            V  notifyValueChanged(1073741829): ignoring on state UNKNOWN
2025-08-04 20:21:37.881 11576-11576 TextView                com.example.myapplication            V  notifyAutoFillManagerAfterTextChanged
2025-08-04 20:21:37.881 11576-11576 AutofillManager         com.example.myapplication            V  notifyValueChanged(1073741829): ignoring on state UNKNOWN
2025-08-04 20:21:37.885 11576-11576 TextView                com.example.myapplication            V  notifyAutoFillManagerAfterTextChanged
2025-08-04 20:21:37.886 11576-11576 AutofillManager         com.example.myapplication            V  notifyValueChanged(1073741830): ignoring on state UNKNOWN
2025-08-04 20:21:37.886 11576-11576 TextView                com.example.myapplication            V  notifyAutoFillManagerAfterTextChanged
2025-08-04 20:21:37.886 11576-11576 AutofillManager         com.example.myapplication            V  notifyValueChanged(1073741830): ignoring on state UNKNOWN
2025-08-04 20:21:37.887 11576-11576 TextView                com.example.myapplication            V  notifyAutoFillManagerAfterTextChanged
2025-08-04 20:21:37.887 11576-11576 AutofillManager         com.example.myapplication            V  notifyValueChanged(1073741830): ignoring on state UNKNOWN
2025-08-04 20:21:37.905 11576-11576 ReportsManager          com.example.myapplication            D  📂 Данные загружены: 17 отчетов, 1 критериев
2025-08-04 20:21:37.907 11576-11576 TextView                com.example.myapplication            V  notifyAutoFillManagerAfterTextChanged
2025-08-04 20:21:37.907 11576-11576 AutofillManager         com.example.myapplication            V  notifyValueChanged(1073741827): ignoring on state UNKNOWN
2025-08-04 20:21:37.907 11576-11576 TextView                com.example.myapplication            V  notifyAutoFillManagerAfterTextChanged
2025-08-04 20:21:37.908 11576-11576 AutofillManager         com.example.myapplication            V  notifyValueChanged(1073741828): ignoring on state UNKNOWN
2025-08-04 20:21:37.908 11576-11576 TextView                com.example.myapplication            V  notifyAutoFillManagerAfterTextChanged
2025-08-04 20:21:37.908 11576-11576 AutofillManager         com.example.myapplication            V  notifyValueChanged(1073741829): ignoring on state UNKNOWN
2025-08-04 20:21:37.908 11576-11576 TextView                com.example.myapplication            V  notifyAutoFillManagerAfterTextChanged
2025-08-04 20:21:37.908 11576-11576 AutofillManager         com.example.myapplication            V  notifyValueChanged(1073741830): ignoring on state UNKNOWN
2025-08-04 20:21:37.909 11576-11576 ReportsManager          com.example.myapplication            D  📊 Добавляем критерии: Пользовательские (проценты), тип: PERCENTAGE, критерии: {5=90.0..100.0, 4=75.0..89.99, 3=50.0..74.99, 2=0.0..49.99}
2025-08-04 20:21:37.910 11576-11576 ReportsManager          com.example.myapplication            D  💾 Сохраняем критерии: По процентам (по умолчанию) -> {"id":"default","name":"По процентам (по умолчанию)","type":"PERCENTAGE","maxPoints":0,"criteria":{"5":"90.0..100.0","4":"75.0..89.99","3":"51.0..74.99","2":"0.0..50.99"}}
2025-08-04 20:21:37.910 11576-11576 ReportsManager          com.example.myapplication            D  💾 Сохраняем критерии: Пользовательские (проценты) -> {"id":"custom","name":"Пользовательские (проценты)","type":"PERCENTAGE","maxPoints":0,"criteria":{"5":"90.0..100.0","4":"75.0..89.99","3":"50.0..74.99","2":"0.0..49.99"}}
2025-08-04 20:21:37.915 11576-11576 ReportsManager          com.example.myapplication            D  💾 Данные сохранены: 17 отчетов, 2 критериев
2025-08-04 20:21:37.915 11576-11576 ReportsManager          com.example.myapplication            D  📊 Критерии добавлены: Пользовательские (проценты), всего критериев: 2
2025-08-04 20:21:37.915 11576-11576 ReportsManager          com.example.myapplication            D  🔍 Расчет оценки: критерии=Пользовательские (проценты), тип=PERCENTAGE
2025-08-04 20:21:37.915 11576-11576 ReportsManager          com.example.myapplication            D  📊 Процентная оценка: 4/10 = 40,0%
2025-08-04 20:21:37.915 11576-11576 ReportsManager          com.example.myapplication            D  📊 Критерии: {5=90.0..100.0, 4=75.0..89.99, 3=50.0..74.99, 2=0.0..49.99}
2025-08-04 20:21:37.915 11576-11576 ReportsManager          com.example.myapplication            D  📊 Результат оценки: 2
2025-08-04 20:21:37.915 11576-11576 ReportsManager          com.example.myapplication            D  🔍 Расчет оценки: критерии=Пользовательские (проценты), тип=PERCENTAGE
2025-08-04 20:21:37.915 11576-11576 ReportsManager          com.example.myapplication            D  📊 Процентная оценка: 3/10 = 30,0%
2025-08-04 20:21:37.915 11576-11576 ReportsManager          com.example.myapplication            D  📊 Критерии: {5=90.0..100.0, 4=75.0..89.99, 3=50.0..74.99, 2=0.0..49.99}
2025-08-04 20:21:37.915 11576-11576 ReportsManager          com.example.myapplication            D  📊 Результат оценки: 2
2025-08-04 20:21:37.915 11576-11576 ReportsManager          com.example.myapplication            D  🔍 Расчет оценки: критерии=Пользовательские (проценты), тип=PERCENTAGE
2025-08-04 20:21:37.915 11576-11576 ReportsManager          com.example.myapplication            D  📊 Процентная оценка: 9/10 = 90,0%
2025-08-04 20:21:37.916 11576-11576 ReportsManager          com.example.myapplication            D  📊 Критерии: {5=90.0..100.0, 4=75.0..89.99, 3=50.0..74.99, 2=0.0..49.99}
2025-08-04 20:21:37.916 11576-11576 ReportsManager          com.example.myapplication            D  📊 Результат оценки: 5
2025-08-04 20:21:37.916 11576-11576 ReportsManager          com.example.myapplication            D  🔍 Расчет оценки: критерии=Пользовательские (проценты), тип=PERCENTAGE
2025-08-04 20:21:37.916 11576-11576 ReportsManager          com.example.myapplication            D  📊 Процентная оценка: 2/10 = 20,0%
2025-08-04 20:21:37.916 11576-11576 ReportsManager          com.example.myapplication            D  📊 Критерии: {5=90.0..100.0, 4=75.0..89.99, 3=50.0..74.99, 2=0.0..49.99}
2025-08-04 20:21:37.916 11576-11576 ReportsManager          com.example.myapplication            D  📊 Результат оценки: 2
2025-08-04 20:21:37.916 11576-11576 ReportsManager          com.example.myapplication            D  🔍 Расчет оценки: критерии=Пользовательские (проценты), тип=PERCENTAGE
2025-08-04 20:21:37.916 11576-11576 ReportsManager          com.example.myapplication            D  📊 Процентная оценка: 10/10 = 100,0%
2025-08-04 20:21:37.916 11576-11576 ReportsManager          com.example.myapplication            D  📊 Критерии: {5=90.0..100.0, 4=75.0..89.99, 3=50.0..74.99, 2=0.0..49.99}
2025-08-04 20:21:37.916 11576-11576 ReportsManager          com.example.myapplication            D  📊 Результат оценки: 5
2025-08-04 20:21:37.916 11576-11576 ReportsManager          com.example.myapplication            D  🔍 Расчет оценки: критерии=Пользовательские (проценты), тип=PERCENTAGE
2025-08-04 20:21:37.916 11576-11576 ReportsManager          com.example.myapplication            D  📊 Процентная оценка: 4/10 = 40,0%
2025-08-04 20:21:37.916 11576-11576 ReportsManager          com.example.myapplication            D  📊 Критерии: {5=90.0..100.0, 4=75.0..89.99, 3=50.0..74.99, 2=0.0..49.99}
2025-08-04 20:21:37.916 11576-11576 ReportsManager          com.example.myapplication            D  📊 Результат оценки: 2
2025-08-04 20:21:37.917 11576-11576 ReportsManager          com.example.myapplication            D  🔍 Расчет оценки: критерии=Пользовательские (проценты), тип=PERCENTAGE
2025-08-04 20:21:37.917 11576-11576 ReportsManager          com.example.myapplication            D  📊 Процентная оценка: 4/10 = 40,0%
2025-08-04 20:21:37.917 11576-11576 ReportsManager          com.example.myapplication            D  📊 Критерии: {5=90.0..100.0, 4=75.0..89.99, 3=50.0..74.99, 2=0.0..49.99}
2025-08-04 20:21:37.917 11576-11576 ReportsManager          com.example.myapplication            D  📊 Результат оценки: 2
2025-08-04 20:21:37.917 11576-11576 ReportsManager          com.example.myapplication            D  🔍 Расчет оценки: критерии=Пользовательские (проценты), тип=PERCENTAGE
2025-08-04 20:21:37.917 11576-11576 ReportsManager          com.example.myapplication            D  📊 Процентная оценка: 3/10 = 30,0%
2025-08-04 20:21:37.917 11576-11576 ReportsManager          com.example.myapplication            D  📊 Критерии: {5=90.0..100.0, 4=75.0..89.99, 3=50.0..74.99, 2=0.0..49.99}
2025-08-04 20:21:37.917 11576-11576 ReportsManager          com.example.myapplication            D  📊 Результат оценки: 2
2025-08-04 20:21:37.917 11576-11576 ReportsManager          com.example.myapplication            D  🔍 Расчет оценки: критерии=Пользовательские (проценты), тип=PERCENTAGE
2025-08-04 20:21:37.917 11576-11576 ReportsManager          com.example.myapplication            D  📊 Процентная оценка: 2/10 = 20,0%
2025-08-04 20:21:37.917 11576-11576 ReportsManager          com.example.myapplication            D  📊 Критерии: {5=90.0..100.0, 4=75.0..89.99, 3=50.0..74.99, 2=0.0..49.99}
2025-08-04 20:21:37.917 11576-11576 ReportsManager          com.example.myapplication            D  📊 Результат оценки: 2
2025-08-04 20:21:37.917 11576-11576 ReportsManager          com.example.myapplication            D  🔍 Расчет оценки: критерии=Пользовательские (проценты), тип=PERCENTAGE
2025-08-04 20:21:37.917 11576-11576 ReportsManager          com.example.myapplication            D  📊 Процентная оценка: 3/10 = 30,0%
2025-08-04 20:21:37.917 11576-11576 ReportsManager          com.example.myapplication            D  📊 Критерии: {5=90.0..100.0, 4=75.0..89.99, 3=50.0..74.99, 2=0.0..49.99}
2025-08-04 20:21:37.917 11576-11576 ReportsManager          com.example.myapplication            D  📊 Результат оценки: 2
2025-08-04 20:21:37.917 11576-11576 ReportsManager          com.example.myapplication            D  🔍 Расчет оценки: критерии=Пользовательские (проценты), тип=PERCENTAGE
2025-08-04 20:21:37.918 11576-11576 ReportsManager          com.example.myapplication            D  📊 Процентная оценка: 3/10 = 30,0%
2025-08-04 20:21:37.918 11576-11576 ReportsManager          com.example.myapplication            D  📊 Критерии: {5=90.0..100.0, 4=75.0..89.99, 3=50.0..74.99, 2=0.0..49.99}
2025-08-04 20:21:37.918 11576-11576 ReportsManager          com.example.myapplication            D  📊 Результат оценки: 2
2025-08-04 20:21:37.918 11576-11576 ReportsManager          com.example.myapplication            D  🔍 Расчет оценки: критерии=Пользовательские (проценты), тип=PERCENTAGE
2025-08-04 20:21:37.918 11576-11576 ReportsManager          com.example.myapplication            D  📊 Процентная оценка: 3/10 = 30,0%
2025-08-04 20:21:37.918 11576-11576 ReportsManager          com.example.myapplication            D  📊 Критерии: {5=90.0..100.0, 4=75.0..89.99, 3=50.0..74.99, 2=0.0..49.99}
2025-08-04 20:21:37.918 11576-11576 ReportsManager          com.example.myapplication            D  📊 Результат оценки: 2
2025-08-04 20:21:37.918 11576-11576 ReportsManager          com.example.myapplication            D  🔍 Расчет оценки: критерии=Пользовательские (проценты), тип=PERCENTAGE
2025-08-04 20:21:37.918 11576-11576 ReportsManager          com.example.myapplication            D  📊 Процентная оценка: 4/10 = 40,0%
2025-08-04 20:21:37.918 11576-11576 ReportsManager          com.example.myapplication            D  📊 Критерии: {5=90.0..100.0, 4=75.0..89.99, 3=50.0..74.99, 2=0.0..49.99}
2025-08-04 20:21:37.918 11576-11576 ReportsManager          com.example.myapplication            D  📊 Результат оценки: 2
2025-08-04 20:21:37.918 11576-11576 ReportsManager          com.example.myapplication            D  🔍 Расчет оценки: критерии=Пользовательские (проценты), тип=PERCENTAGE
2025-08-04 20:21:37.918 11576-11576 ReportsManager          com.example.myapplication            D  📊 Процентная оценка: 4/10 = 40,0%
2025-08-04 20:21:37.918 11576-11576 ReportsManager          com.example.myapplication            D  📊 Критерии: {5=90.0..100.0, 4=75.0..89.99, 3=50.0..74.99, 2=0.0..49.99}
2025-08-04 20:21:37.918 11576-11576 ReportsManager          com.example.myapplication            D  📊 Результат оценки: 2
2025-08-04 20:21:37.918 11576-11576 ReportsManager          com.example.myapplication            D  🔍 Расчет оценки: критерии=Пользовательские (проценты), тип=PERCENTAGE
2025-08-04 20:21:37.918 11576-11576 ReportsManager          com.example.myapplication            D  📊 Процентная оценка: 4/10 = 40,0%
2025-08-04 20:21:37.918 11576-11576 ReportsManager          com.example.myapplication            D  📊 Критерии: {5=90.0..100.0, 4=75.0..89.99, 3=50.0..74.99, 2=0.0..49.99}
2025-08-04 20:21:37.918 11576-11576 ReportsManager          com.example.myapplication            D  📊 Результат оценки: 2
2025-08-04 20:21:37.918 11576-11576 ReportsManager          com.example.myapplication            D  🔍 Расчет оценки: критерии=Пользовательские (проценты), тип=PERCENTAGE
2025-08-04 20:21:37.919 11576-11576 ReportsManager          com.example.myapplication            D  📊 Процентная оценка: 4/10 = 40,0%
2025-08-04 20:21:37.919 11576-11576 ReportsManager          com.example.myapplication            D  📊 Критерии: {5=90.0..100.0, 4=75.0..89.99, 3=50.0..74.99, 2=0.0..49.99}
2025-08-04 20:21:37.919 11576-11576 ReportsManager          com.example.myapplication            D  📊 Результат оценки: 2
2025-08-04 20:21:37.919 11576-11576 ReportsManager          com.example.myapplication            D  🔍 Расчет оценки: критерии=Пользовательские (проценты), тип=PERCENTAGE
2025-08-04 20:21:37.919 11576-11576 ReportsManager          com.example.myapplication            D  📊 Процентная оценка: 4/10 = 40,0%
2025-08-04 20:21:37.919 11576-11576 ReportsManager          com.example.myapplication            D  📊 Критерии: {5=90.0..100.0, 4=75.0..89.99, 3=50.0..74.99, 2=0.0..49.99}
2025-08-04 20:21:37.919 11576-11576 ReportsManager          com.example.myapplication            D  📊 Результат оценки: 2
2025-08-04 20:21:37.920 11576-11576 ReportsManager          com.example.myapplication            D  💾 Сохраняем критерии: По процентам (по умолчанию) -> {"id":"default","name":"По процентам (по умолчанию)","type":"PERCENTAGE","maxPoints":0,"criteria":{"5":"90.0..100.0","4":"75.0..89.99","3":"51.0..74.99","2":"0.0..50.99"}}
2025-08-04 20:21:37.920 11576-11576 ReportsManager          com.example.myapplication            D  💾 Сохраняем критерии: Пользовательские (проценты) -> {"id":"custom","name":"Пользовательские (проценты)","type":"PERCENTAGE","maxPoints":0,"criteria":{"5":"90.0..100.0","4":"75.0..89.99","3":"50.0..74.99","2":"0.0..49.99"}}
2025-08-04 20:21:37.924 11576-11576 ReportsManager          com.example.myapplication            D  💾 Данные сохранены: 17 отчетов, 2 критериев
2025-08-04 20:21:37.924 11576-11576 ReportsManager          com.example.myapplication            D  🔄 Установлены критерии: custom
2025-08-04 20:21:37.926 11576-11576 ReportsActivity         com.example.myapplication            D  📊 loadStatistics() вызван
2025-08-04 20:21:37.927 11576-11576 ReportsManager          com.example.myapplication            D  🔥 Создание тепловой карты: 10 вопросов, 17 работ
2025-08-04 20:21:37.927 11576-11576 ReportsManager          com.example.myapplication            D  🔥 Первый отчет: grading.size = 10
2025-08-04 20:21:37.927 11576-11576 ReportsManager          com.example.myapplication            D  🔥 Все отчеты:
2025-08-04 20:21:37.927 11576-11576 ReportsManager          com.example.myapplication            D  🔥   Отчет 0: grading.size = 10, grading = [0, 1, 0, 0, 1, 0, 1, 0, 0, 1]
2025-08-04 20:21:37.927 11576-11576 ReportsManager          com.example.myapplication            D  🔥   Отчет 1: grading.size = 10, grading = [0, 1, 0, 0, 1, 0, 0, 0, 0, 1]
2025-08-04 20:21:37.927 11576-11576 ReportsManager          com.example.myapplication            D  🔥   Отчет 2: grading.size = 10, grading = [1, 1, 1, 0, 1, 1, 1, 1, 1, 1]
2025-08-04 20:21:37.928 11576-11576 ReportsManager          com.example.myapplication            D  🔥   Отчет 3: grading.size = 10, grading = [0, 0, 0, 0, 1, 0, 1, 0, 0, 0]
2025-08-04 20:21:37.928 11576-11576 ReportsManager          com.example.myapplication            D  🔥   Отчет 4: grading.size = 10, grading = [1, 1, 1, 1, 1, 1, 1, 1, 1, 1]
2025-08-04 20:21:37.928 11576-11576 ReportsManager          com.example.myapplication            D  🔥   Отчет 5: grading.size = 10, grading = [0, 1, 1, 0, 1, 0, 1, 0, 0, 0]
2025-08-04 20:21:37.928 11576-11576 ReportsManager          com.example.myapplication            D  🔥   Отчет 6: grading.size = 10, grading = [0, 0, 0, 1, 1, 0, 1, 0, 1, 0]
2025-08-04 20:21:37.928 11576-11576 ReportsManager          com.example.myapplication            D  🔥   Отчет 7: grading.size = 10, grading = [0, 1, 0, 0, 1, 0, 1, 0, 0, 0]
2025-08-04 20:21:37.928 11576-11576 ReportsManager          com.example.myapplication            D  🔥   Отчет 8: grading.size = 10, grading = [0, 0, 0, 0, 1, 0, 0, 0, 0, 1]
2025-08-04 20:21:37.928 11576-11576 ReportsManager          com.example.myapplication            D  🔥   Отчет 9: grading.size = 10, grading = [0, 1, 0, 1, 1, 0, 0, 0, 0, 0]
2025-08-04 20:21:37.928 11576-11576 ReportsManager          com.example.myapplication            D  🔥   Отчет 10: grading.size = 10, grading = [0, 1, 0, 0, 0, 1, 0, 0, 1, 0]
2025-08-04 20:21:37.928 11576-11576 ReportsManager          com.example.myapplication            D  🔥   Отчет 11: grading.size = 10, grading = [0, 0, 0, 0, 1, 0, 1, 0, 0, 1]
2025-08-04 20:21:37.928 11576-11576 ReportsManager          com.example.myapplication            D  🔥   Отчет 12: grading.size = 10, grading = [0, 1, 1, 0, 1, 0, 1, 0, 0, 0]
2025-08-04 20:21:37.928 11576-11576 ReportsManager          com.example.myapplication            D  🔥   Отчет 13: grading.size = 10, grading = [0, 1, 1, 0, 1, 0, 1, 0, 0, 0]
2025-08-04 20:21:37.928 11576-11576 ReportsManager          com.example.myapplication            D  🔥   Отчет 14: grading.size = 10, grading = [0, 1, 1, 0, 1, 0, 1, 0, 0, 0]
2025-08-04 20:21:37.928 11576-11576 ReportsManager          com.example.myapplication            D  🔥   Отчет 15: grading.size = 10, grading = [0, 1, 1, 0, 1, 0, 1, 0, 0, 0]
2025-08-04 20:21:37.928 11576-11576 ReportsManager          com.example.myapplication            D  🔥   Отчет 16: grading.size = 10, grading = [0, 1, 1, 0, 1, 0, 1, 0, 0, 0]
2025-08-04 20:21:37.928 11576-11576 ReportsManager          com.example.myapplication            D  🔥 Вопрос 1: 2/17 (11,8%)
2025-08-04 20:21:37.928 11576-11576 ReportsManager          com.example.myapplication            D  🔥 Вопрос 2: 13/17 (76,5%)
2025-08-04 20:21:37.928 11576-11576 ReportsManager          com.example.myapplication            D  🔥 Вопрос 3: 8/17 (47,1%)
2025-08-04 20:21:37.929 11576-11576 ReportsManager          com.example.myapplication            D  🔥 Вопрос 4: 3/17 (17,6%)
2025-08-04 20:21:37.929 11576-11576 ReportsManager          com.example.myapplication            D  🔥 Вопрос 5: 16/17 (94,1%)
2025-08-04 20:21:37.929 11576-11576 ReportsManager          com.example.myapplication            D  🔥 Вопрос 6: 3/17 (17,6%)
2025-08-04 20:21:37.929 11576-11576 ReportsManager          com.example.myapplication            D  🔥 Вопрос 7: 13/17 (76,5%)
2025-08-04 20:21:37.929 11576-11576 ReportsManager          com.example.myapplication            D  🔥 Вопрос 8: 2/17 (11,8%)
2025-08-04 20:21:37.929 11576-11576 ReportsManager          com.example.myapplication            D  🔥 Вопрос 9: 4/17 (23,5%)
2025-08-04 20:21:37.930 11576-11576 ReportsManager          com.example.myapplication            D  🔥 Вопрос 10: 6/17 (35,3%)
2025-08-04 20:21:37.930 11576-11576 ReportsManager          com.example.myapplication            D  🔥 Тепловая карта создана: 10 элементов
2025-08-04 20:21:37.933 11576-11576 ReportsActivity         com.example.myapplication            D  📊 Статистика получена: 7 элементов
2025-08-04 20:21:37.933 11576-11576 ReportsActivity         com.example.myapplication            D  📊 Тепловая карта: 10 элементов
2025-08-04 20:21:37.933 11576-11576 StatisticsAdapter       com.example.myapplication            D  📊 updateStatistics() вызван с 7 элементами
2025-08-04 20:21:37.933 11576-11576 StatisticsAdapter       com.example.myapplication            D  📊 Тепловая карта: 10 элементов
2025-08-04 20:21:37.934 11576-11576 StatisticsAdapter       com.example.myapplication            D  📊 Вызываем notifyDataSetChanged()
2025-08-04 20:21:37.934 11576-11576 StatisticsAdapter       com.example.myapplication            D  📊 notifyDataSetChanged() завершен
2025-08-04 20:21:37.934 11576-11576 ReportsActivity         com.example.myapplication            D  📊 Статистика обновлена в адаптере
2025-08-04 20:21:37.937 11576-11576 ScrollOpti...neManager] com.example.myapplication            D  updateCurrentActivity: mCurrentActivityName=com.example.myapplication.ReportsActivity, isOptEnable=true, isAnimAheadEnable=true, isFrameInsertEnable=true, InsertNum=1, isEnabledForScrollChanged=false
2025-08-04 20:21:37.937 11576-11576 ActivityThread          com.example.myapplication            D  ComponentInfo{com.example.myapplication/com.example.myapplication.ReportsActivity} checkFinished=false 2
2025-08-04 20:21:37.937 11576-11576 ResourcesManagerExtImpl com.example.myapplication            D  applyConfigurationToAppResourcesLocked app.getDisplayId() return callback.displayId:0
2025-08-04 20:21:37.938 11576-11576 ReportsActivity         com.example.myapplication            D  📊 loadStatistics() вызван
2025-08-04 20:21:37.938 11576-11576 ReportsManager          com.example.myapplication            D  🔥 Создание тепловой карты: 10 вопросов, 17 работ
2025-08-04 20:21:37.938 11576-11576 ReportsManager          com.example.myapplication            D  🔥 Первый отчет: grading.size = 10
2025-08-04 20:21:37.938 11576-11576 ReportsManager          com.example.myapplication            D  🔥 Все отчеты:
2025-08-04 20:21:37.938 11576-11576 ReportsManager          com.example.myapplication            D  🔥   Отчет 0: grading.size = 10, grading = [0, 1, 0, 0, 1, 0, 1, 0, 0, 1]
2025-08-04 20:21:37.938 11576-11576 ReportsManager          com.example.myapplication            D  🔥   Отчет 1: grading.size = 10, grading = [0, 1, 0, 0, 1, 0, 0, 0, 0, 1]
2025-08-04 20:21:37.938 11576-11576 ReportsManager          com.example.myapplication            D  🔥   Отчет 2: grading.size = 10, grading = [1, 1, 1, 0, 1, 1, 1, 1, 1, 1]
2025-08-04 20:21:37.938 11576-11576 ReportsManager          com.example.myapplication            D  🔥   Отчет 3: grading.size = 10, grading = [0, 0, 0, 0, 1, 0, 1, 0, 0, 0]
2025-08-04 20:21:37.938 11576-11576 ReportsManager          com.example.myapplication            D  🔥   Отчет 4: grading.size = 10, grading = [1, 1, 1, 1, 1, 1, 1, 1, 1, 1]
2025-08-04 20:21:37.938 11576-11576 ReportsManager          com.example.myapplication            D  🔥   Отчет 5: grading.size = 10, grading = [0, 1, 1, 0, 1, 0, 1, 0, 0, 0]
2025-08-04 20:21:37.938 11576-11576 ReportsManager          com.example.myapplication            D  🔥   Отчет 6: grading.size = 10, grading = [0, 0, 0, 1, 1, 0, 1, 0, 1, 0]
2025-08-04 20:21:37.938 11576-11576 ReportsManager          com.example.myapplication            D  🔥   Отчет 7: grading.size = 10, grading = [0, 1, 0, 0, 1, 0, 1, 0, 0, 0]
2025-08-04 20:21:37.938 11576-11576 ReportsManager          com.example.myapplication            D  🔥   Отчет 8: grading.size = 10, grading = [0, 0, 0, 0, 1, 0, 0, 0, 0, 1]
2025-08-04 20:21:37.939 11576-11576 ReportsManager          com.example.myapplication            D  🔥   Отчет 9: grading.size = 10, grading = [0, 1, 0, 1, 1, 0, 0, 0, 0, 0]
2025-08-04 20:21:37.939 11576-11576 ReportsManager          com.example.myapplication            D  🔥   Отчет 10: grading.size = 10, grading = [0, 1, 0, 0, 0, 1, 0, 0, 1, 0]
2025-08-04 20:21:37.939 11576-11576 ReportsManager          com.example.myapplication            D  🔥   Отчет 11: grading.size = 10, grading = [0, 0, 0, 0, 1, 0, 1, 0, 0, 1]
2025-08-04 20:21:37.939 11576-11576 ReportsManager          com.example.myapplication            D  🔥   Отчет 12: grading.size = 10, grading = [0, 1, 1, 0, 1, 0, 1, 0, 0, 0]
2025-08-04 20:21:37.939 11576-11576 ReportsManager          com.example.myapplication            D  🔥   Отчет 13: grading.size = 10, grading = [0, 1, 1, 0, 1, 0, 1, 0, 0, 0]
2025-08-04 20:21:37.939 11576-11576 ReportsManager          com.example.myapplication            D  🔥   Отчет 14: grading.size = 10, grading = [0, 1, 1, 0, 1, 0, 1, 0, 0, 0]
2025-08-04 20:21:37.939 11576-11576 ReportsManager          com.example.myapplication            D  🔥   Отчет 15: grading.size = 10, grading = [0, 1, 1, 0, 1, 0, 1, 0, 0, 0]
2025-08-04 20:21:37.939 11576-11576 ReportsManager          com.example.myapplication            D  🔥   Отчет 16: grading.size = 10, grading = [0, 1, 1, 0, 1, 0, 1, 0, 0, 0]
2025-08-04 20:21:37.939 11576-11576 ReportsManager          com.example.myapplication            D  🔥 Вопрос 1: 2/17 (11,8%)
2025-08-04 20:21:37.939 11576-11576 ReportsManager          com.example.myapplication            D  🔥 Вопрос 2: 13/17 (76,5%)
2025-08-04 20:21:37.939 11576-11576 ReportsManager          com.example.myapplication            D  🔥 Вопрос 3: 8/17 (47,1%)
2025-08-04 20:21:37.939 11576-11576 ReportsManager          com.example.myapplication            D  🔥 Вопрос 4: 3/17 (17,6%)
2025-08-04 20:21:37.939 11576-11576 ReportsManager          com.example.myapplication            D  🔥 Вопрос 5: 16/17 (94,1%)
2025-08-04 20:21:37.940 11576-11576 ReportsManager          com.example.myapplication            D  🔥 Вопрос 6: 3/17 (17,6%)
2025-08-04 20:21:37.940 11576-11576 ReportsManager          com.example.myapplication            D  🔥 Вопрос 7: 13/17 (76,5%)
2025-08-04 20:21:37.940 11576-11576 ReportsManager          com.example.myapplication            D  🔥 Вопрос 8: 2/17 (11,8%)
2025-08-04 20:21:37.940 11576-11576 ReportsManager          com.example.myapplication            D  🔥 Вопрос 9: 4/17 (23,5%)
2025-08-04 20:21:37.940 11576-11576 ReportsManager          com.example.myapplication            D  🔥 Вопрос 10: 6/17 (35,3%)
2025-08-04 20:21:37.940 11576-11576 ReportsManager          com.example.myapplication            D  🔥 Тепловая карта создана: 10 элементов
2025-08-04 20:21:37.944 11576-11576 ReportsActivity         com.example.myapplication            D  📊 Статистика получена: 7 элементов
2025-08-04 20:21:37.944 11576-11576 ReportsActivity         com.example.myapplication            D  📊 Тепловая карта: 10 элементов
2025-08-04 20:21:37.944 11576-11576 StatisticsAdapter       com.example.myapplication            D  📊 updateStatistics() вызван с 7 элементами
2025-08-04 20:21:37.944 11576-11576 StatisticsAdapter       com.example.myapplication            D  📊 Тепловая карта: 10 элементов
2025-08-04 20:21:37.944 11576-11576 StatisticsAdapter       com.example.myapplication            D  📊 Вызываем notifyDataSetChanged()
2025-08-04 20:21:37.944 11576-11576 StatisticsAdapter       com.example.myapplication            D  📊 notifyDataSetChanged() завершен
2025-08-04 20:21:37.944 11576-11576 ReportsActivity         com.example.myapplication            D  📊 Статистика обновлена в адаптере
2025-08-04 20:21:37.948 11576-11576 WindowManager           com.example.myapplication            D  Add to mViews: com.android.internal.policy.DecorView{c166bba I.E...... R.....ID 0,0-0,0 alpha=1.0 viewInfo = }[ReportsActivity],pkg= com.example.myapplication
2025-08-04 20:21:37.948 11576-11646 skia                    com.example.myapplication            D  setRusSupported enable 0
2025-08-04 20:21:37.952 11576-11576 ViewRootImplExtImpl     com.example.myapplication            D  onDisplayChanged -1 for VRI android.view.ViewRootImpl@3ccea61
2025-08-04 20:21:37.953 11576-11576 VRI[MainActivity]       com.example.myapplication            D  onFocusEvent false
2025-08-04 20:21:37.954 11576-11576 callGcSupression        com.example.myapplication            D  java.lang.NullPointerException: Attempt to invoke virtual method 'java.lang.Object java.lang.reflect.Method.invoke(java.lang.Object, java.lang.Object[])' on a null object reference
2025-08-04 20:21:37.954 11576-11576 ResourcesManagerExtImpl com.example.myapplication            D  applyConfigurationToAppResourcesLocked app.getDisplayId() return callback.displayId:0
2025-08-04 20:21:37.962 11576-11576 OplusBracketLog         com.example.myapplication            E  [OplusViewMirrorManager] updateHostViewRootIfNeeded, not support android.view.ViewRootImpl@3ccea61
2025-08-04 20:21:37.979 11576-11576 ViewRootImplExtImpl     com.example.myapplication            D  wrapConfigInfoIntoFlags rotation=0, smallestScreenWidthDp=360, relayoutAsync=false, flags=0, newFlags=23592960, residentWS=false, title=com.example.myapplication/com.example.myapplication.ReportsActivity
2025-08-04 20:21:37.986 11576-11576 VRI[ReportsActivity]    com.example.myapplication            D  relayoutWindow result, sizeChanged:true, surfaceControlChanged:true, transformHintChanged:false, mSurfaceSize:Point(1080, 2400), mLastSurfaceSize:Point(0, 0), mWidth:-1, mHeight:-1, requestedWidth:1080, requestedHeight:2400, transformHint:0, installOrientation:0, displayRotation:0, isSurfaceValid:true, attr.flag:-2122252032, tmpFrames:ClientWindowFrames{frame=[0,0][1080,2400] display=[0,0][1080,2400] parentFrame=[0,0][0,0]}, relayoutAsync:false, mSyncSeqId:0
2025-08-04 20:21:37.986 11576-11576 VRI[ReportsActivity]    com.example.myapplication            W  updateBlastSurfaceIfNeeded, surfaceSize:Point(1080, 2400), lastSurfaceSize:Point(0, 0), format:-1, blastBufferQueue:null
2025-08-04 20:21:37.986 11576-11576 BufferQueueConsumer     com.example.myapplication            D  [](id:2d3800000004,api:0,p:-1,c:11576) connect: controlledByApp=false
2025-08-04 20:21:37.994 11576-11576 StatisticsAdapter       com.example.myapplication            D  📊 getItemViewType() позиция 0 -> тип 0
2025-08-04 20:21:37.994 11576-11576 StatisticsAdapter       com.example.myapplication            D  📊 onCreateViewHolder() тип 0
2025-08-04 20:21:38.000 11576-11576 StatisticsAdapter       com.example.myapplication            D  📊 onBindViewHolder() позиция 0, тип HeaderViewHolder
2025-08-04 20:21:38.002 11576-11576 StatisticsAdapter       com.example.myapplication            D  📊 getItemViewType() позиция 1 -> тип 1
2025-08-04 20:21:38.002 11576-11576 StatisticsAdapter       com.example.myapplication            D  📊 onCreateViewHolder() тип 1
2025-08-04 20:21:38.025 11576-11576 StatisticsAdapter       com.example.myapplication            D  📊 onBindViewHolder() позиция 1, тип StatsCardsViewHolder
2025-08-04 20:21:38.038 11576-11576 StatisticsAdapter       com.example.myapplication            D  📊 getItemViewType() позиция 2 -> тип 2
2025-08-04 20:21:38.038 11576-11576 StatisticsAdapter       com.example.myapplication            D  📊 onCreateViewHolder() тип 2
2025-08-04 20:21:38.043 11576-11576 StatisticsAdapter       com.example.myapplication            D  📊 onBindViewHolder() позиция 2, тип GradeDistributionViewHolder
2025-08-04 20:21:38.078 11576-11576 SurfaceControl          com.example.myapplication            I   setExtendedRangeBrightness sc=Surface(name=com.example.myapplication/com.example.myapplication.ReportsActivity)/@0xc3cd122,currentBufferRatio=1.0,desiredRatio=1.0
2025-08-04 20:21:38.112 11576-11646 BLASTBufferQueue        com.example.myapplication            D  [VRI[ReportsActivity]#4](f:0,a:1) acquireNextBufferLocked size=1080x2400 mFrameNumber=1 applyTransaction=true mTimestamp=1428812731053393(auto) mPendingTransactions.size=0 graphicBufferId=49718541418515 transform=0
2025-08-04 20:21:38.112 11576-11646 VRI[ReportsActivity]    com.example.myapplication            D  Received frameCommittedCallback lastAttemptedDrawFrameNum=1 didProduceBuffer=true syncBuffer=false
2025-08-04 20:21:38.113 11576-11576 VRI[ReportsActivity]    com.example.myapplication            D  draw finished. seqId=0
2025-08-04 20:21:38.113 11576-11576 ViewRootImplExtImpl     com.example.myapplication            D  setMaxDequeuedBufferCount: 2
2025-08-04 20:21:38.119 11576-11576 callGcSupression        com.example.myapplication            D  java.lang.NullPointerException: Attempt to invoke virtual method 'java.lang.Object java.lang.reflect.Method.invoke(java.lang.Object, java.lang.Object[])' on a null object reference
2025-08-04 20:21:38.119 11576-11576 VRI[ReportsActivity]    com.example.myapplication            W  handleResized, msg:, frameChanged:false, configChanged:false, displayChanged:false, attachedFrameChanged:false, compatScaleChanged:false, pendingDragResizing=false
2025-08-04 20:21:38.131 11576-11646 VRI[ReportsActivity]    com.example.myapplication            D  Received frameCommittedCallback lastAttemptedDrawFrameNum=3 didProduceBuffer=true syncBuffer=false
2025-08-04 20:21:38.131 11576-11576 VRI[ReportsActivity]    com.example.myapplication            D  draw finished. seqId=0
2025-08-04 20:21:38.186 11576-11576 VRI[ReportsActivity]    com.example.myapplication            D  onFocusEvent true
2025-08-04 20:21:38.453 11576-11971 VRI[MainActivity]       com.example.myapplication            D  dispatchAppVisibility visible:false
2025-08-04 20:21:38.463 11576-11576 VRI[MainActivity]       com.example.myapplication            D  visibilityChanged oldVisibility=true newVisibility=false
2025-08-04 20:21:38.463 11576-11576 callGcSupression        com.example.myapplication            D  java.lang.NullPointerException: Attempt to invoke virtual method 'java.lang.Object java.lang.reflect.Method.invoke(java.lang.Object, java.lang.Object[])' on a null object reference
2025-08-04 20:21:38.464 11576-11576 VRI[MainActivity]       com.example.myapplication            D  setWindowStopped stopped:true
2025-08-04 20:21:38.478 11576-11576 HWUI                    com.example.myapplication            D  RenderProxy::destroy: this=0xb400006f4131b500, mContext=0xb400006ea879c640
2025-08-04 20:21:38.478 11576-11646 HWUI                    com.example.myapplication            D  SkiaOpenGLPipeline::setSurface: this=0xb400006f413115c0, surface=NULL
2025-08-04 20:21:38.480 11576-11576 ViewRootImplExtImpl     com.example.myapplication            D  wrapConfigInfoIntoFlags rotation=0, smallestScreenWidthDp=360, relayoutAsync=false, flags=0, newFlags=23592960, residentWS=false, title=com.example.myapplication/com.example.myapplication.MainActivity
2025-08-04 20:21:38.482 11576-11971 BLASTBufferQueue        com.example.myapplication            D  [VRI[MainActivity]#3](f:0,a:2) destructor()
2025-08-04 20:21:38.482 11576-11971 BufferQueueConsumer     com.example.myapplication            D  [VRI[MainActivity]#3(BLAST Consumer)3](id:2d3800000003,api:0,p:-1,c:11576) disconnect
2025-08-04 20:21:38.486 11576-11576 VRI[MainActivity]       com.example.myapplication            D  relayoutWindow result, sizeChanged:false, surfaceControlChanged:true, transformHintChanged:false, mSurfaceSize:Point(1080, 2400), mLastSurfaceSize:Point(1080, 2400), mWidth:1080, mHeight:2400, requestedWidth:1080, requestedHeight:2400, transformHint:0, installOrientation:0, displayRotation:0, isSurfaceValid:false, attr.flag:-2122252032, tmpFrames:ClientWindowFrames{frame=[0,0][1080,2400] display=[0,0][1080,2400] parentFrame=[0,0][0,0]}, relayoutAsync:false, mSyncSeqId:0
2025-08-04 20:21:39.124 11576-11656 OplusScrollToTopManager com.example.myapplication            D  com.example.myapplication/com.example.myapplication.MainActivity,This com.android.internal.policy.DecorView{64732a2 I.E...... R......D 0,0-1080,2400 aid=0 alpha=1.0 viewInfo = }[MainActivity] change focus to false
2025-08-04 20:21:39.199 11576-11656 OplusScrollToTopManager com.example.myapplication            D  com.example.myapplication/com.example.myapplication.ReportsActivity,This com.android.internal.policy.DecorView{c166bba V.E...... R....... 0,0-1080,2400 aid=2 alpha=1.0 viewInfo = }[ReportsActivity] change focus to true
2025-08-04 20:21:42.091 11576-11576 AutofillManager         com.example.myapplication            V  requestHideFillUi(null): anchor = null
2025-08-04 20:21:42.186 11576-11576 StatisticsAdapter       com.example.myapplication            D  📊 getItemViewType() позиция 3 -> тип 3
2025-08-04 20:21:42.186 11576-11576 StatisticsAdapter       com.example.myapplication            D  📊 onCreateViewHolder() тип 3
2025-08-04 20:21:42.195 11576-11576 StatisticsAdapter       com.example.myapplication            D  📊 onBindViewHolder() позиция 3, тип ErrorAnalysisViewHolder
2025-08-04 20:21:42.207 11576-11576 StatisticsAdapter       com.example.myapplication            D  📊 getItemViewType() позиция 3 -> тип 3
2025-08-04 20:21:42.226 11576-11576 StatisticsAdapter       com.example.myapplication            D  📊 getItemViewType() позиция 3 -> тип 3
2025-08-04 20:21:42.243 11576-11576 StatisticsAdapter       com.example.myapplication            D  📊 getItemViewType() позиция 3 -> тип 3
2025-08-04 20:21:42.269 11576-11576 StatisticsAdapter       com.example.myapplication            D  📊 getItemViewType() позиция 3 -> тип 3
2025-08-04 20:21:42.281 11576-11576 OplusViewDebugManager   com.example.myapplication            D  OplusViewDebugManager Constructor android.view.debug.OplusViewDebugManager@50f7e1e [mHasViewDebugProperty true] [mHasMsgDebugProperty false] [DEBUG false] [EXTRAINFOENABLE false] [LIGHT_OS true]
2025-08-04 20:21:42.281 11576-11576 OplusViewDebugManager   com.example.myapplication            D  OplusViewDebugManager Constructor android.view.debug.OplusViewDebugManager@93a06ff [mHasViewDebugProperty true] [mHasMsgDebugProperty false] [DEBUG false] [EXTRAINFOENABLE false] [LIGHT_OS true]
2025-08-04 20:21:42.282 11576-11576 ScrollIdentify          com.example.myapplication            I  on fling
2025-08-04 20:21:42.282 11576-11576 ViewRootImplExtImpl     com.example.myapplication            D  the up motion event handled by client, just return
2025-08-04 20:21:42.302 11576-11576 StatisticsAdapter       com.example.myapplication            D  📊 getItemViewType() позиция 3 -> тип 3
2025-08-04 20:21:42.317 11576-11576 StatisticsAdapter       com.example.myapplication            D  📊 getItemViewType() позиция 3 -> тип 3
2025-08-04 20:21:42.333 11576-11576 StatisticsAdapter       com.example.myapplication            D  📊 getItemViewType() позиция 3 -> тип 3
2025-08-04 20:21:42.349 11576-11576 StatisticsAdapter       com.example.myapplication            D  📊 getItemViewType() позиция 3 -> тип 3
2025-08-04 20:21:42.366 11576-11576 StatisticsAdapter       com.example.myapplication            D  📊 getItemViewType() позиция 3 -> тип 3
2025-08-04 20:21:42.382 11576-11576 StatisticsAdapter       com.example.myapplication            D  📊 getItemViewType() позиция 3 -> тип 3
2025-08-04 20:21:42.399 11576-11576 StatisticsAdapter       com.example.myapplication            D  📊 getItemViewType() позиция 3 -> тип 3
2025-08-04 20:21:42.416 11576-11576 StatisticsAdapter       com.example.myapplication            D  📊 getItemViewType() позиция 3 -> тип 3
2025-08-04 20:21:42.433 11576-11576 StatisticsAdapter       com.example.myapplication            D  📊 getItemViewType() позиция 3 -> тип 3
2025-08-04 20:21:42.449 11576-11576 StatisticsAdapter       com.example.myapplication            D  📊 getItemViewType() позиция 3 -> тип 3
2025-08-04 20:21:42.466 11576-11576 StatisticsAdapter       com.example.myapplication            D  📊 getItemViewType() позиция 3 -> тип 3
2025-08-04 20:21:42.482 11576-11576 StatisticsAdapter       com.example.myapplication            D  📊 getItemViewType() позиция 3 -> тип 3
2025-08-04 20:21:42.499 11576-11576 StatisticsAdapter       com.example.myapplication            D  📊 getItemViewType() позиция 3 -> тип 3
2025-08-04 20:21:42.516 11576-11576 StatisticsAdapter       com.example.myapplication            D  📊 getItemViewType() позиция 3 -> тип 3
2025-08-04 20:21:42.533 11576-11576 StatisticsAdapter       com.example.myapplication            D  📊 getItemViewType() позиция 3 -> тип 3
2025-08-04 20:21:42.547 11576-11576 StatisticsAdapter       com.example.myapplication            D  📊 getItemViewType() позиция 3 -> тип 3
2025-08-04 20:21:42.558 11576-11584 e.myapplication         com.example.myapplication            W  Cleared Reference was only reachable from finalizer (only reported once)
2025-08-04 20:21:42.566 11576-11576 StatisticsAdapter       com.example.myapplication            D  📊 getItemViewType() позиция 3 -> тип 3
2025-08-04 20:21:42.582 11576-11576 StatisticsAdapter       com.example.myapplication            D  📊 getItemViewType() позиция 3 -> тип 3
2025-08-04 20:21:42.588 11576-11646 HWUI                    com.example.myapplication            D  SkiaOpenGLPipeline::setSurface: this=0xb400006f41311c00, surface=NULL
2025-08-04 20:21:42.589 11576-11646 HWUI                    com.example.myapplication            D  SkiaOpenGLPipeline::setSurface: this=0xb400006e8ad42480, surface=NULL
2025-08-04 20:21:42.750 11576-11576 AutofillManager         com.example.myapplication            V  requestHideFillUi(null): anchor = null
2025-08-04 20:21:42.850 11576-11576 StatisticsAdapter       com.example.myapplication            D  📊 getItemViewType() позиция 3 -> тип 3
2025-08-04 20:21:42.862 11576-11576 StatisticsAdapter       com.example.myapplication            D  📊 getItemViewType() позиция 3 -> тип 3
2025-08-04 20:21:42.875 11576-11576 StatisticsAdapter       com.example.myapplication            D  📊 getItemViewType() позиция 4 -> тип 4
2025-08-04 20:21:42.875 11576-11576 StatisticsAdapter       com.example.myapplication            D  📊 onCreateViewHolder() тип 4
2025-08-04 20:21:42.875 11576-11576 StatisticsAdapter       com.example.myapplication            D  🔥 Создаем QuestionHeatmapViewHolder
2025-08-04 20:21:42.887 11576-11576 StatisticsAdapter       com.example.myapplication            D  📊 onBindViewHolder() позиция 4, тип QuestionHeatmapViewHolder
2025-08-04 20:21:42.887 11576-11576 StatisticsAdapter       com.example.myapplication            D  🔥 Вызываем QuestionHeatmapViewHolder.bind()
2025-08-04 20:21:42.887 11576-11576 StatisticsAdapter       com.example.myapplication            D  🔥 QuestionHeatmapViewHolder.bind() вызван с 10 элементами
2025-08-04 20:21:42.887 11576-11576 StatisticsAdapter       com.example.myapplication            D  🔥 Создаем круговую диаграмму для 10 вопросов
2025-08-04 20:21:42.897 11576-11576 StatisticsAdapter       com.example.myapplication            D  🔥 Круговая диаграмма создана
2025-08-04 20:21:42.901 11576-11576 StatisticsAdapter       com.example.myapplication            D  📊 getItemViewType() позиция 4 -> тип 4
2025-08-04 20:21:42.914 11576-11576 StatisticsAdapter       com.example.myapplication            D  📊 getItemViewType() позиция 4 -> тип 4
2025-08-04 20:21:42.930 11576-11576 VelocityTracker         com.example.myapplication            I  LSQ2 speed rezero
2025-08-04 20:21:42.930 11576-11576 VelocityTracker         com.example.myapplication            I  LSQ2 speed rezero
2025-08-04 20:21:42.931 11576-11576 VelocityTracker         com.example.myapplication            I  LSQ2 speed rezero
2025-08-04 20:21:42.931 11576-11576 ScrollIdentify          com.example.myapplication            I  on fling
2025-08-04 20:21:42.931 11576-11576 ViewRootImplExtImpl     com.example.myapplication            D  the up motion event handled by client, just return
2025-08-04 20:21:42.949 11576-11576 StatisticsAdapter       com.example.myapplication            D  📊 getItemViewType() позиция 4 -> тип 4
2025-08-04 20:21:42.963 11576-11576 StatisticsAdapter       com.example.myapplication            D  📊 getItemViewType() позиция 4 -> тип 4
2025-08-04 20:21:42.980 11576-11576 StatisticsAdapter       com.example.myapplication            D  📊 getItemViewType() позиция 4 -> тип 4
2025-08-04 20:21:43.428 11576-11576 AutofillManager         com.example.myapplication            V  requestHideFillUi(null): anchor = null
2025-08-04 20:21:43.515 11576-11576 StatisticsAdapter       com.example.myapplication            D  📊 getItemViewType() позиция 4 -> тип 4
2025-08-04 20:21:43.531 11576-11576 StatisticsAdapter       com.example.myapplication            D  📊 getItemViewType() позиция 4 -> тип 4
2025-08-04 20:21:43.547 11576-11576 StatisticsAdapter       com.example.myapplication            D  📊 getItemViewType() позиция 4 -> тип 4
2025-08-04 20:21:43.564 11576-11576 StatisticsAdapter       com.example.myapplication            D  📊 getItemViewType() позиция 4 -> тип 4
2025-08-04 20:21:43.581 11576-11576 StatisticsAdapter       com.example.myapplication            D  📊 getItemViewType() позиция 4 -> тип 4
2025-08-04 20:21:43.597 11576-11576 StatisticsAdapter       com.example.myapplication            D  📊 getItemViewType() позиция 4 -> тип 4
2025-08-04 20:21:43.614 11576-11576 StatisticsAdapter       com.example.myapplication            D  📊 getItemViewType() позиция 4 -> тип 4
2025-08-04 20:21:43.631 11576-11576 StatisticsAdapter       com.example.myapplication            D  📊 getItemViewType() позиция 4 -> тип 4
2025-08-04 20:21:43.641 11576-11576 ScrollIdentify          com.example.myapplication            I  on fling
2025-08-04 20:21:43.641 11576-11576 ViewRootImplExtImpl     com.example.myapplication            D  the up motion event handled by client, just return
2025-08-04 20:21:43.666 11576-11576 StatisticsAdapter       com.example.myapplication            D  📊 getItemViewType() позиция 4 -> тип 4
2025-08-04 20:21:43.679 11576-11576 StatisticsAdapter       com.example.myapplication            D  📊 getItemViewType() позиция 4 -> тип 4
2025-08-04 20:21:43.695 11576-11576 StatisticsAdapter       com.example.myapplication            D  📊 getItemViewType() позиция 4 -> тип 4
2025-08-04 20:21:43.712 11576-11576 StatisticsAdapter       com.example.myapplication            D  📊 getItemViewType() позиция 4 -> тип 4
2025-08-04 20:21:43.729 11576-11576 StatisticsAdapter       com.example.myapplication            D  📊 getItemViewType() позиция 4 -> тип 4
2025-08-04 20:21:43.745 11576-11576 StatisticsAdapter       com.example.myapplication            D  📊 getItemViewType() позиция 4 -> тип 4
2025-08-04 20:21:43.761 11576-11576 StatisticsAdapter       com.example.myapplication            D  📊 getItemViewType() позиция 4 -> тип 4
2025-08-04 20:21:43.778 11576-11576 StatisticsAdapter       com.example.myapplication            D  📊 getItemViewType() позиция 4 -> тип 4
2025-08-04 20:21:43.795 11576-11576 StatisticsAdapter       com.example.myapplication            D  📊 getItemViewType() позиция 4 -> тип 4
2025-08-04 20:21:43.812 11576-11576 StatisticsAdapter       com.example.myapplication            D  📊 getItemViewType() позиция 4 -> тип 4
2025-08-04 20:21:43.828 11576-11576 StatisticsAdapter       com.example.myapplication            D  📊 getItemViewType() позиция 4 -> тип 4
2025-08-04 20:21:43.845 11576-11576 StatisticsAdapter       com.example.myapplication            D  📊 getItemViewType() позиция 4 -> тип 4
2025-08-04 20:21:43.861 11576-11576 StatisticsAdapter       com.example.myapplication            D  📊 getItemViewType() позиция 4 -> тип 4
2025-08-04 20:21:43.879 11576-11576 StatisticsAdapter       com.example.myapplication            D  📊 getItemViewType() позиция 4 -> тип 4
2025-08-04 20:21:43.895 11576-11576 StatisticsAdapter       com.example.myapplication            D  📊 getItemViewType() позиция 4 -> тип 4
2025-08-04 20:21:43.912 11576-11576 StatisticsAdapter       com.example.myapplication            D  📊 getItemViewType() позиция 4 -> тип 4
2025-08-04 20:21:43.930 11576-11576 StatisticsAdapter       com.example.myapplication            D  📊 getItemViewType() позиция 4 -> тип 4
2025-08-04 20:21:53.446 11576-11576 AutofillManager         com.example.myapplication            V  requestHideFillUi(null): anchor = null
2025-08-04 20:21:53.520 11576-11576 StatisticsAdapter       com.example.myapplication            D  📊 getItemViewType() позиция 4 -> тип 4
2025-08-04 20:21:53.538 11576-11576 StatisticsAdapter       com.example.myapplication            D  📊 getItemViewType() позиция 4 -> тип 4
2025-08-04 20:21:53.555 11576-11576 StatisticsAdapter       com.example.myapplication            D  📊 getItemViewType() позиция 4 -> тип 4
2025-08-04 20:21:53.580 11576-11576 StatisticsAdapter       com.example.myapplication            D  📊 getItemViewType() позиция 4 -> тип 4
2025-08-04 20:21:53.593 11576-11576 StatisticsAdapter       com.example.myapplication            D  📊 getItemViewType() позиция 4 -> тип 4
2025-08-04 20:21:53.605 11576-11576 StatisticsAdapter       com.example.myapplication            D  📊 getItemViewType() позиция 5 -> тип 5
2025-08-04 20:21:53.605 11576-11576 StatisticsAdapter       com.example.myapplication            D  📊 onCreateViewHolder() тип 5
2025-08-04 20:21:53.613 11576-11576 StatisticsAdapter       com.example.myapplication            D  📊 onBindViewHolder() позиция 5, тип RelatedErrorsViewHolder
2025-08-04 20:21:53.628 11576-11576 StatisticsAdapter       com.example.myapplication            D  📊 getItemViewType() позиция 5 -> тип 5
2025-08-04 20:21:53.641 11576-11576 ScrollIdentify          com.example.myapplication            I  on fling
2025-08-04 20:21:53.641 11576-11576 ViewRootImplExtImpl     com.example.myapplication            D  the up motion event handled by client, just return
2025-08-04 20:21:53.667 11576-11576 StatisticsAdapter       com.example.myapplication            D  📊 getItemViewType() позиция 5 -> тип 5
2025-08-04 20:21:53.677 11576-11576 StatisticsAdapter       com.example.myapplication            D  📊 getItemViewType() позиция 5 -> тип 5
2025-08-04 20:21:53.694 11576-11576 StatisticsAdapter       com.example.myapplication            D  📊 getItemViewType() позиция 5 -> тип 5
2025-08-04 20:21:53.711 11576-11576 StatisticsAdapter       com.example.myapplication            D  📊 getItemViewType() позиция 5 -> тип 5
2025-08-04 20:21:53.726 11576-11576 StatisticsAdapter       com.example.myapplication            D  📊 getItemViewType() позиция 5 -> тип 5
2025-08-04 20:21:53.744 11576-11576 StatisticsAdapter       com.example.myapplication            D  📊 getItemViewType() позиция 5 -> тип 5
2025-08-04 20:21:53.761 11576-11576 StatisticsAdapter       com.example.myapplication            D  📊 getItemViewType() позиция 5 -> тип 5
2025-08-04 20:21:53.777 11576-11576 StatisticsAdapter       com.example.myapplication            D  📊 getItemViewType() позиция 5 -> тип 5
2025-08-04 20:21:53.793 11576-11576 StatisticsAdapter       com.example.myapplication            D  📊 getItemViewType() позиция 5 -> тип 5
2025-08-04 20:21:53.810 11576-11576 StatisticsAdapter       com.example.myapplication            D  📊 getItemViewType() позиция 5 -> тип 5
2025-08-04 20:21:53.827 11576-11576 StatisticsAdapter       com.example.myapplication            D  📊 getItemViewType() позиция 5 -> тип 5
2025-08-04 20:21:53.843 11576-11576 StatisticsAdapter       com.example.myapplication            D  📊 getItemViewType() позиция 5 -> тип 5
2025-08-04 20:21:53.860 11576-11576 StatisticsAdapter       com.example.myapplication            D  📊 getItemViewType() позиция 5 -> тип 5
2025-08-04 20:21:53.878 11576-11576 StatisticsAdapter       com.example.myapplication            D  📊 getItemViewType() позиция 5 -> тип 5
2025-08-04 20:21:53.894 11576-11576 StatisticsAdapter       com.example.myapplication            D  📊 getItemViewType() позиция 5 -> тип 5
2025-08-04 20:21:53.911 11576-11576 StatisticsAdapter       com.example.myapplication            D  📊 getItemViewType() позиция 5 -> тип 5
2025-08-04 20:21:53.927 11576-11576 StatisticsAdapter       com.example.myapplication            D  📊 getItemViewType() позиция 5 -> тип 5
2025-08-04 20:21:53.944 11576-11576 StatisticsAdapter       com.example.myapplication            D  📊 getItemViewType() позиция 5 -> тип 5
2025-08-04 20:21:55.429 11576-11576 AutofillManager         com.example.myapplication            V  requestHideFillUi(null): anchor = null
2025-08-04 20:21:55.515 11576-11576 StatisticsAdapter       com.example.myapplication            D  📊 getItemViewType() позиция 5 -> тип 5
2025-08-04 20:21:55.540 11576-11576 StatisticsAdapter       com.example.myapplication            D  📊 getItemViewType() позиция 5 -> тип 5
2025-08-04 20:21:55.544 11576-11576 StatisticsAdapter       com.example.myapplication            D  📊 getItemViewType() позиция 5 -> тип 5
2025-08-04 20:21:55.561 11576-11576 StatisticsAdapter       com.example.myapplication            D  📊 getItemViewType() позиция 5 -> тип 5
2025-08-04 20:21:55.577 11576-11576 StatisticsAdapter       com.example.myapplication            D  📊 getItemViewType() позиция 5 -> тип 5
2025-08-04 20:21:55.607 11576-11576 StatisticsAdapter       com.example.myapplication            D  📊 getItemViewType() позиция 5 -> тип 5
2025-08-04 20:21:55.620 11576-11576 ScrollIdentify          com.example.myapplication            I  on fling
2025-08-04 20:21:55.620 11576-11576 ViewRootImplExtImpl     com.example.myapplication            D  the up motion event handled by client, just return
2025-08-04 20:21:55.642 11576-11576 StatisticsAdapter       com.example.myapplication            D  📊 getItemViewType() позиция 5 -> тип 5
2025-08-04 20:21:55.661 11576-11576 StatisticsAdapter       com.example.myapplication            D  📊 getItemViewType() позиция 5 -> тип 5
2025-08-04 20:21:55.676 11576-11576 StatisticsAdapter       com.example.myapplication            D  📊 getItemViewType() позиция 5 -> тип 5
2025-08-04 20:21:55.694 11576-11576 StatisticsAdapter       com.example.myapplication            D  📊 getItemViewType() позиция 5 -> тип 5
2025-08-04 20:21:55.712 11576-11576 StatisticsAdapter       com.example.myapplication            D  📊 getItemViewType() позиция 5 -> тип 5
2025-08-04 20:21:55.726 11576-11576 StatisticsAdapter       com.example.myapplication            D  📊 getItemViewType() позиция 5 -> тип 5
2025-08-04 20:21:55.746 11576-11576 StatisticsAdapter       com.example.myapplication            D  📊 getItemViewType() позиция 5 -> тип 5
2025-08-04 20:21:55.758 11576-11576 StatisticsAdapter       com.example.myapplication            D  📊 getItemViewType() позиция 5 -> тип 5
2025-08-04 20:21:55.778 11576-11576 StatisticsAdapter       com.example.myapplication            D  📊 getItemViewType() позиция 5 -> тип 5
2025-08-04 20:21:55.795 11576-11576 StatisticsAdapter       com.example.myapplication            D  📊 getItemViewType() позиция 5 -> тип 5
2025-08-04 20:21:55.808 11576-11576 StatisticsAdapter       com.example.myapplication            D  📊 getItemViewType() позиция 5 -> тип 5
2025-08-04 20:21:55.827 11576-11576 StatisticsAdapter       com.example.myapplication            D  📊 getItemViewType() позиция 5 -> тип 5
2025-08-04 20:21:55.864 11576-11576 StatisticsAdapter       com.example.myapplication            D  📊 getItemViewType() позиция 5 -> тип 5
2025-08-04 20:21:55.898 11576-11576 StatisticsAdapter       com.example.myapplication            D  📊 getItemViewType() позиция 5 -> тип 5
2025-08-04 20:21:55.917 11576-11576 StatisticsAdapter       com.example.myapplication            D  📊 getItemViewType() позиция 5 -> тип 5
2025-08-04 20:21:56.247 11576-11576 AutofillManager         com.example.myapplication            V  requestHideFillUi(null): anchor = null
2025-08-04 20:21:56.322 11576-11576 StatisticsAdapter       com.example.myapplication            D  📊 getItemViewType() позиция 5 -> тип 5
2025-08-04 20:21:56.337 11576-11576 StatisticsAdapter       com.example.myapplication            D  📊 getItemViewType() позиция 5 -> тип 5
2025-08-04 20:21:56.354 11576-11576 StatisticsAdapter       com.example.myapplication            D  📊 getItemViewType() позиция 5 -> тип 5
2025-08-04 20:21:56.372 11576-11576 StatisticsAdapter       com.example.myapplication            D  📊 getItemViewType() позиция 5 -> тип 5
2025-08-04 20:21:56.386 11576-11576 StatisticsAdapter       com.example.myapplication            D  📊 getItemViewType() позиция 5 -> тип 5
2025-08-04 20:21:56.402 11576-11576 StatisticsAdapter       com.example.myapplication            D  📊 getItemViewType() позиция 5 -> тип 5
2025-08-04 20:21:56.420 11576-11576 StatisticsAdapter       com.example.myapplication            D  📊 getItemViewType() позиция 5 -> тип 5
2025-08-04 20:21:56.426 11576-11576 ScrollIdentify          com.example.myapplication            I  on fling
2025-08-04 20:21:56.427 11576-11576 ViewRootImplExtImpl     com.example.myapplication            D  the up motion event handled by client, just return
2025-08-04 20:21:56.434 11576-11576 StatisticsAdapter       com.example.myapplication            D  📊 getItemViewType() позиция 5 -> тип 5
2025-08-04 20:21:56.449 11576-11576 StatisticsAdapter       com.example.myapplication            D  📊 getItemViewType() позиция 5 -> тип 5
2025-08-04 20:21:58.848 11576-11576 AutofillManager         com.example.myapplication            V  requestHideFillUi(null): anchor = null
2025-08-04 20:21:59.249 11576-11576 ScrollIdentify          com.example.myapplication            I  on fling
2025-08-04 20:21:59.249 11576-11576 ViewRootImplExtImpl     com.example.myapplication            D  the up motion event handled by client, just return
2025-08-04 20:21:59.798 11576-11576 AutofillManager         com.example.myapplication            V  requestHideFillUi(null): anchor = null
2025-08-04 20:21:59.957 11576-11576 ScrollIdentify          com.example.myapplication            I  on fling
2025-08-04 20:21:59.957 11576-11576 ViewRootImplExtImpl     com.example.myapplication            D  the up motion event handled by client, just return
2025-08-04 20:22:00.477 11576-11576 AutofillManager         com.example.myapplication            V  requestHideFillUi(null): anchor = null
2025-08-04 20:22:00.675 11576-11576 ScrollIdentify          com.example.myapplication            I  on fling
2025-08-04 20:22:00.675 11576-11576 ViewRootImplExtImpl     com.example.myapplication            D  the up motion event handled by client, just return
2025-08-04 20:22:09.463 11576-11576 AutofillManager         com.example.myapplication            V  requestHideFillUi(null): anchor = null
2025-08-04 20:22:09.673 11576-11576 ScrollIdentify          com.example.myapplication            I  on fling
2025-08-04 20:22:09.673 11576-11576 ViewRootImplExtImpl     com.example.myapplication            D  the up motion event handled by client, just return
2025-08-04 20:22:10.393 11576-11576 AutofillManager         com.example.myapplication            V  requestHideFillUi(null): anchor = null
2025-08-04 20:22:10.638 11576-11576 ScrollIdentify          com.example.myapplication            I  on fling
2025-08-04 20:22:10.638 11576-11576 ViewRootImplExtImpl     com.example.myapplication            D  the up motion event handled by client, just return
2025-08-04 20:22:11.118 11576-11576 AutofillManager         com.example.myapplication            V  requestHideFillUi(null): anchor = null
2025-08-04 20:22:11.407 11576-11576 OplusViewDebugManager   com.example.myapplication            D  OplusViewDebugManager Constructor android.view.debug.OplusViewDebugManager@8f5a5da [mHasViewDebugProperty true] [mHasMsgDebugProperty false] [DEBUG false] [EXTRAINFOENABLE false] [LIGHT_OS true]
2025-08-04 20:22:11.408 11576-11576 OplusViewDebugManager   com.example.myapplication            D  OplusViewDebugManager Constructor android.view.debug.OplusViewDebugManager@9bc3a0b [mHasViewDebugProperty true] [mHasMsgDebugProperty false] [DEBUG false] [EXTRAINFOENABLE false] [LIGHT_OS true]
2025-08-04 20:22:11.408 11576-11576 ScrollIdentify          com.example.myapplication            I  on fling
2025-08-04 20:22:11.408 11576-11576 ViewRootImplExtImpl     com.example.myapplication            D  the up motion event handled by client, just return
2025-08-04 20:22:12.003 11576-11576 AutofillManager         com.example.myapplication            V  requestHideFillUi(null): anchor = null
2025-08-04 20:22:12.231 11576-11576 ScrollIdentify          com.example.myapplication            I  on fling
2025-08-04 20:22:12.231 11576-11576 ViewRootImplExtImpl     com.example.myapplication            D  the up motion event handled by client, just return
2025-08-04 20:22:12.710 11576-11576 AutofillManager         com.example.myapplication            V  requestHideFillUi(null): anchor = null
2025-08-04 20:22:13.222 11576-11576 ScrollIdentify          com.example.myapplication            I  on fling
2025-08-04 20:22:13.222 11576-11576 ViewRootImplExtImpl     com.example.myapplication            D  the up motion event handled by client, just return
2025-08-04 20:22:13.875 11576-11576 AutofillManager         com.example.myapplication            V  requestHideFillUi(null): anchor = null
2025-08-04 20:22:13.947 11576-11576 ViewRootImplExtImpl     com.example.myapplication            D  the up motion event handled by client, just return
2025-08-04 20:22:13.984 11576-11576 oplus.andr...actoryImpl com.example.myapplication            I  get feature:IOplusDynamicVsyncFeature
2025-08-04 20:22:13.984 11576-11576 oplus.andr...actoryImpl com.example.myapplication            I  get feature:IOplusDynamicVsyncFeature
2025-08-04 20:22:13.984 11576-11576 oplus.andr...actoryImpl com.example.myapplication            I  get feature:IOplusDynamicVsyncFeature
2025-08-04 20:22:14.006 11576-11576 oplus.andr...actoryImpl com.example.myapplication            I  get feature:IOplusDynamicVsyncFeature
2025-08-04 20:22:14.006 11576-11576 oplus.andr...actoryImpl com.example.myapplication            I  get feature:IOplusDynamicVsyncFeature
2025-08-04 20:22:14.006 11576-11576 oplus.andr...actoryImpl com.example.myapplication            I  get feature:IOplusDynamicVsyncFeature
2025-08-04 20:22:14.011 11576-11576 oplus.andr...actoryImpl com.example.myapplication            I  get feature:IOplusDynamicVsyncFeature
2025-08-04 20:22:14.011 11576-11576 oplus.andr...actoryImpl com.example.myapplication            I  get feature:IOplusDynamicVsyncFeature
2025-08-04 20:22:14.011 11576-11576 oplus.andr...actoryImpl com.example.myapplication            I  get feature:IOplusDynamicVsyncFeature
2025-08-04 20:22:14.030 11576-11576 WindowManager           com.example.myapplication            D  Add to mViews: com.android.internal.policy.DecorView{916998d V.E...... R.....I. 0,0-0,0 alpha=1.0 viewInfo = }[ReportsActivity],pkg= com.example.myapplication
2025-08-04 20:22:14.031 11576-11646 skia                    com.example.myapplication            D  setRusSupported enable 0
2025-08-04 20:22:14.053 11576-11576 ViewRootImplExtImpl     com.example.myapplication            D  onDisplayChanged -1 for VRI android.view.ViewRootImpl@69b4490
2025-08-04 20:22:14.056 11576-11576 OplusBracketLog         com.example.myapplication            E  [OplusViewMirrorManager] updateHostViewRootIfNeeded, not support android.view.ViewRootImpl@69b4490
2025-08-04 20:22:14.111 11576-11576 InsetsController        com.example.myapplication            D  setRequestedVisibleTypes, mRequestedVisibleTypes: statusBars navigationBars captionBar systemGestures mandatorySystemGestures tappableElement displayCutout windowDecor systemOverlays, requestedVisibleTypes: statusBars navigationBars captionBar systemGestures mandatorySystemGestures tappableElement displayCutout windowDecor systemOverlays, visibleTypes: navigationBars, type: 2, call: android.view.InsetsController.controlAnimationUnchecked:1477 android.view.InsetsController.applyAnimation:2191 android.view.InsetsController.applyAnimation:2161 android.view.InsetsController.onControlsChanged:1163 android.view.ViewRootImpl.relayoutWindow:10356 android.view.ViewRootImpl.performTraversals:4151 android.view.ViewRootImpl.doTraversal:3313 android.view.ViewRootImpl$TraversalRunnable.run:11495 android.view.Choreographer$CallbackRecord.run:1621 android.view.Choreographer$CallbackRecord.run:1630 
2025-08-04 20:22:14.112 11576-11576 BufferQueueConsumer     com.example.myapplication            D  [](id:2d3800000005,api:0,p:-1,c:11576) connect: controlledByApp=false
2025-08-04 20:22:14.123 11576-11576 SurfaceControl          com.example.myapplication            I   setExtendedRangeBrightness sc=Surface(name=com.example.myapplication/com.example.myapplication.ReportsActivity)/@0x5471b4d,currentBufferRatio=1.0,desiredRatio=1.0
2025-08-04 20:22:14.144 11576-11646 BLASTBufferQueue        com.example.myapplication            D  [VRI[ReportsActivity]#5](f:0,a:1) acquireNextBufferLocked size=1272x1734 mFrameNumber=1 applyTransaction=true mTimestamp=1428848763204396(auto) mPendingTransactions.size=0 graphicBufferId=49718541418516 transform=0
2025-08-04 20:22:14.145 11576-11646 VRI[ReportsActivity]    com.example.myapplication            D  Received frameCommittedCallback lastAttemptedDrawFrameNum=1 didProduceBuffer=true syncBuffer=false
2025-08-04 20:22:14.147 11576-11576 VRI[ReportsActivity]    com.example.myapplication            D  draw finished. seqId=0
2025-08-04 20:22:14.147 11576-11576 ViewRootImplExtImpl     com.example.myapplication            D  setMaxDequeuedBufferCount: 2
2025-08-04 20:22:14.147 11576-11576 VRI[ReportsActivity]    com.example.myapplication            D  onFocusEvent false
2025-08-04 20:22:14.149 11576-11576 callGcSupression        com.example.myapplication            D  java.lang.NullPointerException: Attempt to invoke virtual method 'java.lang.Object java.lang.reflect.Method.invoke(java.lang.Object, java.lang.Object[])' on a null object reference
2025-08-04 20:22:14.150 11576-11576 VRI[ReportsActivity]    com.example.myapplication            W  handleResized abandoned!
2025-08-04 20:22:14.150 11576-11576 callGcSupression        com.example.myapplication            D  java.lang.NullPointerException: Attempt to invoke virtual method 'java.lang.Object java.lang.reflect.Method.invoke(java.lang.Object, java.lang.Object[])' on a null object reference
2025-08-04 20:22:14.246 11576-11646 VRI[ReportsActivity]    com.example.myapplication            D  Received frameCommittedCallback lastAttemptedDrawFrameNum=2 didProduceBuffer=true syncBuffer=false
2025-08-04 20:22:14.247 11576-11576 VRI[ReportsActivity]    com.example.myapplication            D  draw finished. seqId=0
2025-08-04 20:22:14.248 11576-11576 VRI[ReportsActivity]    com.example.myapplication            D  onFocusEvent true
2025-08-04 20:22:14.393 11576-11576 InsetsController        com.example.myapplication            D  setRequestedVisibleTypes, mRequestedVisibleTypes: statusBars navigationBars captionBar systemGestures mandatorySystemGestures tappableElement displayCutout windowDecor systemOverlays, requestedVisibleTypes: statusBars navigationBars captionBar systemGestures mandatorySystemGestures tappableElement displayCutout windowDecor systemOverlays, visibleTypes: navigationBars, type: 2, call: android.view.InsetsController.notifyFinished:1879 android.view.InsetsAnimationThreadControlRunner$1.lambda$notifyFinished$0:86 android.view.InsetsAnimationThreadControlRunner$1.$r8$lambda$cDFF0h4Ncq-8EXdGszv69jrUu7c:0 android.view.InsetsAnimationThreadControlRunner$1$$ExternalSyntheticLambda1.run:0 android.os.Handler.handleCallback:973 android.os.Handler.dispatchMessage:100 android.os.Looper.loopOnce:282 android.os.Looper.loop:387 android.app.ActivityThread.main:9500 java.lang.reflect.Method.invoke:-2 
2025-08-04 20:22:15.159 11576-11656 OplusScrollToTopManager com.example.myapplication            D  com.example.myapplication/com.example.myapplication.ReportsActivity,This com.android.internal.policy.DecorView{c166bba V.E...... R....... 0,0-1080,2400 aid=2 alpha=1.0 viewInfo = }[ReportsActivity] change focus to false
2025-08-04 20:22:15.252 11576-11656 OplusScrollToTopManager com.example.myapplication            D  com.example.myapplication/com.example.myapplication.ReportsActivity,This com.android.internal.policy.DecorView{916998d V.E...... R....... 0,0-1080,1542 alpha=1.0 viewInfo = }[ReportsActivity] change focus to true
2025-08-04 20:22:25.372 11576-11576 AutofillManager         com.example.myapplication            V  requestHideFillUi(null): anchor = null
2025-08-04 20:22:25.471 11576-11576 ViewRootImplExtImpl     com.example.myapplication            D  the up motion event handled by client, just return
2025-08-04 20:22:25.474 11576-11576 OplusScrollToTopManager com.example.myapplication            D  com.example.myapplication/com.example.myapplication.ReportsActivity,window dying
2025-08-04 20:22:25.474 11576-11576 OplusScrollToTopManager com.example.myapplication            D  com.example.myapplication/com.example.myapplication.ReportsActivity,unregisterSystemUIBroadcastReceiver 
2025-08-04 20:22:25.474 11576-11576 OplusScrollToTopManager com.example.myapplication            D  com.example.myapplication/com.example.myapplication.ReportsActivity, unregisterSystemUIBroadcastReceiver failed java.lang.IllegalArgumentException: Receiver not registered: android.view.OplusScrollToTopManager$2@6273188
2025-08-04 20:22:25.474 11576-11576 WindowOnBackDispatcher  com.example.myapplication            W  sendCancelIfRunning: isInProgress=false callback=android.view.ViewRootImpl$$ExternalSyntheticLambda11@6604189
2025-08-04 20:22:25.479 11576-11576 HWUI                    com.example.myapplication            D  RenderProxy::destroy: this=0xb400006e8854a500, mContext=0xb400006de30a5180
2025-08-04 20:22:25.479 11576-11646 HWUI                    com.example.myapplication            D  SkiaOpenGLPipeline::setSurface: this=0xb400006de2f6b2c0, surface=NULL
2025-08-04 20:22:25.481 11576-11576 BLASTBufferQueue        com.example.myapplication            D  [VRI[ReportsActivity]#5](f:0,a:2) destructor()
2025-08-04 20:22:25.481 11576-11576 BufferQueueConsumer     com.example.myapplication            D  [VRI[ReportsActivity]#5(BLAST Consumer)5](id:2d3800000005,api:0,p:-1,c:11576) disconnect
2025-08-04 20:22:25.513 11576-11576 InsetsController        com.example.myapplication            D  setRequestedVisibleTypes, mRequestedVisibleTypes: systemGestures mandatorySystemGestures tappableElement displayCutout windowDecor, requestedVisibleTypes: systemGestures mandatorySystemGestures tappableElement displayCutout windowDecor, visibleTypes: , type: 2, call: android.view.InsetsController.controlAnimationUnchecked:1477 android.view.InsetsController.applyAnimation:2191 android.view.InsetsController.applyAnimation:2161 android.view.InsetsController.onControlsChanged:1171 android.view.ViewRootImpl.handleInsetsControlChanged:2565 android.view.ViewRootImpl.-$$Nest$mhandleInsetsControlChanged:0 android.view.ViewRootImpl$ViewRootHandler.handleMessageImpl:7565 android.view.ViewRootImpl$ViewRootHandler.handleMessage:7504 android.os.Handler.dispatchMessage:107 android.os.Looper.loopOnce:282 
2025-08-04 20:22:25.527 11576-11576 VRI[ReportsActivity]    com.example.myapplication            D  onFocusEvent true
2025-08-04 20:22:25.535 11576-11576 callGcSupression        com.example.myapplication            D  java.lang.NullPointerException: Attempt to invoke virtual method 'java.lang.Object java.lang.reflect.Method.invoke(java.lang.Object, java.lang.Object[])' on a null object reference
2025-08-04 20:22:25.535 11576-11576 VRI[ReportsActivity]    com.example.myapplication            W  handleResized abandoned!
2025-08-04 20:22:25.887 11576-11576 InsetsController        com.example.myapplication            D  setRequestedVisibleTypes, mRequestedVisibleTypes: systemGestures mandatorySystemGestures tappableElement displayCutout windowDecor, requestedVisibleTypes: systemGestures mandatorySystemGestures tappableElement displayCutout windowDecor, visibleTypes: , type: 2, call: android.view.InsetsController.notifyFinished:1879 android.view.InsetsAnimationThreadControlRunner$1.lambda$notifyFinished$0:86 android.view.InsetsAnimationThreadControlRunner$1.$r8$lambda$cDFF0h4Ncq-8EXdGszv69jrUu7c:0 android.view.InsetsAnimationThreadControlRunner$1$$ExternalSyntheticLambda1.run:0 android.os.Handler.handleCallback:973 android.os.Handler.dispatchMessage:100 android.os.Looper.loopOnce:282 android.os.Looper.loop:387 android.app.ActivityThread.main:9500 java.lang.reflect.Method.invoke:-2 
2025-08-04 20:22:25.992 11576-11576 AutofillManager         com.example.myapplication            V  requestHideFillUi(null): anchor = null
2025-08-04 20:22:26.183 11576-11576 ScrollIdentify          com.example.myapplication            I  on fling
2025-08-04 20:22:26.183 11576-11576 ViewRootImplExtImpl     com.example.myapplication            D  the up motion event handled by client, just return
2025-08-04 20:22:26.540 11576-11656 OplusScrollToTopManager com.example.myapplication            D  com.example.myapplication/com.example.myapplication.ReportsActivity,This com.android.internal.policy.DecorView{c166bba V.E...... R......D 0,0-1080,2400 aid=2 alpha=1.0 viewInfo = }[ReportsActivity] change focus to true
2025-08-04 20:22:27.057 11576-11576 AutofillManager         com.example.myapplication            V  requestHideFillUi(null): anchor = null
2025-08-04 20:22:27.131 11576-11576 ViewRootImplExtImpl     com.example.myapplication            D  the up motion event handled by client, just return
2025-08-04 20:22:27.167 11576-11576 oplus.andr...actoryImpl com.example.myapplication            I  get feature:IOplusDynamicVsyncFeature
2025-08-04 20:22:27.167 11576-11576 oplus.andr...actoryImpl com.example.myapplication            I  get feature:IOplusDynamicVsyncFeature
2025-08-04 20:22:27.167 11576-11576 oplus.andr...actoryImpl com.example.myapplication            I  get feature:IOplusDynamicVsyncFeature
2025-08-04 20:22:27.185 11576-11576 oplus.andr...actoryImpl com.example.myapplication            I  get feature:IOplusDynamicVsyncFeature
2025-08-04 20:22:27.185 11576-11576 oplus.andr...actoryImpl com.example.myapplication            I  get feature:IOplusDynamicVsyncFeature
2025-08-04 20:22:27.185 11576-11576 oplus.andr...actoryImpl com.example.myapplication            I  get feature:IOplusDynamicVsyncFeature
2025-08-04 20:22:27.189 11576-11576 oplus.andr...actoryImpl com.example.myapplication            I  get feature:IOplusDynamicVsyncFeature
2025-08-04 20:22:27.189 11576-11576 oplus.andr...actoryImpl com.example.myapplication            I  get feature:IOplusDynamicVsyncFeature
2025-08-04 20:22:27.189 11576-11576 oplus.andr...actoryImpl com.example.myapplication            I  get feature:IOplusDynamicVsyncFeature
2025-08-04 20:22:27.205 11576-11576 WindowManager           com.example.myapplication            D  Add to mViews: com.android.internal.policy.DecorView{6c5ffdf V.E...... R.....I. 0,0-0,0 alpha=1.0 viewInfo = }[ReportsActivity],pkg= com.example.myapplication
2025-08-04 20:22:27.206 11576-11646 skia                    com.example.myapplication            D  setRusSupported enable 0
2025-08-04 20:22:27.224 11576-11576 ViewRootImplExtImpl     com.example.myapplication            D  onDisplayChanged -1 for VRI android.view.ViewRootImpl@8ccd48a
2025-08-04 20:22:27.227 11576-11576 OplusBracketLog         com.example.myapplication            E  [OplusViewMirrorManager] updateHostViewRootIfNeeded, not support android.view.ViewRootImpl@8ccd48a
2025-08-04 20:22:27.281 11576-11576 InsetsController        com.example.myapplication            D  setRequestedVisibleTypes, mRequestedVisibleTypes: statusBars navigationBars captionBar systemGestures mandatorySystemGestures tappableElement displayCutout windowDecor systemOverlays, requestedVisibleTypes: statusBars navigationBars captionBar systemGestures mandatorySystemGestures tappableElement displayCutout windowDecor systemOverlays, visibleTypes: navigationBars, type: 2, call: android.view.InsetsController.controlAnimationUnchecked:1477 android.view.InsetsController.applyAnimation:2191 android.view.InsetsController.applyAnimation:2161 android.view.InsetsController.onControlsChanged:1163 android.view.ViewRootImpl.relayoutWindow:10356 android.view.ViewRootImpl.performTraversals:4151 android.view.ViewRootImpl.doTraversal:3313 android.view.ViewRootImpl$TraversalRunnable.run:11495 android.view.Choreographer$CallbackRecord.run:1621 android.view.Choreographer$CallbackRecord.run:1630 
2025-08-04 20:22:27.282 11576-11576 BufferQueueConsumer     com.example.myapplication            D  [](id:2d3800000006,api:0,p:-1,c:11576) connect: controlledByApp=false
2025-08-04 20:22:27.298 11576-11576 SurfaceControl          com.example.myapplication            I   setExtendedRangeBrightness sc=Surface(name=com.example.myapplication/com.example.myapplication.ReportsActivity)/@0xfee239f,currentBufferRatio=1.0,desiredRatio=1.0
2025-08-04 20:22:27.312 11576-11646 BLASTBufferQueue        com.example.myapplication            D  [VRI[ReportsActivity]#6](f:0,a:1) acquireNextBufferLocked size=1272x1734 mFrameNumber=1 applyTransaction=true mTimestamp=1428861930543858(auto) mPendingTransactions.size=0 graphicBufferId=49718541418521 transform=0
2025-08-04 20:22:27.312 11576-11646 VRI[ReportsActivity]    com.example.myapplication            D  Received frameCommittedCallback lastAttemptedDrawFrameNum=1 didProduceBuffer=true syncBuffer=false
2025-08-04 20:22:27.314 11576-11576 VRI[ReportsActivity]    com.example.myapplication            D  draw finished. seqId=0
2025-08-04 20:22:27.314 11576-11576 ViewRootImplExtImpl     com.example.myapplication            D  setMaxDequeuedBufferCount: 2
2025-08-04 20:22:27.316 11576-11576 callGcSupression        com.example.myapplication            D  java.lang.NullPointerException: Attempt to invoke virtual method 'java.lang.Object java.lang.reflect.Method.invoke(java.lang.Object, java.lang.Object[])' on a null object reference
2025-08-04 20:22:27.316 11576-11576 VRI[ReportsActivity]    com.example.myapplication            W  handleResized abandoned!
2025-08-04 20:22:27.400 11576-11646 VRI[ReportsActivity]    com.example.myapplication            D  Received frameCommittedCallback lastAttemptedDrawFrameNum=2 didProduceBuffer=true syncBuffer=false
2025-08-04 20:22:27.401 11576-11576 VRI[ReportsActivity]    com.example.myapplication            D  draw finished. seqId=0
2025-08-04 20:22:27.403 11576-11576 VRI[ReportsActivity]    com.example.myapplication            D  onFocusEvent false
2025-08-04 20:22:27.403 11576-11576 VRI[ReportsActivity]    com.example.myapplication            D  onFocusEvent true
2025-08-04 20:22:27.404 11576-11576 callGcSupression        com.example.myapplication            D  java.lang.NullPointerException: Attempt to invoke virtual method 'java.lang.Object java.lang.reflect.Method.invoke(java.lang.Object, java.lang.Object[])' on a null object reference
2025-08-04 20:22:27.487 11576-11646 VRI[ReportsActivity]    com.example.myapplication            D  Received frameCommittedCallback lastAttemptedDrawFrameNum=3 didProduceBuffer=true syncBuffer=false
2025-08-04 20:22:27.488 11576-11576 VRI[ReportsActivity]    com.example.myapplication            D  draw finished. seqId=0
2025-08-04 20:22:27.548 11576-11576 InsetsController        com.example.myapplication            D  setRequestedVisibleTypes, mRequestedVisibleTypes: statusBars navigationBars captionBar systemGestures mandatorySystemGestures tappableElement displayCutout windowDecor systemOverlays, requestedVisibleTypes: statusBars navigationBars captionBar systemGestures mandatorySystemGestures tappableElement displayCutout windowDecor systemOverlays, visibleTypes: navigationBars, type: 2, call: android.view.InsetsController.notifyFinished:1879 android.view.InsetsAnimationThreadControlRunner$1.lambda$notifyFinished$0:86 android.view.InsetsAnimationThreadControlRunner$1.$r8$lambda$cDFF0h4Ncq-8EXdGszv69jrUu7c:0 android.view.InsetsAnimationThreadControlRunner$1$$ExternalSyntheticLambda1.run:0 android.os.Handler.handleCallback:973 android.os.Handler.dispatchMessage:100 android.os.Looper.loopOnce:282 android.os.Looper.loop:387 android.app.ActivityThread.main:9500 java.lang.reflect.Method.invoke:-2 
2025-08-04 20:22:28.491 11576-11656 OplusScrollToTopManager com.example.myapplication            D  com.example.myapplication/com.example.myapplication.ReportsActivity,This com.android.internal.policy.DecorView{c166bba V.E...... R....... 0,0-1080,2400 aid=2 alpha=1.0 viewInfo = }[ReportsActivity] change focus to false
2025-08-04 20:22:28.492 11576-11656 OplusScrollToTopManager com.example.myapplication            D  com.example.myapplication/com.example.myapplication.ReportsActivity,This com.android.internal.policy.DecorView{6c5ffdf V.E...... R....... 0,0-1080,1542 alpha=1.0 viewInfo = }[ReportsActivity] change focus to true
2025-08-04 20:22:29.559 11576-11576 AutofillManager         com.example.myapplication            V  requestHideFillUi(null): anchor = null
2025-08-04 20:22:29.630 11576-11576 ViewRootImplExtImpl     com.example.myapplication            D  the up motion event handled by client, just return
2025-08-04 20:22:29.632 11576-11576 OplusScrollToTopManager com.example.myapplication            D  com.example.myapplication/com.example.myapplication.ReportsActivity,window dying
2025-08-04 20:22:29.632 11576-11576 OplusScrollToTopManager com.example.myapplication            D  com.example.myapplication/com.example.myapplication.ReportsActivity,unregisterSystemUIBroadcastReceiver 
2025-08-04 20:22:29.633 11576-11576 OplusScrollToTopManager com.example.myapplication            D  com.example.myapplication/com.example.myapplication.ReportsActivity, unregisterSystemUIBroadcastReceiver failed java.lang.IllegalArgumentException: Receiver not registered: android.view.OplusScrollToTopManager$2@c7528a9
2025-08-04 20:22:29.633 11576-11576 WindowOnBackDispatcher  com.example.myapplication            W  sendCancelIfRunning: isInProgress=false callback=android.view.ViewRootImpl$$ExternalSyntheticLambda11@4b4bafb
2025-08-04 20:22:29.636 11576-11576 HWUI                    com.example.myapplication            D  RenderProxy::destroy: this=0xb400006e96984000, mContext=0xb400006de3341740
2025-08-04 20:22:29.637 11576-11646 HWUI                    com.example.myapplication            D  SkiaOpenGLPipeline::setSurface: this=0xb400006de71ca080, surface=NULL
2025-08-04 20:22:29.639 11576-11576 BLASTBufferQueue        com.example.myapplication            D  [VRI[ReportsActivity]#6](f:0,a:2) destructor()
2025-08-04 20:22:29.639 11576-11576 BufferQueueConsumer     com.example.myapplication            D  [VRI[ReportsActivity]#6(BLAST Consumer)6](id:2d3800000006,api:0,p:-1,c:11576) disconnect
2025-08-04 20:22:29.672 11576-11576 InsetsController        com.example.myapplication            D  setRequestedVisibleTypes, mRequestedVisibleTypes: systemGestures mandatorySystemGestures tappableElement displayCutout windowDecor, requestedVisibleTypes: systemGestures mandatorySystemGestures tappableElement displayCutout windowDecor, visibleTypes: , type: 2, call: android.view.InsetsController.controlAnimationUnchecked:1477 android.view.InsetsController.applyAnimation:2191 android.view.InsetsController.applyAnimation:2161 android.view.InsetsController.onControlsChanged:1171 android.view.ViewRootImpl.handleInsetsControlChanged:2565 android.view.ViewRootImpl.-$$Nest$mhandleInsetsControlChanged:0 android.view.ViewRootImpl$ViewRootHandler.handleMessageImpl:7565 android.view.ViewRootImpl$ViewRootHandler.handleMessage:7504 android.os.Handler.dispatchMessage:107 android.os.Looper.loopOnce:282 
2025-08-04 20:22:29.686 11576-11576 callGcSupression        com.example.myapplication            D  java.lang.NullPointerException: Attempt to invoke virtual method 'java.lang.Object java.lang.reflect.Method.invoke(java.lang.Object, java.lang.Object[])' on a null object reference
2025-08-04 20:22:29.687 11576-11576 VRI[ReportsActivity]    com.example.myapplication            W  handleResized abandoned!
2025-08-04 20:22:29.694 11576-11576 VRI[ReportsActivity]    com.example.myapplication            D  onFocusEvent true
2025-08-04 20:22:30.039 11576-11576 InsetsController        com.example.myapplication            D  setRequestedVisibleTypes, mRequestedVisibleTypes: systemGestures mandatorySystemGestures tappableElement displayCutout windowDecor, requestedVisibleTypes: systemGestures mandatorySystemGestures tappableElement displayCutout windowDecor, visibleTypes: , type: 2, call: android.view.InsetsController.notifyFinished:1879 android.view.InsetsAnimationThreadControlRunner$1.lambda$notifyFinished$0:86 android.view.InsetsAnimationThreadControlRunner$1.$r8$lambda$cDFF0h4Ncq-8EXdGszv69jrUu7c:0 android.view.InsetsAnimationThreadControlRunner$1$$ExternalSyntheticLambda1.run:0 android.os.Handler.handleCallback:973 android.os.Handler.dispatchMessage:100 android.os.Looper.loopOnce:282 android.os.Looper.loop:387 android.app.ActivityThread.main:9500 java.lang.reflect.Method.invoke:-2 
2025-08-04 20:22:30.126 11576-11576 AutofillManager         com.example.myapplication            V  requestHideFillUi(null): anchor = null
2025-08-04 20:22:30.315 11576-11576 ScrollIdentify          com.example.myapplication            I  on fling
2025-08-04 20:22:30.315 11576-11576 ViewRootImplExtImpl     com.example.myapplication            D  the up motion event handled by client, just return
2025-08-04 20:22:30.630 11576-11576 AutofillManager         com.example.myapplication            V  requestHideFillUi(null): anchor = null
2025-08-04 20:22:30.699 11576-11656 OplusScrollToTopManager com.example.myapplication            D  com.example.myapplication/com.example.myapplication.ReportsActivity,This com.android.internal.policy.DecorView{c166bba V.E...... R....... 0,0-1080,2400 aid=2 alpha=1.0 viewInfo = }[ReportsActivity] change focus to true
2025-08-04 20:22:30.933 11576-11576 VelocityTracker         com.example.myapplication            I  LSQ2 speed rezero
2025-08-04 20:22:30.933 11576-11576 VelocityTracker         com.example.myapplication            I  LSQ2 speed rezero
2025-08-04 20:22:30.933 11576-11576 VelocityTracker         com.example.myapplication            I  LSQ2 speed rezero
2025-08-04 20:22:30.933 11576-11576 VelocityTracker         com.example.myapplication            I  LSQ2 speed rezero
2025-08-04 20:22:30.934 11576-11576 VelocityTracker         com.example.myapplication            I  LSQ2 speed rezero
2025-08-04 20:22:30.934 11576-11576 VelocityTracker         com.example.myapplication            I  LSQ2 speed rezero
2025-08-04 20:22:30.934 11576-11576 ViewRootImplExtImpl     com.example.myapplication            D  the up motion event handled by client, just return
2025-08-04 20:22:31.283 11576-11576 AutofillManager         com.example.myapplication            V  requestHideFillUi(null): anchor = null
2025-08-04 20:22:31.511 11576-11576 VelocityTracker         com.example.myapplication            I  LSQ2 speed rezero
2025-08-04 20:22:31.512 11576-11576 VelocityTracker         com.example.myapplication            I  LSQ2 speed rezero
2025-08-04 20:22:31.512 11576-11576 VelocityTracker         com.example.myapplication            I  LSQ2 speed rezero
2025-08-04 20:22:31.512 11576-11576 ScrollIdentify          com.example.myapplication            I  on fling
2025-08-04 20:22:31.513 11576-11576 ViewRootImplExtImpl     com.example.myapplication            D  the up motion event handled by client, just return
2025-08-04 20:22:31.907 11576-11576 AutofillManager         com.example.myapplication            V  requestHideFillUi(null): anchor = null
2025-08-04 20:22:32.113 11576-11576 ScrollIdentify          com.example.myapplication            I  on fling
2025-08-04 20:22:32.113 11576-11576 ViewRootImplExtImpl     com.example.myapplication            D  the up motion event handled by client, just return
2025-08-04 20:22:32.540 11576-11576 AutofillManager         com.example.myapplication            V  requestHideFillUi(null): anchor = null
2025-08-04 20:22:32.751 11576-11576 ScrollIdentify          com.example.myapplication            I  on fling
2025-08-04 20:22:32.751 11576-11576 ViewRootImplExtImpl     com.example.myapplication            D  the up motion event handled by client, just return
2025-08-04 20:22:33.126 11576-11576 AutofillManager         com.example.myapplication            V  requestHideFillUi(null): anchor = null
2025-08-04 20:22:33.333 11576-11576 ScrollIdentify          com.example.myapplication            I  on fling
2025-08-04 20:22:33.333 11576-11576 ViewRootImplExtImpl     com.example.myapplication            D  the up motion event handled by client, just return
2025-08-04 20:22:33.718 11576-11576 AutofillManager         com.example.myapplication            V  requestHideFillUi(null): anchor = null
2025-08-04 20:22:33.961 11576-11576 VelocityTracker         com.example.myapplication            I  LSQ2 speed rezero
2025-08-04 20:22:33.962 11576-11576 VelocityTracker         com.example.myapplication            I  LSQ2 speed rezero
2025-08-04 20:22:33.962 11576-11576 VelocityTracker         com.example.myapplication            I  LSQ2 speed rezero
2025-08-04 20:22:33.962 11576-11576 ScrollIdentify          com.example.myapplication            I  on fling
2025-08-04 20:22:33.962 11576-11576 ViewRootImplExtImpl     com.example.myapplication            D  the up motion event handled by client, just return
2025-08-04 20:22:34.379 11576-11576 AutofillManager         com.example.myapplication            V  requestHideFillUi(null): anchor = null
2025-08-04 20:22:34.605 11576-11576 ScrollIdentify          com.example.myapplication            I  on fling
2025-08-04 20:22:34.605 11576-11576 ViewRootImplExtImpl     com.example.myapplication            D  the up motion event handled by client, just return
2025-08-04 20:22:34.966 11576-11576 AutofillManager         com.example.myapplication            V  requestHideFillUi(null): anchor = null
2025-08-04 20:22:35.182 11576-11576 ScrollIdentify          com.example.myapplication            I  on fling
2025-08-04 20:22:35.182 11576-11576 ViewRootImplExtImpl     com.example.myapplication            D  the up motion event handled by client, just return
2025-08-04 20:22:36.525 11576-11576 AutofillManager         com.example.myapplication            V  requestHideFillUi(null): anchor = null
2025-08-04 20:22:36.593 11576-11576 StatisticsAdapter       com.example.myapplication            D  📊 getItemViewType() позиция 3 -> тип 3
2025-08-04 20:22:36.609 11576-11576 StatisticsAdapter       com.example.myapplication            D  📊 getItemViewType() позиция 3 -> тип 3
2025-08-04 20:22:36.627 11576-11576 StatisticsAdapter       com.example.myapplication            D  📊 getItemViewType() позиция 3 -> тип 3
2025-08-04 20:22:36.643 11576-11576 StatisticsAdapter       com.example.myapplication            D  📊 getItemViewType() позиция 3 -> тип 3
2025-08-04 20:22:36.659 11576-11576 StatisticsAdapter       com.example.myapplication            D  📊 getItemViewType() позиция 3 -> тип 3
2025-08-04 20:22:36.679 11576-11576 StatisticsAdapter       com.example.myapplication            D  📊 getItemViewType() позиция 3 -> тип 3
2025-08-04 20:22:36.682 11576-11576 ScrollIdentify          com.example.myapplication            I  on fling
2025-08-04 20:22:36.684 11576-11576 ViewRootImplExtImpl     com.example.myapplication            D  the up motion event handled by client, just return
2025-08-04 20:22:36.702 11576-11576 StatisticsAdapter       com.example.myapplication            D  📊 getItemViewType() позиция 2 -> тип 2
2025-08-04 20:22:36.721 11576-11576 StatisticsAdapter       com.example.myapplication            D  📊 getItemViewType() позиция 2 -> тип 2
2025-08-04 20:22:36.737 11576-11576 StatisticsAdapter       com.example.myapplication            D  📊 getItemViewType() позиция 2 -> тип 2
2025-08-04 20:22:36.738 11576-11576 StatisticsAdapter       com.example.myapplication            D  📊 getItemViewType() позиция 1 -> тип 1
2025-08-04 20:22:36.754 11576-11576 StatisticsAdapter       com.example.myapplication            D  📊 getItemViewType() позиция 1 -> тип 1
2025-08-04 20:22:36.768 11576-11576 StatisticsAdapter       com.example.myapplication            D  📊 getItemViewType() позиция 1 -> тип 1
2025-08-04 20:22:36.786 11576-11576 StatisticsAdapter       com.example.myapplication            D  📊 getItemViewType() позиция 1 -> тип 1
2025-08-04 20:22:36.803 11576-11576 StatisticsAdapter       com.example.myapplication            D  📊 getItemViewType() позиция 1 -> тип 1
2025-08-04 20:22:36.821 11576-11576 StatisticsAdapter       com.example.myapplication            D  📊 getItemViewType() позиция 1 -> тип 1
2025-08-04 20:22:36.838 11576-11576 StatisticsAdapter       com.example.myapplication            D  📊 getItemViewType() позиция 1 -> тип 1
2025-08-04 20:22:36.840 11576-11576 StatisticsAdapter       com.example.myapplication            D  📊 getItemViewType() позиция 0 -> тип 0
2025-08-04 20:22:36.840 11576-11576 StatisticsAdapter       com.example.myapplication            D  📊 onBindViewHolder() позиция 0, тип HeaderViewHolder
2025-08-04 20:22:36.850 11576-11576 StatisticsAdapter       com.example.myapplication            D  📊 getItemViewType() позиция 0 -> тип 0
2025-08-04 20:22:36.870 11576-11576 StatisticsAdapter       com.example.myapplication            D  📊 getItemViewType() позиция 0 -> тип 0
2025-08-04 20:22:36.886 11576-11576 StatisticsAdapter       com.example.myapplication            D  📊 getItemViewType() позиция 0 -> тип 0
2025-08-04 20:22:36.904 11576-11576 StatisticsAdapter       com.example.myapplication            D  📊 getItemViewType() позиция 0 -> тип 0
2025-08-04 20:22:36.921 11576-11576 StatisticsAdapter       com.example.myapplication            D  📊 getItemViewType() позиция 0 -> тип 0
2025-08-04 20:22:36.934 11576-11576 StatisticsAdapter       com.example.myapplication            D  📊 getItemViewType() позиция 0 -> тип 0
2025-08-04 20:22:36.953 11576-11576 StatisticsAdapter       com.example.myapplication            D  📊 getItemViewType() позиция 0 -> тип 0
2025-08-04 20:22:36.969 11576-11576 StatisticsAdapter       com.example.myapplication            D  📊 getItemViewType() позиция 0 -> тип 0
2025-08-04 20:22:36.985 11576-11576 StatisticsAdapter       com.example.myapplication            D  📊 getItemViewType() позиция 0 -> тип 0
2025-08-04 20:22:38.164 11576-11576 AutofillManager         com.example.myapplication            V  requestHideFillUi(null): anchor = null
2025-08-04 20:22:38.264 11576-11576 StatisticsAdapter       com.example.myapplication            D  📊 getItemViewType() позиция 3 -> тип 3
2025-08-04 20:22:38.279 11576-11576 StatisticsAdapter       com.example.myapplication            D  📊 getItemViewType() позиция 3 -> тип 3
2025-08-04 20:22:38.293 11576-11576 StatisticsAdapter       com.example.myapplication            D  📊 getItemViewType() позиция 3 -> тип 3
2025-08-04 20:22:38.310 11576-11576 StatisticsAdapter       com.example.myapplication            D  📊 getItemViewType() позиция 3 -> тип 3
2025-08-04 20:22:38.327 11576-11576 StatisticsAdapter       com.example.myapplication            D  📊 getItemViewType() позиция 3 -> тип 3
2025-08-04 20:22:38.345 11576-11576 StatisticsAdapter       com.example.myapplication            D  📊 getItemViewType() позиция 3 -> тип 3
2025-08-04 20:22:38.354 11576-11576 ScrollIdentify          com.example.myapplication            I  on fling
2025-08-04 20:22:38.354 11576-11576 ViewRootImplExtImpl     com.example.myapplication            D  the up motion event handled by client, just return
2025-08-04 20:22:38.380 11576-11576 StatisticsAdapter       com.example.myapplication            D  📊 getItemViewType() позиция 3 -> тип 3
2025-08-04 20:22:38.398 11576-11576 StatisticsAdapter       com.example.myapplication            D  📊 getItemViewType() позиция 3 -> тип 3
2025-08-04 20:22:38.415 11576-11576 StatisticsAdapter       com.example.myapplication            D  📊 getItemViewType() позиция 3 -> тип 3
2025-08-04 20:22:38.431 11576-11576 StatisticsAdapter       com.example.myapplication            D  📊 getItemViewType() позиция 3 -> тип 3
2025-08-04 20:22:38.448 11576-11576 StatisticsAdapter       com.example.myapplication            D  📊 getItemViewType() позиция 3 -> тип 3
2025-08-04 20:22:38.465 11576-11576 StatisticsAdapter       com.example.myapplication            D  📊 getItemViewType() позиция 3 -> тип 3
2025-08-04 20:22:38.501 11576-11576 StatisticsAdapter       com.example.myapplication            D  📊 getItemViewType() позиция 3 -> тип 3
2025-08-04 20:22:43.175 11576-11576 AutofillManager         com.example.myapplication            V  requestHideFillUi(null): anchor = null
2025-08-04 20:22:43.421 11576-11576 VelocityTracker         com.example.myapplication            I  LSQ2 speed rezero
2025-08-04 20:22:43.421 11576-11576 VelocityTracker         com.example.myapplication            I  LSQ2 speed rezero
2025-08-04 20:22:43.422 11576-11576 VelocityTracker         com.example.myapplication            I  LSQ2 speed rezero
2025-08-04 20:22:43.422 11576-11576 ScrollIdentify          com.example.myapplication            I  on fling
2025-08-04 20:22:43.422 11576-11576 ViewRootImplExtImpl     com.example.myapplication            D  the up motion event handled by client, just return
2025-08-04 20:22:44.154 11576-11576 AutofillManager         com.example.myapplication            V  requestHideFillUi(null): anchor = null
2025-08-04 20:22:44.402 11576-11576 VelocityTracker         com.example.myapplication            I  LSQ2 speed rezero
2025-08-04 20:22:44.403 11576-11576 VelocityTracker         com.example.myapplication            I  LSQ2 speed rezero
2025-08-04 20:22:44.404 11576-11576 VelocityTracker         com.example.myapplication            I  LSQ2 speed rezero
2025-08-04 20:22:44.404 11576-11576 ScrollIdentify          com.example.myapplication            I  on fling
2025-08-04 20:22:44.404 11576-11576 ViewRootImplExtImpl     com.example.myapplication            D  the up motion event handled by client, just return
2025-08-04 20:22:44.783 11576-11576 AutofillManager         com.example.myapplication            V  requestHideFillUi(null): anchor = null
2025-08-04 20:22:44.888 11576-11576 StatisticsAdapter       com.example.myapplication            D  📊 getItemViewType() позиция 3 -> тип 3
2025-08-04 20:22:44.904 11576-11576 StatisticsAdapter       com.example.myapplication            D  📊 getItemViewType() позиция 3 -> тип 3
2025-08-04 20:22:44.921 11576-11576 StatisticsAdapter       com.example.myapplication            D  📊 getItemViewType() позиция 3 -> тип 3
2025-08-04 20:22:44.939 11576-11576 ScrollIdentify          com.example.myapplication            I  on fling
2025-08-04 20:22:44.940 11576-11576 ViewRootImplExtImpl     com.example.myapplication            D  the up motion event handled by client, just return
2025-08-04 20:22:44.940 11576-11576 StatisticsAdapter       com.example.myapplication            D  📊 getItemViewType() позиция 3 -> тип 3
2025-08-04 20:22:44.951 11576-11576 StatisticsAdapter       com.example.myapplication            D  📊 getItemViewType() позиция 3 -> тип 3
2025-08-04 20:22:44.975 11576-11576 StatisticsAdapter       com.example.myapplication            D  📊 getItemViewType() позиция 3 -> тип 3
2025-08-04 20:22:44.986 11576-11576 StatisticsAdapter       com.example.myapplication            D  📊 getItemViewType() позиция 3 -> тип 3
2025-08-04 20:22:45.001 11576-11576 StatisticsAdapter       com.example.myapplication            D  📊 getItemViewType() позиция 3 -> тип 3
2025-08-04 20:22:45.018 11576-11576 StatisticsAdapter       com.example.myapplication            D  📊 getItemViewType() позиция 3 -> тип 3
2025-08-04 20:22:45.035 11576-11576 StatisticsAdapter       com.example.myapplication            D  📊 getItemViewType() позиция 3 -> тип 3
2025-08-04 20:22:45.051 11576-11576 StatisticsAdapter       com.example.myapplication            D  📊 getItemViewType() позиция 3 -> тип 3
2025-08-04 20:22:45.067 11576-11576 StatisticsAdapter       com.example.myapplication            D  📊 getItemViewType() позиция 3 -> тип 3
2025-08-04 20:22:45.085 11576-11576 StatisticsAdapter       com.example.myapplication            D  📊 getItemViewType() позиция 3 -> тип 3
2025-08-04 20:22:45.101 11576-11576 StatisticsAdapter       com.example.myapplication            D  📊 getItemViewType() позиция 3 -> тип 3
2025-08-04 20:22:45.117 11576-11576 StatisticsAdapter       com.example.myapplication            D  📊 getItemViewType() позиция 3 -> тип 3
2025-08-04 20:22:45.134 11576-11576 StatisticsAdapter       com.example.myapplication            D  📊 getItemViewType() позиция 3 -> тип 3
2025-08-04 20:22:45.150 11576-11576 StatisticsAdapter       com.example.myapplication            D  📊 getItemViewType() позиция 3 -> тип 3
2025-08-04 20:22:45.167 11576-11576 StatisticsAdapter       com.example.myapplication            D  📊 getItemViewType() позиция 3 -> тип 3
2025-08-04 20:22:45.168 11576-11576 StatisticsAdapter       com.example.myapplication            D  📊 getItemViewType() позиция 4 -> тип 4
2025-08-04 20:22:45.184 11576-11576 StatisticsAdapter       com.example.myapplication            D  📊 getItemViewType() позиция 4 -> тип 4
2025-08-04 20:22:45.201 11576-11576 StatisticsAdapter       com.example.myapplication            D  📊 getItemViewType() позиция 4 -> тип 4
2025-08-04 20:22:45.217 11576-11576 StatisticsAdapter       com.example.myapplication            D  📊 getItemViewType() позиция 4 -> тип 4
2025-08-04 20:22:45.233 11576-11576 StatisticsAdapter       com.example.myapplication            D  📊 getItemViewType() позиция 4 -> тип 4
2025-08-04 20:22:45.252 11576-11576 StatisticsAdapter       com.example.myapplication            D  📊 getItemViewType() позиция 4 -> тип 4
2025-08-04 20:22:45.268 11576-11576 StatisticsAdapter       com.example.myapplication            D  📊 getItemViewType() позиция 4 -> тип 4
2025-08-04 20:22:45.285 11576-11576 StatisticsAdapter       com.example.myapplication            D  📊 getItemViewType() позиция 4 -> тип 4
2025-08-04 20:22:45.302 11576-11576 StatisticsAdapter       com.example.myapplication            D  📊 getItemViewType() позиция 4 -> тип 4
2025-08-04 20:22:45.318 11576-11576 StatisticsAdapter       com.example.myapplication            D  📊 getItemViewType() позиция 4 -> тип 4
2025-08-04 20:22:45.464 11576-11576 AutofillManager         com.example.myapplication            V  requestHideFillUi(null): anchor = null
2025-08-04 20:22:45.599 11576-11576 ScrollIdentify          com.example.myapplication            I  on fling
2025-08-04 20:22:45.599 11576-11576 ViewRootImplExtImpl     com.example.myapplication            D  the up motion event handled by client, just return
2025-08-04 20:22:45.959 11576-11576 AutofillManager         com.example.myapplication            V  requestHideFillUi(null): anchor = null
2025-08-04 20:22:46.034 11576-11576 StatisticsAdapter       com.example.myapplication            D  📊 getItemViewType() позиция 4 -> тип 4
2025-08-04 20:22:46.047 11576-11576 StatisticsAdapter       com.example.myapplication            D  📊 getItemViewType() позиция 4 -> тип 4
2025-08-04 20:22:46.065 11576-11576 StatisticsAdapter       com.example.myapplication            D  📊 getItemViewType() позиция 4 -> тип 4
2025-08-04 20:22:46.074 11576-11576 ScrollIdentify          com.example.myapplication            I  on fling
2025-08-04 20:22:46.074 11576-11576 ViewRootImplExtImpl     com.example.myapplication            D  the up motion event handled by client, just return
2025-08-04 20:22:46.080 11576-11576 StatisticsAdapter       com.example.myapplication            D  📊 getItemViewType() позиция 4 -> тип 4
2025-08-04 20:22:46.103 11576-11576 StatisticsAdapter       com.example.myapplication            D  📊 getItemViewType() позиция 4 -> тип 4
2025-08-04 20:22:46.115 11576-11576 StatisticsAdapter       com.example.myapplication            D  📊 getItemViewType() позиция 4 -> тип 4
2025-08-04 20:22:46.131 11576-11576 StatisticsAdapter       com.example.myapplication            D  📊 getItemViewType() позиция 4 -> тип 4
2025-08-04 20:22:46.148 11576-11576 StatisticsAdapter       com.example.myapplication            D  📊 getItemViewType() позиция 4 -> тип 4
2025-08-04 20:22:46.164 11576-11576 StatisticsAdapter       com.example.myapplication            D  📊 getItemViewType() позиция 4 -> тип 4
2025-08-04 20:22:46.166 11576-11576 StatisticsAdapter       com.example.myapplication            D  📊 getItemViewType() позиция 5 -> тип 5
2025-08-04 20:22:46.166 11576-11576 StatisticsAdapter       com.example.myapplication            D  📊 onBindViewHolder() позиция 5, тип RelatedErrorsViewHolder
2025-08-04 20:22:46.181 11576-11576 StatisticsAdapter       com.example.myapplication            D  📊 getItemViewType() позиция 5 -> тип 5
2025-08-04 20:22:46.199 11576-11576 StatisticsAdapter       com.example.myapplication            D  📊 getItemViewType() позиция 5 -> тип 5
2025-08-04 20:22:46.214 11576-11576 StatisticsAdapter       com.example.myapplication            D  📊 getItemViewType() позиция 5 -> тип 5
2025-08-04 20:22:46.231 11576-11576 StatisticsAdapter       com.example.myapplication            D  📊 getItemViewType() позиция 5 -> тип 5
2025-08-04 20:22:46.248 11576-11576 StatisticsAdapter       com.example.myapplication            D  📊 getItemViewType() позиция 5 -> тип 5
2025-08-04 20:22:46.264 11576-11576 StatisticsAdapter       com.example.myapplication            D  📊 getItemViewType() позиция 5 -> тип 5
2025-08-04 20:22:46.281 11576-11576 StatisticsAdapter       com.example.myapplication            D  📊 getItemViewType() позиция 5 -> тип 5
2025-08-04 20:22:46.297 11576-11576 StatisticsAdapter       com.example.myapplication            D  📊 getItemViewType() позиция 5 -> тип 5
2025-08-04 20:22:46.313 11576-11576 StatisticsAdapter       com.example.myapplication            D  📊 getItemViewType() позиция 5 -> тип 5
2025-08-04 20:22:46.330 11576-11576 StatisticsAdapter       com.example.myapplication            D  📊 getItemViewType() позиция 5 -> тип 5
2025-08-04 20:22:46.347 11576-11576 StatisticsAdapter       com.example.myapplication            D  📊 getItemViewType() позиция 5 -> тип 5
2025-08-04 20:22:46.364 11576-11576 StatisticsAdapter       com.example.myapplication            D  📊 getItemViewType() позиция 5 -> тип 5
2025-08-04 20:22:46.380 11576-11576 StatisticsAdapter       com.example.myapplication            D  📊 getItemViewType() позиция 5 -> тип 5
2025-08-04 20:22:46.397 11576-11576 StatisticsAdapter       com.example.myapplication            D  📊 getItemViewType() позиция 5 -> тип 5
2025-08-04 20:22:46.413 11576-11576 StatisticsAdapter       com.example.myapplication            D  📊 getItemViewType() позиция 5 -> тип 5
2025-08-04 20:22:46.430 11576-11576 StatisticsAdapter       com.example.myapplication            D  📊 getItemViewType() позиция 5 -> тип 5
2025-08-04 20:22:46.447 11576-11576 StatisticsAdapter       com.example.myapplication            D  📊 getItemViewType() позиция 5 -> тип 5
2025-08-04 20:22:46.463 11576-11576 StatisticsAdapter       com.example.myapplication            D  📊 getItemViewType() позиция 5 -> тип 5
2025-08-04 20:22:46.480 11576-11576 StatisticsAdapter       com.example.myapplication            D  📊 getItemViewType() позиция 5 -> тип 5
2025-08-04 20:22:46.496 11576-11576 StatisticsAdapter       com.example.myapplication            D  📊 getItemViewType() позиция 5 -> тип 5
2025-08-04 20:22:46.513 11576-11576 StatisticsAdapter       com.example.myapplication            D  📊 getItemViewType() позиция 5 -> тип 5
2025-08-04 20:22:46.529 11576-11576 StatisticsAdapter       com.example.myapplication            D  📊 getItemViewType() позиция 5 -> тип 5
2025-08-04 20:22:46.546 11576-11576 StatisticsAdapter       com.example.myapplication            D  📊 getItemViewType() позиция 5 -> тип 5
2025-08-04 20:22:46.563 11576-11576 StatisticsAdapter       com.example.myapplication            D  📊 getItemViewType() позиция 5 -> тип 5
2025-08-04 20:22:46.579 11576-11576 StatisticsAdapter       com.example.myapplication            D  📊 getItemViewType() позиция 5 -> тип 5
2025-08-04 20:22:46.596 11576-11576 StatisticsAdapter       com.example.myapplication            D  📊 getItemViewType() позиция 5 -> тип 5
2025-08-04 20:22:46.613 11576-11576 StatisticsAdapter       com.example.myapplication            D  📊 getItemViewType() позиция 5 -> тип 5
2025-08-04 20:22:46.630 11576-11576 StatisticsAdapter       com.example.myapplication            D  📊 getItemViewType() позиция 5 -> тип 5
2025-08-04 20:22:46.647 11576-11576 StatisticsAdapter       com.example.myapplication            D  📊 getItemViewType() позиция 5 -> тип 5
2025-08-04 20:22:46.663 11576-11576 StatisticsAdapter       com.example.myapplication            D  📊 getItemViewType() позиция 5 -> тип 5
2025-08-04 20:22:46.680 11576-11576 StatisticsAdapter       com.example.myapplication            D  📊 getItemViewType() позиция 5 -> тип 5
2025-08-04 20:22:46.697 11576-11576 StatisticsAdapter       com.example.myapplication            D  📊 getItemViewType() позиция 5 -> тип 5
2025-08-04 20:22:46.734 11576-11576 AutofillManager         com.example.myapplication            V  requestHideFillUi(null): anchor = null
2025-08-04 20:22:46.868 11576-11576 ScrollIdentify          com.example.myapplication            I  on fling
2025-08-04 20:22:46.868 11576-11576 ViewRootImplExtImpl     com.example.myapplication            D  the up motion event handled by client, just return
2025-08-04 20:22:47.198 11576-11576 AutofillManager         com.example.myapplication            V  requestHideFillUi(null): anchor = null
2025-08-04 20:22:47.262 11576-11576 StatisticsAdapter       com.example.myapplication            D  📊 getItemViewType() позиция 5 -> тип 5
2025-08-04 20:22:47.280 11576-11576 StatisticsAdapter       com.example.myapplication            D  📊 getItemViewType() позиция 5 -> тип 5
2025-08-04 20:22:47.296 11576-11576 StatisticsAdapter       com.example.myapplication            D  📊 getItemViewType() позиция 5 -> тип 5
2025-08-04 20:22:47.311 11576-11576 ScrollIdentify          com.example.myapplication            I  on fling
2025-08-04 20:22:47.311 11576-11576 ViewRootImplExtImpl     com.example.myapplication            D  the up motion event handled by client, just return
2025-08-04 20:22:47.331 11576-11576 StatisticsAdapter       com.example.myapplication            D  📊 getItemViewType() позиция 5 -> тип 5
2025-08-04 20:22:47.341 11576-11576 StatisticsAdapter       com.example.myapplication            D  📊 getItemViewType() позиция 5 -> тип 5
2025-08-04 20:22:48.029 11576-11576 AutofillManager         com.example.myapplication            V  requestHideFillUi(null): anchor = null
2025-08-04 20:22:48.187 11576-11576 ScrollIdentify          com.example.myapplication            I  on fling
2025-08-04 20:22:48.187 11576-11576 ViewRootImplExtImpl     com.example.myapplication            D  the up motion event handled by client, just return
2025-08-04 20:22:48.715 11576-11576 AutofillManager         com.example.myapplication            V  requestHideFillUi(null): anchor = null
2025-08-04 20:22:48.873 11576-11576 ScrollIdentify          com.example.myapplication            I  on fling
2025-08-04 20:22:48.874 11576-11576 ViewRootImplExtImpl     com.example.myapplication            D  the up motion event handled by client, just return
2025-08-04 20:22:49.943 11576-11576 AutofillManager         com.example.myapplication            V  requestHideFillUi(null): anchor = null
2025-08-04 20:22:50.068 11576-11576 callGcSupression        com.example.myapplication            D  java.lang.NullPointerException: Attempt to invoke virtual method 'java.lang.Object java.lang.reflect.Method.invoke(java.lang.Object, java.lang.Object[])' on a null object reference
2025-08-04 20:22:50.068 11576-11576 VRI[ReportsActivity]    com.example.myapplication            W  handleResized abandoned!
2025-08-04 20:22:50.133 11576-11576 ScrollIdentify          com.example.myapplication            I  on fling
2025-08-04 20:22:50.133 11576-11576 ViewRootImplExtImpl     com.example.myapplication            D  the up motion event handled by client, just return
2025-08-04 20:22:50.706 11576-11576 Activity                com.example.myapplication            D  dispatchKeyEvent to com.example.myapplication.ReportsActivity@deb9536 will call onBackPressed
2025-08-04 20:22:50.706 11576-11576 Activity                com.example.myapplication            D  com.example.myapplication.ReportsActivity@deb9536onBackPressed!
2025-08-04 20:22:50.720 11576-11576 callGcSupression        com.example.myapplication            D  java.lang.NullPointerException: Attempt to invoke virtual method 'java.lang.Object java.lang.reflect.Method.invoke(java.lang.Object, java.lang.Object[])' on a null object reference
2025-08-04 20:22:50.720 11576-11576 ScrollOpti...neManager] com.example.myapplication            D  updateCurrentActivity: mCurrentActivityName=null, isOptEnable=true, isAnimAheadEnable=true, isFrameInsertEnable=true, InsertNum=1, isEnabledForScrollChanged=false
2025-08-04 20:22:50.723 11576-11971 VRI[MainActivity]       com.example.myapplication            D  dispatchAppVisibility visible:true
2025-08-04 20:22:50.731 11576-11576 callGcSupression        com.example.myapplication            D  java.lang.NullPointerException: Attempt to invoke virtual method 'java.lang.Object java.lang.reflect.Method.invoke(java.lang.Object, java.lang.Object[])' on a null object reference
2025-08-04 20:22:50.731 11576-11576 VRI[MainActivity]       com.example.myapplication            D  setWindowStopped stopped:false
2025-08-04 20:22:50.733 11576-11576 ScrollOpti...neManager] com.example.myapplication            D  updateCurrentActivity: mCurrentActivityName=com.example.myapplication.MainActivity, isOptEnable=true, isAnimAheadEnable=true, isFrameInsertEnable=true, InsertNum=1, isEnabledForScrollChanged=false
2025-08-04 20:22:50.733 11576-11576 ActivityThread          com.example.myapplication            D  ComponentInfo{com.example.myapplication/com.example.myapplication.MainActivity} checkFinished=false 2
2025-08-04 20:22:50.733 11576-11576 ResourcesManagerExtImpl com.example.myapplication            D  applyConfigurationToAppResourcesLocked app.getDisplayId() return callback.displayId:0
2025-08-04 20:22:50.746 11576-11576 ViewRootImplExtImpl     com.example.myapplication            D  wrapConfigInfoIntoFlags rotation=0, smallestScreenWidthDp=360, relayoutAsync=false, flags=0, newFlags=23592960, residentWS=false, title=com.example.myapplication/com.example.myapplication.MainActivity
2025-08-04 20:22:50.755 11576-11576 VRI[MainActivity]       com.example.myapplication            D  relayoutWindow result, sizeChanged:false, surfaceControlChanged:true, transformHintChanged:false, mSurfaceSize:Point(1080, 2400), mLastSurfaceSize:Point(1080, 2400), mWidth:1080, mHeight:2400, requestedWidth:1080, requestedHeight:2400, transformHint:0, installOrientation:0, displayRotation:0, isSurfaceValid:true, attr.flag:-2122252032, tmpFrames:ClientWindowFrames{frame=[0,0][1080,2400] display=[0,0][1080,2400] parentFrame=[0,0][0,0]}, relayoutAsync:false, mSyncSeqId:0
2025-08-04 20:22:50.756 11576-11576 VRI[MainActivity]       com.example.myapplication            W  updateBlastSurfaceIfNeeded, surfaceSize:Point(1080, 2400), lastSurfaceSize:Point(1080, 2400), format:-1, blastBufferQueue:null
2025-08-04 20:22:50.756 11576-11576 BufferQueueConsumer     com.example.myapplication            D  [](id:2d3800000007,api:0,p:-1,c:11576) connect: controlledByApp=false
2025-08-04 20:22:50.758 11576-11576 SurfaceControl          com.example.myapplication            I   setExtendedRangeBrightness sc=Surface(name=com.example.myapplication/com.example.myapplication.MainActivity)/@0xe766b0a,currentBufferRatio=1.0,desiredRatio=1.0
2025-08-04 20:22:50.766 11576-11646 BLASTBufferQueue        com.example.myapplication            D  [VRI[MainActivity]#7](f:0,a:1) acquireNextBufferLocked size=1080x2400 mFrameNumber=1 applyTransaction=true mTimestamp=1428885384706629(auto) mPendingTransactions.size=0 graphicBufferId=49718541418524 transform=0
2025-08-04 20:22:50.766 11576-11646 VRI[MainActivity]       com.example.myapplication            D  Received frameCommittedCallback lastAttemptedDrawFrameNum=1 didProduceBuffer=true syncBuffer=false
2025-08-04 20:22:50.766 11576-11576 VRI[MainActivity]       com.example.myapplication            D  draw finished. seqId=0
2025-08-04 20:22:50.767 11576-11576 ViewRootImplExtImpl     com.example.myapplication            D  setMaxDequeuedBufferCount: 2
2025-08-04 20:22:50.767 11576-11576 VRI[ReportsActivity]    com.example.myapplication            D  onFocusEvent false
2025-08-04 20:22:50.770 11576-11576 callGcSupression        com.example.myapplication            D  java.lang.NullPointerException: Attempt to invoke virtual method 'java.lang.Object java.lang.reflect.Method.invoke(java.lang.Object, java.lang.Object[])' on a null object reference
2025-08-04 20:22:50.770 11576-11576 VRI[MainActivity]       com.example.myapplication            W  handleResized, msg:, frameChanged:false, configChanged:false, displayChanged:false, attachedFrameChanged:false, compatScaleChanged:false, pendingDragResizing=false
2025-08-04 20:22:50.786 11576-11646 VRI[MainActivity]       com.example.myapplication            D  Received frameCommittedCallback lastAttemptedDrawFrameNum=3 didProduceBuffer=true syncBuffer=false
2025-08-04 20:22:50.787 11576-11576 VRI[MainActivity]       com.example.myapplication            D  draw finished. seqId=0
2025-08-04 20:22:50.808 11576-11576 VRI[MainActivity]       com.example.myapplication            D  onFocusEvent true
2025-08-04 20:22:50.871 11576-11576 callGcSupression        com.example.myapplication            D  java.lang.NullPointerException: Attempt to invoke virtual method 'java.lang.Object java.lang.reflect.Method.invoke(java.lang.Object, java.lang.Object[])' on a null object reference
2025-08-04 20:22:50.873 11576-11576 VRI[MainActivity]       com.example.myapplication            W  handleResized abandoned!
2025-08-04 20:22:50.990 11576-11971 VRI[ReportsActivity]    com.example.myapplication            D  dispatchAppVisibility visible:false
2025-08-04 20:22:50.997 11576-11576 VRI[ReportsActivity]    com.example.myapplication            D  visibilityChanged oldVisibility=true newVisibility=false
2025-08-04 20:22:51.013 11576-11576 HWUI                    com.example.myapplication            D  RenderProxy::destroy: this=0xb400006e88549300, mContext=0xb400006de30d8380
2025-08-04 20:22:51.014 11576-11646 HWUI                    com.example.myapplication            D  SkiaOpenGLPipeline::setSurface: this=0xb400006e9ca1b540, surface=NULL
2025-08-04 20:22:51.016 11576-11576 ViewRootImplExtImpl     com.example.myapplication            D  wrapConfigInfoIntoFlags rotation=0, smallestScreenWidthDp=360, relayoutAsync=false, flags=0, newFlags=23592960, residentWS=false, title=com.example.myapplication/com.example.myapplication.ReportsActivity
2025-08-04 20:22:51.022 11576-11576 VRI[ReportsActivity]    com.example.myapplication            D  relayoutWindow result, sizeChanged:false, surfaceControlChanged:true, transformHintChanged:false, mSurfaceSize:Point(1080, 2400), mLastSurfaceSize:Point(1080, 2400), mWidth:1080, mHeight:2400, requestedWidth:1080, requestedHeight:2400, transformHint:0, installOrientation:0, displayRotation:0, isSurfaceValid:false, attr.flag:-2122252032, tmpFrames:ClientWindowFrames{frame=[0,0][1080,2400] display=[0,0][1080,2400] parentFrame=[0,0][0,0]}, relayoutAsync:false, mSyncSeqId:0
2025-08-04 20:22:51.022 11576-11576 BLASTBufferQueue        com.example.myapplication            D  [VRI[ReportsActivity]#4](f:0,a:2) destructor()
2025-08-04 20:22:51.023 11576-11576 BufferQueueConsumer     com.example.myapplication            D  [VRI[ReportsActivity]#4(BLAST Consumer)4](id:2d3800000004,api:0,p:-1,c:11576) disconnect
2025-08-04 20:22:51.025 11576-11576 callGcSupression        com.example.myapplication            D  java.lang.NullPointerException: Attempt to invoke virtual method 'java.lang.Object java.lang.reflect.Method.invoke(java.lang.Object, java.lang.Object[])' on a null object reference
2025-08-04 20:22:51.025 11576-11576 VRI[ReportsActivity]    com.example.myapplication            D  setWindowStopped stopped:true
2025-08-04 20:22:51.030 11576-11576 OplusScrollToTopManager com.example.myapplication            D  com.example.myapplication/com.example.myapplication.ReportsActivity,window dying
2025-08-04 20:22:51.030 11576-11576 OplusScrollToTopManager com.example.myapplication            D  com.example.myapplication/com.example.myapplication.ReportsActivity,unregisterSystemUIBroadcastReceiver 
2025-08-04 20:22:51.030 11576-11576 OplusScrollToTopManager com.example.myapplication            D  com.example.myapplication/com.example.myapplication.ReportsActivity, unregisterSystemUIBroadcastReceiver failed java.lang.IllegalArgumentException: Receiver not registered: android.view.OplusScrollToTopManager$2@1548543
2025-08-04 20:22:51.030 11576-11576 WindowOnBackDispatcher  com.example.myapplication            W  sendCancelIfRunning: isInProgress=false callback=android.view.ViewRootImpl$$ExternalSyntheticLambda11@5af8986
2025-08-04 20:22:51.032 11576-11576 OplusCursorFeedback     com.example.myapplication            D  editorDetachFromWindow android.widget.Editor@66957c0
2025-08-04 20:22:51.032 11576-11576 OplusCursorFeedback     com.example.myapplication            D  editorDetachFromWindow android.widget.Editor@2170cf9
2025-08-04 20:22:51.032 11576-11576 OplusCursorFeedback     com.example.myapplication            D  editorDetachFromWindow android.widget.Editor@b5a943e
2025-08-04 20:22:51.032 11576-11576 OplusCursorFeedback     com.example.myapplication            D  editorDetachFromWindow android.widget.Editor@4b0329f
2025-08-04 20:22:51.033 11576-11576 HWUI                    com.example.myapplication            D  RenderProxy::destroy: this=0xb400006e88549300, mContext=0xb400006de30d8380
2025-08-04 20:22:51.033 11576-11646 HWUI                    com.example.myapplication            D  SkiaOpenGLPipeline::setSurface: this=0xb400006e9ca1b540, surface=NULL
2025-08-04 20:22:51.822 11576-11656 OplusScrollToTopManager com.example.myapplication            D  com.example.myapplication/com.example.myapplication.MainActivity,This com.android.internal.policy.DecorView{64732a2 V.E...... R......D 0,0-1080,2400 aid=0 alpha=1.0 viewInfo = }[MainActivity] change focus to true
2025-08-04 20:22:51.989 11576-11576 AutofillManager         com.example.myapplication            V  requestHideFillUi(null): anchor = null
2025-08-04 20:22:52.088 11576-11576 callGcSupression        com.example.myapplication            D  java.lang.NullPointerException: Attempt to invoke virtual method 'java.lang.Object java.lang.reflect.Method.invoke(java.lang.Object, java.lang.Object[])' on a null object reference
2025-08-04 20:22:52.088 11576-11576 VRI[MainActivity]       com.example.myapplication            W  handleResized abandoned!
2025-08-04 20:22:52.093 11576-11576 OplusViewDebugManager   com.example.myapplication            D  OplusViewDebugManager Constructor android.view.debug.OplusViewDebugManager@5327fb5 [mHasViewDebugProperty true] [mHasMsgDebugProperty false] [DEBUG false] [EXTRAINFOENABLE false] [LIGHT_OS true]
2025-08-04 20:22:52.094 11576-11576 OplusViewDebugManager   com.example.myapplication            D  OplusViewDebugManager Constructor android.view.debug.OplusViewDebugManager@467b64a [mHasViewDebugProperty true] [mHasMsgDebugProperty false] [DEBUG false] [EXTRAINFOENABLE false] [LIGHT_OS true]
2025-08-04 20:22:52.094 11576-11576 ScrollIdentify          com.example.myapplication            I  on fling
2025-08-04 20:22:52.095 11576-11576 ViewRootImplExtImpl     com.example.myapplication            D  the up motion event handled by client, just return
2025-08-04 20:22:52.944 11576-11576 VRI[MainActivity]       com.example.myapplication            D  onFocusEvent false
2025-08-04 20:22:53.071 11576-11592 OplusGraphicsEvent      com.example.myapplication            D  FRTC rate change to 30, type: 1, duration: 0, propagation: 0
2025-08-04 20:22:53.071 11576-11592 GuiUtils                com.example.myapplication            I  VRR [FRTC] s client update frtcRate from 0 to 30
2025-08-04 20:22:53.071 11576-11592 GuiUtils                com.example.myapplication            I  VRR [FRTC] s client update frtcType from 0 to 1
2025-08-04 20:22:53.961 11576-11656 OplusScrollToTopManager com.example.myapplication            D  com.example.myapplication/com.example.myapplication.MainActivity,This com.android.internal.policy.DecorView{64732a2 V.E...... R....... 0,0-1080,2400 aid=0 alpha=1.0 viewInfo = }[MainActivity] change focus to false
2025-08-04 20:23:01.775 11576-11592 OplusGraphicsEvent      com.example.myapplication            D  FRTC rate change to 30, type: 1, duration: 0, propagation: 0
2025-08-04 20:23:03.228 11576-11592 OplusGraphicsEvent      com.example.myapplication            D  FRTC rate change to 30, type: 1, duration: 0, propagation: 0
2025-08-04 20:23:04.105 11576-11592 OplusGraphicsEvent      com.example.myapplication            D  FRTC rate change to 0, type: 1, duration: 0, propagation: 0
2025-08-04 20:23:04.105 11576-11592 GuiUtils                com.example.myapplication            I  VRR [FRTC] s client update frtcRate from 30 to 0
2025-08-04 20:23:04.566 11576-11576 callGcSupression        com.example.myapplication            D  java.lang.NullPointerException: Attempt to invoke virtual method 'java.lang.Object java.lang.reflect.Method.invoke(java.lang.Object, java.lang.Object[])' on a null object reference
2025-08-04 20:23:04.567 11576-11576 VRI[MainActivity]       com.example.myapplication            W  handleResized abandoned!
2025-08-04 20:23:04.573 11576-11576 VRI[MainActivity]       com.example.myapplication            D  onFocusEvent true
2025-08-04 20:23:05.578 11576-11656 OplusScrollToTopManager com.example.myapplication            D  com.example.myapplication/com.example.myapplication.MainActivity,This com.android.internal.policy.DecorView{64732a2 V.E...... R......D 0,0-1080,2400 aid=0 alpha=1.0 viewInfo = }[MainActivity] change focus to true
2025-08-04 20:23:06.500 11576-11576 AutofillManager         com.example.myapplication            V  requestHideFillUi(null): anchor = null
2025-08-04 20:23:06.580 11576-11576 ViewRootImplExtImpl     com.example.myapplication            D  the up motion event handled by client, just return
2025-08-04 20:23:06.599 11576-11576 callGcSupression        com.example.myapplication            D  java.lang.NullPointerException: Attempt to invoke virtual method 'java.lang.Object java.lang.reflect.Method.invoke(java.lang.Object, java.lang.Object[])' on a null object reference
2025-08-04 20:23:06.600 11576-11576 ScrollOpti...neManager] com.example.myapplication            D  updateCurrentActivity: mCurrentActivityName=null, isOptEnable=true, isAnimAheadEnable=true, isFrameInsertEnable=true, InsertNum=1, isEnabledForScrollChanged=false
2025-08-04 20:23:06.608 11576-11576 callGcSupression        com.example.myapplication            D  java.lang.NullPointerException: Attempt to invoke virtual method 'java.lang.Object java.lang.reflect.Method.invoke(java.lang.Object, java.lang.Object[])' on a null object reference
2025-08-04 20:23:06.611 11576-11576 ResourcesManagerExtImpl com.example.myapplication            D  applyConfigurationToAppResourcesLocked app.getDisplayId() return callback.displayId:0
2025-08-04 20:23:06.612 11576-13042 libMEOW                 com.example.myapplication            D  meow new tls: 0xb400006de3539a40
2025-08-04 20:23:06.612 11576-13042 libMEOW                 com.example.myapplication            D  applied 1 plugins for [com.example.myapplication]:
2025-08-04 20:23:06.612 11576-13042 libMEOW                 com.example.myapplication            D    plugin 1: [libMEOW_gift.so]: 0xb400006ef062d480
2025-08-04 20:23:06.612 11576-13042 libMEOW                 com.example.myapplication            D  rebuild call chain: 0xb400006de3548e80
2025-08-04 20:23:06.612 11576-13042 libMEOW                 com.example.myapplication            D  meow delete tls: 0xb400006de3539a40
2025-08-04 20:23:06.624 11576-11576 oplus.andr...actoryImpl com.example.myapplication            I  get feature:IOplusDynamicVsyncFeature
2025-08-04 20:23:06.624 11576-11576 oplus.andr...actoryImpl com.example.myapplication            I  get feature:IOplusDynamicVsyncFeature
2025-08-04 20:23:06.624 11576-11576 oplus.andr...actoryImpl com.example.myapplication            I  get feature:IOplusDynamicVsyncFeature
2025-08-04 20:23:06.624 11576-11576 oplus.andr...actoryImpl com.example.myapplication            I  get feature:IOplusDynamicVsyncFeature
2025-08-04 20:23:06.624 11576-11576 oplus.andr...actoryImpl com.example.myapplication            I  get feature:IOplusDynamicVsyncFeature
2025-08-04 20:23:06.624 11576-11576 oplus.andr...actoryImpl com.example.myapplication            I  get feature:IOplusDynamicVsyncFeature
2025-08-04 20:23:06.625 11576-11576 oplus.andr...actoryImpl com.example.myapplication            I  get feature:IOplusDynamicVsyncFeature
2025-08-04 20:23:06.625 11576-11576 oplus.andr...actoryImpl com.example.myapplication            I  get feature:IOplusDynamicVsyncFeature
2025-08-04 20:23:06.625 11576-11576 oplus.andr...actoryImpl com.example.myapplication            I  get feature:IOplusDynamicVsyncFeature
2025-08-04 20:23:06.629 11576-11576 oplus.andr...actoryImpl com.example.myapplication            I  get feature:IOplusDynamicVsyncFeature
2025-08-04 20:23:06.629 11576-11576 oplus.andr...actoryImpl com.example.myapplication            I  get feature:IOplusDynamicVsyncFeature
2025-08-04 20:23:06.629 11576-11576 oplus.andr...actoryImpl com.example.myapplication            I  get feature:IOplusDynamicVsyncFeature
2025-08-04 20:23:06.635 11576-11576 AutofillManager         com.example.myapplication            D  Fill dialog is enabled:false, hints=[password, passwordAuto, creditCardNumber, creditCardSecurityCode, creditCardExpirationDate]
2025-08-04 20:23:06.636 11576-11576 TextView                com.example.myapplication            V  notifyAutoFillManagerAfterTextChanged
2025-08-04 20:23:06.636 11576-11576 AutofillManager         com.example.myapplication            V  notifyValueChanged(1073741824): ignoring on state UNKNOWN
2025-08-04 20:23:06.640 11576-11576 AutofillManager         com.example.myapplication            V  notifyValueChanged(1073741824): ignoring on state UNKNOWN
2025-08-04 20:23:06.642 11576-11576 TextView                com.example.myapplication            V  notifyAutoFillManagerAfterTextChanged
2025-08-04 20:23:06.642 11576-11576 AutofillManager         com.example.myapplication            V  notifyValueChanged(1073741824): ignoring on state UNKNOWN
2025-08-04 20:23:06.643 11576-11576 AutofillManager         com.example.myapplication            V  notifyValueChanged(1073741825): ignoring on state UNKNOWN
2025-08-04 20:23:06.644 11576-11576 TextView                com.example.myapplication            V  notifyAutoFillManagerAfterTextChanged
2025-08-04 20:23:06.644 11576-11576 AutofillManager         com.example.myapplication            V  notifyValueChanged(1073741826): ignoring on state UNKNOWN
2025-08-04 20:23:06.645 11576-11576 TextView                com.example.myapplication            V  notifyAutoFillManagerAfterTextChanged
2025-08-04 20:23:06.645 11576-11576 AutofillManager         com.example.myapplication            V  notifyValueChanged(1073741826): ignoring on state UNKNOWN
2025-08-04 20:23:06.650 11576-11576 TextView                com.example.myapplication            V  notifyAutoFillManagerAfterTextChanged
2025-08-04 20:23:06.650 11576-11576 AutofillManager         com.example.myapplication            V  notifyValueChanged(1073741827): ignoring on state UNKNOWN
2025-08-04 20:23:06.650 11576-11576 TextView                com.example.myapplication            V  notifyAutoFillManagerAfterTextChanged
2025-08-04 20:23:06.650 11576-11576 AutofillManager         com.example.myapplication            V  notifyValueChanged(1073741827): ignoring on state UNKNOWN
2025-08-04 20:23:06.651 11576-11576 TextView                com.example.myapplication            V  notifyAutoFillManagerAfterTextChanged
2025-08-04 20:23:06.651 11576-11576 AutofillManager         com.example.myapplication            V  notifyValueChanged(1073741827): ignoring on state UNKNOWN
2025-08-04 20:23:06.655 11576-11576 TextView                com.example.myapplication            V  notifyAutoFillManagerAfterTextChanged
2025-08-04 20:23:06.655 11576-11576 AutofillManager         com.example.myapplication            V  notifyValueChanged(1073741828): ignoring on state UNKNOWN
2025-08-04 20:23:06.656 11576-11576 TextView                com.example.myapplication            V  notifyAutoFillManagerAfterTextChanged
2025-08-04 20:23:06.656 11576-11576 AutofillManager         com.example.myapplication            V  notifyValueChanged(1073741828): ignoring on state UNKNOWN
2025-08-04 20:23:06.657 11576-11576 TextView                com.example.myapplication            V  notifyAutoFillManagerAfterTextChanged
2025-08-04 20:23:06.657 11576-11576 AutofillManager         com.example.myapplication            V  notifyValueChanged(1073741828): ignoring on state UNKNOWN
2025-08-04 20:23:06.661 11576-11576 TextView                com.example.myapplication            V  notifyAutoFillManagerAfterTextChanged
2025-08-04 20:23:06.661 11576-11576 AutofillManager         com.example.myapplication            V  notifyValueChanged(1073741829): ignoring on state UNKNOWN
2025-08-04 20:23:06.662 11576-11576 TextView                com.example.myapplication            V  notifyAutoFillManagerAfterTextChanged
2025-08-04 20:23:06.662 11576-11576 AutofillManager         com.example.myapplication            V  notifyValueChanged(1073741829): ignoring on state UNKNOWN
2025-08-04 20:23:06.663 11576-11576 TextView                com.example.myapplication            V  notifyAutoFillManagerAfterTextChanged
2025-08-04 20:23:06.663 11576-11576 AutofillManager         com.example.myapplication            V  notifyValueChanged(1073741829): ignoring on state UNKNOWN
2025-08-04 20:23:06.667 11576-11576 TextView                com.example.myapplication            V  notifyAutoFillManagerAfterTextChanged
2025-08-04 20:23:06.667 11576-11576 AutofillManager         com.example.myapplication            V  notifyValueChanged(1073741830): ignoring on state UNKNOWN
2025-08-04 20:23:06.667 11576-11576 TextView                com.example.myapplication            V  notifyAutoFillManagerAfterTextChanged
2025-08-04 20:23:06.667 11576-11576 AutofillManager         com.example.myapplication            V  notifyValueChanged(1073741830): ignoring on state UNKNOWN
2025-08-04 20:23:06.668 11576-11576 TextView                com.example.myapplication            V  notifyAutoFillManagerAfterTextChanged
2025-08-04 20:23:06.668 11576-11576 AutofillManager         com.example.myapplication            V  notifyValueChanged(1073741830): ignoring on state UNKNOWN
2025-08-04 20:23:06.685 11576-11576 ReportsManager          com.example.myapplication            D  📂 Данные загружены: 17 отчетов, 2 критериев
2025-08-04 20:23:06.686 11576-11576 TextView                com.example.myapplication            V  notifyAutoFillManagerAfterTextChanged
2025-08-04 20:23:06.686 11576-11576 AutofillManager         com.example.myapplication            V  notifyValueChanged(1073741827): ignoring on state UNKNOWN
2025-08-04 20:23:06.686 11576-11576 TextView                com.example.myapplication            V  notifyAutoFillManagerAfterTextChanged
2025-08-04 20:23:06.686 11576-11576 AutofillManager         com.example.myapplication            V  notifyValueChanged(1073741828): ignoring on state UNKNOWN
2025-08-04 20:23:06.686 11576-11576 TextView                com.example.myapplication            V  notifyAutoFillManagerAfterTextChanged
2025-08-04 20:23:06.686 11576-11576 AutofillManager         com.example.myapplication            V  notifyValueChanged(1073741829): ignoring on state UNKNOWN
2025-08-04 20:23:06.687 11576-11576 TextView                com.example.myapplication            V  notifyAutoFillManagerAfterTextChanged
2025-08-04 20:23:06.687 11576-11576 AutofillManager         com.example.myapplication            V  notifyValueChanged(1073741830): ignoring on state UNKNOWN
2025-08-04 20:23:06.687 11576-11576 ReportsManager          com.example.myapplication            W  ❌ Нельзя удалить текущие критерии
2025-08-04 20:23:06.687 11576-11576 ReportsManager          com.example.myapplication            D  📊 Добавляем критерии: Пользовательские (проценты), тип: PERCENTAGE, критерии: {5=90.0..100.0, 4=75.0..89.99, 3=50.0..74.99, 2=0.0..49.99}
2025-08-04 20:23:06.688 11576-11576 ReportsManager          com.example.myapplication            D  💾 Сохраняем критерии: По процентам (по умолчанию) -> {"id":"default","name":"По процентам (по умолчанию)","type":"PERCENTAGE","maxPoints":0,"criteria":{"5":"90.0..100.0","4":"75.0..89.99","3":"51.0..74.99","2":"0.0..50.99"}}
2025-08-04 20:23:06.688 11576-11576 ReportsManager          com.example.myapplication            D  💾 Сохраняем критерии: Пользовательские (проценты) -> {"id":"custom","name":"Пользовательские (проценты)","type":"PERCENTAGE","maxPoints":0,"criteria":{"5":"90.0..100.0","4":"75.0..89.99","3":"50.0..74.99","2":"0.0..49.99"}}
2025-08-04 20:23:06.688 11576-11576 ReportsManager          com.example.myapplication            D  💾 Сохраняем критерии: Пользовательские (проценты) -> {"id":"custom","name":"Пользовательские (проценты)","type":"PERCENTAGE","maxPoints":0,"criteria":{"5":"90.0..100.0","4":"75.0..89.99","3":"50.0..74.99","2":"0.0..49.99"}}
2025-08-04 20:23:06.693 11576-11576 ReportsManager          com.example.myapplication            D  💾 Данные сохранены: 17 отчетов, 3 критериев
2025-08-04 20:23:06.693 11576-11576 ReportsManager          com.example.myapplication            D  📊 Критерии добавлены: Пользовательские (проценты), всего критериев: 3
2025-08-04 20:23:06.694 11576-11576 ReportsManager          com.example.myapplication            D  🔍 Расчет оценки: критерии=Пользовательские (проценты), тип=PERCENTAGE
2025-08-04 20:23:06.694 11576-11576 ReportsManager          com.example.myapplication            D  📊 Процентная оценка: 4/10 = 40,0%
2025-08-04 20:23:06.694 11576-11576 ReportsManager          com.example.myapplication            D  📊 Критерии: {5=90.0..100.0, 4=75.0..89.99, 3=50.0..74.99, 2=0.0..49.99}
2025-08-04 20:23:06.694 11576-11576 ReportsManager          com.example.myapplication            D  📊 Результат оценки: 2
2025-08-04 20:23:06.694 11576-11576 ReportsManager          com.example.myapplication            D  🔍 Расчет оценки: критерии=Пользовательские (проценты), тип=PERCENTAGE
2025-08-04 20:23:06.694 11576-11576 ReportsManager          com.example.myapplication            D  📊 Процентная оценка: 3/10 = 30,0%
2025-08-04 20:23:06.694 11576-11576 ReportsManager          com.example.myapplication            D  📊 Критерии: {5=90.0..100.0, 4=75.0..89.99, 3=50.0..74.99, 2=0.0..49.99}
2025-08-04 20:23:06.694 11576-11576 ReportsManager          com.example.myapplication            D  📊 Результат оценки: 2
2025-08-04 20:23:06.694 11576-11576 ReportsManager          com.example.myapplication            D  🔍 Расчет оценки: критерии=Пользовательские (проценты), тип=PERCENTAGE
2025-08-04 20:23:06.694 11576-11576 ReportsManager          com.example.myapplication            D  📊 Процентная оценка: 9/10 = 90,0%
2025-08-04 20:23:06.694 11576-11576 ReportsManager          com.example.myapplication            D  📊 Критерии: {5=90.0..100.0, 4=75.0..89.99, 3=50.0..74.99, 2=0.0..49.99}
2025-08-04 20:23:06.694 11576-11576 ReportsManager          com.example.myapplication            D  📊 Результат оценки: 5
2025-08-04 20:23:06.694 11576-11576 ReportsManager          com.example.myapplication            D  🔍 Расчет оценки: критерии=Пользовательские (проценты), тип=PERCENTAGE
2025-08-04 20:23:06.694 11576-11576 ReportsManager          com.example.myapplication            D  📊 Процентная оценка: 2/10 = 20,0%
2025-08-04 20:23:06.694 11576-11576 ReportsManager          com.example.myapplication            D  📊 Критерии: {5=90.0..100.0, 4=75.0..89.99, 3=50.0..74.99, 2=0.0..49.99}
2025-08-04 20:23:06.695 11576-11576 ReportsManager          com.example.myapplication            D  📊 Результат оценки: 2
2025-08-04 20:23:06.695 11576-11576 ReportsManager          com.example.myapplication            D  🔍 Расчет оценки: критерии=Пользовательские (проценты), тип=PERCENTAGE
2025-08-04 20:23:06.695 11576-11576 ReportsManager          com.example.myapplication            D  📊 Процентная оценка: 10/10 = 100,0%
2025-08-04 20:23:06.695 11576-11576 ReportsManager          com.example.myapplication            D  📊 Критерии: {5=90.0..100.0, 4=75.0..89.99, 3=50.0..74.99, 2=0.0..49.99}
2025-08-04 20:23:06.695 11576-11576 ReportsManager          com.example.myapplication            D  📊 Результат оценки: 5
2025-08-04 20:23:06.695 11576-11576 ReportsManager          com.example.myapplication            D  🔍 Расчет оценки: критерии=Пользовательские (проценты), тип=PERCENTAGE
2025-08-04 20:23:06.695 11576-11576 ReportsManager          com.example.myapplication            D  📊 Процентная оценка: 4/10 = 40,0%
2025-08-04 20:23:06.695 11576-11576 ReportsManager          com.example.myapplication            D  📊 Критерии: {5=90.0..100.0, 4=75.0..89.99, 3=50.0..74.99, 2=0.0..49.99}
2025-08-04 20:23:06.695 11576-11576 ReportsManager          com.example.myapplication            D  📊 Результат оценки: 2
2025-08-04 20:23:06.695 11576-11576 ReportsManager          com.example.myapplication            D  🔍 Расчет оценки: критерии=Пользовательские (проценты), тип=PERCENTAGE
2025-08-04 20:23:06.695 11576-11576 ReportsManager          com.example.myapplication            D  📊 Процентная оценка: 4/10 = 40,0%
2025-08-04 20:23:06.695 11576-11576 ReportsManager          com.example.myapplication            D  📊 Критерии: {5=90.0..100.0, 4=75.0..89.99, 3=50.0..74.99, 2=0.0..49.99}
2025-08-04 20:23:06.695 11576-11576 ReportsManager          com.example.myapplication            D  📊 Результат оценки: 2
2025-08-04 20:23:06.695 11576-11576 ReportsManager          com.example.myapplication            D  🔍 Расчет оценки: критерии=Пользовательские (проценты), тип=PERCENTAGE
2025-08-04 20:23:06.695 11576-11576 ReportsManager          com.example.myapplication            D  📊 Процентная оценка: 3/10 = 30,0%
2025-08-04 20:23:06.695 11576-11576 ReportsManager          com.example.myapplication            D  📊 Критерии: {5=90.0..100.0, 4=75.0..89.99, 3=50.0..74.99, 2=0.0..49.99}
2025-08-04 20:23:06.695 11576-11576 ReportsManager          com.example.myapplication            D  📊 Результат оценки: 2
2025-08-04 20:23:06.695 11576-11576 ReportsManager          com.example.myapplication            D  🔍 Расчет оценки: критерии=Пользовательские (проценты), тип=PERCENTAGE
2025-08-04 20:23:06.695 11576-11576 ReportsManager          com.example.myapplication            D  📊 Процентная оценка: 2/10 = 20,0%
2025-08-04 20:23:06.696 11576-11576 ReportsManager          com.example.myapplication            D  📊 Критерии: {5=90.0..100.0, 4=75.0..89.99, 3=50.0..74.99, 2=0.0..49.99}
2025-08-04 20:23:06.696 11576-11576 ReportsManager          com.example.myapplication            D  📊 Результат оценки: 2
2025-08-04 20:23:06.696 11576-11576 ReportsManager          com.example.myapplication            D  🔍 Расчет оценки: критерии=Пользовательские (проценты), тип=PERCENTAGE
2025-08-04 20:23:06.696 11576-11576 ReportsManager          com.example.myapplication            D  📊 Процентная оценка: 3/10 = 30,0%
2025-08-04 20:23:06.696 11576-11576 ReportsManager          com.example.myapplication            D  📊 Критерии: {5=90.0..100.0, 4=75.0..89.99, 3=50.0..74.99, 2=0.0..49.99}
2025-08-04 20:23:06.696 11576-11576 ReportsManager          com.example.myapplication            D  📊 Результат оценки: 2
2025-08-04 20:23:06.696 11576-11576 ReportsManager          com.example.myapplication            D  🔍 Расчет оценки: критерии=Пользовательские (проценты), тип=PERCENTAGE
2025-08-04 20:23:06.696 11576-11576 ReportsManager          com.example.myapplication            D  📊 Процентная оценка: 3/10 = 30,0%
2025-08-04 20:23:06.696 11576-11576 ReportsManager          com.example.myapplication            D  📊 Критерии: {5=90.0..100.0, 4=75.0..89.99, 3=50.0..74.99, 2=0.0..49.99}
2025-08-04 20:23:06.696 11576-11576 ReportsManager          com.example.myapplication            D  📊 Результат оценки: 2
2025-08-04 20:23:06.696 11576-11576 ReportsManager          com.example.myapplication            D  🔍 Расчет оценки: критерии=Пользовательские (проценты), тип=PERCENTAGE
2025-08-04 20:23:06.696 11576-11576 ReportsManager          com.example.myapplication            D  📊 Процентная оценка: 3/10 = 30,0%
2025-08-04 20:23:06.696 11576-11576 ReportsManager          com.example.myapplication            D  📊 Критерии: {5=90.0..100.0, 4=75.0..89.99, 3=50.0..74.99, 2=0.0..49.99}
2025-08-04 20:23:06.696 11576-11576 ReportsManager          com.example.myapplication            D  📊 Результат оценки: 2
2025-08-04 20:23:06.696 11576-11576 ReportsManager          com.example.myapplication            D  🔍 Расчет оценки: критерии=Пользовательские (проценты), тип=PERCENTAGE
2025-08-04 20:23:06.696 11576-11576 ReportsManager          com.example.myapplication            D  📊 Процентная оценка: 4/10 = 40,0%
2025-08-04 20:23:06.696 11576-11576 ReportsManager          com.example.myapplication            D  📊 Критерии: {5=90.0..100.0, 4=75.0..89.99, 3=50.0..74.99, 2=0.0..49.99}
2025-08-04 20:23:06.696 11576-11576 ReportsManager          com.example.myapplication            D  📊 Результат оценки: 2
2025-08-04 20:23:06.697 11576-11576 ReportsManager          com.example.myapplication            D  🔍 Расчет оценки: критерии=Пользовательские (проценты), тип=PERCENTAGE
2025-08-04 20:23:06.697 11576-11576 ReportsManager          com.example.myapplication            D  📊 Процентная оценка: 4/10 = 40,0%
2025-08-04 20:23:06.697 11576-11576 ReportsManager          com.example.myapplication            D  📊 Критерии: {5=90.0..100.0, 4=75.0..89.99, 3=50.0..74.99, 2=0.0..49.99}
2025-08-04 20:23:06.697 11576-11576 ReportsManager          com.example.myapplication            D  📊 Результат оценки: 2
2025-08-04 20:23:06.697 11576-11576 ReportsManager          com.example.myapplication            D  🔍 Расчет оценки: критерии=Пользовательские (проценты), тип=PERCENTAGE
2025-08-04 20:23:06.697 11576-11576 ReportsManager          com.example.myapplication            D  📊 Процентная оценка: 4/10 = 40,0%
2025-08-04 20:23:06.697 11576-11576 ReportsManager          com.example.myapplication            D  📊 Критерии: {5=90.0..100.0, 4=75.0..89.99, 3=50.0..74.99, 2=0.0..49.99}
2025-08-04 20:23:06.697 11576-11576 ReportsManager          com.example.myapplication            D  📊 Результат оценки: 2
2025-08-04 20:23:06.697 11576-11576 ReportsManager          com.example.myapplication            D  🔍 Расчет оценки: критерии=Пользовательские (проценты), тип=PERCENTAGE
2025-08-04 20:23:06.697 11576-11576 ReportsManager          com.example.myapplication            D  📊 Процентная оценка: 4/10 = 40,0%
2025-08-04 20:23:06.697 11576-11576 ReportsManager          com.example.myapplication            D  📊 Критерии: {5=90.0..100.0, 4=75.0..89.99, 3=50.0..74.99, 2=0.0..49.99}
2025-08-04 20:23:06.697 11576-11576 ReportsManager          com.example.myapplication            D  📊 Результат оценки: 2
2025-08-04 20:23:06.697 11576-11576 ReportsManager          com.example.myapplication            D  🔍 Расчет оценки: критерии=Пользовательские (проценты), тип=PERCENTAGE
2025-08-04 20:23:06.697 11576-11576 ReportsManager          com.example.myapplication            D  📊 Процентная оценка: 4/10 = 40,0%
2025-08-04 20:23:06.697 11576-11576 ReportsManager          com.example.myapplication            D  📊 Критерии: {5=90.0..100.0, 4=75.0..89.99, 3=50.0..74.99, 2=0.0..49.99}
2025-08-04 20:23:06.697 11576-11576 ReportsManager          com.example.myapplication            D  📊 Результат оценки: 2
2025-08-04 20:23:06.698 11576-11576 ReportsManager          com.example.myapplication            D  💾 Сохраняем критерии: По процентам (по умолчанию) -> {"id":"default","name":"По процентам (по умолчанию)","type":"PERCENTAGE","maxPoints":0,"criteria":{"5":"90.0..100.0","4":"75.0..89.99","3":"51.0..74.99","2":"0.0..50.99"}}
2025-08-04 20:23:06.698 11576-11576 ReportsManager          com.example.myapplication            D  💾 Сохраняем критерии: Пользовательские (проценты) -> {"id":"custom","name":"Пользовательские (проценты)","type":"PERCENTAGE","maxPoints":0,"criteria":{"5":"90.0..100.0","4":"75.0..89.99","3":"50.0..74.99","2":"0.0..49.99"}}
2025-08-04 20:23:06.699 11576-11576 ReportsManager          com.example.myapplication            D  💾 Сохраняем критерии: Пользовательские (проценты) -> {"id":"custom","name":"Пользовательские (проценты)","type":"PERCENTAGE","maxPoints":0,"criteria":{"5":"90.0..100.0","4":"75.0..89.99","3":"50.0..74.99","2":"0.0..49.99"}}
2025-08-04 20:23:06.703 11576-11576 ReportsManager          com.example.myapplication            D  💾 Данные сохранены: 17 отчетов, 3 критериев
2025-08-04 20:23:06.703 11576-11576 ReportsManager          com.example.myapplication            D  🔄 Установлены критерии: custom
2025-08-04 20:23:06.704 11576-11576 ReportsActivity         com.example.myapplication            D  📊 loadStatistics() вызван
2025-08-04 20:23:06.704 11576-11576 ReportsManager          com.example.myapplication            D  🔥 Создание тепловой карты: 10 вопросов, 17 работ
2025-08-04 20:23:06.704 11576-11576 ReportsManager          com.example.myapplication            D  🔥 Первый отчет: grading.size = 10
2025-08-04 20:23:06.704 11576-11576 ReportsManager          com.example.myapplication            D  🔥 Все отчеты:
2025-08-04 20:23:06.704 11576-11576 ReportsManager          com.example.myapplication            D  🔥   Отчет 0: grading.size = 10, grading = [0, 1, 0, 0, 1, 0, 1, 0, 0, 1]
2025-08-04 20:23:06.704 11576-11576 ReportsManager          com.example.myapplication            D  🔥   Отчет 1: grading.size = 10, grading = [0, 1, 0, 0, 1, 0, 0, 0, 0, 1]
2025-08-04 20:23:06.705 11576-11576 ReportsManager          com.example.myapplication            D  🔥   Отчет 2: grading.size = 10, grading = [1, 1, 1, 0, 1, 1, 1, 1, 1, 1]
2025-08-04 20:23:06.705 11576-11576 ReportsManager          com.example.myapplication            D  🔥   Отчет 3: grading.size = 10, grading = [0, 0, 0, 0, 1, 0, 1, 0, 0, 0]
2025-08-04 20:23:06.705 11576-11576 ReportsManager          com.example.myapplication            D  🔥   Отчет 4: grading.size = 10, grading = [1, 1, 1, 1, 1, 1, 1, 1, 1, 1]
2025-08-04 20:23:06.705 11576-11576 ReportsManager          com.example.myapplication            D  🔥   Отчет 5: grading.size = 10, grading = [0, 1, 1, 0, 1, 0, 1, 0, 0, 0]
2025-08-04 20:23:06.705 11576-11576 ReportsManager          com.example.myapplication            D  🔥   Отчет 6: grading.size = 10, grading = [0, 0, 0, 1, 1, 0, 1, 0, 1, 0]
2025-08-04 20:23:06.705 11576-11576 ReportsManager          com.example.myapplication            D  🔥   Отчет 7: grading.size = 10, grading = [0, 1, 0, 0, 1, 0, 1, 0, 0, 0]
2025-08-04 20:23:06.705 11576-11576 ReportsManager          com.example.myapplication            D  🔥   Отчет 8: grading.size = 10, grading = [0, 0, 0, 0, 1, 0, 0, 0, 0, 1]
2025-08-04 20:23:06.705 11576-11576 ReportsManager          com.example.myapplication            D  🔥   Отчет 9: grading.size = 10, grading = [0, 1, 0, 1, 1, 0, 0, 0, 0, 0]
2025-08-04 20:23:06.705 11576-11576 ReportsManager          com.example.myapplication            D  🔥   Отчет 10: grading.size = 10, grading = [0, 1, 0, 0, 0, 1, 0, 0, 1, 0]
2025-08-04 20:23:06.705 11576-11576 ReportsManager          com.example.myapplication            D  🔥   Отчет 11: grading.size = 10, grading = [0, 0, 0, 0, 1, 0, 1, 0, 0, 1]
2025-08-04 20:23:06.705 11576-11576 ReportsManager          com.example.myapplication            D  🔥   Отчет 12: grading.size = 10, grading = [0, 1, 1, 0, 1, 0, 1, 0, 0, 0]
2025-08-04 20:23:06.705 11576-11576 ReportsManager          com.example.myapplication            D  🔥   Отчет 13: grading.size = 10, grading = [0, 1, 1, 0, 1, 0, 1, 0, 0, 0]
2025-08-04 20:23:06.705 11576-11576 ReportsManager          com.example.myapplication            D  🔥   Отчет 14: grading.size = 10, grading = [0, 1, 1, 0, 1, 0, 1, 0, 0, 0]
2025-08-04 20:23:06.705 11576-11576 ReportsManager          com.example.myapplication            D  🔥   Отчет 15: grading.size = 10, grading = [0, 1, 1, 0, 1, 0, 1, 0, 0, 0]
2025-08-04 20:23:06.705 11576-11576 ReportsManager          com.example.myapplication            D  🔥   Отчет 16: grading.size = 10, grading = [0, 1, 1, 0, 1, 0, 1, 0, 0, 0]
2025-08-04 20:23:06.705 11576-11576 ReportsManager          com.example.myapplication            D  🔥 Вопрос 1: 2/17 (11,8%)
2025-08-04 20:23:06.705 11576-11576 ReportsManager          com.example.myapplication            D  🔥 Вопрос 2: 13/17 (76,5%)
2025-08-04 20:23:06.705 11576-11576 ReportsManager          com.example.myapplication            D  🔥 Вопрос 3: 8/17 (47,1%)
2025-08-04 20:23:06.706 11576-11576 ReportsManager          com.example.myapplication            D  🔥 Вопрос 4: 3/17 (17,6%)
2025-08-04 20:23:06.706 11576-11576 ReportsManager          com.example.myapplication            D  🔥 Вопрос 5: 16/17 (94,1%)
2025-08-04 20:23:06.706 11576-11576 ReportsManager          com.example.myapplication            D  🔥 Вопрос 6: 3/17 (17,6%)
2025-08-04 20:23:06.706 11576-11576 ReportsManager          com.example.myapplication            D  🔥 Вопрос 7: 13/17 (76,5%)
2025-08-04 20:23:06.706 11576-11576 ReportsManager          com.example.myapplication            D  🔥 Вопрос 8: 2/17 (11,8%)
2025-08-04 20:23:06.706 11576-11576 ReportsManager          com.example.myapplication            D  🔥 Вопрос 9: 4/17 (23,5%)
2025-08-04 20:23:06.706 11576-11576 ReportsManager          com.example.myapplication            D  🔥 Вопрос 10: 6/17 (35,3%)
2025-08-04 20:23:06.706 11576-11576 ReportsManager          com.example.myapplication            D  🔥 Тепловая карта создана: 10 элементов
2025-08-04 20:23:06.710 11576-11576 ReportsActivity         com.example.myapplication            D  📊 Статистика получена: 7 элементов
2025-08-04 20:23:06.710 11576-11576 ReportsActivity         com.example.myapplication            D  📊 Тепловая карта: 10 элементов
2025-08-04 20:23:06.710 11576-11576 StatisticsAdapter       com.example.myapplication            D  📊 updateStatistics() вызван с 7 элементами
2025-08-04 20:23:06.710 11576-11576 StatisticsAdapter       com.example.myapplication            D  📊 Тепловая карта: 10 элементов
2025-08-04 20:23:06.710 11576-11576 StatisticsAdapter       com.example.myapplication            D  📊 Вызываем notifyDataSetChanged()
2025-08-04 20:23:06.710 11576-11576 StatisticsAdapter       com.example.myapplication            D  📊 notifyDataSetChanged() завершен
2025-08-04 20:23:06.710 11576-11576 ReportsActivity         com.example.myapplication            D  📊 Статистика обновлена в адаптере
2025-08-04 20:23:06.713 11576-11576 ScrollOpti...neManager] com.example.myapplication            D  updateCurrentActivity: mCurrentActivityName=com.example.myapplication.ReportsActivity, isOptEnable=true, isAnimAheadEnable=true, isFrameInsertEnable=true, InsertNum=1, isEnabledForScrollChanged=false
2025-08-04 20:23:06.713 11576-11576 ActivityThread          com.example.myapplication            D  ComponentInfo{com.example.myapplication/com.example.myapplication.ReportsActivity} checkFinished=false 2
2025-08-04 20:23:06.713 11576-11576 ResourcesManagerExtImpl com.example.myapplication            D  applyConfigurationToAppResourcesLocked app.getDisplayId() return callback.displayId:0
2025-08-04 20:23:06.713 11576-11576 ReportsActivity         com.example.myapplication            D  📊 loadStatistics() вызван
2025-08-04 20:23:06.714 11576-11576 ReportsManager          com.example.myapplication            D  🔥 Создание тепловой карты: 10 вопросов, 17 работ
2025-08-04 20:23:06.714 11576-11576 ReportsManager          com.example.myapplication            D  🔥 Первый отчет: grading.size = 10
2025-08-04 20:23:06.714 11576-11576 ReportsManager          com.example.myapplication            D  🔥 Все отчеты:
2025-08-04 20:23:06.714 11576-11576 ReportsManager          com.example.myapplication            D  🔥   Отчет 0: grading.size = 10, grading = [0, 1, 0, 0, 1, 0, 1, 0, 0, 1]
2025-08-04 20:23:06.714 11576-11576 ReportsManager          com.example.myapplication            D  🔥   Отчет 1: grading.size = 10, grading = [0, 1, 0, 0, 1, 0, 0, 0, 0, 1]
2025-08-04 20:23:06.714 11576-11576 ReportsManager          com.example.myapplication            D  🔥   Отчет 2: grading.size = 10, grading = [1, 1, 1, 0, 1, 1, 1, 1, 1, 1]
2025-08-04 20:23:06.714 11576-11576 ReportsManager          com.example.myapplication            D  🔥   Отчет 3: grading.size = 10, grading = [0, 0, 0, 0, 1, 0, 1, 0, 0, 0]
2025-08-04 20:23:06.714 11576-11576 ReportsManager          com.example.myapplication            D  🔥   Отчет 4: grading.size = 10, grading = [1, 1, 1, 1, 1, 1, 1, 1, 1, 1]
2025-08-04 20:23:06.714 11576-11576 ReportsManager          com.example.myapplication            D  🔥   Отчет 5: grading.size = 10, grading = [0, 1, 1, 0, 1, 0, 1, 0, 0, 0]
2025-08-04 20:23:06.714 11576-11576 ReportsManager          com.example.myapplication            D  🔥   Отчет 6: grading.size = 10, grading = [0, 0, 0, 1, 1, 0, 1, 0, 1, 0]
2025-08-04 20:23:06.714 11576-11576 ReportsManager          com.example.myapplication            D  🔥   Отчет 7: grading.size = 10, grading = [0, 1, 0, 0, 1, 0, 1, 0, 0, 0]
2025-08-04 20:23:06.714 11576-11576 ReportsManager          com.example.myapplication            D  🔥   Отчет 8: grading.size = 10, grading = [0, 0, 0, 0, 1, 0, 0, 0, 0, 1]
2025-08-04 20:23:06.714 11576-11576 ReportsManager          com.example.myapplication            D  🔥   Отчет 9: grading.size = 10, grading = [0, 1, 0, 1, 1, 0, 0, 0, 0, 0]
2025-08-04 20:23:06.714 11576-11576 ReportsManager          com.example.myapplication            D  🔥   Отчет 10: grading.size = 10, grading = [0, 1, 0, 0, 0, 1, 0, 0, 1, 0]
2025-08-04 20:23:06.714 11576-11576 ReportsManager          com.example.myapplication            D  🔥   Отчет 11: grading.size = 10, grading = [0, 0, 0, 0, 1, 0, 1, 0, 0, 1]
2025-08-04 20:23:06.714 11576-11576 ReportsManager          com.example.myapplication            D  🔥   Отчет 12: grading.size = 10, grading = [0, 1, 1, 0, 1, 0, 1, 0, 0, 0]
2025-08-04 20:23:06.714 11576-11576 ReportsManager          com.example.myapplication            D  🔥   Отчет 13: grading.size = 10, grading = [0, 1, 1, 0, 1, 0, 1, 0, 0, 0]
2025-08-04 20:23:06.714 11576-11576 ReportsManager          com.example.myapplication            D  🔥   Отчет 14: grading.size = 10, grading = [0, 1, 1, 0, 1, 0, 1, 0, 0, 0]
2025-08-04 20:23:06.714 11576-11576 ReportsManager          com.example.myapplication            D  🔥   Отчет 15: grading.size = 10, grading = [0, 1, 1, 0, 1, 0, 1, 0, 0, 0]
2025-08-04 20:23:06.714 11576-11576 ReportsManager          com.example.myapplication            D  🔥   Отчет 16: grading.size = 10, grading = [0, 1, 1, 0, 1, 0, 1, 0, 0, 0]
2025-08-04 20:23:06.714 11576-11576 ReportsManager          com.example.myapplication            D  🔥 Вопрос 1: 2/17 (11,8%)
2025-08-04 20:23:06.714 11576-11576 ReportsManager          com.example.myapplication            D  🔥 Вопрос 2: 13/17 (76,5%)
2025-08-04 20:23:06.715 11576-11576 ReportsManager          com.example.myapplication            D  🔥 Вопрос 3: 8/17 (47,1%)
2025-08-04 20:23:06.715 11576-11576 ReportsManager          com.example.myapplication            D  🔥 Вопрос 4: 3/17 (17,6%)
2025-08-04 20:23:06.715 11576-11576 ReportsManager          com.example.myapplication            D  🔥 Вопрос 5: 16/17 (94,1%)
2025-08-04 20:23:06.715 11576-11576 ReportsManager          com.example.myapplication            D  🔥 Вопрос 6: 3/17 (17,6%)
2025-08-04 20:23:06.715 11576-11576 ReportsManager          com.example.myapplication            D  🔥 Вопрос 7: 13/17 (76,5%)
2025-08-04 20:23:06.715 11576-11576 ReportsManager          com.example.myapplication            D  🔥 Вопрос 8: 2/17 (11,8%)
2025-08-04 20:23:06.715 11576-11576 ReportsManager          com.example.myapplication            D  🔥 Вопрос 9: 4/17 (23,5%)
2025-08-04 20:23:06.715 11576-11576 ReportsManager          com.example.myapplication            D  🔥 Вопрос 10: 6/17 (35,3%)
2025-08-04 20:23:06.716 11576-11576 ReportsManager          com.example.myapplication            D  🔥 Тепловая карта создана: 10 элементов
2025-08-04 20:23:06.719 11576-11576 ReportsActivity         com.example.myapplication            D  📊 Статистика получена: 7 элементов
2025-08-04 20:23:06.719 11576-11576 ReportsActivity         com.example.myapplication            D  📊 Тепловая карта: 10 элементов
2025-08-04 20:23:06.719 11576-11576 StatisticsAdapter       com.example.myapplication            D  📊 updateStatistics() вызван с 7 элементами
2025-08-04 20:23:06.719 11576-11576 StatisticsAdapter       com.example.myapplication            D  📊 Тепловая карта: 10 элементов
2025-08-04 20:23:06.719 11576-11576 StatisticsAdapter       com.example.myapplication            D  📊 Вызываем notifyDataSetChanged()
2025-08-04 20:23:06.719 11576-11576 StatisticsAdapter       com.example.myapplication            D  📊 notifyDataSetChanged() завершен
2025-08-04 20:23:06.719 11576-11576 ReportsActivity         com.example.myapplication            D  📊 Статистика обновлена в адаптере
2025-08-04 20:23:06.722 11576-11576 WindowManager           com.example.myapplication            D  Add to mViews: com.android.internal.policy.DecorView{8831dc1 I.E...... R.....ID 0,0-0,0 alpha=1.0 viewInfo = }[ReportsActivity],pkg= com.example.myapplication
2025-08-04 20:23:06.722 11576-11646 skia                    com.example.myapplication            D  setRusSupported enable 0
2025-08-04 20:23:06.726 11576-11576 ViewRootImplExtImpl     com.example.myapplication            D  onDisplayChanged -1 for VRI android.view.ViewRootImpl@cceed54
2025-08-04 20:23:06.727 11576-11576 VRI[MainActivity]       com.example.myapplication            D  onFocusEvent false
2025-08-04 20:23:06.727 11576-11576 callGcSupression        com.example.myapplication            D  java.lang.NullPointerException: Attempt to invoke virtual method 'java.lang.Object java.lang.reflect.Method.invoke(java.lang.Object, java.lang.Object[])' on a null object reference
2025-08-04 20:23:06.728 11576-11576 ResourcesManagerExtImpl com.example.myapplication            D  applyConfigurationToAppResourcesLocked app.getDisplayId() return callback.displayId:0
2025-08-04 20:23:06.741 11576-11576 OplusBracketLog         com.example.myapplication            E  [OplusViewMirrorManager] updateHostViewRootIfNeeded, not support android.view.ViewRootImpl@cceed54
2025-08-04 20:23:06.750 11576-11576 ViewRootImplExtImpl     com.example.myapplication            D  wrapConfigInfoIntoFlags rotation=0, smallestScreenWidthDp=360, relayoutAsync=false, flags=0, newFlags=23592960, residentWS=false, title=com.example.myapplication/com.example.myapplication.ReportsActivity
2025-08-04 20:23:06.757 11576-11576 VRI[ReportsActivity]    com.example.myapplication            D  relayoutWindow result, sizeChanged:true, surfaceControlChanged:true, transformHintChanged:false, mSurfaceSize:Point(1080, 2400), mLastSurfaceSize:Point(0, 0), mWidth:-1, mHeight:-1, requestedWidth:1080, requestedHeight:2400, transformHint:0, installOrientation:0, displayRotation:0, isSurfaceValid:true, attr.flag:-2122252032, tmpFrames:ClientWindowFrames{frame=[0,0][1080,2400] display=[0,0][1080,2400] parentFrame=[0,0][0,0]}, relayoutAsync:false, mSyncSeqId:0
2025-08-04 20:23:06.757 11576-11576 VRI[ReportsActivity]    com.example.myapplication            W  updateBlastSurfaceIfNeeded, surfaceSize:Point(1080, 2400), lastSurfaceSize:Point(0, 0), format:-1, blastBufferQueue:null
2025-08-04 20:23:06.757 11576-11576 BufferQueueConsumer     com.example.myapplication            D  [](id:2d3800000008,api:0,p:-1,c:11576) connect: controlledByApp=false
2025-08-04 20:23:06.764 11576-11576 StatisticsAdapter       com.example.myapplication            D  📊 getItemViewType() позиция 0 -> тип 0
2025-08-04 20:23:06.764 11576-11576 StatisticsAdapter       com.example.myapplication            D  📊 onCreateViewHolder() тип 0
2025-08-04 20:23:06.768 11576-11576 StatisticsAdapter       com.example.myapplication            D  📊 onBindViewHolder() позиция 0, тип HeaderViewHolder
2025-08-04 20:23:06.769 11576-11576 StatisticsAdapter       com.example.myapplication            D  📊 getItemViewType() позиция 1 -> тип 1
2025-08-04 20:23:06.769 11576-11576 StatisticsAdapter       com.example.myapplication            D  📊 onCreateViewHolder() тип 1
2025-08-04 20:23:06.789 11576-11576 StatisticsAdapter       com.example.myapplication            D  📊 onBindViewHolder() позиция 1, тип StatsCardsViewHolder
2025-08-04 20:23:06.796 11576-11576 StatisticsAdapter       com.example.myapplication            D  📊 getItemViewType() позиция 2 -> тип 2
2025-08-04 20:23:06.796 11576-11576 StatisticsAdapter       com.example.myapplication            D  📊 onCreateViewHolder() тип 2
2025-08-04 20:23:06.799 11576-11576 StatisticsAdapter       com.example.myapplication            D  📊 onBindViewHolder() позиция 2, тип GradeDistributionViewHolder
2025-08-04 20:23:06.830 11576-11576 SurfaceControl          com.example.myapplication            I   setExtendedRangeBrightness sc=Surface(name=com.example.myapplication/com.example.myapplication.ReportsActivity)/@0xd5c0e14,currentBufferRatio=1.0,desiredRatio=1.0
2025-08-04 20:23:06.841 11576-11646 BLASTBufferQueue        com.example.myapplication            D  [VRI[ReportsActivity]#8](f:0,a:1) acquireNextBufferLocked size=1080x2400 mFrameNumber=1 applyTransaction=true mTimestamp=1428901459847476(auto) mPendingTransactions.size=0 graphicBufferId=49718541418531 transform=0
2025-08-04 20:23:06.841 11576-11646 VRI[ReportsActivity]    com.example.myapplication            D  Received frameCommittedCallback lastAttemptedDrawFrameNum=1 didProduceBuffer=true syncBuffer=false
2025-08-04 20:23:06.841 11576-11576 VRI[ReportsActivity]    com.example.myapplication            D  draw finished. seqId=0
2025-08-04 20:23:06.842 11576-11576 ViewRootImplExtImpl     com.example.myapplication            D  setMaxDequeuedBufferCount: 2
2025-08-04 20:23:06.844 11576-11576 callGcSupression        com.example.myapplication            D  java.lang.NullPointerException: Attempt to invoke virtual method 'java.lang.Object java.lang.reflect.Method.invoke(java.lang.Object, java.lang.Object[])' on a null object reference
2025-08-04 20:23:06.844 11576-11576 VRI[ReportsActivity]    com.example.myapplication            W  handleResized, msg:, frameChanged:false, configChanged:false, displayChanged:false, attachedFrameChanged:false, compatScaleChanged:false, pendingDragResizing=false
2025-08-04 20:23:06.850 11576-11646 VRI[ReportsActivity]    com.example.myapplication            D  Received frameCommittedCallback lastAttemptedDrawFrameNum=2 didProduceBuffer=true syncBuffer=false
2025-08-04 20:23:06.850 11576-11576 VRI[ReportsActivity]    com.example.myapplication            D  draw finished. seqId=0
2025-08-04 20:23:06.915 11576-11576 VRI[ReportsActivity]    com.example.myapplication            D  onFocusEvent true
2025-08-04 20:23:07.162 11576-11971 VRI[MainActivity]       com.example.myapplication            D  dispatchAppVisibility visible:false
2025-08-04 20:23:07.173 11576-11576 VRI[MainActivity]       com.example.myapplication            D  visibilityChanged oldVisibility=true newVisibility=false
2025-08-04 20:23:07.174 11576-11576 callGcSupression        com.example.myapplication            D  java.lang.NullPointerException: Attempt to invoke virtual method 'java.lang.Object java.lang.reflect.Method.invoke(java.lang.Object, java.lang.Object[])' on a null object reference
2025-08-04 20:23:07.174 11576-11576 VRI[MainActivity]       com.example.myapplication            D  setWindowStopped stopped:true
2025-08-04 20:23:07.189 11576-11576 HWUI                    com.example.myapplication            D  RenderProxy::destroy: this=0xb400006f4131b500, mContext=0xb400006ea879c640
2025-08-04 20:23:07.189 11576-11646 HWUI                    com.example.myapplication            D  SkiaOpenGLPipeline::setSurface: this=0xb400006f413115c0, surface=NULL
2025-08-04 20:23:07.190 11576-11576 ViewRootImplExtImpl     com.example.myapplication            D  wrapConfigInfoIntoFlags rotation=0, smallestScreenWidthDp=360, relayoutAsync=false, flags=0, newFlags=23592960, residentWS=false, title=com.example.myapplication/com.example.myapplication.MainActivity
2025-08-04 20:23:07.193 11576-11971 BLASTBufferQueue        com.example.myapplication            D  [VRI[MainActivity]#7](f:0,a:2) destructor()
2025-08-04 20:23:07.193 11576-11971 BufferQueueConsumer     com.example.myapplication            D  [VRI[MainActivity]#7(BLAST Consumer)7](id:2d3800000007,api:0,p:-1,c:11576) disconnect
2025-08-04 20:23:07.193 11576-11576 VRI[MainActivity]       com.example.myapplication            D  relayoutWindow result, sizeChanged:false, surfaceControlChanged:true, transformHintChanged:false, mSurfaceSize:Point(1080, 2400), mLastSurfaceSize:Point(1080, 2400), mWidth:1080, mHeight:2400, requestedWidth:1080, requestedHeight:2400, transformHint:0, installOrientation:0, displayRotation:0, isSurfaceValid:false, attr.flag:-2122252032, tmpFrames:ClientWindowFrames{frame=[0,0][1080,2400] display=[0,0][1080,2400] parentFrame=[0,0][0,0]}, relayoutAsync:false, mSyncSeqId:0
2025-08-04 20:23:07.848 11576-11656 OplusScrollToTopManager com.example.myapplication            D  com.example.myapplication/com.example.myapplication.MainActivity,This com.android.internal.policy.DecorView{64732a2 I.E...... R......D 0,0-1080,2400 aid=0 alpha=1.0 viewInfo = }[MainActivity] change focus to false
2025-08-04 20:23:07.932 11576-11656 OplusScrollToTopManager com.example.myapplication            D  com.example.myapplication/com.example.myapplication.ReportsActivity,This com.android.internal.policy.DecorView{8831dc1 V.E...... R....... 0,0-1080,2400 aid=3 alpha=1.0 viewInfo = }[ReportsActivity] change focus to true
2025-08-04 20:23:08.395 11576-11576 AutofillManager         com.example.myapplication            V  requestHideFillUi(null): anchor = null
2025-08-04 20:23:08.520 11576-11576 OplusViewDebugManager   com.example.myapplication            D  OplusViewDebugManager Constructor android.view.debug.OplusViewDebugManager@fd1244f [mHasViewDebugProperty true] [mHasMsgDebugProperty false] [DEBUG false] [EXTRAINFOENABLE false] [LIGHT_OS true]
2025-08-04 20:23:08.520 11576-11576 OplusViewDebugManager   com.example.myapplication            D  OplusViewDebugManager Constructor android.view.debug.OplusViewDebugManager@936b7dc [mHasViewDebugProperty true] [mHasMsgDebugProperty false] [DEBUG false] [EXTRAINFOENABLE false] [LIGHT_OS true]
2025-08-04 20:23:08.521 11576-11576 ScrollIdentify          com.example.myapplication            I  on fling
2025-08-04 20:23:08.521 11576-11576 ViewRootImplExtImpl     com.example.myapplication            D  the up motion event handled by client, just return
2025-08-04 20:23:09.672 11576-11576 AutofillManager         com.example.myapplication            V  requestHideFillUi(null): anchor = null
2025-08-04 20:23:09.754 11576-11576 ViewRootImplExtImpl     com.example.myapplication            D  the up motion event handled by client, just return
2025-08-04 20:23:09.795 11576-11576 oplus.andr...actoryImpl com.example.myapplication            I  get feature:IOplusDynamicVsyncFeature
2025-08-04 20:23:09.795 11576-11576 oplus.andr...actoryImpl com.example.myapplication            I  get feature:IOplusDynamicVsyncFeature
2025-08-04 20:23:09.795 11576-11576 oplus.andr...actoryImpl com.example.myapplication            I  get feature:IOplusDynamicVsyncFeature
2025-08-04 20:23:09.799 11576-11576 oplus.andr...actoryImpl com.example.myapplication            I  get feature:IOplusDynamicVsyncFeature
2025-08-04 20:23:09.799 11576-11576 oplus.andr...actoryImpl com.example.myapplication            I  get feature:IOplusDynamicVsyncFeature
2025-08-04 20:23:09.800 11576-11576 oplus.andr...actoryImpl com.example.myapplication            I  get feature:IOplusDynamicVsyncFeature
2025-08-04 20:23:09.835 11576-11576 WindowManager           com.example.myapplication            D  Add to mViews: com.android.internal.policy.DecorView{97dbb1a V.E...... R.....I. 0,0-0,0 alpha=1.0 viewInfo = }[ReportsActivity],pkg= com.example.myapplication
2025-08-04 20:23:09.836 11576-11646 skia                    com.example.myapplication            D  setRusSupported enable 0
2025-08-04 20:23:09.849 11576-11576 ViewRootImplExtImpl     com.example.myapplication            D  onDisplayChanged -1 for VRI android.view.ViewRootImpl@e028941
2025-08-04 20:23:09.856 11576-11576 OplusBracketLog         com.example.myapplication            E  [OplusViewMirrorManager] updateHostViewRootIfNeeded, not support android.view.ViewRootImpl@e028941
2025-08-04 20:23:09.870 11576-11576 InsetsController        com.example.myapplication            D  setRequestedVisibleTypes, mRequestedVisibleTypes: statusBars navigationBars captionBar systemGestures mandatorySystemGestures tappableElement displayCutout windowDecor systemOverlays, requestedVisibleTypes: statusBars navigationBars captionBar systemGestures mandatorySystemGestures tappableElement displayCutout windowDecor systemOverlays, visibleTypes: navigationBars, type: 2, call: android.view.InsetsController.controlAnimationUnchecked:1477 android.view.InsetsController.applyAnimation:2191 android.view.InsetsController.applyAnimation:2161 android.view.InsetsController.onControlsChanged:1163 android.view.ViewRootImpl.relayoutWindow:10356 android.view.ViewRootImpl.performTraversals:4151 android.view.ViewRootImpl.doTraversal:3313 android.view.ViewRootImpl$TraversalRunnable.run:11495 android.view.Choreographer$CallbackRecord.run:1621 android.view.Choreographer$CallbackRecord.run:1630 
2025-08-04 20:23:09.871 11576-11576 BufferQueueConsumer     com.example.myapplication            D  [](id:2d3800000009,api:0,p:-1,c:11576) connect: controlledByApp=false
2025-08-04 20:23:09.878 11576-11576 SurfaceControl          com.example.myapplication            I   setExtendedRangeBrightness sc=Surface(name=com.example.myapplication/com.example.myapplication.ReportsActivity)/@0x819d83b,currentBufferRatio=1.0,desiredRatio=1.0
2025-08-04 20:23:09.892 11576-11646 BLASTBufferQueue        com.example.myapplication            D  [VRI[ReportsActivity]#9](f:0,a:1) acquireNextBufferLocked size=1098x674 mFrameNumber=1 applyTransaction=true mTimestamp=1428904511297091(auto) mPendingTransactions.size=0 graphicBufferId=49718541418535 transform=0
2025-08-04 20:23:09.893 11576-11646 VRI[ReportsActivity]    com.example.myapplication            D  Received frameCommittedCallback lastAttemptedDrawFrameNum=1 didProduceBuffer=true syncBuffer=false
2025-08-04 20:23:09.894 11576-11576 VRI[ReportsActivity]    com.example.myapplication            D  draw finished. seqId=0
2025-08-04 20:23:09.894 11576-11576 ViewRootImplExtImpl     com.example.myapplication            D  setMaxDequeuedBufferCount: 2
2025-08-04 20:23:09.895 11576-11576 VRI[ReportsActivity]    com.example.myapplication            D  onFocusEvent false
2025-08-04 20:23:09.906 11576-11576 callGcSupression        com.example.myapplication            D  java.lang.NullPointerException: Attempt to invoke virtual method 'java.lang.Object java.lang.reflect.Method.invoke(java.lang.Object, java.lang.Object[])' on a null object reference
2025-08-04 20:23:09.906 11576-11576 VRI[ReportsActivity]    com.example.myapplication            W  handleResized abandoned!
2025-08-04 20:23:09.907 11576-11576 callGcSupression        com.example.myapplication            D  java.lang.NullPointerException: Attempt to invoke virtual method 'java.lang.Object java.lang.reflect.Method.invoke(java.lang.Object, java.lang.Object[])' on a null object reference
2025-08-04 20:23:09.948 11576-11646 VRI[ReportsActivity]    com.example.myapplication            D  Received frameCommittedCallback lastAttemptedDrawFrameNum=3 didProduceBuffer=true syncBuffer=false
2025-08-04 20:23:09.949 11576-11576 VRI[ReportsActivity]    com.example.myapplication            D  draw finished. seqId=0
2025-08-04 20:23:09.958 11576-11576 VRI[ReportsActivity]    com.example.myapplication            D  onFocusEvent true
2025-08-04 20:23:09.972 11576-11584 e.myapplication         com.example.myapplication            I  Background concurrent mark compact GC freed 13MB AllocSpace bytes, 18(6184KB) LOS objects, 49% free, 7803KB/15MB, paused 888us,5.257ms total 101.535ms
2025-08-04 20:23:10.215 11576-11576 InsetsController        com.example.myapplication            D  setRequestedVisibleTypes, mRequestedVisibleTypes: statusBars navigationBars captionBar systemGestures mandatorySystemGestures tappableElement displayCutout windowDecor systemOverlays, requestedVisibleTypes: statusBars navigationBars captionBar systemGestures mandatorySystemGestures tappableElement displayCutout windowDecor systemOverlays, visibleTypes: navigationBars, type: 2, call: android.view.InsetsController.notifyFinished:1879 android.view.InsetsAnimationThreadControlRunner$1.lambda$notifyFinished$0:86 android.view.InsetsAnimationThreadControlRunner$1.$r8$lambda$cDFF0h4Ncq-8EXdGszv69jrUu7c:0 android.view.InsetsAnimationThreadControlRunner$1$$ExternalSyntheticLambda1.run:0 android.os.Handler.handleCallback:973 android.os.Handler.dispatchMessage:100 android.os.Looper.loopOnce:282 android.os.Looper.loop:387 android.app.ActivityThread.main:9500 java.lang.reflect.Method.invoke:-2 
2025-08-04 20:23:10.221 11576-11646 HWUI                    com.example.myapplication            D  SkiaOpenGLPipeline::setSurface: this=0xb400006e9ca1b540, surface=NULL
2025-08-04 20:23:10.221 11576-11646 HWUI                    com.example.myapplication            D  SkiaOpenGLPipeline::setSurface: this=0xb400006de2f6b2c0, surface=NULL
2025-08-04 20:23:10.222 11576-11646 HWUI                    com.example.myapplication            D  SkiaOpenGLPipeline::setSurface: this=0xb400006de71ca080, surface=NULL
2025-08-04 20:23:10.673 11576-11576 AutofillManager         com.example.myapplication            V  requestHideFillUi(null): anchor = null
2025-08-04 20:23:10.764 11576-11576 ViewRootImplExtImpl     com.example.myapplication            D  the up motion event handled by client, just return
2025-08-04 20:23:10.797 11576-11576 ReportsManager          com.example.myapplication            D  💾 Сохраняем критерии: По процентам (по умолчанию) -> {"id":"default","name":"По процентам (по умолчанию)","type":"PERCENTAGE","maxPoints":0,"criteria":{"5":"90.0..100.0","4":"75.0..89.99","3":"51.0..74.99","2":"0.0..50.99"}}
2025-08-04 20:23:10.797 11576-11576 ReportsManager          com.example.myapplication            D  💾 Сохраняем критерии: Пользовательские (проценты) -> {"id":"custom","name":"Пользовательские (проценты)","type":"PERCENTAGE","maxPoints":0,"criteria":{"5":"90.0..100.0","4":"75.0..89.99","3":"50.0..74.99","2":"0.0..49.99"}}
2025-08-04 20:23:10.797 11576-11576 ReportsManager          com.example.myapplication            D  💾 Сохраняем критерии: Пользовательские (проценты) -> {"id":"custom","name":"Пользовательские (проценты)","type":"PERCENTAGE","maxPoints":0,"criteria":{"5":"90.0..100.0","4":"75.0..89.99","3":"50.0..74.99","2":"0.0..49.99"}}
2025-08-04 20:23:10.805 11576-11576 ReportsManager          com.example.myapplication            D  💾 Данные сохранены: 16 отчетов, 3 критериев
2025-08-04 20:23:10.807 11576-11576 ReportsManager          com.example.myapplication            D  💾 Сохраняем критерии: По процентам (по умолчанию) -> {"id":"default","name":"По процентам (по умолчанию)","type":"PERCENTAGE","maxPoints":0,"criteria":{"5":"90.0..100.0","4":"75.0..89.99","3":"51.0..74.99","2":"0.0..50.99"}}
2025-08-04 20:23:10.807 11576-11576 ReportsManager          com.example.myapplication            D  💾 Сохраняем критерии: Пользовательские (проценты) -> {"id":"custom","name":"Пользовательские (проценты)","type":"PERCENTAGE","maxPoints":0,"criteria":{"5":"90.0..100.0","4":"75.0..89.99","3":"50.0..74.99","2":"0.0..49.99"}}
2025-08-04 20:23:10.807 11576-11576 ReportsManager          com.example.myapplication            D  💾 Сохраняем критерии: Пользовательские (проценты) -> {"id":"custom","name":"Пользовательские (проценты)","type":"PERCENTAGE","maxPoints":0,"criteria":{"5":"90.0..100.0","4":"75.0..89.99","3":"50.0..74.99","2":"0.0..49.99"}}
2025-08-04 20:23:10.812 11576-11576 ReportsManager          com.example.myapplication            D  💾 Данные сохранены: 15 отчетов, 3 критериев
2025-08-04 20:23:10.813 11576-11576 ReportsManager          com.example.myapplication            D  💾 Сохраняем критерии: По процентам (по умолчанию) -> {"id":"default","name":"По процентам (по умолчанию)","type":"PERCENTAGE","maxPoints":0,"criteria":{"5":"90.0..100.0","4":"75.0..89.99","3":"51.0..74.99","2":"0.0..50.99"}}
2025-08-04 20:23:10.813 11576-11576 ReportsManager          com.example.myapplication            D  💾 Сохраняем критерии: Пользовательские (проценты) -> {"id":"custom","name":"Пользовательские (проценты)","type":"PERCENTAGE","maxPoints":0,"criteria":{"5":"90.0..100.0","4":"75.0..89.99","3":"50.0..74.99","2":"0.0..49.99"}}
2025-08-04 20:23:10.813 11576-11576 ReportsManager          com.example.myapplication            D  💾 Сохраняем критерии: Пользовательские (проценты) -> {"id":"custom","name":"Пользовательские (проценты)","type":"PERCENTAGE","maxPoints":0,"criteria":{"5":"90.0..100.0","4":"75.0..89.99","3":"50.0..74.99","2":"0.0..49.99"}}
2025-08-04 20:23:10.817 11576-11576 ReportsManager          com.example.myapplication            D  💾 Данные сохранены: 14 отчетов, 3 критериев
2025-08-04 20:23:10.818 11576-11576 ReportsManager          com.example.myapplication            D  💾 Сохраняем критерии: По процентам (по умолчанию) -> {"id":"default","name":"По процентам (по умолчанию)","type":"PERCENTAGE","maxPoints":0,"criteria":{"5":"90.0..100.0","4":"75.0..89.99","3":"51.0..74.99","2":"0.0..50.99"}}
2025-08-04 20:23:10.818 11576-11576 ReportsManager          com.example.myapplication            D  💾 Сохраняем критерии: Пользовательские (проценты) -> {"id":"custom","name":"Пользовательские (проценты)","type":"PERCENTAGE","maxPoints":0,"criteria":{"5":"90.0..100.0","4":"75.0..89.99","3":"50.0..74.99","2":"0.0..49.99"}}
2025-08-04 20:23:10.819 11576-11576 ReportsManager          com.example.myapplication            D  💾 Сохраняем критерии: Пользовательские (проценты) -> {"id":"custom","name":"Пользовательские (проценты)","type":"PERCENTAGE","maxPoints":0,"criteria":{"5":"90.0..100.0","4":"75.0..89.99","3":"50.0..74.99","2":"0.0..49.99"}}
2025-08-04 20:23:10.822 11576-11576 ReportsManager          com.example.myapplication            D  💾 Данные сохранены: 13 отчетов, 3 критериев
2025-08-04 20:23:10.823 11576-11576 ReportsManager          com.example.myapplication            D  💾 Сохраняем критерии: По процентам (по умолчанию) -> {"id":"default","name":"По процентам (по умолчанию)","type":"PERCENTAGE","maxPoints":0,"criteria":{"5":"90.0..100.0","4":"75.0..89.99","3":"51.0..74.99","2":"0.0..50.99"}}
2025-08-04 20:23:10.823 11576-11576 ReportsManager          com.example.myapplication            D  💾 Сохраняем критерии: Пользовательские (проценты) -> {"id":"custom","name":"Пользовательские (проценты)","type":"PERCENTAGE","maxPoints":0,"criteria":{"5":"90.0..100.0","4":"75.0..89.99","3":"50.0..74.99","2":"0.0..49.99"}}
2025-08-04 20:23:10.823 11576-11576 ReportsManager          com.example.myapplication            D  💾 Сохраняем критерии: Пользовательские (проценты) -> {"id":"custom","name":"Пользовательские (проценты)","type":"PERCENTAGE","maxPoints":0,"criteria":{"5":"90.0..100.0","4":"75.0..89.99","3":"50.0..74.99","2":"0.0..49.99"}}
2025-08-04 20:23:10.827 11576-11576 ReportsManager          com.example.myapplication            D  💾 Данные сохранены: 12 отчетов, 3 критериев
2025-08-04 20:23:10.828 11576-11576 ReportsManager          com.example.myapplication            D  💾 Сохраняем критерии: По процентам (по умолчанию) -> {"id":"default","name":"По процентам (по умолчанию)","type":"PERCENTAGE","maxPoints":0,"criteria":{"5":"90.0..100.0","4":"75.0..89.99","3":"51.0..74.99","2":"0.0..50.99"}}
2025-08-04 20:23:10.828 11576-11576 ReportsManager          com.example.myapplication            D  💾 Сохраняем критерии: Пользовательские (проценты) -> {"id":"custom","name":"Пользовательские (проценты)","type":"PERCENTAGE","maxPoints":0,"criteria":{"5":"90.0..100.0","4":"75.0..89.99","3":"50.0..74.99","2":"0.0..49.99"}}
2025-08-04 20:23:10.828 11576-11576 ReportsManager          com.example.myapplication            D  💾 Сохраняем критерии: Пользовательские (проценты) -> {"id":"custom","name":"Пользовательские (проценты)","type":"PERCENTAGE","maxPoints":0,"criteria":{"5":"90.0..100.0","4":"75.0..89.99","3":"50.0..74.99","2":"0.0..49.99"}}
2025-08-04 20:23:10.832 11576-11576 ReportsManager          com.example.myapplication            D  💾 Данные сохранены: 11 отчетов, 3 критериев
2025-08-04 20:23:10.832 11576-11576 ReportsManager          com.example.myapplication            D  💾 Сохраняем критерии: По процентам (по умолчанию) -> {"id":"default","name":"По процентам (по умолчанию)","type":"PERCENTAGE","maxPoints":0,"criteria":{"5":"90.0..100.0","4":"75.0..89.99","3":"51.0..74.99","2":"0.0..50.99"}}
2025-08-04 20:23:10.832 11576-11576 ReportsManager          com.example.myapplication            D  💾 Сохраняем критерии: Пользовательские (проценты) -> {"id":"custom","name":"Пользовательские (проценты)","type":"PERCENTAGE","maxPoints":0,"criteria":{"5":"90.0..100.0","4":"75.0..89.99","3":"50.0..74.99","2":"0.0..49.99"}}
2025-08-04 20:23:10.833 11576-11576 ReportsManager          com.example.myapplication            D  💾 Сохраняем критерии: Пользовательские (проценты) -> {"id":"custom","name":"Пользовательские (проценты)","type":"PERCENTAGE","maxPoints":0,"criteria":{"5":"90.0..100.0","4":"75.0..89.99","3":"50.0..74.99","2":"0.0..49.99"}}
2025-08-04 20:23:10.836 11576-11576 ReportsManager          com.example.myapplication            D  💾 Данные сохранены: 10 отчетов, 3 критериев
2025-08-04 20:23:10.836 11576-11576 ReportsManager          com.example.myapplication            D  💾 Сохраняем критерии: По процентам (по умолчанию) -> {"id":"default","name":"По процентам (по умолчанию)","type":"PERCENTAGE","maxPoints":0,"criteria":{"5":"90.0..100.0","4":"75.0..89.99","3":"51.0..74.99","2":"0.0..50.99"}}
2025-08-04 20:23:10.837 11576-11576 ReportsManager          com.example.myapplication            D  💾 Сохраняем критерии: Пользовательские (проценты) -> {"id":"custom","name":"Пользовательские (проценты)","type":"PERCENTAGE","maxPoints":0,"criteria":{"5":"90.0..100.0","4":"75.0..89.99","3":"50.0..74.99","2":"0.0..49.99"}}
2025-08-04 20:23:10.837 11576-11576 ReportsManager          com.example.myapplication            D  💾 Сохраняем критерии: Пользовательские (проценты) -> {"id":"custom","name":"Пользовательские (проценты)","type":"PERCENTAGE","maxPoints":0,"criteria":{"5":"90.0..100.0","4":"75.0..89.99","3":"50.0..74.99","2":"0.0..49.99"}}
2025-08-04 20:23:10.840 11576-11576 ReportsManager          com.example.myapplication            D  💾 Данные сохранены: 9 отчетов, 3 критериев
2025-08-04 20:23:10.840 11576-11576 ReportsManager          com.example.myapplication            D  💾 Сохраняем критерии: По процентам (по умолчанию) -> {"id":"default","name":"По процентам (по умолчанию)","type":"PERCENTAGE","maxPoints":0,"criteria":{"5":"90.0..100.0","4":"75.0..89.99","3":"51.0..74.99","2":"0.0..50.99"}}
2025-08-04 20:23:10.840 11576-11576 ReportsManager          com.example.myapplication            D  💾 Сохраняем критерии: Пользовательские (проценты) -> {"id":"custom","name":"Пользовательские (проценты)","type":"PERCENTAGE","maxPoints":0,"criteria":{"5":"90.0..100.0","4":"75.0..89.99","3":"50.0..74.99","2":"0.0..49.99"}}
2025-08-04 20:23:10.840 11576-11576 ReportsManager          com.example.myapplication            D  💾 Сохраняем критерии: Пользовательские (проценты) -> {"id":"custom","name":"Пользовательские (проценты)","type":"PERCENTAGE","maxPoints":0,"criteria":{"5":"90.0..100.0","4":"75.0..89.99","3":"50.0..74.99","2":"0.0..49.99"}}
2025-08-04 20:23:10.843 11576-11576 ReportsManager          com.example.myapplication            D  💾 Данные сохранены: 8 отчетов, 3 критериев
2025-08-04 20:23:10.844 11576-11576 ReportsManager          com.example.myapplication            D  💾 Сохраняем критерии: По процентам (по умолчанию) -> {"id":"default","name":"По процентам (по умолчанию)","type":"PERCENTAGE","maxPoints":0,"criteria":{"5":"90.0..100.0","4":"75.0..89.99","3":"51.0..74.99","2":"0.0..50.99"}}
2025-08-04 20:23:10.844 11576-11576 ReportsManager          com.example.myapplication            D  💾 Сохраняем критерии: Пользовательские (проценты) -> {"id":"custom","name":"Пользовательские (проценты)","type":"PERCENTAGE","maxPoints":0,"criteria":{"5":"90.0..100.0","4":"75.0..89.99","3":"50.0..74.99","2":"0.0..49.99"}}
2025-08-04 20:23:10.844 11576-11576 ReportsManager          com.example.myapplication            D  💾 Сохраняем критерии: Пользовательские (проценты) -> {"id":"custom","name":"Пользовательские (проценты)","type":"PERCENTAGE","maxPoints":0,"criteria":{"5":"90.0..100.0","4":"75.0..89.99","3":"50.0..74.99","2":"0.0..49.99"}}
2025-08-04 20:23:10.846 11576-11576 ReportsManager          com.example.myapplication            D  💾 Данные сохранены: 7 отчетов, 3 критериев
2025-08-04 20:23:10.847 11576-11576 ReportsManager          com.example.myapplication            D  💾 Сохраняем критерии: По процентам (по умолчанию) -> {"id":"default","name":"По процентам (по умолчанию)","type":"PERCENTAGE","maxPoints":0,"criteria":{"5":"90.0..100.0","4":"75.0..89.99","3":"51.0..74.99","2":"0.0..50.99"}}
2025-08-04 20:23:10.847 11576-11576 ReportsManager          com.example.myapplication            D  💾 Сохраняем критерии: Пользовательские (проценты) -> {"id":"custom","name":"Пользовательские (проценты)","type":"PERCENTAGE","maxPoints":0,"criteria":{"5":"90.0..100.0","4":"75.0..89.99","3":"50.0..74.99","2":"0.0..49.99"}}
2025-08-04 20:23:10.847 11576-11576 ReportsManager          com.example.myapplication            D  💾 Сохраняем критерии: Пользовательские (проценты) -> {"id":"custom","name":"Пользовательские (проценты)","type":"PERCENTAGE","maxPoints":0,"criteria":{"5":"90.0..100.0","4":"75.0..89.99","3":"50.0..74.99","2":"0.0..49.99"}}
2025-08-04 20:23:10.849 11576-11576 ReportsManager          com.example.myapplication            D  💾 Данные сохранены: 6 отчетов, 3 критериев
2025-08-04 20:23:10.849 11576-11576 ReportsManager          com.example.myapplication            D  💾 Сохраняем критерии: По процентам (по умолчанию) -> {"id":"default","name":"По процентам (по умолчанию)","type":"PERCENTAGE","maxPoints":0,"criteria":{"5":"90.0..100.0","4":"75.0..89.99","3":"51.0..74.99","2":"0.0..50.99"}}
2025-08-04 20:23:10.850 11576-11576 ReportsManager          com.example.myapplication            D  💾 Сохраняем критерии: Пользовательские (проценты) -> {"id":"custom","name":"Пользовательские (проценты)","type":"PERCENTAGE","maxPoints":0,"criteria":{"5":"90.0..100.0","4":"75.0..89.99","3":"50.0..74.99","2":"0.0..49.99"}}
2025-08-04 20:23:10.850 11576-11576 ReportsManager          com.example.myapplication            D  💾 Сохраняем критерии: Пользовательские (проценты) -> {"id":"custom","name":"Пользовательские (проценты)","type":"PERCENTAGE","maxPoints":0,"criteria":{"5":"90.0..100.0","4":"75.0..89.99","3":"50.0..74.99","2":"0.0..49.99"}}
2025-08-04 20:23:10.851 11576-11576 ReportsManager          com.example.myapplication            D  💾 Данные сохранены: 5 отчетов, 3 критериев
2025-08-04 20:23:10.852 11576-11576 ReportsManager          com.example.myapplication            D  💾 Сохраняем критерии: По процентам (по умолчанию) -> {"id":"default","name":"По процентам (по умолчанию)","type":"PERCENTAGE","maxPoints":0,"criteria":{"5":"90.0..100.0","4":"75.0..89.99","3":"51.0..74.99","2":"0.0..50.99"}}
2025-08-04 20:23:10.852 11576-11576 ReportsManager          com.example.myapplication            D  💾 Сохраняем критерии: Пользовательские (проценты) -> {"id":"custom","name":"Пользовательские (проценты)","type":"PERCENTAGE","maxPoints":0,"criteria":{"5":"90.0..100.0","4":"75.0..89.99","3":"50.0..74.99","2":"0.0..49.99"}}
2025-08-04 20:23:10.852 11576-11576 ReportsManager          com.example.myapplication            D  💾 Сохраняем критерии: Пользовательские (проценты) -> {"id":"custom","name":"Пользовательские (проценты)","type":"PERCENTAGE","maxPoints":0,"criteria":{"5":"90.0..100.0","4":"75.0..89.99","3":"50.0..74.99","2":"0.0..49.99"}}
2025-08-04 20:23:10.853 11576-11576 ReportsManager          com.example.myapplication            D  💾 Данные сохранены: 4 отчетов, 3 критериев
2025-08-04 20:23:10.854 11576-11576 ReportsManager          com.example.myapplication            D  💾 Сохраняем критерии: По процентам (по умолчанию) -> {"id":"default","name":"По процентам (по умолчанию)","type":"PERCENTAGE","maxPoints":0,"criteria":{"5":"90.0..100.0","4":"75.0..89.99","3":"51.0..74.99","2":"0.0..50.99"}}
2025-08-04 20:23:10.854 11576-11576 ReportsManager          com.example.myapplication            D  💾 Сохраняем критерии: Пользовательские (проценты) -> {"id":"custom","name":"Пользовательские (проценты)","type":"PERCENTAGE","maxPoints":0,"criteria":{"5":"90.0..100.0","4":"75.0..89.99","3":"50.0..74.99","2":"0.0..49.99"}}
2025-08-04 20:23:10.854 11576-11576 ReportsManager          com.example.myapplication            D  💾 Сохраняем критерии: Пользовательские (проценты) -> {"id":"custom","name":"Пользовательские (проценты)","type":"PERCENTAGE","maxPoints":0,"criteria":{"5":"90.0..100.0","4":"75.0..89.99","3":"50.0..74.99","2":"0.0..49.99"}}
2025-08-04 20:23:10.855 11576-11576 ReportsManager          com.example.myapplication            D  💾 Данные сохранены: 3 отчетов, 3 критериев
2025-08-04 20:23:10.855 11576-11576 ReportsManager          com.example.myapplication            D  💾 Сохраняем критерии: По процентам (по умолчанию) -> {"id":"default","name":"По процентам (по умолчанию)","type":"PERCENTAGE","maxPoints":0,"criteria":{"5":"90.0..100.0","4":"75.0..89.99","3":"51.0..74.99","2":"0.0..50.99"}}
2025-08-04 20:23:10.856 11576-11576 ReportsManager          com.example.myapplication            D  💾 Сохраняем критерии: Пользовательские (проценты) -> {"id":"custom","name":"Пользовательские (проценты)","type":"PERCENTAGE","maxPoints":0,"criteria":{"5":"90.0..100.0","4":"75.0..89.99","3":"50.0..74.99","2":"0.0..49.99"}}
2025-08-04 20:23:10.856 11576-11576 ReportsManager          com.example.myapplication            D  💾 Сохраняем критерии: Пользовательские (проценты) -> {"id":"custom","name":"Пользовательские (проценты)","type":"PERCENTAGE","maxPoints":0,"criteria":{"5":"90.0..100.0","4":"75.0..89.99","3":"50.0..74.99","2":"0.0..49.99"}}
2025-08-04 20:23:10.857 11576-11576 ReportsManager          com.example.myapplication            D  💾 Данные сохранены: 2 отчетов, 3 критериев
2025-08-04 20:23:10.857 11576-11576 ReportsManager          com.example.myapplication            D  💾 Сохраняем критерии: По процентам (по умолчанию) -> {"id":"default","name":"По процентам (по умолчанию)","type":"PERCENTAGE","maxPoints":0,"criteria":{"5":"90.0..100.0","4":"75.0..89.99","3":"51.0..74.99","2":"0.0..50.99"}}
2025-08-04 20:23:10.857 11576-11576 ReportsManager          com.example.myapplication            D  💾 Сохраняем критерии: Пользовательские (проценты) -> {"id":"custom","name":"Пользовательские (проценты)","type":"PERCENTAGE","maxPoints":0,"criteria":{"5":"90.0..100.0","4":"75.0..89.99","3":"50.0..74.99","2":"0.0..49.99"}}
2025-08-04 20:23:10.857 11576-11576 ReportsManager          com.example.myapplication            D  💾 Сохраняем критерии: Пользовательские (проценты) -> {"id":"custom","name":"Пользовательские (проценты)","type":"PERCENTAGE","maxPoints":0,"criteria":{"5":"90.0..100.0","4":"75.0..89.99","3":"50.0..74.99","2":"0.0..49.99"}}
2025-08-04 20:23:10.858 11576-11576 ReportsManager          com.example.myapplication            D  💾 Данные сохранены: 1 отчетов, 3 критериев
2025-08-04 20:23:10.858 11576-11576 ReportsManager          com.example.myapplication            D  💾 Сохраняем критерии: По процентам (по умолчанию) -> {"id":"default","name":"По процентам (по умолчанию)","type":"PERCENTAGE","maxPoints":0,"criteria":{"5":"90.0..100.0","4":"75.0..89.99","3":"51.0..74.99","2":"0.0..50.99"}}
2025-08-04 20:23:10.858 11576-11576 ReportsManager          com.example.myapplication            D  💾 Сохраняем критерии: Пользовательские (проценты) -> {"id":"custom","name":"Пользовательские (проценты)","type":"PERCENTAGE","maxPoints":0,"criteria":{"5":"90.0..100.0","4":"75.0..89.99","3":"50.0..74.99","2":"0.0..49.99"}}
2025-08-04 20:23:10.858 11576-11576 ReportsManager          com.example.myapplication            D  💾 Сохраняем критерии: Пользовательские (проценты) -> {"id":"custom","name":"Пользовательские (проценты)","type":"PERCENTAGE","maxPoints":0,"criteria":{"5":"90.0..100.0","4":"75.0..89.99","3":"50.0..74.99","2":"0.0..49.99"}}
2025-08-04 20:23:10.859 11576-11576 ReportsManager          com.example.myapplication            D  💾 Данные сохранены: 0 отчетов, 3 критериев
2025-08-04 20:23:10.859 11576-11576 ReportsActivity         com.example.myapplication            D  📊 loadStatistics() вызван
2025-08-04 20:23:10.859 11576-11576 ReportsActivity         com.example.myapplication            D  📊 Статистика получена: 7 элементов
2025-08-04 20:23:10.859 11576-11576 ReportsActivity         com.example.myapplication            D  📊 Тепловая карта: 0 элементов
2025-08-04 20:23:10.859 11576-11576 StatisticsAdapter       com.example.myapplication            D  📊 updateStatistics() вызван с 7 элементами
2025-08-04 20:23:10.859 11576-11576 StatisticsAdapter       com.example.myapplication            D  📊 Тепловая карта: 0 элементов
2025-08-04 20:23:10.859 11576-11576 StatisticsAdapter       com.example.myapplication            D  📊 Вызываем notifyDataSetChanged()
2025-08-04 20:23:10.859 11576-11576 StatisticsAdapter       com.example.myapplication            D  📊 notifyDataSetChanged() завершен
2025-08-04 20:23:10.859 11576-11576 ReportsActivity         com.example.myapplication            D  📊 Статистика обновлена в адаптере
2025-08-04 20:23:10.866 11576-11576 OplusScrollToTopManager com.example.myapplication            D  com.example.myapplication/com.example.myapplication.ReportsActivity,window dying
2025-08-04 20:23:10.866 11576-11576 OplusScrollToTopManager com.example.myapplication            D  com.example.myapplication/com.example.myapplication.ReportsActivity,unregisterSystemUIBroadcastReceiver 
2025-08-04 20:23:10.866 11576-11576 OplusScrollToTopManager com.example.myapplication            D  com.example.myapplication/com.example.myapplication.ReportsActivity, unregisterSystemUIBroadcastReceiver failed java.lang.IllegalArgumentException: Receiver not registered: android.view.OplusScrollToTopManager$2@1b0101b
2025-08-04 20:23:10.866 11576-11576 WindowOnBackDispatcher  com.example.myapplication            W  sendCancelIfRunning: isInProgress=false callback=android.view.ViewRootImpl$$ExternalSyntheticLambda11@6997c27
2025-08-04 20:23:10.867 11576-11576 HWUI                    com.example.myapplication            D  RenderProxy::destroy: this=0xb400006de370af00, mContext=0xb400006de3780140
2025-08-04 20:23:10.867 11576-11646 HWUI                    com.example.myapplication            D  SkiaOpenGLPipeline::setSurface: this=0xb400006de2791dc0, surface=NULL
2025-08-04 20:23:10.868 11576-11646 HWUI                    com.example.myapplication            D  endAllActiveAnimators on 0xb400006de36eda00 (RippleDrawable) with handle 0xb400006e8acfa1a0
2025-08-04 20:23:10.880 11576-11592 BLASTBufferQueue        com.example.myapplication            D  [VRI[ReportsActivity]#9](f:0,a:2) destructor()
2025-08-04 20:23:10.880 11576-11592 BufferQueueConsumer     com.example.myapplication            D  [VRI[ReportsActivity]#9(BLAST Consumer)9](id:2d3800000009,api:0,p:-1,c:11576) disconnect
2025-08-04 20:23:10.881 11576-11576 StatisticsAdapter       com.example.myapplication            D  📊 getItemViewType() позиция 0 -> тип 0
2025-08-04 20:23:10.881 11576-11576 StatisticsAdapter       com.example.myapplication            D  📊 onBindViewHolder() позиция 0, тип HeaderViewHolder
2025-08-04 20:23:10.881 11576-11576 StatisticsAdapter       com.example.myapplication            D  📊 getItemViewType() позиция 1 -> тип 1
2025-08-04 20:23:10.881 11576-11576 StatisticsAdapter       com.example.myapplication            D  📊 onBindViewHolder() позиция 1, тип StatsCardsViewHolder
2025-08-04 20:23:10.888 11576-11576 StatisticsAdapter       com.example.myapplication            D  📊 getItemViewType() позиция 2 -> тип 2
2025-08-04 20:23:10.888 11576-11576 StatisticsAdapter       com.example.myapplication            D  📊 onBindViewHolder() позиция 2, тип GradeDistributionViewHolder
2025-08-04 20:23:10.896 11576-11576 InsetsController        com.example.myapplication            D  setRequestedVisibleTypes, mRequestedVisibleTypes: systemGestures mandatorySystemGestures tappableElement displayCutout windowDecor, requestedVisibleTypes: systemGestures mandatorySystemGestures tappableElement displayCutout windowDecor, visibleTypes: , type: 2, call: android.view.InsetsController.controlAnimationUnchecked:1477 android.view.InsetsController.applyAnimation:2191 android.view.InsetsController.applyAnimation:2161 android.view.InsetsController.onControlsChanged:1171 android.view.ViewRootImpl.handleInsetsControlChanged:2565 android.view.ViewRootImpl.-$$Nest$mhandleInsetsControlChanged:0 android.view.ViewRootImpl$ViewRootHandler.handleMessageImpl:7565 android.view.ViewRootImpl$ViewRootHandler.handleMessage:7504 android.os.Handler.dispatchMessage:107 android.os.Looper.loopOnce:282 
2025-08-04 20:23:10.896 11576-11576 callGcSupression        com.example.myapplication            D  java.lang.NullPointerException: Attempt to invoke virtual method 'java.lang.Object java.lang.reflect.Method.invoke(java.lang.Object, java.lang.Object[])' on a null object reference
2025-08-04 20:23:10.897 11576-11576 VRI[ReportsActivity]    com.example.myapplication            W  handleResized abandoned!
2025-08-04 20:23:10.908 11576-11656 OplusScrollToTopManager com.example.myapplication            D  com.example.myapplication/com.example.myapplication.ReportsActivity,This com.android.internal.policy.DecorView{8831dc1 V.E...... R....... 0,0-1080,2400 aid=3 alpha=1.0 viewInfo = }[ReportsActivity] change focus to false
2025-08-04 20:23:10.916 11576-11576 VRI[ReportsActivity]    com.example.myapplication            D  onFocusEvent true
2025-08-04 20:23:11.261 11576-11576 InsetsController        com.example.myapplication            D  setRequestedVisibleTypes, mRequestedVisibleTypes: systemGestures mandatorySystemGestures tappableElement displayCutout windowDecor, requestedVisibleTypes: systemGestures mandatorySystemGestures tappableElement displayCutout windowDecor, visibleTypes: , type: 2, call: android.view.InsetsController.notifyFinished:1879 android.view.InsetsAnimationThreadControlRunner$1.lambda$notifyFinished$0:86 android.view.InsetsAnimationThreadControlRunner$1.$r8$lambda$cDFF0h4Ncq-8EXdGszv69jrUu7c:0 android.view.InsetsAnimationThreadControlRunner$1$$ExternalSyntheticLambda1.run:0 android.os.Handler.handleCallback:973 android.os.Handler.dispatchMessage:100 android.os.Looper.loopOnce:282 android.os.Looper.loop:387 android.app.ActivityThread.main:9500 java.lang.reflect.Method.invoke:-2 
2025-08-04 20:23:11.923 11576-11656 OplusScrollToTopManager com.example.myapplication            D  com.example.myapplication/com.example.myapplication.ReportsActivity,This com.android.internal.policy.DecorView{8831dc1 V.E...... R....... 0,0-1080,2400 aid=3 alpha=1.0 viewInfo = }[ReportsActivity] change focus to true
2025-08-04 20:23:12.556 11576-11576 AutofillManager         com.example.myapplication            V  requestHideFillUi(null): anchor = null
2025-08-04 20:23:12.614 11576-11576 StatisticsAdapter       com.example.myapplication            D  📊 getItemViewType() позиция 3 -> тип 3
2025-08-04 20:23:12.614 11576-11576 StatisticsAdapter       com.example.myapplication            D  📊 onCreateViewHolder() тип 3
2025-08-04 20:23:12.623 11576-11576 StatisticsAdapter       com.example.myapplication            D  📊 onBindViewHolder() позиция 3, тип ErrorAnalysisViewHolder
2025-08-04 20:23:12.628 11576-11576 StatisticsAdapter       com.example.myapplication            D  📊 getItemViewType() позиция 3 -> тип 3
2025-08-04 20:23:12.657 11576-11576 StatisticsAdapter       com.example.myapplication            D  📊 getItemViewType() позиция 3 -> тип 3
2025-08-04 20:23:12.664 11576-11576 StatisticsAdapter       com.example.myapplication            D  📊 getItemViewType() позиция 4 -> тип 4
2025-08-04 20:23:12.664 11576-11576 StatisticsAdapter       com.example.myapplication            D  📊 onCreateViewHolder() тип 4
2025-08-04 20:23:12.664 11576-11576 StatisticsAdapter       com.example.myapplication            D  🔥 Создаем QuestionHeatmapViewHolder
2025-08-04 20:23:12.675 11576-11576 StatisticsAdapter       com.example.myapplication            D  📊 onBindViewHolder() позиция 4, тип QuestionHeatmapViewHolder
2025-08-04 20:23:12.675 11576-11576 StatisticsAdapter       com.example.myapplication            D  🔥 Вызываем QuestionHeatmapViewHolder.bind()
2025-08-04 20:23:12.675 11576-11576 StatisticsAdapter       com.example.myapplication            D  🔥 QuestionHeatmapViewHolder.bind() вызван с 0 элементами
2025-08-04 20:23:12.676 11576-11576 StatisticsAdapter       com.example.myapplication            W  🔥 Тепловая карта пустая, показываем сообщение
2025-08-04 20:23:12.682 11576-11576 StatisticsAdapter       com.example.myapplication            D  📊 getItemViewType() позиция 4 -> тип 4
2025-08-04 20:23:12.688 11576-11576 OplusViewDebugManager   com.example.myapplication            D  OplusViewDebugManager Constructor android.view.debug.OplusViewDebugManager@56b2cdf [mHasViewDebugProperty true] [mHasMsgDebugProperty false] [DEBUG false] [EXTRAINFOENABLE false] [LIGHT_OS true]
2025-08-04 20:23:12.688 11576-11576 OplusViewDebugManager   com.example.myapplication            D  OplusViewDebugManager Constructor android.view.debug.OplusViewDebugManager@9c83d2c [mHasViewDebugProperty true] [mHasMsgDebugProperty false] [DEBUG false] [EXTRAINFOENABLE false] [LIGHT_OS true]
2025-08-04 20:23:12.688 11576-11576 ScrollIdentify          com.example.myapplication            I  on fling
2025-08-04 20:23:12.689 11576-11576 ViewRootImplExtImpl     com.example.myapplication            D  the up motion event handled by client, just return
2025-08-04 20:23:12.710 11576-11576 StatisticsAdapter       com.example.myapplication            D  📊 getItemViewType() позиция 4 -> тип 4
2025-08-04 20:23:12.729 11576-11576 StatisticsAdapter       com.example.myapplication            D  📊 getItemViewType() позиция 4 -> тип 4
2025-08-04 20:23:12.748 11576-11576 StatisticsAdapter       com.example.myapplication            D  📊 getItemViewType() позиция 4 -> тип 4
2025-08-04 20:23:12.761 11576-11576 StatisticsAdapter       com.example.myapplication            D  📊 getItemViewType() позиция 4 -> тип 4
2025-08-04 20:23:12.780 11576-11576 StatisticsAdapter       com.example.myapplication            D  📊 getItemViewType() позиция 4 -> тип 4
2025-08-04 20:23:12.796 11576-11576 StatisticsAdapter       com.example.myapplication            D  📊 getItemViewType() позиция 4 -> тип 4
2025-08-04 20:23:12.798 11576-11576 StatisticsAdapter       com.example.myapplication            D  📊 getItemViewType() позиция 5 -> тип 5
2025-08-04 20:23:12.798 11576-11576 StatisticsAdapter       com.example.myapplication            D  📊 onCreateViewHolder() тип 5
2025-08-04 20:23:12.802 11576-11576 StatisticsAdapter       com.example.myapplication            D  📊 onBindViewHolder() позиция 5, тип RelatedErrorsViewHolder
2025-08-04 20:23:12.810 11576-11576 StatisticsAdapter       com.example.myapplication            D  📊 getItemViewType() позиция 5 -> тип 5
2025-08-04 20:23:12.830 11576-11576 StatisticsAdapter       com.example.myapplication            D  📊 getItemViewType() позиция 5 -> тип 5
2025-08-04 20:23:12.844 11576-11576 StatisticsAdapter       com.example.myapplication            D  📊 getItemViewType() позиция 5 -> тип 5
2025-08-04 20:23:12.864 11576-11576 StatisticsAdapter       com.example.myapplication            D  📊 getItemViewType() позиция 5 -> тип 5
2025-08-04 20:23:12.880 11576-11576 StatisticsAdapter       com.example.myapplication            D  📊 getItemViewType() позиция 5 -> тип 5
2025-08-04 20:23:12.894 11576-11576 StatisticsAdapter       com.example.myapplication            D  📊 getItemViewType() позиция 5 -> тип 5
2025-08-04 20:23:12.912 11576-11576 StatisticsAdapter       com.example.myapplication            D  📊 getItemViewType() позиция 5 -> тип 5
2025-08-04 20:23:12.929 11576-11576 StatisticsAdapter       com.example.myapplication            D  📊 getItemViewType() позиция 5 -> тип 5
2025-08-04 20:23:12.945 11576-11576 StatisticsAdapter       com.example.myapplication            D  📊 getItemViewType() позиция 5 -> тип 5
2025-08-04 20:23:12.962 11576-11576 StatisticsAdapter       com.example.myapplication            D  📊 getItemViewType() позиция 5 -> тип 5
2025-08-04 20:23:12.980 11576-11576 StatisticsAdapter       com.example.myapplication            D  📊 getItemViewType() позиция 5 -> тип 5
2025-08-04 20:23:12.997 11576-11576 StatisticsAdapter       com.example.myapplication            D  📊 getItemViewType() позиция 5 -> тип 5
2025-08-04 20:23:13.011 11576-11576 StatisticsAdapter       com.example.myapplication            D  📊 getItemViewType() позиция 5 -> тип 5
2025-08-04 20:23:13.030 11576-11576 StatisticsAdapter       com.example.myapplication            D  📊 getItemViewType() позиция 5 -> тип 5
2025-08-04 20:23:13.047 11576-11576 StatisticsAdapter       com.example.myapplication            D  📊 getItemViewType() позиция 5 -> тип 5
2025-08-04 20:23:13.062 11576-11576 StatisticsAdapter       com.example.myapplication            D  📊 getItemViewType() позиция 5 -> тип 5
2025-08-04 20:23:13.080 11576-11576 StatisticsAdapter       com.example.myapplication            D  📊 getItemViewType() позиция 5 -> тип 5
2025-08-04 20:23:13.096 11576-11576 StatisticsAdapter       com.example.myapplication            D  📊 getItemViewType() позиция 5 -> тип 5
2025-08-04 20:23:13.110 11576-11576 StatisticsAdapter       com.example.myapplication            D  📊 getItemViewType() позиция 5 -> тип 5
2025-08-04 20:23:13.129 11576-11576 StatisticsAdapter       com.example.myapplication            D  📊 getItemViewType() позиция 5 -> тип 5
2025-08-04 20:23:13.146 11576-11576 StatisticsAdapter       com.example.myapplication            D  📊 getItemViewType() позиция 5 -> тип 5
2025-08-04 20:23:13.162 11576-11576 StatisticsAdapter       com.example.myapplication            D  📊 getItemViewType() позиция 5 -> тип 5
2025-08-04 20:23:13.178 11576-11576 StatisticsAdapter       com.example.myapplication            D  📊 getItemViewType() позиция 5 -> тип 5
2025-08-04 20:23:13.196 11576-11576 StatisticsAdapter       com.example.myapplication            D  📊 getItemViewType() позиция 5 -> тип 5
2025-08-04 20:23:13.209 11576-11576 StatisticsAdapter       com.example.myapplication            D  📊 getItemViewType() позиция 5 -> тип 5
2025-08-04 20:23:13.228 11576-11576 StatisticsAdapter       com.example.myapplication            D  📊 getItemViewType() позиция 5 -> тип 5
2025-08-04 20:23:13.245 11576-11576 AutofillManager         com.example.myapplication            V  requestHideFillUi(null): anchor = null
2025-08-04 20:23:13.247 11576-11576 StatisticsAdapter       com.example.myapplication            D  📊 getItemViewType() позиция 5 -> тип 5
2025-08-04 20:23:13.289 11576-11576 StatisticsAdapter       com.example.myapplication            D  📊 getItemViewType() позиция 5 -> тип 5
2025-08-04 20:23:13.306 11576-11576 StatisticsAdapter       com.example.myapplication            D  📊 getItemViewType() позиция 5 -> тип 5
2025-08-04 20:23:13.320 11576-11576 StatisticsAdapter       com.example.myapplication            D  📊 getItemViewType() позиция 5 -> тип 5
2025-08-04 20:23:13.330 11576-11576 ScrollIdentify          com.example.myapplication            I  on fling
2025-08-04 20:23:13.330 11576-11576 ViewRootImplExtImpl     com.example.myapplication            D  the up motion event handled by client, just return
2025-08-04 20:23:14.115 11576-11576 AutofillManager         com.example.myapplication            V  requestHideFillUi(null): anchor = null
2025-08-04 20:23:14.270 11576-11576 ScrollIdentify          com.example.myapplication            I  on fling
2025-08-04 20:23:14.270 11576-11576 ViewRootImplExtImpl     com.example.myapplication            D  the up motion event handled by client, just return
2025-08-04 20:23:14.823 11576-11576 AutofillManager         com.example.myapplication            V  requestHideFillUi(null): anchor = null
2025-08-04 20:23:15.012 11576-11576 OplusViewDebugManager   com.example.myapplication            D  OplusViewDebugManager Constructor android.view.debug.OplusViewDebugManager@418a71 [mHasViewDebugProperty true] [mHasMsgDebugProperty false] [DEBUG false] [EXTRAINFOENABLE false] [LIGHT_OS true]
2025-08-04 20:23:15.013 11576-11576 OplusViewDebugManager   com.example.myapplication            D  OplusViewDebugManager Constructor android.view.debug.OplusViewDebugManager@87c9056 [mHasViewDebugProperty true] [mHasMsgDebugProperty false] [DEBUG false] [EXTRAINFOENABLE false] [LIGHT_OS true]
2025-08-04 20:23:15.013 11576-11576 ScrollIdentify          com.example.myapplication            I  on fling
2025-08-04 20:23:15.013 11576-11576 ViewRootImplExtImpl     com.example.myapplication            D  the up motion event handled by client, just return
2025-08-04 20:23:17.155 11576-11576 AutofillManager         com.example.myapplication            V  requestHideFillUi(null): anchor = null
2025-08-04 20:23:17.200 11576-11576 StatisticsAdapter       com.example.myapplication            D  📊 getItemViewType() позиция 2 -> тип 2
2025-08-04 20:23:17.227 11576-11576 StatisticsAdapter       com.example.myapplication            D  📊 getItemViewType() позиция 2 -> тип 2
2025-08-04 20:23:17.239 11576-11576 StatisticsAdapter       com.example.myapplication            D  📊 getItemViewType() позиция 2 -> тип 2
2025-08-04 20:23:17.243 11576-11576 StatisticsAdapter       com.example.myapplication            D  📊 getItemViewType() позиция 1 -> тип 1
2025-08-04 20:23:17.251 11576-11576 ScrollIdentify          com.example.myapplication            I  on fling
2025-08-04 20:23:17.251 11576-11576 ViewRootImplExtImpl     com.example.myapplication            D  the up motion event handled by client, just return
2025-08-04 20:23:17.258 11576-11576 StatisticsAdapter       com.example.myapplication            D  📊 getItemViewType() позиция 1 -> тип 1
2025-08-04 20:23:17.275 11576-11576 StatisticsAdapter       com.example.myapplication            D  📊 getItemViewType() позиция 1 -> тип 1
2025-08-04 20:23:17.279 11576-11576 StatisticsAdapter       com.example.myapplication            D  📊 getItemViewType() позиция 0 -> тип 0
2025-08-04 20:23:17.291 11576-11576 StatisticsAdapter       com.example.myapplication            D  📊 getItemViewType() позиция 0 -> тип 0
2025-08-04 20:23:17.308 11576-11576 StatisticsAdapter       com.example.myapplication            D  📊 getItemViewType() позиция 0 -> тип 0
2025-08-04 20:23:17.324 11576-11576 StatisticsAdapter       com.example.myapplication            D  📊 getItemViewType() позиция 0 -> тип 0
2025-08-04 20:23:19.446 11576-11576 AutofillManager         com.example.myapplication            V  requestHideFillUi(null): anchor = null
2025-08-04 20:23:19.490 11576-11576 StatisticsAdapter       com.example.myapplication            D  📊 getItemViewType() позиция 3 -> тип 3
2025-08-04 20:23:19.506 11576-11576 StatisticsAdapter       com.example.myapplication            D  📊 getItemViewType() позиция 3 -> тип 3
2025-08-04 20:23:19.524 11576-11576 StatisticsAdapter       com.example.myapplication            D  📊 getItemViewType() позиция 3 -> тип 3
2025-08-04 20:23:19.540 11576-11576 StatisticsAdapter       com.example.myapplication            D  📊 getItemViewType() позиция 3 -> тип 3
2025-08-04 20:23:19.545 11576-11576 StatisticsAdapter       com.example.myapplication            D  📊 getItemViewType() позиция 4 -> тип 4
2025-08-04 20:23:19.569 11576-11576 StatisticsAdapter       com.example.myapplication            D  📊 getItemViewType() позиция 4 -> тип 4
2025-08-04 20:23:19.577 11576-11576 ScrollIdentify          com.example.myapplication            I  on fling
2025-08-04 20:23:19.577 11576-11576 ViewRootImplExtImpl     com.example.myapplication            D  the up motion event handled by client, just return
2025-08-04 20:23:19.583 11576-11576 StatisticsAdapter       com.example.myapplication            D  📊 getItemViewType() позиция 4 -> тип 4
2025-08-04 20:23:19.604 11576-11576 StatisticsAdapter       com.example.myapplication            D  📊 getItemViewType() позиция 4 -> тип 4
2025-08-04 20:23:19.616 11576-11576 StatisticsAdapter       com.example.myapplication            D  📊 getItemViewType() позиция 4 -> тип 4
2025-08-04 20:23:19.633 11576-11576 StatisticsAdapter       com.example.myapplication            D  📊 getItemViewType() позиция 4 -> тип 4
2025-08-04 20:23:19.649 11576-11576 StatisticsAdapter       com.example.myapplication            D  📊 getItemViewType() позиция 4 -> тип 4
2025-08-04 20:23:19.650 11576-11576 StatisticsAdapter       com.example.myapplication            D  📊 getItemViewType() позиция 5 -> тип 5
2025-08-04 20:23:19.666 11576-11576 StatisticsAdapter       com.example.myapplication            D  📊 getItemViewType() позиция 5 -> тип 5
2025-08-04 20:23:19.683 11576-11576 StatisticsAdapter       com.example.myapplication            D  📊 getItemViewType() позиция 5 -> тип 5
2025-08-04 20:23:19.699 11576-11576 StatisticsAdapter       com.example.myapplication            D  📊 getItemViewType() позиция 5 -> тип 5
2025-08-04 20:23:19.716 11576-11576 StatisticsAdapter       com.example.myapplication            D  📊 getItemViewType() позиция 5 -> тип 5
2025-08-04 20:23:19.732 11576-11576 StatisticsAdapter       com.example.myapplication            D  📊 getItemViewType() позиция 5 -> тип 5
2025-08-04 20:23:19.749 11576-11576 StatisticsAdapter       com.example.myapplication            D  📊 getItemViewType() позиция 5 -> тип 5
2025-08-04 20:23:19.766 11576-11576 StatisticsAdapter       com.example.myapplication            D  📊 getItemViewType() позиция 5 -> тип 5
2025-08-04 20:23:19.782 11576-11576 StatisticsAdapter       com.example.myapplication            D  📊 getItemViewType() позиция 5 -> тип 5
2025-08-04 20:23:19.799 11576-11576 StatisticsAdapter       com.example.myapplication            D  📊 getItemViewType() позиция 5 -> тип 5
2025-08-04 20:23:19.815 11576-11576 StatisticsAdapter       com.example.myapplication            D  📊 getItemViewType() позиция 5 -> тип 5
2025-08-04 20:23:19.831 11576-11576 StatisticsAdapter       com.example.myapplication            D  📊 getItemViewType() позиция 5 -> тип 5
2025-08-04 20:23:19.848 11576-11576 StatisticsAdapter       com.example.myapplication            D  📊 getItemViewType() позиция 5 -> тип 5
2025-08-04 20:23:19.865 11576-11576 StatisticsAdapter       com.example.myapplication            D  📊 getItemViewType() позиция 5 -> тип 5
2025-08-04 20:23:19.882 11576-11576 StatisticsAdapter       com.example.myapplication            D  📊 getItemViewType() позиция 5 -> тип 5
2025-08-04 20:23:19.898 11576-11576 StatisticsAdapter       com.example.myapplication            D  📊 getItemViewType() позиция 5 -> тип 5
2025-08-04 20:23:19.915 11576-11576 StatisticsAdapter       com.example.myapplication            D  📊 getItemViewType() позиция 5 -> тип 5
2025-08-04 20:23:19.932 11576-11576 StatisticsAdapter       com.example.myapplication            D  📊 getItemViewType() позиция 5 -> тип 5
2025-08-04 20:23:19.948 11576-11576 StatisticsAdapter       com.example.myapplication            D  📊 getItemViewType() позиция 5 -> тип 5
2025-08-04 20:23:19.965 11576-11576 StatisticsAdapter       com.example.myapplication            D  📊 getItemViewType() позиция 5 -> тип 5
2025-08-04 20:23:19.981 11576-11576 StatisticsAdapter       com.example.myapplication            D  📊 getItemViewType() позиция 5 -> тип 5
2025-08-04 20:23:19.998 11576-11576 StatisticsAdapter       com.example.myapplication            D  📊 getItemViewType() позиция 5 -> тип 5
2025-08-04 20:23:20.015 11576-11576 StatisticsAdapter       com.example.myapplication            D  📊 getItemViewType() позиция 5 -> тип 5
2025-08-04 20:23:20.031 11576-11576 StatisticsAdapter       com.example.myapplication            D  📊 getItemViewType() позиция 5 -> тип 5
2025-08-04 20:23:20.048 11576-11576 StatisticsAdapter       com.example.myapplication            D  📊 getItemViewType() позиция 5 -> тип 5
2025-08-04 20:23:20.065 11576-11576 StatisticsAdapter       com.example.myapplication            D  📊 getItemViewType() позиция 5 -> тип 5
2025-08-04 20:23:20.069 11576-11576 AutofillManager         com.example.myapplication            V  requestHideFillUi(null): anchor = null
2025-08-04 20:23:20.129 11576-11576 StatisticsAdapter       com.example.myapplication            D  📊 getItemViewType() позиция 5 -> тип 5
2025-08-04 20:23:20.178 11576-11576 ScrollIdentify          com.example.myapplication            I  on fling
2025-08-04 20:23:20.178 11576-11576 ViewRootImplExtImpl     com.example.myapplication            D  the up motion event handled by client, just return
2025-08-04 20:23:21.145 11576-11576 AutofillManager         com.example.myapplication            V  requestHideFillUi(null): anchor = null
2025-08-04 20:23:21.251 11576-11576 callGcSupression        com.example.myapplication            D  java.lang.NullPointerException: Attempt to invoke virtual method 'java.lang.Object java.lang.reflect.Method.invoke(java.lang.Object, java.lang.Object[])' on a null object reference
2025-08-04 20:23:21.251 11576-11576 VRI[ReportsActivity]    com.example.myapplication            W  handleResized abandoned!
2025-08-04 20:23:21.315 11576-11576 VelocityTracker         com.example.myapplication            I  LSQ2 speed rezero
2025-08-04 20:23:21.316 11576-11576 VelocityTracker         com.example.myapplication            I  LSQ2 speed rezero
2025-08-04 20:23:21.316 11576-11576 ScrollIdentify          com.example.myapplication            I  on fling
2025-08-04 20:23:21.316 11576-11576 ViewRootImplExtImpl     com.example.myapplication            D  the up motion event handled by client, just return
2025-08-04 20:23:21.882 11576-11576 Activity                com.example.myapplication            D  dispatchKeyEvent to com.example.myapplication.ReportsActivity@a9539a1 will call onBackPressed
2025-08-04 20:23:21.882 11576-11576 Activity                com.example.myapplication            D  com.example.myapplication.ReportsActivity@a9539a1onBackPressed!
2025-08-04 20:23:21.890 11576-11576 callGcSupression        com.example.myapplication            D  java.lang.NullPointerException: Attempt to invoke virtual method 'java.lang.Object java.lang.reflect.Method.invoke(java.lang.Object, java.lang.Object[])' on a null object reference
2025-08-04 20:23:21.892 11576-11576 ScrollOpti...neManager] com.example.myapplication            D  updateCurrentActivity: mCurrentActivityName=null, isOptEnable=true, isAnimAheadEnable=true, isFrameInsertEnable=true, InsertNum=1, isEnabledForScrollChanged=false
2025-08-04 20:23:21.895 11576-11592 VRI[MainActivity]       com.example.myapplication            D  dispatchAppVisibility visible:true
2025-08-04 20:23:21.907 11576-11576 callGcSupression        com.example.myapplication            D  java.lang.NullPointerException: Attempt to invoke virtual method 'java.lang.Object java.lang.reflect.Method.invoke(java.lang.Object, java.lang.Object[])' on a null object reference
2025-08-04 20:23:21.907 11576-11576 VRI[MainActivity]       com.example.myapplication            D  setWindowStopped stopped:false
2025-08-04 20:23:21.909 11576-11576 ScrollOpti...neManager] com.example.myapplication            D  updateCurrentActivity: mCurrentActivityName=com.example.myapplication.MainActivity, isOptEnable=true, isAnimAheadEnable=true, isFrameInsertEnable=true, InsertNum=1, isEnabledForScrollChanged=false
2025-08-04 20:23:21.909 11576-11576 ActivityThread          com.example.myapplication            D  ComponentInfo{com.example.myapplication/com.example.myapplication.MainActivity} checkFinished=false 2
2025-08-04 20:23:21.909 11576-11576 ResourcesManagerExtImpl com.example.myapplication            D  applyConfigurationToAppResourcesLocked app.getDisplayId() return callback.displayId:0
2025-08-04 20:23:21.923 11576-11576 ViewRootImplExtImpl     com.example.myapplication            D  wrapConfigInfoIntoFlags rotation=0, smallestScreenWidthDp=360, relayoutAsync=false, flags=0, newFlags=23592960, residentWS=false, title=com.example.myapplication/com.example.myapplication.MainActivity
2025-08-04 20:23:21.935 11576-11576 VRI[MainActivity]       com.example.myapplication            D  relayoutWindow result, sizeChanged:false, surfaceControlChanged:true, transformHintChanged:false, mSurfaceSize:Point(1080, 2400), mLastSurfaceSize:Point(1080, 2400), mWidth:1080, mHeight:2400, requestedWidth:1080, requestedHeight:2400, transformHint:0, installOrientation:0, displayRotation:0, isSurfaceValid:true, attr.flag:-2122252032, tmpFrames:ClientWindowFrames{frame=[0,0][1080,2400] display=[0,0][1080,2400] parentFrame=[0,0][0,0]}, relayoutAsync:false, mSyncSeqId:0
2025-08-04 20:23:21.935 11576-11576 VRI[MainActivity]       com.example.myapplication            W  updateBlastSurfaceIfNeeded, surfaceSize:Point(1080, 2400), lastSurfaceSize:Point(1080, 2400), format:-1, blastBufferQueue:null
2025-08-04 20:23:21.935 11576-11576 BufferQueueConsumer     com.example.myapplication            D  [](id:2d380000000a,api:0,p:-1,c:11576) connect: controlledByApp=false
2025-08-04 20:23:21.938 11576-11576 SurfaceControl          com.example.myapplication            I   setExtendedRangeBrightness sc=Surface(name=com.example.myapplication/com.example.myapplication.MainActivity)/@0xe766b0a,currentBufferRatio=1.0,desiredRatio=1.0
2025-08-04 20:23:21.946 11576-11646 BLASTBufferQueue        com.example.myapplication            D  [VRI[MainActivity]#10](f:0,a:1) acquireNextBufferLocked size=1080x2400 mFrameNumber=1 applyTransaction=true mTimestamp=1428916564845092(auto) mPendingTransactions.size=0 graphicBufferId=49718541418536 transform=0
2025-08-04 20:23:21.946 11576-11646 VRI[MainActivity]       com.example.myapplication            D  Received frameCommittedCallback lastAttemptedDrawFrameNum=1 didProduceBuffer=true syncBuffer=false
2025-08-04 20:23:21.947 11576-11576 VRI[MainActivity]       com.example.myapplication            D  draw finished. seqId=0
2025-08-04 20:23:21.947 11576-11576 ViewRootImplExtImpl     com.example.myapplication            D  setMaxDequeuedBufferCount: 2
2025-08-04 20:23:21.947 11576-11576 VRI[ReportsActivity]    com.example.myapplication            D  onFocusEvent false
2025-08-04 20:23:21.952 11576-11576 callGcSupression        com.example.myapplication            D  java.lang.NullPointerException: Attempt to invoke virtual method 'java.lang.Object java.lang.reflect.Method.invoke(java.lang.Object, java.lang.Object[])' on a null object reference
2025-08-04 20:23:21.952 11576-11576 VRI[MainActivity]       com.example.myapplication            W  handleResized, msg:, frameChanged:false, configChanged:false, displayChanged:false, attachedFrameChanged:false, compatScaleChanged:false, pendingDragResizing=false
2025-08-04 20:23:21.963 11576-11646 VRI[MainActivity]       com.example.myapplication            D  Received frameCommittedCallback lastAttemptedDrawFrameNum=3 didProduceBuffer=true syncBuffer=false
2025-08-04 20:23:21.963 11576-11576 VRI[MainActivity]       com.example.myapplication            D  draw finished. seqId=0
2025-08-04 20:23:21.981 11576-11576 VRI[MainActivity]       com.example.myapplication            D  onFocusEvent true
2025-08-04 20:23:21.998 11576-11576 callGcSupression        com.example.myapplication            D  java.lang.NullPointerException: Attempt to invoke virtual method 'java.lang.Object java.lang.reflect.Method.invoke(java.lang.Object, java.lang.Object[])' on a null object reference
2025-08-04 20:23:21.998 11576-11576 VRI[MainActivity]       com.example.myapplication            W  handleResized abandoned!
2025-08-04 20:23:22.182 11576-11592 VRI[ReportsActivity]    com.example.myapplication            D  dispatchAppVisibility visible:false
2025-08-04 20:23:22.191 11576-11576 VRI[ReportsActivity]    com.example.myapplication            D  visibilityChanged oldVisibility=true newVisibility=false
2025-08-04 20:23:22.192 11576-11576 callGcSupression        com.example.myapplication            D  java.lang.NullPointerException: Attempt to invoke virtual method 'java.lang.Object java.lang.reflect.Method.invoke(java.lang.Object, java.lang.Object[])' on a null object reference
2025-08-04 20:23:22.194 11576-11576 VRI[ReportsActivity]    com.example.myapplication            D  setWindowStopped stopped:true
2025-08-04 20:23:22.198 11576-11576 OplusScrollToTopManager com.example.myapplication            D  com.example.myapplication/com.example.myapplication.ReportsActivity,window dying
2025-08-04 20:23:22.198 11576-11576 OplusScrollToTopManager com.example.myapplication            D  com.example.myapplication/com.example.myapplication.ReportsActivity,unregisterSystemUIBroadcastReceiver 
2025-08-04 20:23:22.198 11576-11576 OplusScrollToTopManager com.example.myapplication            D  com.example.myapplication/com.example.myapplication.ReportsActivity, unregisterSystemUIBroadcastReceiver failed java.lang.IllegalArgumentException: Receiver not registered: android.view.OplusScrollToTopManager$2@ccb0f60
2025-08-04 20:23:22.198 11576-11576 WindowOnBackDispatcher  com.example.myapplication            W  sendCancelIfRunning: isInProgress=false callback=android.view.ViewRootImpl$$ExternalSyntheticLambda11@362d4fd
2025-08-04 20:23:22.199 11576-11576 OplusCursorFeedback     com.example.myapplication            D  editorDetachFromWindow android.widget.Editor@564fc19
2025-08-04 20:23:22.199 11576-11576 OplusCursorFeedback     com.example.myapplication            D  editorDetachFromWindow android.widget.Editor@52524de
2025-08-04 20:23:22.199 11576-11576 OplusCursorFeedback     com.example.myapplication            D  editorDetachFromWindow android.widget.Editor@3c086bf
2025-08-04 20:23:22.199 11576-11576 OplusCursorFeedback     com.example.myapplication            D  editorDetachFromWindow android.widget.Editor@8c1c18c
2025-08-04 20:23:22.200 11576-11576 HWUI                    com.example.myapplication            D  RenderProxy::destroy: this=0xb400006e899b2700, mContext=0xb400006de357bcc0
2025-08-04 20:23:22.200 11576-11646 HWUI                    com.example.myapplication            D  SkiaOpenGLPipeline::setSurface: this=0xb400006de2768540, surface=NULL
2025-08-04 20:23:22.201 11576-11646 BLASTBufferQueue        com.example.myapplication            D  [VRI[ReportsActivity]#8](f:0,a:2) destructor()
2025-08-04 20:23:22.201 11576-11646 BufferQueueConsumer     com.example.myapplication            D  [VRI[ReportsActivity]#8(BLAST Consumer)8](id:2d3800000008,api:0,p:-1,c:11576) disconnect
2025-08-04 20:23:22.986 11576-11656 OplusScrollToTopManager com.example.myapplication            D  com.example.myapplication/com.example.myapplication.MainActivity,This com.android.internal.policy.DecorView{64732a2 V.E...... R......D 0,0-1080,2400 aid=0 alpha=1.0 viewInfo = }[MainActivity] change focus to true
2025-08-04 20:24:05.565 11576-11646 HWUI                    com.example.myapplication            D  SkiaOpenGLPipeline::setSurface: this=0xb400006de2768540, surface=NULL
2025-08-04 20:24:05.566 11576-11646 HWUI                    com.example.myapplication            D  SkiaOpenGLPipeline::setSurface: this=0xb400006de2791dc0, surface=NULL
2025-08-04 20:24:34.615 11576-11576 AutofillManager         com.example.myapplication            V  requestHideFillUi(null): anchor = null
2025-08-04 20:24:34.760 11576-11576 callGcSupression        com.example.myapplication            D  java.lang.NullPointerException: Attempt to invoke virtual method 'java.lang.Object java.lang.reflect.Method.invoke(java.lang.Object, java.lang.Object[])' on a null object reference
2025-08-04 20:24:34.760 11576-11576 VRI[MainActivity]       com.example.myapplication            W  handleResized abandoned!
2025-08-04 20:24:34.823 11576-11576 ScrollIdentify          com.example.myapplication            I  on fling
2025-08-04 20:24:34.824 11576-11576 ViewRootImplExtImpl     com.example.myapplication            D  the up motion event handled by client, just return
2025-08-04 20:24:35.498 11576-11576 AutofillManager         com.example.myapplication            V  requestHideFillUi(null): anchor = null
2025-08-04 20:24:35.605 11576-11576 VelocityTracker         com.example.myapplication            I  LSQ2 speed rezero
2025-08-04 20:24:35.605 11576-11576 VelocityTracker         com.example.myapplication            I  LSQ2 speed rezero
2025-08-04 20:24:35.606 11576-11576 VelocityTracker         com.example.myapplication            I  LSQ2 speed rezero
2025-08-04 20:24:35.606 11576-11576 ScrollIdentify          com.example.myapplication            I  on fling
2025-08-04 20:24:35.606 11576-11576 ViewRootImplExtImpl     com.example.myapplication            D  the up motion event handled by client, just return
2025-08-04 20:24:36.900 11576-11576 AutofillManager         com.example.myapplication            V  requestHideFillUi(null): anchor = null
2025-08-04 20:24:36.989 11576-11576 ViewRootImplExtImpl     com.example.myapplication            D  the up motion event handled by client, just return
2025-08-04 20:24:37.022 11576-11576 callGcSupression        com.example.myapplication            D  java.lang.NullPointerException: Attempt to invoke virtual method 'java.lang.Object java.lang.reflect.Method.invoke(java.lang.Object, java.lang.Object[])' on a null object reference
2025-08-04 20:24:37.022 11576-11576 VRI[MainActivity]       com.example.myapplication            W  handleResized abandoned!
2025-08-04 20:24:37.023 11576-11576 callGcSupression        com.example.myapplication            D  java.lang.NullPointerException: Attempt to invoke virtual method 'java.lang.Object java.lang.reflect.Method.invoke(java.lang.Object, java.lang.Object[])' on a null object reference
2025-08-04 20:24:37.025 11576-11576 ScrollOpti...neManager] com.example.myapplication            D  updateCurrentActivity: mCurrentActivityName=null, isOptEnable=true, isAnimAheadEnable=true, isFrameInsertEnable=true, InsertNum=1, isEnabledForScrollChanged=false
2025-08-04 20:24:37.032 11576-11576 callGcSupression        com.example.myapplication            D  java.lang.NullPointerException: Attempt to invoke virtual method 'java.lang.Object java.lang.reflect.Method.invoke(java.lang.Object, java.lang.Object[])' on a null object reference
2025-08-04 20:24:37.034 11576-13331 libMEOW                 com.example.myapplication            D  meow new tls: 0xb400006e9e50da80
2025-08-04 20:24:37.034 11576-13331 libMEOW                 com.example.myapplication            D  applied 1 plugins for [com.example.myapplication]:
2025-08-04 20:24:37.034 11576-13331 libMEOW                 com.example.myapplication            D    plugin 1: [libMEOW_gift.so]: 0xb400006ef062d480
2025-08-04 20:24:37.035 11576-13331 libMEOW                 com.example.myapplication            D  rebuild call chain: 0xb400006f0ce3c000
2025-08-04 20:24:37.035 11576-13331 libMEOW                 com.example.myapplication            D  meow delete tls: 0xb400006e9e50da80
2025-08-04 20:24:37.036 11576-11576 ResourcesManagerExtImpl com.example.myapplication            D  applyConfigurationToAppResourcesLocked app.getDisplayId() return callback.displayId:0
2025-08-04 20:24:37.059 11576-11576 oplus.andr...actoryImpl com.example.myapplication            I  get feature:IOplusDynamicVsyncFeature
2025-08-04 20:24:37.059 11576-11576 oplus.andr...actoryImpl com.example.myapplication            I  get feature:IOplusDynamicVsyncFeature
2025-08-04 20:24:37.059 11576-11576 oplus.andr...actoryImpl com.example.myapplication            I  get feature:IOplusDynamicVsyncFeature
2025-08-04 20:24:37.066 11576-11576 AutofillManager         com.example.myapplication            D  Fill dialog is enabled:false, hints=[password, passwordAuto, creditCardNumber, creditCardSecurityCode, creditCardExpirationDate]
2025-08-04 20:24:37.066 11576-11576 TextView                com.example.myapplication            V  notifyAutoFillManagerAfterTextChanged
2025-08-04 20:24:37.066 11576-11576 AutofillManager         com.example.myapplication            V  notifyValueChanged(1073741824): ignoring on state UNKNOWN
2025-08-04 20:24:37.067 11576-11576 TextView                com.example.myapplication            V  notifyAutoFillManagerAfterTextChanged
2025-08-04 20:24:37.067 11576-11576 AutofillManager         com.example.myapplication            V  notifyValueChanged(1073741824): ignoring on state UNKNOWN
2025-08-04 20:24:37.068 11576-11576 TextView                com.example.myapplication            V  notifyAutoFillManagerAfterTextChanged
2025-08-04 20:24:37.068 11576-11576 AutofillManager         com.example.myapplication            V  notifyValueChanged(1073741824): ignoring on state UNKNOWN
2025-08-04 20:24:37.071 11576-11576 TextView                com.example.myapplication            V  notifyAutoFillManagerAfterTextChanged
2025-08-04 20:24:37.071 11576-11576 AutofillManager         com.example.myapplication            V  notifyValueChanged(1073741825): ignoring on state UNKNOWN
2025-08-04 20:24:37.071 11576-11576 TextView                com.example.myapplication            V  notifyAutoFillManagerAfterTextChanged
2025-08-04 20:24:37.071 11576-11576 AutofillManager         com.example.myapplication            V  notifyValueChanged(1073741825): ignoring on state UNKNOWN
2025-08-04 20:24:37.072 11576-11576 TextView                com.example.myapplication            V  notifyAutoFillManagerAfterTextChanged
2025-08-04 20:24:37.072 11576-11576 AutofillManager         com.example.myapplication            V  notifyValueChanged(1073741825): ignoring on state UNKNOWN
2025-08-04 20:24:37.101 11576-11576 oplus.andr...actoryImpl com.example.myapplication            I  get feature:IOplusDynamicVsyncFeature
2025-08-04 20:24:37.101 11576-11576 oplus.andr...actoryImpl com.example.myapplication            I  get feature:IOplusDynamicVsyncFeature
2025-08-04 20:24:37.101 11576-11576 oplus.andr...actoryImpl com.example.myapplication            I  get feature:IOplusDynamicVsyncFeature
2025-08-04 20:24:37.106 11576-11576 OpenCV/StaticHelper     com.example.myapplication            D  First attempt to load libs
2025-08-04 20:24:37.106 11576-11576 OpenCV/StaticHelper     com.example.myapplication            D  Trying to load library opencv_java4
2025-08-04 20:24:37.107 11576-11576 OpenCV/StaticHelper     com.example.myapplication            D  Library opencv_java4 loaded
2025-08-04 20:24:37.107 11576-11576 OpenCV/StaticHelper     com.example.myapplication            D  First attempt to load libs is OK
2025-08-04 20:24:37.107 11576-11576 OpenCV/StaticHelper     com.example.myapplication            I  
2025-08-04 20:24:37.107 11576-11576 OpenCV/StaticHelper     com.example.myapplication            I  General configuration for OpenCV 4.12.0 =====================================
2025-08-04 20:24:37.107 11576-11576 OpenCV/StaticHelper     com.example.myapplication            I    Version control:               4.12.0-dirty
2025-08-04 20:24:37.107 11576-11576 OpenCV/StaticHelper     com.example.myapplication            I  
2025-08-04 20:24:37.107 11576-11576 OpenCV/StaticHelper     com.example.myapplication            I    Platform:
2025-08-04 20:24:37.107 11576-11576 OpenCV/StaticHelper     com.example.myapplication            I      Timestamp:                   2025-07-02T13:00:18Z
2025-08-04 20:24:37.107 11576-11576 OpenCV/StaticHelper     com.example.myapplication            I      Host:                        Linux 5.4.0-200-generic x86_64
2025-08-04 20:24:37.107 11576-11576 OpenCV/StaticHelper     com.example.myapplication            I      Target:                      Android 1 aarch64
2025-08-04 20:24:37.107 11576-11576 OpenCV/StaticHelper     com.example.myapplication            I      CMake:                       3.22.1-g37088a8
2025-08-04 20:24:37.107 11576-11576 OpenCV/StaticHelper     com.example.myapplication            I      CMake generator:             Ninja
2025-08-04 20:24:37.107 11576-11576 OpenCV/StaticHelper     com.example.myapplication            I      CMake build tool:            /opt/android-sdk/cmake/3.22.1/bin/ninja
2025-08-04 20:24:37.107 11576-11576 OpenCV/StaticHelper     com.example.myapplication            I      Configuration:               Release
2025-08-04 20:24:37.107 11576-11576 OpenCV/StaticHelper     com.example.myapplication            I      Algorithm Hint:              ALGO_HINT_ACCURATE
2025-08-04 20:24:37.107 11576-11576 OpenCV/StaticHelper     com.example.myapplication            I  
2025-08-04 20:24:37.107 11576-11576 OpenCV/StaticHelper     com.example.myapplication            I    CPU/HW features:
2025-08-04 20:24:37.107 11576-11576 OpenCV/StaticHelper     com.example.myapplication            I      Baseline:                    NEON FP16
2025-08-04 20:24:37.107 11576-11576 OpenCV/StaticHelper     com.example.myapplication            I        requested:                 DETECT
2025-08-04 20:24:37.107 11576-11576 OpenCV/StaticHelper     com.example.myapplication            I      Dispatched code generation:  NEON_DOTPROD NEON_FP16 NEON_BF16
2025-08-04 20:24:37.107 11576-11576 OpenCV/StaticHelper     com.example.myapplication            I        requested:                 NEON_FP16 NEON_BF16 NEON_DOTPROD
2025-08-04 20:24:37.107 11576-11576 OpenCV/StaticHelper     com.example.myapplication            I        NEON_DOTPROD (2 files):    + NEON_DOTPROD
2025-08-04 20:24:37.107 11576-11576 OpenCV/StaticHelper     com.example.myapplication            I        NEON_FP16 (2 files):       + NEON_FP16
2025-08-04 20:24:37.107 11576-11576 OpenCV/StaticHelper     com.example.myapplication            I        NEON_BF16 (0 files):       + NEON_BF16
2025-08-04 20:24:37.107 11576-11576 OpenCV/StaticHelper     com.example.myapplication            I  
2025-08-04 20:24:37.107 11576-11576 OpenCV/StaticHelper     com.example.myapplication            I    C/C++:
2025-08-04 20:24:37.107 11576-11576 OpenCV/StaticHelper     com.example.myapplication            I      Built as dynamic libs?:      NO
2025-08-04 20:24:37.107 11576-11576 OpenCV/StaticHelper     com.example.myapplication            I      C++ standard:                11
2025-08-04 20:24:37.107 11576-11576 OpenCV/StaticHelper     com.example.myapplication            I      C++ Compiler:                /opt/android-sdk/ndk/27.2.12479018/toolchains/llvm/prebuilt/linux-x86_64/bin/clang++  (ver 18.0.3)
2025-08-04 20:24:37.107 11576-11576 OpenCV/StaticHelper     com.example.myapplication            I      C++ flags (Release):         -DANDROID -fdata-sections -ffunction-sections -funwind-tables -fstack-protector-strong -no-canonical-prefixes -D__BIONIC_NO_PAGE_SIZE_MACRO -D_FORTIFY_SOURCE=2 -Wformat -Werror=format-security     -fsigned-char -W -Wall -Wreturn-type -Wnon-virtual-dtor -Waddress -Wsequence-point -Wformat -Wformat-security -Wmissing-declarations -Wmissing-prototypes -Wstrict-prototypes -Wundef -Winit-self -Wpointer-arith -Wshadow -Wsign-promo -Wuninitialized -Winconsistent-missing-override -Wno-delete-non-virtual-dtor -Wno-unnamed-type-template-args -Wno-comment -Wno-deprecated-enum-enum-conversion -Wno-deprecated-anon-enum-enum-conversion -fdiagnostics-show-option -Qunused-arguments  -fvisibility=hidden -fvisibility-inlines-hidden  -O3 -DNDEBUG   -DNDEBUG
2025-08-04 20:24:37.107 11576-11576 OpenCV/StaticHelper     com.example.myapplication            I      C++ flags (Debug):           -DANDROID -fdata-sections -ffunction-sections -funwind-tables -fstack-protector-strong -no-canonical-prefixes -D__BIONIC_NO_PAGE_SIZE_MACRO -D_FORTIFY_SOURCE=2 -Wformat -Werror=format-security     -fsigned-char -W -Wall -Wreturn-type -Wnon-virtual-dtor -Waddress -Wsequence-point -Wformat -Wformat-security -Wmissing-declarations -Wmissing-prototypes -Wstrict-prototypes -Wundef -Winit-self -Wpointer-arith -Wshadow -Wsign-promo -Wuninitialized -Winconsistent-missing-override -Wno-delete-non-virtual-dtor -Wno-unnamed-type-template-args -Wno-comment -Wno-deprecated-enum-enum-conversion -Wno-deprecated-anon-enum-enum-conversion -fdiagnostics-show-option -Qunused-arguments  -fvisibility=hidden -fvisibility-inlines-hidden  -fno-limit-debug-info   -O0 -DDEBUG -D_DEBUG -g
2025-08-04 20:24:37.108 11576-11576 OpenCV/StaticHelper     com.example.myapplication            I      C Compiler:                  /opt/android-sdk/ndk/27.2.12479018/toolchains/llvm/prebuilt/linux-x86_64/bin/clang
2025-08-04 20:24:37.108 11576-11576 OpenCV/StaticHelper     com.example.myapplication            I      C flags (Release):           -DANDROID -fdata-sections -ffunction-sections -funwind-tables -fstack-protector-strong -no-canonical-prefixes -D__BIONIC_NO_PAGE_SIZE_MACRO -D_FORTIFY_SOURCE=2 -Wformat -Werror=format-security    -fsigned-char -W -Wall -Wreturn-type -Wnon-virtual-dtor -Waddress -Wsequence-point -Wformat -Wformat-security -Wmissing-declarations -Wmissing-prototypes -Wstrict-prototypes -Wundef -Winit-self -Wpointer-arith -Wshadow -Wsign-promo -Wuninitialized -Winconsistent-missing-override -Wno-delete-non-virtual-dtor -Wno-unnamed-type-template-args -Wno-comment -Wno-deprecated-enum-enum-conversion -Wno-deprecated-anon-enum-enum-conversion -fdiagnostics-show-option -Qunused-arguments  -fvisibility=hidden -fvisibility-inlines-hidden  -O3 -DNDEBUG   -DNDEBUG
2025-08-04 20:24:37.108 11576-11576 OpenCV/StaticHelper     com.example.myapplication            I      C flags (Debug):             -DANDROID -fdata-sections -ffunction-sections -funwind-tables -fstack-protector-strong -no-canonical-prefixes -D__BIONIC_NO_PAGE_SIZE_MACRO -D_FORTIFY_SOURCE=2 -Wformat -Werror=format-security    -fsigned-char -W -Wall -Wreturn-type -Wnon-virtual-dtor -Waddress -Wsequence-point -Wformat -Wformat-security -Wmissing-declarations -Wmissing-prototypes -Wstrict-prototypes -Wundef -Winit-self -Wpointer-arith -Wshadow -Wsign-promo -Wuninitialized -Winconsistent-missing-override -Wno-delete-non-virtual-dtor -Wno-unnamed-type-template-args -Wno-comment -Wno-deprecated-enum-enum-conversion -Wno-deprecated-anon-enum-enum-conversion -fdiagnostics-show-option -Qunused-arguments  -fvisibility=hidden -fvisibility-inlines-hidden  -fno-limit-debug-info   -O0 -DDEBUG -D_DEBUG -g
2025-08-04 20:24:37.108 11576-11576 OpenCV/StaticHelper     com.example.myapplication            I      Linker flags (Release):      -Wl,-z,max-page-size=16384 -Wl,--build-id=sha1 -Wl,--no-rosegment -Wl,--no-undefined-version -Wl,--fatal-warnings -Wl,--no-undefined -Qunused-arguments  -Wl,-z,max-page-size=16384  -Wl,--as-needed -Wl,--no-undefined -Wl,--gc-sections  
2025-08-04 20:24:37.108 11576-11576 OpenCV/StaticHelper     com.example.myapplication            I      Linker flags (Debug):        -Wl,-z,max-page-size=16384 -Wl,--build-id=sha1 -Wl,--no-rosegment -Wl,--no-undefined-version -Wl,--fatal-warnings -Wl,--no-undefined -Qunused-arguments  -Wl,-z,max-page-size=16384  -Wl,--as-needed -Wl,--no-undefined  
2025-08-04 20:24:37.108 11576-11576 OpenCV/StaticHelper     com.example.myapplication            I      ccache:                      YES
2025-08-04 20:24:37.108 11576-11576 OpenCV/StaticHelper     com.example.myapplication            I      Precompiled headers:         NO
2025-08-04 20:24:37.108 11576-11576 OpenCV/StaticHelper     com.example.myapplication            I      Extra dependencies:          z dl m log
2025-08-04 20:24:37.108 11576-11576 OpenCV/StaticHelper     com.example.myapplication            I      3rdparty dependencies:       libcpufeatures libprotobuf ade tbb ittnotify libjpeg-turbo libwebp libpng libtiff libopenjp2 IlmImf tegra_hal kleidicv_hal kleidicv kleidicv_thread
2025-08-04 20:24:37.108 11576-11576 OpenCV/StaticHelper     com.example.myapplication            I  
2025-08-04 20:24:37.108 11576-11576 OpenCV/StaticHelper     com.example.myapplication            I    OpenCV modules:
2025-08-04 20:24:37.108 11576-11576 OpenCV/StaticHelper     com.example.myapplication            I      To be built:                 calib3d core dnn features2d flann gapi highgui imgcodecs imgproc java ml objdetect photo stitching video videoio
2025-08-04 20:24:37.108 11576-11576 OpenCV/StaticHelper     com.example.myapplication            I      Disabled:                    world
2025-08-04 20:24:37.108 11576-11576 OpenCV/StaticHelper     com.example.myapplication            I      Disabled by dependency:      -
2025-08-04 20:24:37.108 11576-11576 OpenCV/StaticHelper     com.example.myapplication            I      Unavailable:                 python2 python3 ts
2025-08-04 20:24:37.108 11576-11576 OpenCV/StaticHelper     com.example.myapplication            I      Applications:                -
2025-08-04 20:24:37.108 11576-11576 OpenCV/StaticHelper     com.example.myapplication            I      Documentation:               NO
2025-08-04 20:24:37.108 11576-11576 OpenCV/StaticHelper     com.example.myapplication            I      Non-free algorithms:         NO
2025-08-04 20:24:37.108 11576-11576 OpenCV/StaticHelper     com.example.myapplication            I  
2025-08-04 20:24:37.108 11576-11576 OpenCV/StaticHelper     com.example.myapplication            I    Android NDK:                   /opt/android-sdk/ndk/27.2.12479018 (ver 27.2.12479018)
2025-08-04 20:24:37.108 11576-11576 OpenCV/StaticHelper     com.example.myapplication            I      Android ABI:                 arm64-v8a
2025-08-04 20:24:37.108 11576-11576 OpenCV/StaticHelper     com.example.myapplication            I      NDK toolchain:               aarch64-linux-android-clang
2025-08-04 20:24:37.108 11576-11576 OpenCV/StaticHelper     com.example.myapplication            I      STL type:                    c++_shared
2025-08-04 20:24:37.108 11576-11576 OpenCV/StaticHelper     com.example.myapplication            I      Native API level:            21
2025-08-04 20:24:37.108 11576-11576 OpenCV/StaticHelper     com.example.myapplication            I    Android SDK:                   /opt/android-sdk (tools:  build tools: 34.0.0)
2025-08-04 20:24:37.108 11576-11576 OpenCV/StaticHelper     com.example.myapplication            I  
2025-08-04 20:24:37.108 11576-11576 OpenCV/StaticHelper     com.example.myapplication            I    GUI:                           NONE
2025-08-04 20:24:37.108 11576-11576 OpenCV/StaticHelper     com.example.myapplication            I  
2025-08-04 20:24:37.108 11576-11576 OpenCV/StaticHelper     com.example.myapplication            I    Media I/O: 
2025-08-04 20:24:37.108 11576-11576 OpenCV/StaticHelper     com.example.myapplication            I      ZLib:                        z (ver 1.3.0.1)
2025-08-04 20:24:37.108 11576-11576 OpenCV/StaticHelper     com.example.myapplication            I      JPEG:                        build-libjpeg-turbo (ver 3.1.0-70)
2025-08-04 20:24:37.108 11576-11576 OpenCV/StaticHelper     com.example.myapplication            I        SIMD Support Request:      YES
2025-08-04 20:24:37.108 11576-11576 OpenCV/StaticHelper     com.example.myapplication            I        SIMD Support:              YES
2025-08-04 20:24:37.108 11576-11576 OpenCV/StaticHelper     com.example.myapplication            I      WEBP:                        build (ver decoder: 0x0209, encoder: 0x020f, demux: 0x0107)
2025-08-04 20:24:37.108 11576-11576 OpenCV/StaticHelper     com.example.myapplication            I      AVIF:                        NO
2025-08-04 20:24:37.108 11576-11576 OpenCV/StaticHelper     com.example.myapplication            I      PNG:                         build (ver 1.6.43)
2025-08-04 20:24:37.108 11576-11576 OpenCV/StaticHelper     com.example.myapplication            I        SIMD Support Request:      YES
2025-08-04 20:24:37.108 11576-11576 OpenCV/StaticHelper     com.example.myapplication            I        SIMD Support:              YES (Arm NEON)
2025-08-04 20:24:37.108 11576-11576 OpenCV/StaticHelper     com.example.myapplication            I      TIFF:                        build (ver 42 - 4.6.0)
2025-08-04 20:24:37.108 11576-11576 OpenCV/StaticHelper     com.example.myapplication            I      JPEG 2000:                   build (ver 2.5.3)
2025-08-04 20:24:37.108 11576-11576 OpenCV/StaticHelper     com.example.myapplication            I      OpenEXR:                     build (ver 2.3.0)
2025-08-04 20:24:37.108 11576-11576 OpenCV/StaticHelper     com.example.myapplication            I      GIF:                         YES
2025-08-04 20:24:37.108 11576-11576 OpenCV/StaticHelper     com.example.myapplication            I      HDR:                         YES
2025-08-04 20:24:37.108 11576-11576 OpenCV/StaticHelper     com.example.myapplication            I      SUNRASTER:                   YES
2025-08-04 20:24:37.108 11576-11576 OpenCV/StaticHelper     com.example.myapplication            I      PXM:                         YES
2025-08-04 20:24:37.108 11576-11576 OpenCV/StaticHelper     com.example.myapplication            I      PFM:                         YES
2025-08-04 20:24:37.108 11576-11576 OpenCV/StaticHelper     com.example.myapplication            I  
2025-08-04 20:24:37.108 11576-11576 OpenCV/StaticHelper     com.example.myapplication            I    Video I/O:
2025-08-04 20:24:37.108 11576-11576 OpenCV/StaticHelper     com.example.myapplication            I     MEDIANDK:                     YES
2025-08-04 20:24:37.108 11576-11576 OpenCV/StaticHelper     com.example.myapplication            I     NDK Camera:                   NO
2025-08-04 20:24:37.108 11576-11576 OpenCV/StaticHelper     com.example.myapplication            I  
2025-08-04 20:24:37.108 11576-11576 OpenCV/StaticHelper     com.example.myapplication            I    Parallel framework:            TBB (ver 2022.1 interface 12150)
2025-08-04 20:24:37.108 11576-11576 OpenCV/StaticHelper     com.example.myapplication            I  
2025-08-04 20:24:37.108 11576-11576 OpenCV/StaticHelper     com.example.myapplication            I    Trace:                         YES (with Intel ITT(3.25.4))
2025-08-04 20:24:37.108 11576-11576 OpenCV/StaticHelper     com.example.myapplication            I  
2025-08-04 20:24:37.108 11576-11576 OpenCV/StaticHelper     com.example.myapplication            I    Other third-party libraries:
2025-08-04 20:24:37.108 11576-11576 OpenCV/StaticHelper     com.example.myapplication            I      Custom HAL:                  YES (carotene (ver 0.0.1) KleidiCV (ver 0.5.0))
2025-08-04 20:24:37.108 11576-11576 OpenCV/StaticHelper     com.example.myapplication            I      Protobuf:                    build (3.19.1)
2025-08-04 20:24:37.108 11576-11576 OpenCV/StaticHelper     com.example.myapplication            I      Flatbuffers:                 builtin/3rdparty (23.5.9)
2025-08-04 20:24:37.108 11576-11576 OpenCV/StaticHelper     com.example.myapplication            I  
2025-08-04 20:24:37.108 11576-11576 OpenCV/StaticHelper     com.example.myapplication            I    Python (for build):            /usr/bin/python3
2025-08-04 20:24:37.108 11576-11576 OpenCV/StaticHelper     com.example.myapplication            I  
2025-08-04 20:24:37.108 11576-11576 OpenCV/StaticHelper     com.example.myapplication            I    Java:                          export all functions
2025-08-04 20:24:37.108 11576-11576 OpenCV/StaticHelper     com.example.myapplication            I      ant:                         NO
2025-08-04 20:24:37.108 11576-11576 OpenCV/StaticHelper     com.example.myapplication            I      Java wrappers:               YES ()
2025-08-04 20:24:37.108 11576-11576 OpenCV/StaticHelper     com.example.myapplication            I      Java tests:                  NO
2025-08-04 20:24:37.108 11576-11576 OpenCV/StaticHelper     com.example.myapplication            I  
2025-08-04 20:24:37.108 11576-11576 OpenCV/StaticHelper     com.example.myapplication            I    Install to:                    /home/ci/build/o4a/install
2025-08-04 20:24:37.108 11576-11576 OpenCV/StaticHelper     com.example.myapplication            I  -----------------------------------------------------------------
2025-08-04 20:24:37.109 11576-11576 ReportsManager          com.example.myapplication            D  📂 Данные загружены: 0 отчетов, 3 критериев
2025-08-04 20:24:37.109 11576-11576 OMRModelManager         com.example.myapplication            I  🔄 Загружаем конфигурацию модели...
2025-08-04 20:24:37.109 11576-11576 OMRModelManager         com.example.myapplication            I  📁 Пробуем новый конфиг: models/model_metadata.json
2025-08-04 20:24:37.110 11576-11576 OMRModelManager         com.example.myapplication            I  📄 Конфигурация прочитана, парсим JSON...
2025-08-04 20:24:37.110 11576-11576 OMRModelManager         com.example.myapplication            I  🆕 Используем новый формат конфигурации
2025-08-04 20:24:37.110 11576-11576 OMRModelManager         com.example.myapplication            I  ✅ Конфигурация загружена: OMR_Classification_Model (версия 2.0)
2025-08-04 20:24:37.110 11576-11576 OnnxModel               com.example.myapplication            I  🔄 Инициализация ONNX модели...
2025-08-04 20:24:37.111 11576-11576 OnnxModel               com.example.myapplication            I  📊 Размер файла модели: 45755464 байт
2025-08-04 20:24:37.111 11576-11576 OnnxModel               com.example.myapplication            I  📋 Доступные провайдеры: CPU, NNAPI, XNNPACK
2025-08-04 20:24:37.111 11576-11576 OnnxModel               com.example.myapplication            I  🚀 NNAPI ускорение доступно
2025-08-04 20:24:37.111 11576-11576 OnnxModel               com.example.myapplication            I  🚀 CPU оптимизации активированы
2025-08-04 20:24:37.251 11576-11576 OnnxModel               com.example.myapplication            I  ✅ ONNX модель инициализирована успешно
2025-08-04 20:24:37.251 11576-11576 OnnxModel               com.example.myapplication            I  📥 Вход: input
2025-08-04 20:24:37.251 11576-11576 OnnxModel               com.example.myapplication            I  📤 Выход: output
2025-08-04 20:24:37.251 11576-11576 OMRModelManager         com.example.myapplication            I  ✅ ONNX модель загружена успешно
2025-08-04 20:24:37.252 11576-13340 BatchActivity           com.example.myapplication            D  ✅ ML модель готова к использованию
2025-08-04 20:24:37.252 11576-11576 BatchActivity           com.example.myapplication            D  📐 Создание сетки: вопросы=5, варианты=4, высота=600
2025-08-04 20:24:37.255 11576-11576 TextView                com.example.myapplication            V  notifyAutoFillManagerAfterTextChanged
2025-08-04 20:24:37.256 11576-11576 AutofillManager         com.example.myapplication            V  notifyValueChanged(1073741826): ignoring on state UNKNOWN
2025-08-04 20:24:37.264 11576-11576 TextView                com.example.myapplication            V  notifyAutoFillManagerAfterTextChanged
2025-08-04 20:24:37.264 11576-11576 AutofillManager         com.example.myapplication            V  notifyValueChanged(1073741826): ignoring on state UNKNOWN
2025-08-04 20:24:37.265 11576-11576 TextView                com.example.myapplication            V  notifyAutoFillManagerAfterTextChanged
2025-08-04 20:24:37.265 11576-11576 AutofillManager         com.example.myapplication            V  notifyValueChanged(1073741827): ignoring on state UNKNOWN
2025-08-04 20:24:37.266 11576-11576 TextView                com.example.myapplication            V  notifyAutoFillManagerAfterTextChanged
2025-08-04 20:24:37.266 11576-11576 AutofillManager         com.example.myapplication            V  notifyValueChanged(1073741827): ignoring on state UNKNOWN
2025-08-04 20:24:37.267 11576-11576 TextView                com.example.myapplication            V  notifyAutoFillManagerAfterTextChanged
2025-08-04 20:24:37.267 11576-11576 AutofillManager         com.example.myapplication            V  notifyValueChanged(1073741828): ignoring on state UNKNOWN
2025-08-04 20:24:37.268 11576-11576 TextView                com.example.myapplication            V  notifyAutoFillManagerAfterTextChanged
2025-08-04 20:24:37.268 11576-11576 AutofillManager         com.example.myapplication            V  notifyValueChanged(1073741828): ignoring on state UNKNOWN
2025-08-04 20:24:37.269 11576-11576 TextView                com.example.myapplication            V  notifyAutoFillManagerAfterTextChanged
2025-08-04 20:24:37.269 11576-11576 AutofillManager         com.example.myapplication            V  notifyValueChanged(1073741829): ignoring on state UNKNOWN
2025-08-04 20:24:37.269 11576-11576 TextView                com.example.myapplication            V  notifyAutoFillManagerAfterTextChanged
2025-08-04 20:24:37.269 11576-11576 AutofillManager         com.example.myapplication            V  notifyValueChanged(1073741829): ignoring on state UNKNOWN
2025-08-04 20:24:37.271 11576-11576 TextView                com.example.myapplication            V  notifyAutoFillManagerAfterTextChanged
2025-08-04 20:24:37.271 11576-11576 AutofillManager         com.example.myapplication            V  notifyValueChanged(1073741830): ignoring on state UNKNOWN
2025-08-04 20:24:37.271 11576-11576 TextView                com.example.myapplication            V  notifyAutoFillManagerAfterTextChanged
2025-08-04 20:24:37.271 11576-11576 AutofillManager         com.example.myapplication            V  notifyValueChanged(1073741830): ignoring on state UNKNOWN
2025-08-04 20:24:37.273 11576-11576 TextView                com.example.myapplication            V  notifyAutoFillManagerAfterTextChanged
2025-08-04 20:24:37.273 11576-11576 AutofillManager         com.example.myapplication            V  notifyValueChanged(1073741831): ignoring on state UNKNOWN
2025-08-04 20:24:37.273 11576-11576 TextView                com.example.myapplication            V  notifyAutoFillManagerAfterTextChanged
2025-08-04 20:24:37.273 11576-11576 AutofillManager         com.example.myapplication            V  notifyValueChanged(1073741831): ignoring on state UNKNOWN
2025-08-04 20:24:37.274 11576-11576 TextView                com.example.myapplication            V  notifyAutoFillManagerAfterTextChanged
2025-08-04 20:24:37.274 11576-11576 AutofillManager         com.example.myapplication            V  notifyValueChanged(1073741832): ignoring on state UNKNOWN
2025-08-04 20:24:37.275 11576-11576 TextView                com.example.myapplication            V  notifyAutoFillManagerAfterTextChanged
2025-08-04 20:24:37.275 11576-11576 AutofillManager         com.example.myapplication            V  notifyValueChanged(1073741832): ignoring on state UNKNOWN
2025-08-04 20:24:37.276 11576-11576 TextView                com.example.myapplication            V  notifyAutoFillManagerAfterTextChanged
2025-08-04 20:24:37.277 11576-11576 AutofillManager         com.example.myapplication            V  notifyValueChanged(1073741833): ignoring on state UNKNOWN
2025-08-04 20:24:37.277 11576-11576 TextView                com.example.myapplication            V  notifyAutoFillManagerAfterTextChanged
2025-08-04 20:24:37.277 11576-11576 AutofillManager         com.example.myapplication            V  notifyValueChanged(1073741833): ignoring on state UNKNOWN
2025-08-04 20:24:37.284 11576-11576 TextView                com.example.myapplication            V  notifyAutoFillManagerAfterTextChanged
2025-08-04 20:24:37.285 11576-11576 AutofillManager         com.example.myapplication            V  notifyValueChanged(1073741834): ignoring on state UNKNOWN
2025-08-04 20:24:37.288 11576-11576 TextView                com.example.myapplication            V  notifyAutoFillManagerAfterTextChanged
2025-08-04 20:24:37.289 11576-11576 AutofillManager         com.example.myapplication            V  notifyValueChanged(1073741834): ignoring on state UNKNOWN
2025-08-04 20:24:37.290 11576-11576 TextView                com.example.myapplication            V  notifyAutoFillManagerAfterTextChanged
2025-08-04 20:24:37.290 11576-11576 AutofillManager         com.example.myapplication            V  notifyValueChanged(1073741835): ignoring on state UNKNOWN
2025-08-04 20:24:37.291 11576-11576 TextView                com.example.myapplication            V  notifyAutoFillManagerAfterTextChanged
2025-08-04 20:24:37.291 11576-11576 AutofillManager         com.example.myapplication            V  notifyValueChanged(1073741835): ignoring on state UNKNOWN
2025-08-04 20:24:37.292 11576-11576 TextView                com.example.myapplication            V  notifyAutoFillManagerAfterTextChanged
2025-08-04 20:24:37.292 11576-11576 AutofillManager         com.example.myapplication            V  notifyValueChanged(1073741836): ignoring on state UNKNOWN
2025-08-04 20:24:37.292 11576-11576 TextView                com.example.myapplication            V  notifyAutoFillManagerAfterTextChanged
2025-08-04 20:24:37.292 11576-11576 AutofillManager         com.example.myapplication            V  notifyValueChanged(1073741836): ignoring on state UNKNOWN
2025-08-04 20:24:37.294 11576-11576 TextView                com.example.myapplication            V  notifyAutoFillManagerAfterTextChanged
2025-08-04 20:24:37.294 11576-11576 AutofillManager         com.example.myapplication            V  notifyValueChanged(1073741837): ignoring on state UNKNOWN
2025-08-04 20:24:37.294 11576-11576 TextView                com.example.myapplication            V  notifyAutoFillManagerAfterTextChanged
2025-08-04 20:24:37.294 11576-11576 AutofillManager         com.example.myapplication            V  notifyValueChanged(1073741837): ignoring on state UNKNOWN
2025-08-04 20:24:37.296 11576-11576 TextView                com.example.myapplication            V  notifyAutoFillManagerAfterTextChanged
2025-08-04 20:24:37.296 11576-11576 AutofillManager         com.example.myapplication            V  notifyValueChanged(1073741838): ignoring on state UNKNOWN
2025-08-04 20:24:37.297 11576-11576 TextView                com.example.myapplication            V  notifyAutoFillManagerAfterTextChanged
2025-08-04 20:24:37.297 11576-11576 AutofillManager         com.example.myapplication            V  notifyValueChanged(1073741838): ignoring on state UNKNOWN
2025-08-04 20:24:37.298 11576-11576 TextView                com.example.myapplication            V  notifyAutoFillManagerAfterTextChanged
2025-08-04 20:24:37.298 11576-11576 AutofillManager         com.example.myapplication            V  notifyValueChanged(1073741839): ignoring on state UNKNOWN
2025-08-04 20:24:37.299 11576-11576 TextView                com.example.myapplication            V  notifyAutoFillManagerAfterTextChanged
2025-08-04 20:24:37.299 11576-11576 AutofillManager         com.example.myapplication            V  notifyValueChanged(1073741839): ignoring on state UNKNOWN
2025-08-04 20:24:37.300 11576-11576 TextView                com.example.myapplication            V  notifyAutoFillManagerAfterTextChanged
2025-08-04 20:24:37.300 11576-11576 AutofillManager         com.example.myapplication            V  notifyValueChanged(1073741840): ignoring on state UNKNOWN
2025-08-04 20:24:37.300 11576-11576 TextView                com.example.myapplication            V  notifyAutoFillManagerAfterTextChanged
2025-08-04 20:24:37.301 11576-11576 AutofillManager         com.example.myapplication            V  notifyValueChanged(1073741840): ignoring on state UNKNOWN
2025-08-04 20:24:37.302 11576-11576 TextView                com.example.myapplication            V  notifyAutoFillManagerAfterTextChanged
2025-08-04 20:24:37.302 11576-11576 AutofillManager         com.example.myapplication            V  notifyValueChanged(1073741841): ignoring on state UNKNOWN
2025-08-04 20:24:37.302 11576-11576 TextView                com.example.myapplication            V  notifyAutoFillManagerAfterTextChanged
2025-08-04 20:24:37.302 11576-11576 AutofillManager         com.example.myapplication            V  notifyValueChanged(1073741841): ignoring on state UNKNOWN
2025-08-04 20:24:37.304 11576-11576 TextView                com.example.myapplication            V  notifyAutoFillManagerAfterTextChanged
2025-08-04 20:24:37.304 11576-11576 AutofillManager         com.example.myapplication            V  notifyValueChanged(1073741842): ignoring on state UNKNOWN
2025-08-04 20:24:37.304 11576-11576 TextView                com.example.myapplication            V  notifyAutoFillManagerAfterTextChanged
2025-08-04 20:24:37.304 11576-11576 AutofillManager         com.example.myapplication            V  notifyValueChanged(1073741842): ignoring on state UNKNOWN
2025-08-04 20:24:37.306 11576-11576 TextView                com.example.myapplication            V  notifyAutoFillManagerAfterTextChanged
2025-08-04 20:24:37.306 11576-11576 AutofillManager         com.example.myapplication            V  notifyValueChanged(1073741843): ignoring on state UNKNOWN
2025-08-04 20:24:37.306 11576-11576 TextView                com.example.myapplication            V  notifyAutoFillManagerAfterTextChanged
2025-08-04 20:24:37.306 11576-11576 AutofillManager         com.example.myapplication            V  notifyValueChanged(1073741843): ignoring on state UNKNOWN
2025-08-04 20:24:37.307 11576-11576 TextView                com.example.myapplication            V  notifyAutoFillManagerAfterTextChanged
2025-08-04 20:24:37.307 11576-11576 AutofillManager         com.example.myapplication            V  notifyValueChanged(1073741844): ignoring on state UNKNOWN
2025-08-04 20:24:37.308 11576-11576 TextView                com.example.myapplication            V  notifyAutoFillManagerAfterTextChanged
2025-08-04 20:24:37.308 11576-11576 AutofillManager         com.example.myapplication            V  notifyValueChanged(1073741844): ignoring on state UNKNOWN
2025-08-04 20:24:37.309 11576-11576 TextView                com.example.myapplication            V  notifyAutoFillManagerAfterTextChanged
2025-08-04 20:24:37.309 11576-11576 AutofillManager         com.example.myapplication            V  notifyValueChanged(1073741845): ignoring on state UNKNOWN
2025-08-04 20:24:37.309 11576-11576 TextView                com.example.myapplication            V  notifyAutoFillManagerAfterTextChanged
2025-08-04 20:24:37.310 11576-11576 AutofillManager         com.example.myapplication            V  notifyValueChanged(1073741845): ignoring on state UNKNOWN
2025-08-04 20:24:37.312 11576-11576 ScrollOpti...neManager] com.example.myapplication            D  updateCurrentActivity: mCurrentActivityName=com.example.myapplication.BatchActivity, isOptEnable=true, isAnimAheadEnable=true, isFrameInsertEnable=true, InsertNum=1, isEnabledForScrollChanged=false
2025-08-04 20:24:37.312 11576-11576 ActivityThread          com.example.myapplication            D  ComponentInfo{com.example.myapplication/com.example.myapplication.BatchActivity} checkFinished=false 2
2025-08-04 20:24:37.313 11576-11576 ResourcesManagerExtImpl com.example.myapplication            D  applyConfigurationToAppResourcesLocked app.getDisplayId() return callback.displayId:0
2025-08-04 20:24:37.317 11576-11576 WindowManager           com.example.myapplication            D  Add to mViews: com.android.internal.policy.DecorView{25b8b64 I.E...... R.....ID 0,0-0,0 alpha=1.0 viewInfo = }[BatchActivity],pkg= com.example.myapplication
2025-08-04 20:24:37.317 11576-11646 skia                    com.example.myapplication            D  setRusSupported enable 0
2025-08-04 20:24:37.321 11576-11576 ViewRootImplExtImpl     com.example.myapplication            D  onDisplayChanged -1 for VRI android.view.ViewRootImpl@bef2593
2025-08-04 20:24:37.322 11576-11576 VRI[MainActivity]       com.example.myapplication            D  onFocusEvent false
2025-08-04 20:24:37.323 11576-11576 OplusBracketLog         com.example.myapplication            E  [OplusViewMirrorManager] updateHostViewRootIfNeeded, not support android.view.ViewRootImpl@bef2593
2025-08-04 20:24:37.336 11576-11576 BatchResultsAdapter     com.example.myapplication            D  📊 getItemCount: 0
2025-08-04 20:24:37.336 11576-11576 BatchResultsAdapter     com.example.myapplication            D  📊 getItemCount: 0
2025-08-04 20:24:37.336 11576-11576 ViewRootImplExtImpl     com.example.myapplication            D  wrapConfigInfoIntoFlags rotation=0, smallestScreenWidthDp=360, relayoutAsync=false, flags=0, newFlags=23592960, residentWS=false, title=com.example.myapplication/com.example.myapplication.BatchActivity
2025-08-04 20:24:37.343 11576-11576 VRI[BatchActivity]      com.example.myapplication            D  relayoutWindow result, sizeChanged:true, surfaceControlChanged:true, transformHintChanged:false, mSurfaceSize:Point(1080, 2400), mLastSurfaceSize:Point(0, 0), mWidth:-1, mHeight:-1, requestedWidth:1080, requestedHeight:2400, transformHint:0, installOrientation:0, displayRotation:0, isSurfaceValid:true, attr.flag:-2122252032, tmpFrames:ClientWindowFrames{frame=[0,0][1080,2400] display=[0,0][1080,2400] parentFrame=[0,0][0,0]}, relayoutAsync:false, mSyncSeqId:0
2025-08-04 20:24:37.344 11576-11576 VRI[BatchActivity]      com.example.myapplication            W  updateBlastSurfaceIfNeeded, surfaceSize:Point(1080, 2400), lastSurfaceSize:Point(0, 0), format:-1, blastBufferQueue:null
2025-08-04 20:24:37.344 11576-11576 BufferQueueConsumer     com.example.myapplication            D  [](id:2d380000000b,api:0,p:-1,c:11576) connect: controlledByApp=false
2025-08-04 20:24:37.351 11576-11576 BatchResultsAdapter     com.example.myapplication            D  📊 getItemCount: 0
2025-08-04 20:24:37.352 11576-11576 AutofillManager         com.example.myapplication            D  notifyViewReadyInner:1073741824
2025-08-04 20:24:37.352 11576-11576 AutofillManager         com.example.myapplication            D  notifyViewReadyInner:1073741825
2025-08-04 20:24:37.353 11576-11576 BatchResultsAdapter     com.example.myapplication            D  📊 getItemCount: 0
2025-08-04 20:24:37.354 11576-11576 SurfaceControl          com.example.myapplication            I   setExtendedRangeBrightness sc=Surface(name=com.example.myapplication/com.example.myapplication.BatchActivity)/@0xd367832,currentBufferRatio=1.0,desiredRatio=1.0
2025-08-04 20:24:37.369 11576-11646 BLASTBufferQueue        com.example.myapplication            D  [VRI[BatchActivity]#11](f:0,a:1) acquireNextBufferLocked size=1080x2400 mFrameNumber=1 applyTransaction=true mTimestamp=1428991988047481(auto) mPendingTransactions.size=0 graphicBufferId=49718541418543 transform=0
2025-08-04 20:24:37.369 11576-11646 VRI[BatchActivity]      com.example.myapplication            D  Received frameCommittedCallback lastAttemptedDrawFrameNum=1 didProduceBuffer=true syncBuffer=false
2025-08-04 20:24:37.370 11576-11576 VRI[BatchActivity]      com.example.myapplication            D  draw finished. seqId=0
2025-08-04 20:24:37.370 11576-11576 ViewRootImplExtImpl     com.example.myapplication            D  setMaxDequeuedBufferCount: 2
2025-08-04 20:24:37.370 11576-11576 callGcSupression        com.example.myapplication            D  java.lang.NullPointerException: Attempt to invoke virtual method 'java.lang.Object java.lang.reflect.Method.invoke(java.lang.Object, java.lang.Object[])' on a null object reference
2025-08-04 20:24:37.371 11576-11576 ResourcesManagerExtImpl com.example.myapplication            D  applyConfigurationToAppResourcesLocked app.getDisplayId() return callback.displayId:0
2025-08-04 20:24:37.377 11576-11576 callGcSupression        com.example.myapplication            D  java.lang.NullPointerException: Attempt to invoke virtual method 'java.lang.Object java.lang.reflect.Method.invoke(java.lang.Object, java.lang.Object[])' on a null object reference
2025-08-04 20:24:37.377 11576-11576 VRI[BatchActivity]      com.example.myapplication            W  handleResized, msg:, frameChanged:false, configChanged:false, displayChanged:false, attachedFrameChanged:false, compatScaleChanged:false, pendingDragResizing=false
2025-08-04 20:24:37.388 11576-11646 VRI[BatchActivity]      com.example.myapplication            D  Received frameCommittedCallback lastAttemptedDrawFrameNum=3 didProduceBuffer=true syncBuffer=false
2025-08-04 20:24:37.388 11576-11576 VRI[BatchActivity]      com.example.myapplication            D  draw finished. seqId=0
2025-08-04 20:24:37.438 11576-11576 VRI[BatchActivity]      com.example.myapplication            D  onFocusEvent true
2025-08-04 20:24:37.702 11576-11592 VRI[MainActivity]       com.example.myapplication            D  dispatchAppVisibility visible:false
2025-08-04 20:24:37.715 11576-11576 VRI[MainActivity]       com.example.myapplication            D  visibilityChanged oldVisibility=true newVisibility=false
2025-08-04 20:24:37.715 11576-11576 callGcSupression        com.example.myapplication            D  java.lang.NullPointerException: Attempt to invoke virtual method 'java.lang.Object java.lang.reflect.Method.invoke(java.lang.Object, java.lang.Object[])' on a null object reference
2025-08-04 20:24:37.715 11576-11576 VRI[MainActivity]       com.example.myapplication            D  setWindowStopped stopped:true
2025-08-04 20:24:37.729 11576-11576 HWUI                    com.example.myapplication            D  RenderProxy::destroy: this=0xb400006f4131b500, mContext=0xb400006ea879c640
2025-08-04 20:24:37.729 11576-11646 HWUI                    com.example.myapplication            D  SkiaOpenGLPipeline::setSurface: this=0xb400006f413115c0, surface=NULL
2025-08-04 20:24:37.730 11576-11576 ViewRootImplExtImpl     com.example.myapplication            D  wrapConfigInfoIntoFlags rotation=0, smallestScreenWidthDp=360, relayoutAsync=false, flags=0, newFlags=23592960, residentWS=false, title=com.example.myapplication/com.example.myapplication.MainActivity
2025-08-04 20:24:37.733 11576-11576 VRI[MainActivity]       com.example.myapplication            D  relayoutWindow result, sizeChanged:false, surfaceControlChanged:true, transformHintChanged:false, mSurfaceSize:Point(1080, 2400), mLastSurfaceSize:Point(1080, 2400), mWidth:1080, mHeight:2400, requestedWidth:1080, requestedHeight:2400, transformHint:0, installOrientation:0, displayRotation:0, isSurfaceValid:false, attr.flag:-2122252032, tmpFrames:ClientWindowFrames{frame=[0,0][1080,2400] display=[0,0][1080,2400] parentFrame=[0,0][0,0]}, relayoutAsync:false, mSyncSeqId:0
2025-08-04 20:24:37.733 11576-11592 BLASTBufferQueue        com.example.myapplication            D  [VRI[MainActivity]#10](f:0,a:2) destructor()
2025-08-04 20:24:37.733 11576-11592 BufferQueueConsumer     com.example.myapplication            D  [VRI[MainActivity]#10(BLAST Consumer)10](id:2d380000000a,api:0,p:-1,c:11576) disconnect
2025-08-04 20:24:38.377 11576-11656 OplusScrollToTopManager com.example.myapplication            D  com.example.myapplication/com.example.myapplication.MainActivity,This com.android.internal.policy.DecorView{64732a2 I.E...... R......D 0,0-1080,2400 aid=0 alpha=1.0 viewInfo = }[MainActivity] change focus to false
2025-08-04 20:24:38.453 11576-11656 OplusScrollToTopManager com.example.myapplication            D  com.example.myapplication/com.example.myapplication.BatchActivity,This com.android.internal.policy.DecorView{25b8b64 V.E...... R....... 0,0-1080,2400 aid=4 alpha=1.0 viewInfo = }[BatchActivity] change focus to true
2025-08-04 20:24:39.878 11576-11576 AutofillManager         com.example.myapplication            V  requestHideFillUi(null): anchor = null
2025-08-04 20:24:39.987 11576-11576 ViewRootImplExtImpl     com.example.myapplication            D  the up motion event handled by client, just return
2025-08-04 20:24:44.187 11576-11576 AutofillManager         com.example.myapplication            V  requestHideFillUi(null): anchor = null
2025-08-04 20:24:44.304 11576-11576 ViewRootImplExtImpl     com.example.myapplication            D  the up motion event handled by client, just return
2025-08-04 20:24:44.308 11576-11576 AutofillManager         com.example.myapplication            V  notifyValueChanged(1073741826): ignoring on state UNKNOWN
2025-08-04 20:24:44.529 11576-11576 AutofillManager         com.example.myapplication            V  requestHideFillUi(null): anchor = null
2025-08-04 20:24:44.624 11576-11576 ViewRootImplExtImpl     com.example.myapplication            D  the up motion event handled by client, just return
2025-08-04 20:24:44.628 11576-11576 AutofillManager         com.example.myapplication            V  notifyValueChanged(1073741831): ignoring on state UNKNOWN
2025-08-04 20:24:44.964 11576-11576 AutofillManager         com.example.myapplication            V  requestHideFillUi(null): anchor = null
2025-08-04 20:24:45.046 11576-11576 ViewRootImplExtImpl     com.example.myapplication            D  the up motion event handled by client, just return
2025-08-04 20:24:45.050 11576-11576 AutofillManager         com.example.myapplication            V  notifyValueChanged(1073741836): ignoring on state UNKNOWN
2025-08-04 20:24:45.371 11576-11576 AutofillManager         com.example.myapplication            V  requestHideFillUi(null): anchor = null
2025-08-04 20:24:45.409 11576-11576 ViewRootImplExtImpl     com.example.myapplication            D  the up motion event handled by client, just return
2025-08-04 20:24:45.413 11576-11576 AutofillManager         com.example.myapplication            V  notifyValueChanged(1073741841): ignoring on state UNKNOWN
2025-08-04 20:24:46.038 11576-11576 AutofillManager         com.example.myapplication            V  requestHideFillUi(null): anchor = null
2025-08-04 20:24:46.111 11576-11576 ViewRootImplExtImpl     com.example.myapplication            D  the up motion event handled by client, just return
2025-08-04 20:24:46.139 11576-11576 TextView                com.example.myapplication            V  notifyAutoFillManagerAfterTextChanged
2025-08-04 20:24:46.139 11576-11576 AutofillManager         com.example.myapplication            V  notifyValueChanged(1073741846): ignoring on state UNKNOWN
2025-08-04 20:24:46.142 11576-11576 TextView                com.example.myapplication            V  notifyAutoFillManagerAfterTextChanged
2025-08-04 20:24:46.142 11576-11576 AutofillManager         com.example.myapplication            V  notifyValueChanged(1073741846): ignoring on state UNKNOWN
2025-08-04 20:24:46.167 11576-11576 oplus.andr...actoryImpl com.example.myapplication            I  get feature:IOplusDynamicVsyncFeature
2025-08-04 20:24:46.167 11576-11576 oplus.andr...actoryImpl com.example.myapplication            I  get feature:IOplusDynamicVsyncFeature
2025-08-04 20:24:46.167 11576-11576 oplus.andr...actoryImpl com.example.myapplication            I  get feature:IOplusDynamicVsyncFeature
2025-08-04 20:24:46.172 11576-11576 oplus.andr...actoryImpl com.example.myapplication            I  get feature:IOplusDynamicVsyncFeature
2025-08-04 20:24:46.172 11576-11576 oplus.andr...actoryImpl com.example.myapplication            I  get feature:IOplusDynamicVsyncFeature
2025-08-04 20:24:46.172 11576-11576 oplus.andr...actoryImpl com.example.myapplication            I  get feature:IOplusDynamicVsyncFeature
2025-08-04 20:24:46.190 11576-11576 WindowManager           com.example.myapplication            D  Add to mViews: com.android.internal.policy.DecorView{64cb292 V.E...... R.....I. 0,0-0,0 alpha=1.0 viewInfo = }[BatchActivity],pkg= com.example.myapplication
2025-08-04 20:24:46.192 11576-11646 skia                    com.example.myapplication            D  setRusSupported enable 0
2025-08-04 20:24:46.211 11576-11576 ViewRootImplExtImpl     com.example.myapplication            D  onDisplayChanged -1 for VRI android.view.ViewRootImpl@faba119
2025-08-04 20:24:46.214 11576-11576 OplusBracketLog         com.example.myapplication            E  [OplusViewMirrorManager] updateHostViewRootIfNeeded, not support android.view.ViewRootImpl@faba119
2025-08-04 20:24:46.241 11576-11576 InsetsController        com.example.myapplication            D  setRequestedVisibleTypes, mRequestedVisibleTypes: statusBars navigationBars captionBar systemGestures mandatorySystemGestures tappableElement displayCutout windowDecor systemOverlays, requestedVisibleTypes: statusBars navigationBars captionBar systemGestures mandatorySystemGestures tappableElement displayCutout windowDecor systemOverlays, visibleTypes: navigationBars, type: 2, call: android.view.InsetsController.controlAnimationUnchecked:1477 android.view.InsetsController.applyAnimation:2191 android.view.InsetsController.applyAnimation:2161 android.view.InsetsController.onControlsChanged:1163 android.view.ViewRootImpl.relayoutWindow:10356 android.view.ViewRootImpl.performTraversals:4151 android.view.ViewRootImpl.doTraversal:3313 android.view.ViewRootImpl$TraversalRunnable.run:11495 android.view.Choreographer$CallbackRecord.run:1621 android.view.Choreographer$CallbackRecord.run:1630 
2025-08-04 20:24:46.242 11576-11576 BufferQueueConsumer     com.example.myapplication            D  [](id:2d380000000c,api:0,p:-1,c:11576) connect: controlledByApp=false
2025-08-04 20:24:46.247 11576-11576 AutofillManager         com.example.myapplication            D  notifyViewReadyInner:1073741846
2025-08-04 20:24:46.249 11576-11576 SurfaceControl          com.example.myapplication            I   setExtendedRangeBrightness sc=Surface(name=com.example.myapplication/com.example.myapplication.BatchActivity)/@0x7642043,currentBufferRatio=1.0,desiredRatio=1.0
2025-08-04 20:24:46.258 11576-11646 BLASTBufferQueue        com.example.myapplication            D  [VRI[BatchActivity]#12](f:0,a:1) acquireNextBufferLocked size=1218x871 mFrameNumber=1 applyTransaction=true mTimestamp=1429000876931174(auto) mPendingTransactions.size=0 graphicBufferId=49718541418545 transform=0
2025-08-04 20:24:46.259 11576-11646 VRI[BatchActivity]      com.example.myapplication            D  Received frameCommittedCallback lastAttemptedDrawFrameNum=1 didProduceBuffer=true syncBuffer=false
2025-08-04 20:24:46.260 11576-11576 VRI[BatchActivity]      com.example.myapplication            D  draw finished. seqId=0
2025-08-04 20:24:46.260 11576-11576 ViewRootImplExtImpl     com.example.myapplication            D  setMaxDequeuedBufferCount: 2
2025-08-04 20:24:46.267 11576-11576 callGcSupression        com.example.myapplication            D  java.lang.NullPointerException: Attempt to invoke virtual method 'java.lang.Object java.lang.reflect.Method.invoke(java.lang.Object, java.lang.Object[])' on a null object reference
2025-08-04 20:24:46.268 11576-11576 VRI[BatchActivity]      com.example.myapplication            W  handleResized abandoned!
2025-08-04 20:24:46.268 11576-11576 callGcSupression        com.example.myapplication            D  java.lang.NullPointerException: Attempt to invoke virtual method 'java.lang.Object java.lang.reflect.Method.invoke(java.lang.Object, java.lang.Object[])' on a null object reference
2025-08-04 20:24:46.310 11576-11646 VRI[BatchActivity]      com.example.myapplication            D  Received frameCommittedCallback lastAttemptedDrawFrameNum=3 didProduceBuffer=true syncBuffer=false
2025-08-04 20:24:46.310 11576-11576 VRI[BatchActivity]      com.example.myapplication            D  draw finished. seqId=0
2025-08-04 20:24:46.311 11576-11576 VRI[BatchActivity]      com.example.myapplication            D  onFocusEvent false
2025-08-04 20:24:46.329 11576-11576 VRI[BatchActivity]      com.example.myapplication            D  onFocusEvent true
2025-08-04 20:24:46.522 11576-11576 InsetsController        com.example.myapplication            D  setRequestedVisibleTypes, mRequestedVisibleTypes: statusBars navigationBars captionBar systemGestures mandatorySystemGestures tappableElement displayCutout windowDecor systemOverlays, requestedVisibleTypes: statusBars navigationBars captionBar systemGestures mandatorySystemGestures tappableElement displayCutout windowDecor systemOverlays, visibleTypes: navigationBars, type: 2, call: android.view.InsetsController.notifyFinished:1879 android.view.InsetsAnimationThreadControlRunner$1.lambda$notifyFinished$0:86 android.view.InsetsAnimationThreadControlRunner$1.$r8$lambda$cDFF0h4Ncq-8EXdGszv69jrUu7c:0 android.view.InsetsAnimationThreadControlRunner$1$$ExternalSyntheticLambda1.run:0 android.os.Handler.handleCallback:973 android.os.Handler.dispatchMessage:100 android.os.Looper.loopOnce:282 android.os.Looper.loop:387 android.app.ActivityThread.main:9500 java.lang.reflect.Method.invoke:-2 
2025-08-04 20:24:47.144 11576-11576 AutofillManager         com.example.myapplication            V  requestHideFillUi(null): anchor = null
2025-08-04 20:24:47.219 11576-11576 AutofillManager         com.example.myapplication            V  receiver results: flags=7 enabled=true, enabledForAugmentedOnly: false
2025-08-04 20:24:47.220 11576-11576 AutofillManager         com.example.myapplication            V  startSessionLocked(): id=1073741846, bounds=null, value=[type=1, value=0_chars], flags=0, state=UNKNOWN, compatMode=false, augmentedOnly=false, enabledAugmentedOnly=false, enteredIds=null
2025-08-04 20:24:47.235 11576-11576 ImeTracker              com.example.myapplication            I  com.example.myapplication:2127d70b: onRequestShow at ORIGIN_CLIENT reason SHOW_SOFT_INPUT fromUser true
2025-08-04 20:24:47.236 11576-11576 InputMethodManager      com.example.myapplication            D  showSoftInput() view=androidx.appcompat.widget.AppCompatEditText{312c380 VFED..CL. .F.P..ID 60,277-966,422 #7f0900d5 app:id/et_criteria_name aid=1073741846 alpha=1.0 viewInfo = } flags=0 reason=SHOW_SOFT_INPUT
2025-08-04 20:24:47.238 11576-11576 ViewRootImplExtImpl     com.example.myapplication            D  the up motion event handled by client, just return
2025-08-04 20:24:47.241 11576-11576 OplusCursorFeedback     com.example.myapplication            D  getExtraCursorWidth
2025-08-04 20:24:47.242 11576-11576 OplusCursorFeedback     com.example.myapplication            D  getExtraLeftOffset
2025-08-04 20:24:47.258 11576-11576 View                    com.example.myapplication            V  dispatchProvideAutofillStructure(): not laid out, ignoring 1 children of 1073741885
2025-08-04 20:24:47.258 11576-11576 View                    com.example.myapplication            V  dispatchProvideAutofillStructure(): not laid out, ignoring 2 children of 1073741889
2025-08-04 20:24:47.258 11576-11576 View                    com.example.myapplication            V  dispatchProvideAutofillStructure(): not laid out, ignoring 3 children of 1073741890
2025-08-04 20:24:47.259 11576-11576 View                    com.example.myapplication            V  dispatchProvideAutofillStructure(): not laid out, ignoring 1 children of 1073741897
2025-08-04 20:24:47.262 11576-11576 AssistStructure         com.example.myapplication            I  Flattened final assist data: 32856 bytes, containing 2 windows, 76 views
2025-08-04 20:24:47.315 11576-11656 OplusScrollToTopManager com.example.myapplication            D  com.example.myapplication/com.example.myapplication.BatchActivity,This com.android.internal.policy.DecorView{25b8b64 V.E...... R....... 0,0-1080,2400 aid=4 alpha=1.0 viewInfo = }[BatchActivity] change focus to false
2025-08-04 20:24:47.322 11576-11576 callGcSupression        com.example.myapplication            D  java.lang.NullPointerException: Attempt to invoke virtual method 'java.lang.Object java.lang.reflect.Method.invoke(java.lang.Object, java.lang.Object[])' on a null object reference
2025-08-04 20:24:47.322 11576-11576 VRI[BatchActivity]      com.example.myapplication            W  handleResized abandoned!
2025-08-04 20:24:47.323 11576-11576 VRI[BatchActivity]      com.example.myapplication            W  handleResized abandoned!
2025-08-04 20:24:47.336 11576-11576 callGcSupression        com.example.myapplication            D  java.lang.NullPointerException: Attempt to invoke virtual method 'java.lang.Object java.lang.reflect.Method.invoke(java.lang.Object, java.lang.Object[])' on a null object reference
2025-08-04 20:24:47.336 11576-11576 VRI[BatchActivity]      com.example.myapplication            W  handleResized abandoned!
2025-08-04 20:24:47.336 11576-11576 VRI[BatchActivity]      com.example.myapplication            W  handleResized abandoned!
2025-08-04 20:24:47.343 11576-11656 OplusScrollToTopManager com.example.myapplication            D  com.example.myapplication/com.example.myapplication.BatchActivity,This com.android.internal.policy.DecorView{64cb292 V.E...... R....... 0,0-1026,679 aid=1073741847 alpha=1.0 viewInfo = }[BatchActivity] change focus to true
2025-08-04 20:24:47.357 11576-11576 InsetsController        com.example.myapplication            D  show(ime(), fromIme=true)
2025-08-04 20:24:47.377 11576-11576 callGcSupression        com.example.myapplication            D  java.lang.NullPointerException: Attempt to invoke virtual method 'java.lang.Object java.lang.reflect.Method.invoke(java.lang.Object, java.lang.Object[])' on a null object reference
2025-08-04 20:24:47.378 11576-11576 VRI[BatchActivity]      com.example.myapplication            W  handleResized abandoned!
2025-08-04 20:24:47.513 11576-11576 AutofillManager         com.example.myapplication            V  setSessionFinished(): from ACTIVE to FINISHED; autofillableIds=[1073741824, 1073741825, 1073741826, 1073741827, 1073741828, 1073741829, 1073741830, 1073741831, 1073741832, 1073741833, 1073741834, 1073741835, 1073741836, 1073741837, 1073741838, 1073741839, 1073741840, 1073741841, 1073741842, 1073741843, 1073741844, 1073741845, 1073741846]
2025-08-04 20:24:47.582 11576-11576 ImeTracker              com.example.myapplication            I  com.example.myapplication:2127d70b: onShown
2025-08-04 20:24:48.228 11576-11576 OplusCursorFeedback     com.example.myapplication            D  getExtraCursorWidth
2025-08-04 20:24:48.229 11576-11576 OplusCursorFeedback     com.example.myapplication            D  getExtraLeftOffset
2025-08-04 20:24:48.957 11576-11576 TextView                com.example.myapplication            V  notifyAutoFillManagerAfterTextChanged
2025-08-04 20:24:48.957 11576-11576 AutofillManager         com.example.myapplication            V  notifyValueChanged(1073741846): ignoring on state FINISHED
2025-08-04 20:24:48.975 11576-11576 OplusCursorFeedback     com.example.myapplication            D  getExtraCursorWidth
2025-08-04 20:24:48.975 11576-11576 OplusCursorFeedback     com.example.myapplication            D  getExtraLeftOffset
2025-08-04 20:24:49.329 11576-11576 TextView                com.example.myapplication            V  notifyAutoFillManagerAfterTextChanged
2025-08-04 20:24:49.329 11576-11576 AutofillManager         com.example.myapplication            V  notifyValueChanged(1073741846): ignoring on state FINISHED
2025-08-04 20:24:49.341 11576-11576 OplusCursorFeedback     com.example.myapplication            D  getExtraCursorWidth
2025-08-04 20:24:49.341 11576-11576 OplusCursorFeedback     com.example.myapplication            D  getExtraLeftOffset
2025-08-04 20:24:49.478 11576-11576 TextView                com.example.myapplication            V  notifyAutoFillManagerAfterTextChanged
2025-08-04 20:24:49.479 11576-11576 AutofillManager         com.example.myapplication            V  notifyValueChanged(1073741846): ignoring on state FINISHED
2025-08-04 20:24:49.490 11576-11576 OplusCursorFeedback     com.example.myapplication            D  getExtraCursorWidth
2025-08-04 20:24:49.490 11576-11576 OplusCursorFeedback     com.example.myapplication            D  getExtraLeftOffset
2025-08-04 20:24:49.517 11576-11576 TextView                com.example.myapplication            V  notifyAutoFillManagerAfterTextChanged
2025-08-04 20:24:49.517 11576-11576 AutofillManager         com.example.myapplication            V  notifyValueChanged(1073741846): ignoring on state FINISHED
2025-08-04 20:24:49.523 11576-11576 OplusCursorFeedback     com.example.myapplication            D  getExtraCursorWidth
2025-08-04 20:24:49.523 11576-11576 OplusCursorFeedback     com.example.myapplication            D  getExtraLeftOffset
2025-08-04 20:24:50.581 11576-11576 AutofillManager         com.example.myapplication            V  requestHideFillUi(null): anchor = null
2025-08-04 20:24:50.654 11576-11576 ViewRootImplExtImpl     com.example.myapplication            D  the up motion event handled by client, just return
2025-08-04 20:24:50.666 11576-11576 OplusScrollToTopManager com.example.myapplication            D  com.example.myapplication/com.example.myapplication.BatchActivity,window dying
2025-08-04 20:24:50.666 11576-11576 OplusScrollToTopManager com.example.myapplication            D  com.example.myapplication/com.example.myapplication.BatchActivity,unregisterSystemUIBroadcastReceiver 
2025-08-04 20:24:50.667 11576-11576 OplusScrollToTopManager com.example.myapplication            D  com.example.myapplication/com.example.myapplication.BatchActivity, unregisterSystemUIBroadcastReceiver failed java.lang.IllegalArgumentException: Receiver not registered: android.view.OplusScrollToTopManager$2@ca69ae6
2025-08-04 20:24:50.667 11576-11576 WindowOnBackDispatcher  com.example.myapplication            W  sendCancelIfRunning: isInProgress=false callback=android.view.ViewRootImpl$$ExternalSyntheticLambda11@97f65de
2025-08-04 20:24:50.668 11576-11576 OplusCursorFeedback     com.example.myapplication            D  editorDetachFromWindow android.widget.Editor@a063827
2025-08-04 20:24:50.670 11576-11576 HWUI                    com.example.myapplication            D  RenderProxy::destroy: this=0xb400006e96984000, mContext=0xb400006de71620c0
2025-08-04 20:24:50.670 11576-11646 HWUI                    com.example.myapplication            D  SkiaOpenGLPipeline::setSurface: this=0xb400006f0ce84780, surface=NULL
2025-08-04 20:24:50.672 11576-11646 HWUI                    com.example.myapplication            D  endAllActiveAnimators on 0xb400006de3314c00 (RippleDrawable) with handle 0xb400006e80287660
2025-08-04 20:24:50.692 11576-11592 BLASTBufferQueue        com.example.myapplication            D  [VRI[BatchActivity]#12](f:0,a:2) destructor()
2025-08-04 20:24:50.692 11576-11592 BufferQueueConsumer     com.example.myapplication            D  [VRI[BatchActivity]#12(BLAST Consumer)12](id:2d380000000c,api:0,p:-1,c:11576) disconnect
2025-08-04 20:24:50.760 11576-11576 InsetsController        com.example.myapplication            D  setRequestedVisibleTypes, mRequestedVisibleTypes: systemGestures mandatorySystemGestures tappableElement displayCutout windowDecor, requestedVisibleTypes: systemGestures mandatorySystemGestures tappableElement displayCutout windowDecor, visibleTypes: , type: 2, call: android.view.InsetsController.controlAnimationUnchecked:1477 android.view.InsetsController.applyAnimation:2191 android.view.InsetsController.applyAnimation:2161 android.view.InsetsController.onControlsChanged:1171 android.view.ViewRootImpl.handleInsetsControlChanged:2565 android.view.ViewRootImpl.-$$Nest$mhandleInsetsControlChanged:0 android.view.ViewRootImpl$ViewRootHandler.handleMessageImpl:7565 android.view.ViewRootImpl$ViewRootHandler.handleMessage:7504 android.os.Handler.dispatchMessage:107 android.os.Looper.loopOnce:282 
2025-08-04 20:24:50.770 11576-11576 callGcSupression        com.example.myapplication            D  java.lang.NullPointerException: Attempt to invoke virtual method 'java.lang.Object java.lang.reflect.Method.invoke(java.lang.Object, java.lang.Object[])' on a null object reference
2025-08-04 20:24:50.770 11576-11576 VRI[BatchActivity]      com.example.myapplication            W  handleResized abandoned!
2025-08-04 20:24:50.779 11576-11576 VRI[BatchActivity]      com.example.myapplication            D  onFocusEvent true
2025-08-04 20:24:50.808 11576-11576 InsetsController        com.example.myapplication            D  hide(ime(), fromIme=true)
2025-08-04 20:24:50.808 11576-11576 ImeTracker              com.example.myapplication            I  com.example.myapplication:24508577: onCancelled at PHASE_CLIENT_APPLY_ANIMATION
2025-08-04 20:24:50.810 11576-11576 ImeBackDispatcher       com.example.myapplication            E  Ime callback not found. Ignoring unregisterReceivedCallback. callbackId: 2163646
2025-08-04 20:24:51.123 11576-11576 InsetsController        com.example.myapplication            D  setRequestedVisibleTypes, mRequestedVisibleTypes: systemGestures mandatorySystemGestures tappableElement displayCutout windowDecor, requestedVisibleTypes: systemGestures mandatorySystemGestures tappableElement displayCutout windowDecor, visibleTypes: , type: 2, call: android.view.InsetsController.notifyFinished:1879 android.view.InsetsAnimationThreadControlRunner$1.lambda$notifyFinished$0:86 android.view.InsetsAnimationThreadControlRunner$1.$r8$lambda$cDFF0h4Ncq-8EXdGszv69jrUu7c:0 android.view.InsetsAnimationThreadControlRunner$1$$ExternalSyntheticLambda1.run:0 android.os.Handler.handleCallback:973 android.os.Handler.dispatchMessage:100 android.os.Looper.loopOnce:282 android.os.Looper.loop:387 android.app.ActivityThread.main:9500 java.lang.reflect.Method.invoke:-2 
2025-08-04 20:24:51.369 11576-11576 callGcSupression        com.example.myapplication            D  java.lang.NullPointerException: Attempt to invoke virtual method 'java.lang.Object java.lang.reflect.Method.invoke(java.lang.Object, java.lang.Object[])' on a null object reference
2025-08-04 20:24:51.369 11576-11576 VRI[BatchActivity]      com.example.myapplication            W  handleResized abandoned!
2025-08-04 20:24:51.782 11576-11656 OplusScrollToTopManager com.example.myapplication            D  com.example.myapplication/com.example.myapplication.BatchActivity,This com.android.internal.policy.DecorView{25b8b64 V.E...... R....... 0,0-1080,2400 aid=4 alpha=1.0 viewInfo = }[BatchActivity] change focus to true
2025-08-04 20:24:51.859 11576-11576 AutofillManager         com.example.myapplication            V  requestHideFillUi(null): anchor = null
2025-08-04 20:24:51.965 11576-11576 ViewRootImplExtImpl     com.example.myapplication            D  the up motion event handled by client, just return
2025-08-04 20:24:51.982 11576-11576 oplus.andr...actoryImpl com.example.myapplication            I  get feature:IOplusDynamicVsyncFeature
2025-08-04 20:24:51.982 11576-11576 oplus.andr...actoryImpl com.example.myapplication            I  get feature:IOplusDynamicVsyncFeature
2025-08-04 20:24:51.982 11576-11576 oplus.andr...actoryImpl com.example.myapplication            I  get feature:IOplusDynamicVsyncFeature
2025-08-04 20:24:51.993 11576-11576 TextView                com.example.myapplication            V  notifyAutoFillManagerAfterTextChanged
2025-08-04 20:24:51.993 11576-11576 AutofillManager         com.example.myapplication            V  notifyValueChanged(1073741899): ignoring on state FINISHED
2025-08-04 20:24:52.006 11576-11576 oplus.andr...actoryImpl com.example.myapplication            I  get feature:IOplusDynamicVsyncFeature
2025-08-04 20:24:52.006 11576-11576 oplus.andr...actoryImpl com.example.myapplication            I  get feature:IOplusDynamicVsyncFeature
2025-08-04 20:24:52.007 11576-11576 oplus.andr...actoryImpl com.example.myapplication            I  get feature:IOplusDynamicVsyncFeature
2025-08-04 20:24:52.010 11576-11576 oplus.andr...actoryImpl com.example.myapplication            I  get feature:IOplusDynamicVsyncFeature
2025-08-04 20:24:52.010 11576-11576 oplus.andr...actoryImpl com.example.myapplication            I  get feature:IOplusDynamicVsyncFeature
2025-08-04 20:24:52.011 11576-11576 oplus.andr...actoryImpl com.example.myapplication            I  get feature:IOplusDynamicVsyncFeature
2025-08-04 20:24:52.027 11576-11576 WindowManager           com.example.myapplication            D  Add to mViews: com.android.internal.policy.DecorView{27e393 V.E...... R.....I. 0,0-0,0 alpha=1.0 viewInfo = }[BatchActivity],pkg= com.example.myapplication
2025-08-04 20:24:52.028 11576-11646 skia                    com.example.myapplication            D  setRusSupported enable 0
2025-08-04 20:24:52.039 11576-11576 ViewRootImplExtImpl     com.example.myapplication            D  onDisplayChanged -1 for VRI android.view.ViewRootImpl@d1f02ce
2025-08-04 20:24:52.042 11576-11576 OplusBracketLog         com.example.myapplication            E  [OplusViewMirrorManager] updateHostViewRootIfNeeded, not support android.view.ViewRootImpl@d1f02ce
2025-08-04 20:24:52.072 11576-11576 InsetsController        com.example.myapplication            D  setRequestedVisibleTypes, mRequestedVisibleTypes: statusBars navigationBars captionBar systemGestures mandatorySystemGestures tappableElement displayCutout windowDecor systemOverlays, requestedVisibleTypes: statusBars navigationBars captionBar systemGestures mandatorySystemGestures tappableElement displayCutout windowDecor systemOverlays, visibleTypes: navigationBars, type: 2, call: android.view.InsetsController.controlAnimationUnchecked:1477 android.view.InsetsController.applyAnimation:2191 android.view.InsetsController.applyAnimation:2161 android.view.InsetsController.onControlsChanged:1163 android.view.ViewRootImpl.relayoutWindow:10356 android.view.ViewRootImpl.performTraversals:4151 android.view.ViewRootImpl.doTraversal:3313 android.view.ViewRootImpl$TraversalRunnable.run:11495 android.view.Choreographer$CallbackRecord.run:1621 android.view.Choreographer$CallbackRecord.run:1630 
2025-08-04 20:24:52.074 11576-11576 BufferQueueConsumer     com.example.myapplication            D  [](id:2d380000000d,api:0,p:-1,c:11576) connect: controlledByApp=false
2025-08-04 20:24:52.082 11576-11576 AutofillManager         com.example.myapplication            D  notifyViewReadyInner:1073741899
2025-08-04 20:24:52.090 11576-11576 SurfaceControl          com.example.myapplication            I   setExtendedRangeBrightness sc=Surface(name=com.example.myapplication/com.example.myapplication.BatchActivity)/@0x937dd00,currentBufferRatio=1.0,desiredRatio=1.0
2025-08-04 20:24:52.101 11576-11646 BLASTBufferQueue        com.example.myapplication            D  [VRI[BatchActivity]#13](f:0,a:1) acquireNextBufferLocked size=1218x854 mFrameNumber=1 applyTransaction=true mTimestamp=1429006719690328(auto) mPendingTransactions.size=0 graphicBufferId=49718541418550 transform=0
2025-08-04 20:24:52.102 11576-11646 VRI[BatchActivity]      com.example.myapplication            D  Received frameCommittedCallback lastAttemptedDrawFrameNum=1 didProduceBuffer=true syncBuffer=false
2025-08-04 20:24:52.103 11576-11576 VRI[BatchActivity]      com.example.myapplication            D  draw finished. seqId=0
2025-08-04 20:24:52.103 11576-11576 ViewRootImplExtImpl     com.example.myapplication            D  setMaxDequeuedBufferCount: 2
2025-08-04 20:24:52.104 11576-11576 VRI[BatchActivity]      com.example.myapplication            D  onFocusEvent false
2025-08-04 20:24:52.111 11576-11576 callGcSupression        com.example.myapplication            D  java.lang.NullPointerException: Attempt to invoke virtual method 'java.lang.Object java.lang.reflect.Method.invoke(java.lang.Object, java.lang.Object[])' on a null object reference
2025-08-04 20:24:52.112 11576-11576 VRI[BatchActivity]      com.example.myapplication            W  handleResized abandoned!
2025-08-04 20:24:52.112 11576-11576 callGcSupression        com.example.myapplication            D  java.lang.NullPointerException: Attempt to invoke virtual method 'java.lang.Object java.lang.reflect.Method.invoke(java.lang.Object, java.lang.Object[])' on a null object reference
2025-08-04 20:24:52.146 11576-11646 VRI[BatchActivity]      com.example.myapplication            D  Received frameCommittedCallback lastAttemptedDrawFrameNum=3 didProduceBuffer=true syncBuffer=false
2025-08-04 20:24:52.146 11576-11576 VRI[BatchActivity]      com.example.myapplication            D  draw finished. seqId=0
2025-08-04 20:24:52.156 11576-11576 VRI[BatchActivity]      com.example.myapplication            D  onFocusEvent true
2025-08-04 20:24:52.351 11576-11576 InsetsController        com.example.myapplication            D  setRequestedVisibleTypes, mRequestedVisibleTypes: statusBars navigationBars captionBar systemGestures mandatorySystemGestures tappableElement displayCutout windowDecor systemOverlays, requestedVisibleTypes: statusBars navigationBars captionBar systemGestures mandatorySystemGestures tappableElement displayCutout windowDecor systemOverlays, visibleTypes: navigationBars, type: 2, call: android.view.InsetsController.notifyFinished:1879 android.view.InsetsAnimationThreadControlRunner$1.lambda$notifyFinished$0:86 android.view.InsetsAnimationThreadControlRunner$1.$r8$lambda$cDFF0h4Ncq-8EXdGszv69jrUu7c:0 android.view.InsetsAnimationThreadControlRunner$1$$ExternalSyntheticLambda1.run:0 android.os.Handler.handleCallback:973 android.os.Handler.dispatchMessage:100 android.os.Looper.loopOnce:282 android.os.Looper.loop:387 android.app.ActivityThread.main:9500 java.lang.reflect.Method.invoke:-2 
2025-08-04 20:24:52.940 11576-11576 AutofillManager         com.example.myapplication            V  requestHideFillUi(null): anchor = null
2025-08-04 20:24:53.063 11576-11576 ViewRootImplExtImpl     com.example.myapplication            D  the up motion event handled by client, just return
2025-08-04 20:24:53.114 11576-11656 OplusScrollToTopManager com.example.myapplication            D  com.example.myapplication/com.example.myapplication.BatchActivity,This com.android.internal.policy.DecorView{25b8b64 V.E...... R....... 0,0-1080,2400 aid=4 alpha=1.0 viewInfo = }[BatchActivity] change focus to false
2025-08-04 20:24:53.157 11576-11656 OplusScrollToTopManager com.example.myapplication            D  com.example.myapplication/com.example.myapplication.BatchActivity,This com.android.internal.policy.DecorView{27e393 V.E...... R....... 0,0-1026,662 alpha=1.0 viewInfo = }[BatchActivity] change focus to true
2025-08-04 20:24:54.576 11576-11576 AutofillManager         com.example.myapplication            V  requestHideFillUi(null): anchor = null
2025-08-04 20:24:54.656 11576-11576 ViewRootImplExtImpl     com.example.myapplication            D  the up motion event handled by client, just return
2025-08-04 20:24:54.657 11576-11576 OplusScrollToTopManager com.example.myapplication            D  com.example.myapplication/com.example.myapplication.BatchActivity,window dying
2025-08-04 20:24:54.657 11576-11576 OplusScrollToTopManager com.example.myapplication            D  com.example.myapplication/com.example.myapplication.BatchActivity,unregisterSystemUIBroadcastReceiver 
2025-08-04 20:24:54.657 11576-11576 OplusScrollToTopManager com.example.myapplication            D  com.example.myapplication/com.example.myapplication.BatchActivity, unregisterSystemUIBroadcastReceiver failed java.lang.IllegalArgumentException: Receiver not registered: android.view.OplusScrollToTopManager$2@a72dcd5
2025-08-04 20:24:54.658 11576-11576 WindowOnBackDispatcher  com.example.myapplication            W  sendCancelIfRunning: isInProgress=false callback=android.view.ViewRootImpl$$ExternalSyntheticLambda11@fa028fc
2025-08-04 20:24:54.666 11576-11576 HWUI                    com.example.myapplication            D  RenderProxy::destroy: this=0xb400006de2caf100, mContext=0xb400006de693d780
2025-08-04 20:24:54.666 11576-11646 HWUI                    com.example.myapplication            D  SkiaOpenGLPipeline::setSurface: this=0xb400006de283afc0, surface=NULL
2025-08-04 20:24:54.668 11576-11646 HWUI                    com.example.myapplication            D  endAllActiveAnimators on 0xb400006de36df200 (RippleDrawable) with handle 0xb400006de6ff59e0
2025-08-04 20:24:54.678 11576-13296 BLASTBufferQueue        com.example.myapplication            D  [VRI[BatchActivity]#13](f:0,a:2) destructor()
2025-08-04 20:24:54.678 11576-13296 BufferQueueConsumer     com.example.myapplication            D  [VRI[BatchActivity]#13(BLAST Consumer)13](id:2d380000000d,api:0,p:-1,c:11576) disconnect
2025-08-04 20:24:54.699 11576-11576 InsetsController        com.example.myapplication            D  setRequestedVisibleTypes, mRequestedVisibleTypes: systemGestures mandatorySystemGestures tappableElement displayCutout windowDecor, requestedVisibleTypes: systemGestures mandatorySystemGestures tappableElement displayCutout windowDecor, visibleTypes: , type: 2, call: android.view.InsetsController.controlAnimationUnchecked:1477 android.view.InsetsController.applyAnimation:2191 android.view.InsetsController.applyAnimation:2161 android.view.InsetsController.onControlsChanged:1171 android.view.ViewRootImpl.handleInsetsControlChanged:2565 android.view.ViewRootImpl.-$$Nest$mhandleInsetsControlChanged:0 android.view.ViewRootImpl$ViewRootHandler.handleMessageImpl:7565 android.view.ViewRootImpl$ViewRootHandler.handleMessage:7504 android.os.Handler.dispatchMessage:107 android.os.Looper.loopOnce:282 
2025-08-04 20:24:54.708 11576-11576 callGcSupression        com.example.myapplication            D  java.lang.NullPointerException: Attempt to invoke virtual method 'java.lang.Object java.lang.reflect.Method.invoke(java.lang.Object, java.lang.Object[])' on a null object reference
2025-08-04 20:24:54.708 11576-11576 VRI[BatchActivity]      com.example.myapplication            W  handleResized abandoned!
2025-08-04 20:24:54.713 11576-11576 VRI[BatchActivity]      com.example.myapplication            D  onFocusEvent true
2025-08-04 20:24:55.060 11576-11576 InsetsController        com.example.myapplication            D  setRequestedVisibleTypes, mRequestedVisibleTypes: systemGestures mandatorySystemGestures tappableElement displayCutout windowDecor, requestedVisibleTypes: systemGestures mandatorySystemGestures tappableElement displayCutout windowDecor, visibleTypes: , type: 2, call: android.view.InsetsController.notifyFinished:1879 android.view.InsetsAnimationThreadControlRunner$1.lambda$notifyFinished$0:86 android.view.InsetsAnimationThreadControlRunner$1.$r8$lambda$cDFF0h4Ncq-8EXdGszv69jrUu7c:0 android.view.InsetsAnimationThreadControlRunner$1$$ExternalSyntheticLambda1.run:0 android.os.Handler.handleCallback:973 android.os.Handler.dispatchMessage:100 android.os.Looper.loopOnce:282 android.os.Looper.loop:387 android.app.ActivityThread.main:9500 java.lang.reflect.Method.invoke:-2 
2025-08-04 20:24:55.720 11576-11656 OplusScrollToTopManager com.example.myapplication            D  com.example.myapplication/com.example.myapplication.BatchActivity,This com.android.internal.policy.DecorView{25b8b64 V.E...... R....... 0,0-1080,2400 aid=4 alpha=1.0 viewInfo = }[BatchActivity] change focus to true
2025-08-04 20:24:56.596 11576-11576 AutofillManager         com.example.myapplication            V  requestHideFillUi(null): anchor = null
2025-08-04 20:24:56.674 11576-11576 ViewRootImplExtImpl     com.example.myapplication            D  the up motion event handled by client, just return
2025-08-04 20:24:56.678 11576-11576 AutofillManager         com.example.myapplication            V  notifyValueChanged(1073741836): ignoring on state FINISHED
2025-08-04 20:24:56.680 11576-11576 AutofillManager         com.example.myapplication            V  notifyValueChanged(1073741834): ignoring on state FINISHED
2025-08-04 20:24:57.615 11576-11576 AutofillManager         com.example.myapplication            V  requestHideFillUi(null): anchor = null
2025-08-04 20:24:57.690 11576-11576 ViewRootImplExtImpl     com.example.myapplication            D  the up motion event handled by client, just return
2025-08-04 20:24:57.709 11576-11576 TextView                com.example.myapplication            V  notifyAutoFillManagerAfterTextChanged
2025-08-04 20:24:57.709 11576-11576 AutofillManager         com.example.myapplication            V  notifyValueChanged(1073741900): ignoring on state FINISHED
2025-08-04 20:24:57.710 11576-11576 TextView                com.example.myapplication            V  notifyAutoFillManagerAfterTextChanged
2025-08-04 20:24:57.711 11576-11576 AutofillManager         com.example.myapplication            V  notifyValueChanged(1073741900): ignoring on state FINISHED
2025-08-04 20:24:57.730 11576-11576 oplus.andr...actoryImpl com.example.myapplication            I  get feature:IOplusDynamicVsyncFeature
2025-08-04 20:24:57.730 11576-11576 oplus.andr...actoryImpl com.example.myapplication            I  get feature:IOplusDynamicVsyncFeature
2025-08-04 20:24:57.730 11576-11576 oplus.andr...actoryImpl com.example.myapplication            I  get feature:IOplusDynamicVsyncFeature
2025-08-04 20:24:57.735 11576-11576 oplus.andr...actoryImpl com.example.myapplication            I  get feature:IOplusDynamicVsyncFeature
2025-08-04 20:24:57.735 11576-11576 oplus.andr...actoryImpl com.example.myapplication            I  get feature:IOplusDynamicVsyncFeature
2025-08-04 20:24:57.735 11576-11576 oplus.andr...actoryImpl com.example.myapplication            I  get feature:IOplusDynamicVsyncFeature
2025-08-04 20:24:57.749 11576-11576 WindowManager           com.example.myapplication            D  Add to mViews: com.android.internal.policy.DecorView{5e7021a V.E...... R.....I. 0,0-0,0 alpha=1.0 viewInfo = }[BatchActivity],pkg= com.example.myapplication
2025-08-04 20:24:57.749 11576-11646 skia                    com.example.myapplication            D  setRusSupported enable 0
2025-08-04 20:24:57.769 11576-11576 ViewRootImplExtImpl     com.example.myapplication            D  onDisplayChanged -1 for VRI android.view.ViewRootImpl@f95bc41
2025-08-04 20:24:57.772 11576-11576 OplusBracketLog         com.example.myapplication            E  [OplusViewMirrorManager] updateHostViewRootIfNeeded, not support android.view.ViewRootImpl@f95bc41
2025-08-04 20:24:57.798 11576-11576 InsetsController        com.example.myapplication            D  setRequestedVisibleTypes, mRequestedVisibleTypes: statusBars navigationBars captionBar systemGestures mandatorySystemGestures tappableElement displayCutout windowDecor systemOverlays, requestedVisibleTypes: statusBars navigationBars captionBar systemGestures mandatorySystemGestures tappableElement displayCutout windowDecor systemOverlays, visibleTypes: navigationBars, type: 2, call: android.view.InsetsController.controlAnimationUnchecked:1477 android.view.InsetsController.applyAnimation:2191 android.view.InsetsController.applyAnimation:2161 android.view.InsetsController.onControlsChanged:1163 android.view.ViewRootImpl.relayoutWindow:10356 android.view.ViewRootImpl.performTraversals:4151 android.view.ViewRootImpl.doTraversal:3313 android.view.ViewRootImpl$TraversalRunnable.run:11495 android.view.Choreographer$CallbackRecord.run:1621 android.view.Choreographer$CallbackRecord.run:1630 
2025-08-04 20:24:57.802 11576-11576 BufferQueueConsumer     com.example.myapplication            D  [](id:2d380000000e,api:0,p:-1,c:11576) connect: controlledByApp=false
2025-08-04 20:24:57.808 11576-11576 AutofillManager         com.example.myapplication            D  notifyViewReadyInner:1073741900
2025-08-04 20:24:57.810 11576-11576 SurfaceControl          com.example.myapplication            I   setExtendedRangeBrightness sc=Surface(name=com.example.myapplication/com.example.myapplication.BatchActivity)/@0x6dc012b,currentBufferRatio=1.0,desiredRatio=1.0
2025-08-04 20:24:57.819 11576-11646 BLASTBufferQueue        com.example.myapplication            D  [VRI[BatchActivity]#14](f:0,a:1) acquireNextBufferLocked size=1218x871 mFrameNumber=1 applyTransaction=true mTimestamp=1429012437774867(auto) mPendingTransactions.size=0 graphicBufferId=49718541418553 transform=0
2025-08-04 20:24:57.820 11576-11646 VRI[BatchActivity]      com.example.myapplication            D  Received frameCommittedCallback lastAttemptedDrawFrameNum=1 didProduceBuffer=true syncBuffer=false
2025-08-04 20:24:57.821 11576-11576 VRI[BatchActivity]      com.example.myapplication            D  draw finished. seqId=0
2025-08-04 20:24:57.821 11576-11576 ViewRootImplExtImpl     com.example.myapplication            D  setMaxDequeuedBufferCount: 2
2025-08-04 20:24:57.830 11576-11576 callGcSupression        com.example.myapplication            D  java.lang.NullPointerException: Attempt to invoke virtual method 'java.lang.Object java.lang.reflect.Method.invoke(java.lang.Object, java.lang.Object[])' on a null object reference
2025-08-04 20:24:57.831 11576-11576 VRI[BatchActivity]      com.example.myapplication            W  handleResized abandoned!
2025-08-04 20:24:57.831 11576-11576 callGcSupression        com.example.myapplication            D  java.lang.NullPointerException: Attempt to invoke virtual method 'java.lang.Object java.lang.reflect.Method.invoke(java.lang.Object, java.lang.Object[])' on a null object reference
2025-08-04 20:24:57.875 11576-11646 VRI[BatchActivity]      com.example.myapplication            D  Received frameCommittedCallback lastAttemptedDrawFrameNum=3 didProduceBuffer=true syncBuffer=false
2025-08-04 20:24:57.876 11576-11576 VRI[BatchActivity]      com.example.myapplication            D  draw finished. seqId=0
2025-08-04 20:24:57.876 11576-11576 VRI[BatchActivity]      com.example.myapplication            D  onFocusEvent false
2025-08-04 20:24:57.887 11576-11576 VRI[BatchActivity]      com.example.myapplication            D  onFocusEvent true
2025-08-04 20:24:58.081 11576-11576 InsetsController        com.example.myapplication            D  setRequestedVisibleTypes, mRequestedVisibleTypes: statusBars navigationBars captionBar systemGestures mandatorySystemGestures tappableElement displayCutout windowDecor systemOverlays, requestedVisibleTypes: statusBars navigationBars captionBar systemGestures mandatorySystemGestures tappableElement displayCutout windowDecor systemOverlays, visibleTypes: navigationBars, type: 2, call: android.view.InsetsController.notifyFinished:1879 android.view.InsetsAnimationThreadControlRunner$1.lambda$notifyFinished$0:86 android.view.InsetsAnimationThreadControlRunner$1.$r8$lambda$cDFF0h4Ncq-8EXdGszv69jrUu7c:0 android.view.InsetsAnimationThreadControlRunner$1$$ExternalSyntheticLambda1.run:0 android.os.Handler.handleCallback:973 android.os.Handler.dispatchMessage:100 android.os.Looper.loopOnce:282 android.os.Looper.loop:387 android.app.ActivityThread.main:9500 java.lang.reflect.Method.invoke:-2 
2025-08-04 20:24:58.555 11576-11576 AutofillManager         com.example.myapplication            V  requestHideFillUi(null): anchor = null
2025-08-04 20:24:58.643 11576-11576 AutofillManager         com.example.myapplication            V  startSessionLocked(): id=1073741900, bounds=null, value=[type=1, value=0_chars], flags=0, state=FINISHED, compatMode=false, augmentedOnly=false, enabledAugmentedOnly=false, enteredIds={1073741824, 1073741825, 1073741826, 1073741827, 1073741828, 1073741829, 1073741830, 1073741831, 1073741832, 1073741833, 1073741834, 1073741835, 1073741836, 1073741837, 1073741838, 1073741839, 1073741840, 1073741841, 1073741842, 1073741843, 1073741844, 1073741845, 1073741846}
2025-08-04 20:24:58.658 11576-11576 ImeTracker              com.example.myapplication            I  com.example.myapplication:2d4a4bdd: onRequestShow at ORIGIN_CLIENT reason SHOW_SOFT_INPUT fromUser true
2025-08-04 20:24:58.659 11576-11576 InputMethodManager      com.example.myapplication            D  showSoftInput() view=androidx.appcompat.widget.AppCompatEditText{3283e48 VFED..CL. .F.P..ID 60,277-966,422 #7f0900d5 app:id/et_criteria_name aid=1073741900 alpha=1.0 viewInfo = } flags=0 reason=SHOW_SOFT_INPUT
2025-08-04 20:24:58.662 11576-11576 ViewRootImplExtImpl     com.example.myapplication            D  the up motion event handled by client, just return
2025-08-04 20:24:58.664 11576-11576 OplusCursorFeedback     com.example.myapplication            D  getExtraCursorWidth
2025-08-04 20:24:58.664 11576-11576 OplusCursorFeedback     com.example.myapplication            D  getExtraLeftOffset
2025-08-04 20:24:58.678 11576-11576 View                    com.example.myapplication            V  dispatchProvideAutofillStructure(): not laid out, ignoring 1 children of 1073741885
2025-08-04 20:24:58.678 11576-11576 View                    com.example.myapplication            V  dispatchProvideAutofillStructure(): not laid out, ignoring 2 children of 1073741904
2025-08-04 20:24:58.678 11576-11576 View                    com.example.myapplication            V  dispatchProvideAutofillStructure(): not laid out, ignoring 3 children of 1073741905
2025-08-04 20:24:58.679 11576-11576 View                    com.example.myapplication            V  dispatchProvideAutofillStructure(): not laid out, ignoring 1 children of 1073741912
2025-08-04 20:24:58.682 11576-11576 AssistStructure         com.example.myapplication            I  Flattened final assist data: 32856 bytes, containing 2 windows, 76 views
2025-08-04 20:24:58.714 11576-11576 callGcSupression        com.example.myapplication            D  java.lang.NullPointerException: Attempt to invoke virtual method 'java.lang.Object java.lang.reflect.Method.invoke(java.lang.Object, java.lang.Object[])' on a null object reference
2025-08-04 20:24:58.715 11576-11576 VRI[BatchActivity]      com.example.myapplication            W  handleResized abandoned!
2025-08-04 20:24:58.716 11576-11576 VRI[BatchActivity]      com.example.myapplication            W  handleResized abandoned!
2025-08-04 20:24:58.725 11576-11646 HWUI                    com.example.myapplication            D  SkiaOpenGLPipeline::setSurface: this=0xb400006f0ce84780, surface=NULL
2025-08-04 20:24:58.725 11576-11646 HWUI                    com.example.myapplication            D  SkiaOpenGLPipeline::setSurface: this=0xb400006de283afc0, surface=NULL
2025-08-04 20:24:58.733 11576-11576 InsetsController        com.example.myapplication            D  show(ime(), fromIme=true)
2025-08-04 20:24:58.757 11576-11576 callGcSupression        com.example.myapplication            D  java.lang.NullPointerException: Attempt to invoke virtual method 'java.lang.Object java.lang.reflect.Method.invoke(java.lang.Object, java.lang.Object[])' on a null object reference
2025-08-04 20:24:58.758 11576-11576 VRI[BatchActivity]      com.example.myapplication            W  handleResized abandoned!
2025-08-04 20:24:58.758 11576-11576 VRI[BatchActivity]      com.example.myapplication            W  handleResized abandoned!
2025-08-04 20:24:58.774 11576-11576 AutofillManager         com.example.myapplication            V  setSessionFinished(): from ACTIVE to FINISHED; autofillableIds=[1073741824, 1073741825, 1073741826, 1073741827, 1073741828, 1073741829, 1073741830, 1073741831, 1073741832, 1073741833, 1073741834, 1073741835, 1073741836, 1073741837, 1073741838, 1073741839, 1073741840, 1073741841, 1073741842, 1073741843, 1073741844, 1073741845, 1073741900]
2025-08-04 20:24:58.883 11576-11656 OplusScrollToTopManager com.example.myapplication            D  com.example.myapplication/com.example.myapplication.BatchActivity,This com.android.internal.policy.DecorView{25b8b64 V.E...... R....... 0,0-1080,2400 aid=4 alpha=1.0 viewInfo = }[BatchActivity] change focus to false
2025-08-04 20:24:58.906 11576-11656 OplusScrollToTopManager com.example.myapplication            D  com.example.myapplication/com.example.myapplication.BatchActivity,This com.android.internal.policy.DecorView{5e7021a V.E...... R....... 0,0-1026,679 aid=1073741901 alpha=1.0 viewInfo = }[BatchActivity] change focus to true
2025-08-04 20:24:58.943 11576-11576 ImeTracker              com.example.myapplication            I  com.example.myapplication:2d4a4bdd: onShown
2025-08-04 20:24:59.456 11576-11576 TextView                com.example.myapplication            V  notifyAutoFillManagerAfterTextChanged
2025-08-04 20:24:59.456 11576-11576 AutofillManager         com.example.myapplication            V  notifyValueChanged(1073741900): ignoring on state FINISHED
2025-08-04 20:24:59.474 11576-11576 OplusCursorFeedback     com.example.myapplication            D  getExtraCursorWidth
2025-08-04 20:24:59.474 11576-11576 OplusCursorFeedback     com.example.myapplication            D  getExtraLeftOffset
2025-08-04 20:24:59.604 11576-11576 TextView                com.example.myapplication            V  notifyAutoFillManagerAfterTextChanged
2025-08-04 20:24:59.604 11576-11576 AutofillManager         com.example.myapplication            V  notifyValueChanged(1073741900): ignoring on state FINISHED
2025-08-04 20:24:59.624 11576-11576 OplusCursorFeedback     com.example.myapplication            D  getExtraCursorWidth
2025-08-04 20:24:59.624 11576-11576 OplusCursorFeedback     com.example.myapplication            D  getExtraLeftOffset
2025-08-04 20:24:59.744 11576-11576 TextView                com.example.myapplication            V  notifyAutoFillManagerAfterTextChanged
2025-08-04 20:24:59.744 11576-11576 AutofillManager         com.example.myapplication            V  notifyValueChanged(1073741900): ignoring on state FINISHED
2025-08-04 20:24:59.755 11576-11576 OplusCursorFeedback     com.example.myapplication            D  getExtraCursorWidth
2025-08-04 20:24:59.755 11576-11576 OplusCursorFeedback     com.example.myapplication            D  getExtraLeftOffset
2025-08-04 20:25:00.220 11576-11576 AutofillManager         com.example.myapplication            V  requestHideFillUi(null): anchor = null
2025-08-04 20:25:00.292 11576-11576 ViewRootImplExtImpl     com.example.myapplication            D  the up motion event handled by client, just return
2025-08-04 20:25:00.301 11576-11576 OplusScrollToTopManager com.example.myapplication            D  com.example.myapplication/com.example.myapplication.BatchActivity,window dying
2025-08-04 20:25:00.301 11576-11576 OplusScrollToTopManager com.example.myapplication            D  com.example.myapplication/com.example.myapplication.BatchActivity,unregisterSystemUIBroadcastReceiver 
2025-08-04 20:25:00.301 11576-11576 OplusScrollToTopManager com.example.myapplication            D  com.example.myapplication/com.example.myapplication.BatchActivity, unregisterSystemUIBroadcastReceiver failed java.lang.IllegalArgumentException: Receiver not registered: android.view.OplusScrollToTopManager$2@866308c
2025-08-04 20:25:00.301 11576-11576 WindowOnBackDispatcher  com.example.myapplication            W  sendCancelIfRunning: isInProgress=false callback=android.view.ViewRootImpl$$ExternalSyntheticLambda11@d6325e6
2025-08-04 20:25:00.302 11576-11576 OplusCursorFeedback     com.example.myapplication            D  editorDetachFromWindow android.widget.Editor@e9583d5
2025-08-04 20:25:00.303 11576-11576 HWUI                    com.example.myapplication            D  RenderProxy::destroy: this=0xb400006de370ac00, mContext=0xb400006de2995c40
2025-08-04 20:25:00.303 11576-11646 HWUI                    com.example.myapplication            D  SkiaOpenGLPipeline::setSurface: this=0xb400006de283ad40, surface=NULL
2025-08-04 20:25:00.304 11576-11646 HWUI                    com.example.myapplication            D  endAllActiveAnimators on 0xb400006de6b4d000 (RippleDrawable) with handle 0xb400006ef06b15e0
2025-08-04 20:25:00.323 11576-11592 BLASTBufferQueue        com.example.myapplication            D  [VRI[BatchActivity]#14](f:0,a:2) destructor()
2025-08-04 20:25:00.323 11576-11592 BufferQueueConsumer     com.example.myapplication            D  [VRI[BatchActivity]#14(BLAST Consumer)14](id:2d380000000e,api:0,p:-1,c:11576) disconnect
2025-08-04 20:25:00.344 11576-11576 InsetsController        com.example.myapplication            D  setRequestedVisibleTypes, mRequestedVisibleTypes: systemGestures mandatorySystemGestures tappableElement displayCutout windowDecor, requestedVisibleTypes: systemGestures mandatorySystemGestures tappableElement displayCutout windowDecor, visibleTypes: , type: 2, call: android.view.InsetsController.controlAnimationUnchecked:1477 android.view.InsetsController.applyAnimation:2191 android.view.InsetsController.applyAnimation:2161 android.view.InsetsController.onControlsChanged:1171 android.view.ViewRootImpl.handleInsetsControlChanged:2565 android.view.ViewRootImpl.-$$Nest$mhandleInsetsControlChanged:0 android.view.ViewRootImpl$ViewRootHandler.handleMessageImpl:7565 android.view.ViewRootImpl$ViewRootHandler.handleMessage:7504 android.os.Handler.dispatchMessage:107 android.os.Looper.loopOnce:282 
2025-08-04 20:25:00.353 11576-11576 callGcSupression        com.example.myapplication            D  java.lang.NullPointerException: Attempt to invoke virtual method 'java.lang.Object java.lang.reflect.Method.invoke(java.lang.Object, java.lang.Object[])' on a null object reference
2025-08-04 20:25:00.353 11576-11576 VRI[BatchActivity]      com.example.myapplication            W  handleResized abandoned!
2025-08-04 20:25:00.359 11576-11576 VRI[BatchActivity]      com.example.myapplication            D  onFocusEvent true
2025-08-04 20:25:00.375 11576-11576 ImeBackDispatcher       com.example.myapplication            E  Ime callback not found. Ignoring unregisterReceivedCallback. callbackId: 2163646
2025-08-04 20:25:00.388 11576-11576 InsetsController        com.example.myapplication            D  hide(ime(), fromIme=true)
2025-08-04 20:25:00.388 11576-11576 ImeTracker              com.example.myapplication            I  com.example.myapplication:11500d53: onCancelled at PHASE_CLIENT_APPLY_ANIMATION
2025-08-04 20:25:00.706 11576-11576 InsetsController        com.example.myapplication            D  setRequestedVisibleTypes, mRequestedVisibleTypes: systemGestures mandatorySystemGestures tappableElement displayCutout windowDecor, requestedVisibleTypes: systemGestures mandatorySystemGestures tappableElement displayCutout windowDecor, visibleTypes: , type: 2, call: android.view.InsetsController.notifyFinished:1879 android.view.InsetsAnimationThreadControlRunner$1.lambda$notifyFinished$0:86 android.view.InsetsAnimationThreadControlRunner$1.$r8$lambda$cDFF0h4Ncq-8EXdGszv69jrUu7c:0 android.view.InsetsAnimationThreadControlRunner$1$$ExternalSyntheticLambda1.run:0 android.os.Handler.handleCallback:973 android.os.Handler.dispatchMessage:100 android.os.Looper.loopOnce:282 android.os.Looper.loop:387 android.app.ActivityThread.main:9500 java.lang.reflect.Method.invoke:-2 
2025-08-04 20:25:00.936 11576-11576 callGcSupression        com.example.myapplication            D  java.lang.NullPointerException: Attempt to invoke virtual method 'java.lang.Object java.lang.reflect.Method.invoke(java.lang.Object, java.lang.Object[])' on a null object reference
2025-08-04 20:25:00.936 11576-11576 VRI[BatchActivity]      com.example.myapplication            W  handleResized abandoned!
2025-08-04 20:25:01.368 11576-11656 OplusScrollToTopManager com.example.myapplication            D  com.example.myapplication/com.example.myapplication.BatchActivity,This com.android.internal.policy.DecorView{25b8b64 V.E...... R....... 0,0-1080,2400 aid=4 alpha=1.0 viewInfo = }[BatchActivity] change focus to true
2025-08-04 20:25:01.425 11576-11576 AutofillManager         com.example.myapplication            V  requestHideFillUi(null): anchor = null
2025-08-04 20:25:01.489 11576-11576 ViewRootImplExtImpl     com.example.myapplication            D  the up motion event handled by client, just return
2025-08-04 20:25:01.514 11576-11576 oplus.andr...actoryImpl com.example.myapplication            I  get feature:IOplusDynamicVsyncFeature
2025-08-04 20:25:01.515 11576-11576 oplus.andr...actoryImpl com.example.myapplication            I  get feature:IOplusDynamicVsyncFeature
2025-08-04 20:25:01.515 11576-11576 oplus.andr...actoryImpl com.example.myapplication            I  get feature:IOplusDynamicVsyncFeature
2025-08-04 20:25:01.527 11576-11576 TextView                com.example.myapplication            V  notifyAutoFillManagerAfterTextChanged
2025-08-04 20:25:01.528 11576-11576 AutofillManager         com.example.myapplication            V  notifyValueChanged(1073741914): ignoring on state FINISHED
2025-08-04 20:25:01.532 11576-11576 TextView                com.example.myapplication            V  notifyAutoFillManagerAfterTextChanged
2025-08-04 20:25:01.532 11576-11576 AutofillManager         com.example.myapplication            V  notifyValueChanged(1073741915): ignoring on state FINISHED
2025-08-04 20:25:01.546 11576-11576 oplus.andr...actoryImpl com.example.myapplication            I  get feature:IOplusDynamicVsyncFeature
2025-08-04 20:25:01.546 11576-11576 oplus.andr...actoryImpl com.example.myapplication            I  get feature:IOplusDynamicVsyncFeature
2025-08-04 20:25:01.547 11576-11576 oplus.andr...actoryImpl com.example.myapplication            I  get feature:IOplusDynamicVsyncFeature
2025-08-04 20:25:01.551 11576-11576 oplus.andr...actoryImpl com.example.myapplication            I  get feature:IOplusDynamicVsyncFeature
2025-08-04 20:25:01.551 11576-11576 oplus.andr...actoryImpl com.example.myapplication            I  get feature:IOplusDynamicVsyncFeature
2025-08-04 20:25:01.551 11576-11576 oplus.andr...actoryImpl com.example.myapplication            I  get feature:IOplusDynamicVsyncFeature
2025-08-04 20:25:01.571 11576-11576 WindowManager           com.example.myapplication            D  Add to mViews: com.android.internal.policy.DecorView{d954e36 V.E...... R.....I. 0,0-0,0 alpha=1.0 viewInfo = }[BatchActivity],pkg= com.example.myapplication
2025-08-04 20:25:01.574 11576-11646 skia                    com.example.myapplication            D  setRusSupported enable 0
2025-08-04 20:25:01.591 11576-11576 ViewRootImplExtImpl     com.example.myapplication            D  onDisplayChanged -1 for VRI android.view.ViewRootImpl@7621c0d
2025-08-04 20:25:01.595 11576-11576 OplusBracketLog         com.example.myapplication            E  [OplusViewMirrorManager] updateHostViewRootIfNeeded, not support android.view.ViewRootImpl@7621c0d
2025-08-04 20:25:01.620 11576-11576 InsetsController        com.example.myapplication            D  setRequestedVisibleTypes, mRequestedVisibleTypes: statusBars navigationBars captionBar systemGestures mandatorySystemGestures tappableElement displayCutout windowDecor systemOverlays, requestedVisibleTypes: statusBars navigationBars captionBar systemGestures mandatorySystemGestures tappableElement displayCutout windowDecor systemOverlays, visibleTypes: navigationBars, type: 2, call: android.view.InsetsController.controlAnimationUnchecked:1477 android.view.InsetsController.applyAnimation:2191 android.view.InsetsController.applyAnimation:2161 android.view.InsetsController.onControlsChanged:1163 android.view.ViewRootImpl.relayoutWindow:10356 android.view.ViewRootImpl.performTraversals:4151 android.view.ViewRootImpl.doTraversal:3313 android.view.ViewRootImpl$TraversalRunnable.run:11495 android.view.Choreographer$CallbackRecord.run:1621 android.view.Choreographer$CallbackRecord.run:1630 
2025-08-04 20:25:01.625 11576-11576 BufferQueueConsumer     com.example.myapplication            D  [](id:2d380000000f,api:0,p:-1,c:11576) connect: controlledByApp=false
2025-08-04 20:25:01.633 11576-11576 AutofillManager         com.example.myapplication            D  notifyViewReadyInner:1073741914
2025-08-04 20:25:01.634 11576-11576 AutofillManager         com.example.myapplication            D  notifyViewReadyInner:1073741915
2025-08-04 20:25:01.642 11576-11576 SurfaceControl          com.example.myapplication            I   setExtendedRangeBrightness sc=Surface(name=com.example.myapplication/com.example.myapplication.BatchActivity)/@0xf806979,currentBufferRatio=1.0,desiredRatio=1.0
2025-08-04 20:25:01.655 11576-11646 BLASTBufferQueue        com.example.myapplication            D  [VRI[BatchActivity]#15](f:0,a:1) acquireNextBufferLocked size=1218x982 mFrameNumber=1 applyTransaction=true mTimestamp=1429016273389406(auto) mPendingTransactions.size=0 graphicBufferId=49718541418559 transform=0
2025-08-04 20:25:01.655 11576-11646 VRI[BatchActivity]      com.example.myapplication            D  Received frameCommittedCallback lastAttemptedDrawFrameNum=1 didProduceBuffer=true syncBuffer=false
2025-08-04 20:25:01.658 11576-11576 VRI[BatchActivity]      com.example.myapplication            D  draw finished. seqId=0
2025-08-04 20:25:01.658 11576-11576 ViewRootImplExtImpl     com.example.myapplication            D  setMaxDequeuedBufferCount: 2
2025-08-04 20:25:01.658 11576-11576 VRI[BatchActivity]      com.example.myapplication            D  onFocusEvent false
2025-08-04 20:25:01.668 11576-11576 callGcSupression        com.example.myapplication            D  java.lang.NullPointerException: Attempt to invoke virtual method 'java.lang.Object java.lang.reflect.Method.invoke(java.lang.Object, java.lang.Object[])' on a null object reference
2025-08-04 20:25:01.669 11576-11576 VRI[BatchActivity]      com.example.myapplication            W  handleResized abandoned!
2025-08-04 20:25:01.669 11576-11576 callGcSupression        com.example.myapplication            D  java.lang.NullPointerException: Attempt to invoke virtual method 'java.lang.Object java.lang.reflect.Method.invoke(java.lang.Object, java.lang.Object[])' on a null object reference
2025-08-04 20:25:01.715 11576-11646 VRI[BatchActivity]      com.example.myapplication            D  Received frameCommittedCallback lastAttemptedDrawFrameNum=3 didProduceBuffer=true syncBuffer=false
2025-08-04 20:25:01.716 11576-11576 VRI[BatchActivity]      com.example.myapplication            D  draw finished. seqId=0
2025-08-04 20:25:01.731 11576-11576 VRI[BatchActivity]      com.example.myapplication            D  onFocusEvent true
2025-08-04 20:25:01.884 11576-11576 InsetsController        com.example.myapplication            D  setRequestedVisibleTypes, mRequestedVisibleTypes: statusBars navigationBars captionBar systemGestures mandatorySystemGestures tappableElement displayCutout windowDecor systemOverlays, requestedVisibleTypes: statusBars navigationBars captionBar systemGestures mandatorySystemGestures tappableElement displayCutout windowDecor systemOverlays, visibleTypes: navigationBars, type: 2, call: android.view.InsetsController.notifyFinished:1879 android.view.InsetsAnimationThreadControlRunner$1.lambda$notifyFinished$0:86 android.view.InsetsAnimationThreadControlRunner$1.$r8$lambda$cDFF0h4Ncq-8EXdGszv69jrUu7c:0 android.view.InsetsAnimationThreadControlRunner$1$$ExternalSyntheticLambda1.run:0 android.os.Handler.handleCallback:973 android.os.Handler.dispatchMessage:100 android.os.Looper.loopOnce:282 android.os.Looper.loop:387 android.app.ActivityThread.main:9500 java.lang.reflect.Method.invoke:-2 
2025-08-04 20:25:02.676 11576-11656 OplusScrollToTopManager com.example.myapplication            D  com.example.myapplication/com.example.myapplication.BatchActivity,This com.android.internal.policy.DecorView{25b8b64 V.E...... R....... 0,0-1080,2400 aid=4 alpha=1.0 viewInfo = }[BatchActivity] change focus to false
2025-08-04 20:25:02.736 11576-11656 OplusScrollToTopManager com.example.myapplication            D  com.example.myapplication/com.example.myapplication.BatchActivity,This com.android.internal.policy.DecorView{d954e36 V.E...... R....... 0,0-1026,790 alpha=1.0 viewInfo = }[BatchActivity] change focus to true
2025-08-04 20:25:03.038 11576-11576 AutofillManager         com.example.myapplication            V  requestHideFillUi(null): anchor = null
2025-08-04 20:25:03.190 11576-11576 ViewRootImplExtImpl     com.example.myapplication            D  the up motion event handled by client, just return
2025-08-04 20:25:03.708 11576-11576 AutofillManager         com.example.myapplication            V  requestHideFillUi(null): anchor = null
2025-08-04 20:25:03.823 11576-11576 ViewRootImplExtImpl     com.example.myapplication            D  the up motion event handled by client, just return
2025-08-04 20:25:03.990 11576-11576 AutofillManager         com.example.myapplication            V  requestHideFillUi(null): anchor = null
2025-08-04 20:25:04.103 11576-11576 ViewRootImplExtImpl     com.example.myapplication            D  the up motion event handled by client, just return
2025-08-04 20:25:04.268 11576-11576 AutofillManager         com.example.myapplication            V  requestHideFillUi(null): anchor = null
2025-08-04 20:25:04.365 11576-11576 ViewRootImplExtImpl     com.example.myapplication            D  the up motion event handled by client, just return
2025-08-04 20:25:04.440 11576-11576 AutofillManager         com.example.myapplication            V  requestHideFillUi(null): anchor = null
2025-08-04 20:25:04.532 11576-11576 ViewRootImplExtImpl     com.example.myapplication            D  the up motion event handled by client, just return
2025-08-04 20:25:04.616 11576-11576 AutofillManager         com.example.myapplication            V  requestHideFillUi(null): anchor = null
2025-08-04 20:25:04.720 11576-11576 ViewRootImplExtImpl     com.example.myapplication            D  the up motion event handled by client, just return
2025-08-04 20:25:04.763 11576-11576 AutofillManager         com.example.myapplication            V  requestHideFillUi(null): anchor = null
2025-08-04 20:25:04.845 11576-11576 ViewRootImplExtImpl     com.example.myapplication            D  the up motion event handled by client, just return
2025-08-04 20:25:04.919 11576-11576 AutofillManager         com.example.myapplication            V  requestHideFillUi(null): anchor = null
2025-08-04 20:25:05.004 11576-11576 ViewRootImplExtImpl     com.example.myapplication            D  the up motion event handled by client, just return
2025-08-04 20:25:05.087 11576-11576 AutofillManager         com.example.myapplication            V  requestHideFillUi(null): anchor = null
2025-08-04 20:25:05.161 11576-11576 ViewRootImplExtImpl     com.example.myapplication            D  the up motion event handled by client, just return
2025-08-04 20:25:05.637 11576-11576 AutofillManager         com.example.myapplication            V  requestHideFillUi(null): anchor = null
2025-08-04 20:25:05.719 11576-11576 ViewRootImplExtImpl     com.example.myapplication            D  the up motion event handled by client, just return
2025-08-04 20:25:05.795 11576-11576 AutofillManager         com.example.myapplication            V  requestHideFillUi(null): anchor = null
2025-08-04 20:25:05.884 11576-11576 ViewRootImplExtImpl     com.example.myapplication            D  the up motion event handled by client, just return
2025-08-04 20:25:06.271 11576-11576 AutofillManager         com.example.myapplication            V  requestHideFillUi(null): anchor = null
2025-08-04 20:25:06.347 11576-11576 ViewRootImplExtImpl     com.example.myapplication            D  the up motion event handled by client, just return
2025-08-04 20:25:08.047 11576-11576 AutofillManager         com.example.myapplication            V  requestHideFillUi(null): anchor = null
2025-08-04 20:25:08.129 11576-11576 ViewRootImplExtImpl     com.example.myapplication            D  the up motion event handled by client, just return
2025-08-04 20:25:09.342 11576-11576 AutofillManager         com.example.myapplication            V  requestHideFillUi(null): anchor = null
2025-08-04 20:25:09.425 11576-11576 ViewRootImplExtImpl     com.example.myapplication            D  the up motion event handled by client, just return
2025-08-04 20:25:10.084 11576-11576 AutofillManager         com.example.myapplication            V  requestHideFillUi(null): anchor = null
2025-08-04 20:25:10.190 11576-11576 ViewRootImplExtImpl     com.example.myapplication            D  the up motion event handled by client, just return
2025-08-04 20:25:10.794 11576-11576 AutofillManager         com.example.myapplication            V  requestHideFillUi(null): anchor = null
2025-08-04 20:25:10.918 11576-11576 ViewRootImplExtImpl     com.example.myapplication            D  the up motion event handled by client, just return
2025-08-04 20:25:11.503 11576-11576 AutofillManager         com.example.myapplication            V  requestHideFillUi(null): anchor = null
2025-08-04 20:25:11.619 11576-11576 ViewRootImplExtImpl     com.example.myapplication            D  the up motion event handled by client, just return
2025-08-04 20:25:13.698 11576-11576 AutofillManager         com.example.myapplication            V  requestHideFillUi(null): anchor = null
2025-08-04 20:25:13.779 11576-11576 ViewRootImplExtImpl     com.example.myapplication            D  the up motion event handled by client, just return
2025-08-04 20:25:13.780 11576-11576 OplusScrollToTopManager com.example.myapplication            D  com.example.myapplication/com.example.myapplication.BatchActivity,window dying
2025-08-04 20:25:13.780 11576-11576 OplusScrollToTopManager com.example.myapplication            D  com.example.myapplication/com.example.myapplication.BatchActivity,unregisterSystemUIBroadcastReceiver 
2025-08-04 20:25:13.781 11576-11576 OplusScrollToTopManager com.example.myapplication            D  com.example.myapplication/com.example.myapplication.BatchActivity, unregisterSystemUIBroadcastReceiver failed java.lang.IllegalArgumentException: Receiver not registered: android.view.OplusScrollToTopManager$2@5cf917e
2025-08-04 20:25:13.781 11576-11576 WindowOnBackDispatcher  com.example.myapplication            W  sendCancelIfRunning: isInProgress=false callback=android.view.ViewRootImpl$$ExternalSyntheticLambda11@86017c2
2025-08-04 20:25:13.784 11576-11576 HWUI                    com.example.myapplication            D  RenderProxy::destroy: this=0xb400006de7178400, mContext=0xb400006de7162840
2025-08-04 20:25:13.785 11576-11646 HWUI                    com.example.myapplication            D  SkiaOpenGLPipeline::setSurface: this=0xb400006e8aca97c0, surface=NULL
2025-08-04 20:25:13.786 11576-11646 HWUI                    com.example.myapplication            D  endAllActiveAnimators on 0xb400006de33c3600 (RippleDrawable) with handle 0xb400006e88456f00
2025-08-04 20:25:13.797 11576-13296 BLASTBufferQueue        com.example.myapplication            D  [VRI[BatchActivity]#15](f:0,a:2) destructor()
2025-08-04 20:25:13.797 11576-13296 BufferQueueConsumer     com.example.myapplication            D  [VRI[BatchActivity]#15(BLAST Consumer)15](id:2d380000000f,api:0,p:-1,c:11576) disconnect
2025-08-04 20:25:13.812 11576-11576 InsetsController        com.example.myapplication            D  setRequestedVisibleTypes, mRequestedVisibleTypes: systemGestures mandatorySystemGestures tappableElement displayCutout windowDecor, requestedVisibleTypes: systemGestures mandatorySystemGestures tappableElement displayCutout windowDecor, visibleTypes: , type: 2, call: android.view.InsetsController.controlAnimationUnchecked:1477 android.view.InsetsController.applyAnimation:2191 android.view.InsetsController.applyAnimation:2161 android.view.InsetsController.onControlsChanged:1171 android.view.ViewRootImpl.handleInsetsControlChanged:2565 android.view.ViewRootImpl.-$$Nest$mhandleInsetsControlChanged:0 android.view.ViewRootImpl$ViewRootHandler.handleMessageImpl:7565 android.view.ViewRootImpl$ViewRootHandler.handleMessage:7504 android.os.Handler.dispatchMessage:107 android.os.Looper.loopOnce:282 
2025-08-04 20:25:13.825 11576-11576 callGcSupression        com.example.myapplication            D  java.lang.NullPointerException: Attempt to invoke virtual method 'java.lang.Object java.lang.reflect.Method.invoke(java.lang.Object, java.lang.Object[])' on a null object reference
2025-08-04 20:25:13.825 11576-11576 VRI[BatchActivity]      com.example.myapplication            W  handleResized abandoned!
2025-08-04 20:25:13.830 11576-11576 VRI[BatchActivity]      com.example.myapplication            D  onFocusEvent true
2025-08-04 20:25:14.177 11576-11576 InsetsController        com.example.myapplication            D  setRequestedVisibleTypes, mRequestedVisibleTypes: systemGestures mandatorySystemGestures tappableElement displayCutout windowDecor, requestedVisibleTypes: systemGestures mandatorySystemGestures tappableElement displayCutout windowDecor, visibleTypes: , type: 2, call: android.view.InsetsController.notifyFinished:1879 android.view.InsetsAnimationThreadControlRunner$1.lambda$notifyFinished$0:86 android.view.InsetsAnimationThreadControlRunner$1.$r8$lambda$cDFF0h4Ncq-8EXdGszv69jrUu7c:0 android.view.InsetsAnimationThreadControlRunner$1$$ExternalSyntheticLambda1.run:0 android.os.Handler.handleCallback:973 android.os.Handler.dispatchMessage:100 android.os.Looper.loopOnce:282 android.os.Looper.loop:387 android.app.ActivityThread.main:9500 java.lang.reflect.Method.invoke:-2 
2025-08-04 20:25:14.839 11576-11656 OplusScrollToTopManager com.example.myapplication            D  com.example.myapplication/com.example.myapplication.BatchActivity,This com.android.internal.policy.DecorView{25b8b64 V.E...... R....... 0,0-1080,2400 aid=4 alpha=1.0 viewInfo = }[BatchActivity] change focus to true
2025-08-04 20:25:15.955 11576-11576 AutofillManager         com.example.myapplication            V  requestHideFillUi(null): anchor = null
2025-08-04 20:25:16.105 11576-11576 callGcSupression        com.example.myapplication            D  java.lang.NullPointerException: Attempt to invoke virtual method 'java.lang.Object java.lang.reflect.Method.invoke(java.lang.Object, java.lang.Object[])' on a null object reference
2025-08-04 20:25:16.106 11576-11576 VRI[BatchActivity]      com.example.myapplication            W  handleResized abandoned!
2025-08-04 20:25:16.158 11576-11576 ScrollIdentify          com.example.myapplication            I  on fling
2025-08-04 20:25:16.692 11576-11576 callGcSupression        com.example.myapplication            D  java.lang.NullPointerException: Attempt to invoke virtual method 'java.lang.Object java.lang.reflect.Method.invoke(java.lang.Object, java.lang.Object[])' on a null object reference
2025-08-04 20:25:16.741 11576-11576 ScrollOpti...neManager] com.example.myapplication            D  updateCurrentActivity: mCurrentActivityName=null, isOptEnable=true, isAnimAheadEnable=true, isFrameInsertEnable=true, InsertNum=1, isEnabledForScrollChanged=false
2025-08-04 20:25:16.771 11576-11576 VRI[BatchActivity]      com.example.myapplication            D  onFocusEvent false
2025-08-04 20:25:17.306 11576-13296 VRI[BatchActivity]      com.example.myapplication            D  dispatchAppVisibility visible:false
2025-08-04 20:25:17.306 11576-11576 VRI[BatchActivity]      com.example.myapplication            D  visibilityChanged oldVisibility=true newVisibility=false
2025-08-04 20:25:17.313 11576-11576 HWUI                    com.example.myapplication            D  RenderProxy::destroy: this=0xb400006e899b0300, mContext=0xb400006de706dd00
2025-08-04 20:25:17.313 11576-11646 HWUI                    com.example.myapplication            D  SkiaOpenGLPipeline::setSurface: this=0xb400006e8aca8c80, surface=NULL
2025-08-04 20:25:17.315 11576-11576 ViewRootImplExtImpl     com.example.myapplication            D  wrapConfigInfoIntoFlags rotation=0, smallestScreenWidthDp=360, relayoutAsync=false, flags=0, newFlags=23592960, residentWS=false, title=com.example.myapplication/com.example.myapplication.BatchActivity
2025-08-04 20:25:17.323 11576-11576 VRI[BatchActivity]      com.example.myapplication            D  relayoutWindow result, sizeChanged:false, surfaceControlChanged:true, transformHintChanged:false, mSurfaceSize:Point(1080, 2400), mLastSurfaceSize:Point(1080, 2400), mWidth:1080, mHeight:2400, requestedWidth:1080, requestedHeight:2400, transformHint:0, installOrientation:0, displayRotation:0, isSurfaceValid:false, attr.flag:-2122252032, tmpFrames:ClientWindowFrames{frame=[0,0][1080,2400] display=[0,0][1080,2400] parentFrame=[0,0][0,0]}, relayoutAsync:false, mSyncSeqId:0
2025-08-04 20:25:17.323 11576-11576 BLASTBufferQueue        com.example.myapplication            D  [VRI[BatchActivity]#11](f:0,a:1) destructor()
2025-08-04 20:25:17.323 11576-11576 BufferQueueConsumer     com.example.myapplication            D  [VRI[BatchActivity]#11(BLAST Consumer)11](id:2d380000000b,api:0,p:-1,c:11576) disconnect
2025-08-04 20:25:17.325 11576-11576 callGcSupression        com.example.myapplication            D  java.lang.NullPointerException: Attempt to invoke virtual method 'java.lang.Object java.lang.reflect.Method.invoke(java.lang.Object, java.lang.Object[])' on a null object reference
2025-08-04 20:25:17.325 11576-11576 VRI[BatchActivity]      com.example.myapplication            D  setWindowStopped stopped:true
2025-08-04 20:25:17.326 11576-11576 AutofillManager         com.example.myapplication            V  updateSessionLocked(): id=null, bounds=null, value=null, action=5, flags=0
2025-08-04 20:25:17.355 11576-11576 ViewRootImplExtImpl     com.example.myapplication            D  wrapConfigInfoIntoFlags rotation=0, smallestScreenWidthDp=360, relayoutAsync=false, flags=0, newFlags=23592960, residentWS=false, title=com.example.myapplication/com.example.myapplication.BatchActivity
2025-08-04 20:25:17.370 11576-11576 VRI[BatchActivity]      com.example.myapplication            D  relayoutWindow result, sizeChanged:false, surfaceControlChanged:true, transformHintChanged:false, mSurfaceSize:Point(1080, 2400), mLastSurfaceSize:Point(1080, 2400), mWidth:1080, mHeight:2400, requestedWidth:1080, requestedHeight:2400, transformHint:0, installOrientation:0, displayRotation:0, isSurfaceValid:false, attr.flag:-2122252032, tmpFrames:ClientWindowFrames{frame=[0,0][1080,2400] display=[0,0][1080,2400] parentFrame=[0,0][0,0]}, relayoutAsync:false, mSyncSeqId:0
2025-08-04 20:25:17.545 11576-11646 HWUI                    com.example.myapplication            D  SkiaOpenGLPipeline::setSurface: this=0xb400006de283ad40, surface=NULL
2025-08-04 20:25:17.547 11576-11646 HWUI                    com.example.myapplication            D  SkiaOpenGLPipeline::setSurface: this=0xb400006e8aca97c0, surface=NULL
2025-08-04 20:25:17.773 11576-11656 OplusScrollToTopManager com.example.myapplication            D  com.example.myapplication/com.example.myapplication.BatchActivity,This com.android.internal.policy.DecorView{25b8b64 I.E...... R.....ID 0,0-1080,2400 aid=4 alpha=1.0 viewInfo = }[BatchActivity] change focus to false
2025-08-04 20:25:17.907 11576-11576 callGcSupression        com.example.myapplication            D  java.lang.NullPointerException: Attempt to invoke virtual method 'java.lang.Object java.lang.reflect.Method.invoke(java.lang.Object, java.lang.Object[])' on a null object reference
2025-08-04 20:25:17.912 11576-11576 OplusScrollToTopManager com.example.myapplication            D  com.example.myapplication/com.example.myapplication.MainActivity,window dying
2025-08-04 20:25:17.912 11576-11576 OplusScrollToTopManager com.example.myapplication            D  com.example.myapplication/com.example.myapplication.MainActivity,unregisterSystemUIBroadcastReceiver 
2025-08-04 20:25:17.913 11576-11576 OplusScrollToTopManager com.example.myapplication            D  com.example.myapplication/com.example.myapplication.MainActivity, unregisterSystemUIBroadcastReceiver failed java.lang.IllegalArgumentException: Receiver not registered: android.view.OplusScrollToTopManager$2@da39163
2025-08-04 20:25:17.913 11576-11576 WindowOnBackDispatcher  com.example.myapplication            W  sendCancelIfRunning: isInProgress=false callback=android.view.ViewRootImpl$$ExternalSyntheticLambda11@505e625
---------------------------- PROCESS ENDED (11576) for package com.example.myapplication ----------------------------
2025-08-04 20:25:22.449  3308-3308  PackageUtils[u0]        com.android.launcher                 E  checkPackageExist Exception: android.content.pm.PackageManager$NameNotFoundException: com.example.myapplication
2025-08-04 20:25:22.509  3308-16438 DbUtils[u0]             com.android.launcher                 E  getApplicationEnabledSetting Exception: java.lang.IllegalArgumentException: Unknown package: com.example.myapplication
2025-08-04 20:25:22.591 31371-31371 Finsky:background       com.android.vending                  E  [2] EngagePackageActionReceiver failure: Package com.example.myapplication was not found. (Ask Gemini)
                                                                                                    android.content.pm.PackageManager$NameNotFoundException: com.example.myapplication
                                                                                                    	at android.app.ApplicationPackageManager.getApplicationInfoAsUser(ApplicationPackageManager.java:547)
                                                                                                    	at android.app.ApplicationPackageManager.getApplicationInfo(ApplicationPackageManager.java:530)
                                                                                                    	at android.app.ApplicationPackageManager.getApplicationInfo(ApplicationPackageManager.java:524)
                                                                                                    	at com.google.android.finsky.appcontentservice.engage.broadcastreceiver.EngagePackageActionReceiver.b(PG:67)
                                                                                                    	at nga.o(PG:1)
                                                                                                    	at ngi.onReceive(PG:509)
                                                                                                    	at android.app.ActivityThread.handleReceiver(ActivityThread.java:5117)
                                                                                                    	at android.app.ActivityThread.-$$Nest$mhandleReceiver(Unknown Source:0)
                                                                                                    	at android.app.ActivityThread$H.handleMessage(ActivityThread.java:2666)
                                                                                                    	at android.os.Handler.dispatchMessage(Handler.java:107)
                                                                                                    	at android.os.Looper.loopOnce(Looper.java:282)
                                                                                                    	at android.os.Looper.loop(Looper.java:387)
                                                                                                    	at android.app.ActivityThread.main(ActivityThread.java:9500)
                                                                                                    	at java.lang.reflect.Method.invoke(Native Method)
                                                                                                    	at com.android.internal.os.RuntimeInit$MethodAndArgsCaller.run(RuntimeInit.java:600)
                                                                                                    	at com.android.internal.os.ZygoteInit.main(ZygoteInit.java:1005)
2025-08-04 20:25:22.685 18865-13693 GmscoreIpa              com.google.android.gms               E  Could not get app info for com.example.myapplication [CONTEXT service_id=255 ] (Ask Gemini)
                                                                                                    android.content.pm.PackageManager$NameNotFoundException: com.example.myapplication
                                                                                                    	at android.app.ApplicationPackageManager.getApplicationInfoAsUser(ApplicationPackageManager.java:547)
                                                                                                    	at android.app.ApplicationPackageManager.getApplicationInfo(ApplicationPackageManager.java:530)
                                                                                                    	at android.app.ApplicationPackageManager.getApplicationInfo(ApplicationPackageManager.java:524)
                                                                                                    	at com.google.android.gms.ipa.appsindexer.IpaPackageBroadcastIntentOperation.onHandleIntent(:com.google.android.gms@252932035@25.29.32 (260400-787198374):66)
                                                                                                    	at com.google.android.chimera.IntentOperation.onHandleIntent(:com.google.android.gms@252932035@25.29.32 (260400-787198374):2)
                                                                                                    	at auqc.onHandleIntent(:com.google.android.gms@252932035@25.29.32 (260400-787198374):8)
                                                                                                    	at wab.run(:com.google.android.gms@252932035@25.29.32 (260400-787198374):64)
                                                                                                    	at waa.run(:com.google.android.gms@252932035@25.29.32 (260400-787198374):132)
                                                                                                    	at fzpz.run(:com.google.android.gms@252932035@25.29.32 (260400-787198374):21)
                                                                                                    	at java.util.concurrent.ThreadPoolExecutor.runWorker(ThreadPoolExecutor.java:1145)
                                                                                                    	at java.util.concurrent.ThreadPoolExecutor$Worker.run(ThreadPoolExecutor.java:644)
                                                                                                    	at java.lang.Thread.run(Thread.java:1012)
2025-08-04 20:25:22.700 18865-10480 IcingInternalCorpora    com.google.android.gms               E  Could not get app info for com.example.myapplication: android.content.pm.PackageManager$NameNotFoundException: com.example.myapplication
2025-08-04 20:25:22.700  9289-11614 SG::OCSCacheHelper      com.oplus.pantanal.ums               E  checkFromPackageReceiver resolvedInfo is empty,pkg = com.example.myapplication [UMS|com.oplus.pantanal.ums|1.5.5-f48228a]
2025-08-04 20:25:22.745 18865-11813 Icing                   com.google.android.gms               E  Could not get app info for com.example.myapplication: android.content.pm.PackageManager$NameNotFoundException: com.example.myapplication
2025-08-04 20:25:22.745 18865-18899 Icing                   com.google.android.gms               E  Could not get app info for com.example.myapplication: android.content.pm.PackageManager$NameNotFoundException: com.example.myapplication
2025-08-04 20:25:22.770 18865-11813 Icing                   com.google.android.gms               E  Could not get app info for com.example.myapplication: android.content.pm.PackageManager$NameNotFoundException: com.example.myapplication
2025-08-04 20:25:22.844 18865-13694 GmscoreIpa              com.google.android.gms               E  Could not get app info for com.example.myapplication [CONTEXT service_id=255 ] (Ask Gemini)
                                                                                                    android.content.pm.PackageManager$NameNotFoundException: com.example.myapplication
                                                                                                    	at android.app.ApplicationPackageManager.getApplicationInfoAsUser(ApplicationPackageManager.java:547)
                                                                                                    	at android.app.ApplicationPackageManager.getApplicationInfo(ApplicationPackageManager.java:530)
                                                                                                    	at android.app.ApplicationPackageManager.getApplicationInfo(ApplicationPackageManager.java:524)
                                                                                                    	at com.google.android.gms.ipa.appsindexer.IpaPackageBroadcastIntentOperation.onHandleIntent(:com.google.android.gms@252932035@25.29.32 (260400-787198374):66)
                                                                                                    	at com.google.android.chimera.IntentOperation.onHandleIntent(:com.google.android.gms@252932035@25.29.32 (260400-787198374):2)
                                                                                                    	at auqc.onHandleIntent(:com.google.android.gms@252932035@25.29.32 (260400-787198374):8)
                                                                                                    	at wab.run(:com.google.android.gms@252932035@25.29.32 (260400-787198374):64)
                                                                                                    	at waa.run(:com.google.android.gms@252932035@25.29.32 (260400-787198374):132)
                                                                                                    	at fzpz.run(:com.google.android.gms@252932035@25.29.32 (260400-787198374):21)
                                                                                                    	at java.util.concurrent.ThreadPoolExecutor.runWorker(ThreadPoolExecutor.java:1145)
                                                                                                    	at java.util.concurrent.ThreadPoolExecutor$Worker.run(ThreadPoolExecutor.java:644)
                                                                                                    	at java.lang.Thread.run(Thread.java:1012)
2025-08-04 20:25:22.904 18865-18899 Icing                   com.google.android.gms               E  Could not get app info for com.example.myapplication: android.content.pm.PackageManager$NameNotFoundException: com.example.myapplication
2025-08-04 20:25:22.932 18865-11813 Icing                   com.google.android.gms               E  Could not get app info for com.example.myapplication: android.content.pm.PackageManager$NameNotFoundException: com.example.myapplication
2025-08-04 20:25:22.934 18865-11813 Icing                   com.google.android.gms               E  Could not get app info for com.example.myapplication: android.content.pm.PackageManager$NameNotFoundException: com.example.myapplication
2025-08-04 20:25:23.020  3308-3352  Launcher.IconCache[u0]  com.android.launcher                 E  Package not found (Ask Gemini)
                                                                                                    android.content.pm.PackageManager$NameNotFoundException: com.example.myapplication
                                                                                                    	at android.app.ApplicationPackageManager.getPackageInfoAsUser(ApplicationPackageManager.java:290)
                                                                                                    	at android.app.ApplicationPackageManager.getPackageInfo(ApplicationPackageManager.java:245)
                                                                                                    	at android.app.ApplicationPackageManager.getPackageInfo(ApplicationPackageManager.java:237)
                                                                                                    	at com.android.launcher3.icons.IconCache.updateIconsForPkg(Unknown Source:8)
                                                                                                    	at com.android.launcher3.model.OplusPackageUpdatedTask.execute(Unknown Source:999)
                                                                                                    	at com.android.launcher3.model.BaseModelUpdateTask.run(Unknown Source:34)
                                                                                                    	at android.os.Handler.handleCallback(Handler.java:973)
                                                                                                    	at android.os.Handler.dispatchMessage(Handler.java:100)
                                                                                                    	at android.os.Looper.loopOnce(Looper.java:282)
                                                                                                    	at android.os.Looper.loop(Looper.java:387)
                                                                                                    	at android.os.HandlerThread.run(HandlerThread.java:85)
2025-08-04 20:25:23.062  3308-3308  PackageUtils[u0]        com.android.launcher                 E  checkPackageExist Exception: android.content.pm.PackageManager$NameNotFoundException: com.example.myapplication
2025-08-04 20:25:23.319 18865-10480 IcingInternalCorpora    com.google.android.gms               E  Could not get app info for com.example.myapplication: android.content.pm.PackageManager$NameNotFoundException: com.example.myapplication
2025-08-04 20:25:24.776  9289-11614 SG::OCSCacheHelper      com.oplus.pantanal.ums               E  checkFromPackageReceiver resolvedInfo is empty,pkg = com.example.myapplication
2025-08-04 20:38:19.638  2141-2311  PackageMan...ilsExtImpl system_server                        E  Fix up user restrict data of pkg: com.example.myapplication
2025-08-04 20:38:21.769  9289-11614 SG::OCSCacheHelper      com.oplus.pantanal.ums               E  checkFromPackageReceiver resolvedInfo is empty,pkg = com.example.myapplication
2025-08-04 20:38:22.959  9289-11614 SG::OCSCacheHelper      com.oplus.pantanal.ums               E  checkFromPackageReceiver resolvedInfo is empty,pkg = com.example.myapplication
2025-08-04 20:38:25.394  2141-2218  OplusThermalStats       system_server                        E  Error getting package info: com.example.myapplication
---------------------------- PROCESS STARTED (15171) for package com.example.myapplication ----------------------------
2025-08-04 20:38:25.466 15171-15171 ziparchive              com.example.myapplication            W  Unable to open '/data/app/~~rnhxO0Ikp4s4F0mWJwHt7A==/com.example.myapplication-_Qe-g7FxdF_PsfrZR_tiJQ==/base.dm': No such file or directory
2025-08-04 20:38:25.467 15171-15171 ziparchive              com.example.myapplication            W  Unable to open '/data/app/~~rnhxO0Ikp4s4F0mWJwHt7A==/com.example.myapplication-_Qe-g7FxdF_PsfrZR_tiJQ==/base.dm': No such file or directory
2025-08-04 20:38:26.470 15171-15171 nativeloader            com.example.myapplication            D  Configuring clns-7 for other apk /data/app/~~rnhxO0Ikp4s4F0mWJwHt7A==/com.example.myapplication-_Qe-g7FxdF_PsfrZR_tiJQ==/base.apk. target_sdk_version=36, uses_libraries=, library_path=/data/app/~~rnhxO0Ikp4s4F0mWJwHt7A==/com.example.myapplication-_Qe-g7FxdF_PsfrZR_tiJQ==/lib/arm64:/data/app/~~rnhxO0Ikp4s4F0mWJwHt7A==/com.example.myapplication-_Qe-g7FxdF_PsfrZR_tiJQ==/base.apk!/lib/arm64-v8a, permitted_path=/data:/mnt/expand:/data/user/0/com.example.myapplication
2025-08-04 20:38:26.475 15171-15171 Quality                 com.example.myapplication            I  ActivityThread: createClassLoader delay 1009 /data/app/~~rnhxO0Ikp4s4F0mWJwHt7A==/com.example.myapplication-_Qe-g7FxdF_PsfrZR_tiJQ==/base.apk 15171
2025-08-04 20:38:26.498 15171-15171 Quality                 com.example.myapplication            I  ActivityThread: createOrUpdateClassLoaderLocked delay 1041 com.example.myapplication 15171
2025-08-04 20:38:26.588 15171-15171 GraphicsEnvironment     com.example.myapplication            V  Currently set values for:
2025-08-04 20:38:26.589 15171-15171 GraphicsEnvironment     com.example.myapplication            V    angle_gl_driver_selection_pkgs=[]
2025-08-04 20:38:26.590 15171-15171 GraphicsEnvironment     com.example.myapplication            V    angle_gl_driver_selection_values=[]
2025-08-04 20:38:26.591 15171-15171 GraphicsEnvironment     com.example.myapplication            V  Global.Settings values are invalid: number of packages: 0, number of values: 0
2025-08-04 20:38:26.592 15171-15171 GraphicsEnvironment     com.example.myapplication            V  Neither updatable production driver nor prerelease driver is supported.
2025-08-04 20:38:26.605 15171-15171 ResourcesManagerExtImpl com.example.myapplication            D  applyConfigurationToAppResourcesLocked app.getDisplayId() return callback.displayId:-1
2025-08-04 20:38:26.709 15171-15171 nativeloader            com.example.myapplication            D  Load libSchedAssistJni.so using system ns (caller=/system/framework/oplus-framework.jar): ok
2025-08-04 20:38:26.710 15171-15171 ExtensionsLoader        com.example.myapplication            D  createInstance(64bit) : createExtendedFactory
2025-08-04 20:38:26.712 15171-15171 ExtensionsLoader        com.example.myapplication            D  Opened libSchedAssistExtImpl.so
2025-08-04 20:38:26.713 15171-15171 SchedAssist             com.example.myapplication            E  sysOpen failed with error=Permission denied
2025-08-04 20:38:26.714 15171-15171 SchedAssist             com.example.myapplication            E  open sharedFd failed with error=Permission denied
2025-08-04 20:38:26.714 15171-15171 SchedAssist             com.example.myapplication            E  open sharedFd failed with error=Permission denied
2025-08-04 20:38:26.714 15171-15171 SchedAssist             com.example.myapplication            E  open sharedFd failed with error=Permission denied
2025-08-04 20:38:26.714 15171-15171 SchedAssist             com.example.myapplication            E  open sharedFd failed with error=No such file or directory
2025-08-04 20:38:26.730 15171-15171 OplusGraphicsEvent      com.example.myapplication            D  OplusGraphicsEventListener create now!
2025-08-04 20:38:26.735 15171-15171 OplusGraphicsEvent      com.example.myapplication            D  addEventListener success!
2025-08-04 20:38:26.741  2141-3158  ScrollOpti...rfService] system_server                        E  isScrollOptimEnable: pkgName = com.example.myapplication, output = Bundle[{pre_anim_enable=true, frame_insert_list=null, frame_insert_default_num=1, scroll_changed_enable_list=null}]
2025-08-04 20:38:26.745 15171-15171 ScrollOpti...igManager] com.example.myapplication            D  initOptConfig: pkg= com.example.myapplication, mOptEnable= true, mAnimAheadEnable= true, mInsertDefaultNum= 1, mFrameInsertEnableList= {}, mSCEnableList= []
2025-08-04 20:38:26.777 15171-15171 nativeloader            com.example.myapplication            D  Load libpowerhalwrap_jni.so using system ns (caller=/system_ext/framework/mediatek-framework.jar): ok
2025-08-04 20:38:26.778 15171-15171 PowerHalWrapper         com.example.myapplication            I  PowerHalWrapper.getInstance 
2025-08-04 20:38:26.778 15171-15171 PowerHalWrapper         com.example.myapplication            I  PowerHalWrapper.getInstance 
2025-08-04 20:38:26.779 15171-15171 M-ProMotion             com.example.myapplication            I  M-ProMotion is disabled
2025-08-04 20:38:26.802 15171-15171 callGcSupression        com.example.myapplication            D  java.lang.NullPointerException: Attempt to invoke virtual method 'java.lang.Object java.lang.reflect.Method.invoke(java.lang.Object, java.lang.Object[])' on a null object reference
2025-08-04 20:38:26.819 15171-15171 HWUI                    com.example.myapplication            I  SupportApps size 0
2025-08-04 20:38:26.828 15171-15201 ExtensionsLoader        com.example.myapplication            D  createInstance(64bit) : createExtendedFactory
2025-08-04 20:38:26.828 15171-15201 ExtensionsLoader        com.example.myapplication            D  Opened libSchedAssistExtImpl.so
2025-08-04 20:38:26.831 15171-15171 ResourcesManagerExtImpl com.example.myapplication            D  applyConfigurationToAppResourcesLocked app.getDisplayId() return callback.displayId:0
2025-08-04 20:38:26.876 15171-15171 AppCompatDelegate       com.example.myapplication            D  Checking for metadata for AppLocalesMetadataHolderService : Service not found
2025-08-04 20:38:26.887 15171-15203 libMEOW                 com.example.myapplication            D  meow new tls: 0xb400006ea77dcbc0
2025-08-04 20:38:26.888 15171-15203 libMEOW                 com.example.myapplication            D  meow reload base cfg path: na
2025-08-04 20:38:26.888 15171-15203 libMEOW                 com.example.myapplication            D  meow reload overlay cfg path: na
2025-08-04 20:38:26.894 15171-15203 QT                      com.example.myapplication            E  [QT]file does not exist
2025-08-04 20:38:26.898 15171-15203 libMEOW                 com.example.myapplication            D  applied 1 plugins for [com.example.myapplication]:
2025-08-04 20:38:26.899 15171-15203 libMEOW                 com.example.myapplication            D    plugin 1: [libMEOW_gift.so]: 0xb400006ef062d480
2025-08-04 20:38:26.901 15171-15203 libMEOW                 com.example.myapplication            D  rebuild call chain: 0xb400006ea76ca5c0
2025-08-04 20:38:26.901 15171-15203 libMEOW                 com.example.myapplication            D  meow delete tls: 0xb400006ea77dcbc0
2025-08-04 20:38:26.921 15171-15171 oplus.andr...actoryImpl com.example.myapplication            I  Unknow feature:IOplusTextViewRTLUtilForUG
2025-08-04 20:38:26.923 15171-15171 nativeloader            com.example.myapplication            D  Load liboplushwui_jni.so using system ns (caller=/system/framework/oplus-framework.jar): ok
2025-08-04 20:38:26.939 15171-15171 OplusWindowManager      com.example.myapplication            D  get WMS extension: android.os.BinderProxy@7831cde
2025-08-04 20:38:26.966 15171-15180 OplusGraphicsEvent      com.example.myapplication            D  FRTC rate change to 30, type: 1, duration: 0, propagation: 0
2025-08-04 20:38:26.966 15171-15180 GuiUtils                com.example.myapplication            I  VRR [FRTC] s client update frtcRate from 0 to 30
2025-08-04 20:38:26.966 15171-15180 GuiUtils                com.example.myapplication            I  VRR [FRTC] s client update frtcType from 0 to 1
2025-08-04 20:38:26.975 15171-15171 e.myapplication         com.example.myapplication            W  Accessing hidden method Landroid/view/ViewGroup;->makeOptionalFitsSystemWindows()V (unsupported, reflection, allowed)
2025-08-04 20:38:27.003 15171-15180 OplusGraphicsEvent      com.example.myapplication            D  FRTC rate change to 0, type: 1, duration: 0, propagation: 0
2025-08-04 20:38:27.003 15171-15180 GuiUtils                com.example.myapplication            I  VRR [FRTC] s client update frtcRate from 30 to 0
2025-08-04 20:38:27.014 15171-15171 ScrollOpti...tionHelper com.example.myapplication            D  can't find the config file for optimizaiton
2025-08-04 20:38:27.014 15171-15171 ScrollOpti...tionHelper com.example.myapplication            D  will not debug for debug is false
2025-08-04 20:38:27.014 15171-15171 oplus.andr...actoryImpl com.example.myapplication            I  get feature:IOplusDynamicVsyncFeature
2025-08-04 20:38:27.015 15171-15171 oplus.andr...actoryImpl com.example.myapplication            I  get feature:IOplusDynamicVsyncFeature
2025-08-04 20:38:27.015 15171-15171 oplus.andr...actoryImpl com.example.myapplication            I  get feature:IOplusDynamicVsyncFeature
2025-08-04 20:38:27.032 15171-15171 DynamicFra...igManager] com.example.myapplication            I  initFrameRateConfig: 
                                                                                                    	levels: [120, 60]
                                                                                                    	thresholds: [200]
2025-08-04 20:38:27.032 15171-15171 DynamicFra...igManager] com.example.myapplication            I  FRTCConfigManager: FRTC_CAPABILITY = 120, package name = com.example.myapplication, WINDOW_ANIMATION_SPEED_RATE = 10, SCROLL_ANIMATION_SPEED_RATE = 20, PACKAGE_ENABLE = false
2025-08-04 20:38:27.032 15171-15171 DynamicFra...ontroller] com.example.myapplication            I  init info: mPackageName = com.example.myapplication, mIsEnabled = false
2025-08-04 20:38:27.037 15171-15207 MainActivity            com.example.myapplication            I  🧪 Начинаем тестирование модели...
2025-08-04 20:38:27.057 15171-15207 OMRModelManager         com.example.myapplication            I  🔄 Загружаем конфигурацию модели...
2025-08-04 20:38:27.057 15171-15207 OMRModelManager         com.example.myapplication            I  📁 Пробуем новый конфиг: models/model_metadata.json
2025-08-04 20:38:27.059 15171-15171 ScrollOpti...neManager] com.example.myapplication            D  updateCurrentActivity: mCurrentActivityName=com.example.myapplication.MainActivity, isOptEnable=true, isAnimAheadEnable=true, isFrameInsertEnable=true, InsertNum=1, isEnabledForScrollChanged=false
2025-08-04 20:38:27.059 15171-15171 ActivityThread          com.example.myapplication            D  ComponentInfo{com.example.myapplication/com.example.myapplication.MainActivity} checkFinished=false 2
2025-08-04 20:38:27.060 15171-15171 ResourcesManagerExtImpl com.example.myapplication            D  applyConfigurationToAppResourcesLocked app.getDisplayId() return callback.displayId:0
2025-08-04 20:38:27.060 15171-15207 OMRModelManager         com.example.myapplication            I  📄 Конфигурация прочитана, парсим JSON...
2025-08-04 20:38:27.063 15171-15171 OplusInputMethodUtil    com.example.myapplication            D  init sDebug to false, init sDebugIme to false, init sAlwaysOn to false
2025-08-04 20:38:27.063 15171-15171 OplusInputMethodUtil    com.example.myapplication            D  updateDebugToClass InputMethodManager.DEBUG = false
2025-08-04 20:38:27.063 15171-15171 OplusInputMethodUtil    com.example.myapplication            D  updateDebugToClass ImeFocusController.DEBUG = false
2025-08-04 20:38:27.063 15171-15171 OplusInputMethodUtil    com.example.myapplication            D  updateDebugToClass InsetsController.DEBUG = false
2025-08-04 20:38:27.063 15171-15171 OplusInputMethodUtil    com.example.myapplication            D  updateDebugToClass BaseInputConnection.DEBUG = false
2025-08-04 20:38:27.063 15171-15207 OMRModelManager         com.example.myapplication            I  🆕 Используем новый формат конфигурации
2025-08-04 20:38:27.064 15171-15207 OMRModelManager         com.example.myapplication            I  ✅ Конфигурация загружена: OMR_Classification_Model (версия 2.0)
2025-08-04 20:38:27.066 15171-15171 SurfaceFactory          com.example.myapplication            I  [static] sSurfaceFactory = com.mediatek.view.impl.SurfaceFactoryImpl@35bce84
2025-08-04 20:38:27.072 15171-15198 PowerHalWrapper         com.example.myapplication            I  PowerHalWrapper.getInstance 
2025-08-04 20:38:27.076 15171-15171 WindowManager           com.example.myapplication            D  Add to mViews: com.android.internal.policy.DecorView{64732a2 I.E...... R.....ID 0,0-0,0 alpha=1.0 viewInfo = }[MainActivity],pkg= com.example.myapplication
2025-08-04 20:38:27.081 15171-15171 HWUI                    com.example.myapplication            W  Unknown dataspace 0
2025-08-04 20:38:27.081 15171-15201 ExtensionsLoader        com.example.myapplication            D  createInstance(64bit) : createExtendedFactory
2025-08-04 20:38:27.082 15171-15201 ExtensionsLoader        com.example.myapplication            D  Opened libhwuiextimpl.so
2025-08-04 20:38:27.083 15171-15201 skia                    com.example.myapplication            D  setRusSupported enable 0
2025-08-04 20:38:27.083 15171-15171 ExtensionsLoader        com.example.myapplication            D  createInstance(64bit) : createExtendedFactory
2025-08-04 20:38:27.083 15171-15171 ExtensionsLoader        com.example.myapplication            D  Opened libSchedAssistExtImpl.so
2025-08-04 20:38:27.085 15171-15207 OnnxModel               com.example.myapplication            I  🔄 Инициализация ONNX модели...
2025-08-04 20:38:27.086 15171-15207 OnnxModel               com.example.myapplication            I  📁 Копируем ONNX модель во временную директорию...
2025-08-04 20:38:27.104 15171-15171 ViewRootImplExtImpl     com.example.myapplication            D  onDisplayChanged -1 for VRI android.view.ViewRootImpl@8cc6a1c
2025-08-04 20:38:27.106 15171-15171 callGcSupression        com.example.myapplication            D  java.lang.NullPointerException: Attempt to invoke virtual method 'java.lang.Object java.lang.reflect.Method.invoke(java.lang.Object, java.lang.Object[])' on a null object reference
2025-08-04 20:38:27.107 15171-15171 ResourcesManagerExtImpl com.example.myapplication            D  applyConfigurationToAppResourcesLocked app.getDisplayId() return callback.displayId:0
2025-08-04 20:38:27.107 15171-15171 callGcSupression        com.example.myapplication            D  java.lang.NullPointerException: Attempt to invoke virtual method 'java.lang.Object java.lang.reflect.Method.invoke(java.lang.Object, java.lang.Object[])' on a null object reference
2025-08-04 20:38:27.110 15171-15171 ScrollOpti...neManager] com.example.myapplication            D  updateCurrentActivity: mCurrentActivityName=null, isOptEnable=true, isAnimAheadEnable=true, isFrameInsertEnable=true, InsertNum=1, isEnabledForScrollChanged=false
2025-08-04 20:38:27.115 15171-15171 callGcSupression        com.example.myapplication            D  java.lang.NullPointerException: Attempt to invoke virtual method 'java.lang.Object java.lang.reflect.Method.invoke(java.lang.Object, java.lang.Object[])' on a null object reference
2025-08-04 20:38:27.116 15171-15171 VRI[MainActivity]       com.example.myapplication            D  setWindowStopped stopped:true
2025-08-04 20:38:27.124 15171-15171 Choreographer           com.example.myapplication            I  Skipped 45 frames!  The application may be doing too much work on its main thread.
2025-08-04 20:38:27.126 15171-15171 OplusBracketLog         com.example.myapplication            E  [OplusViewMirrorManager] updateHostViewRootIfNeeded, not support android.view.ViewRootImpl@8cc6a1c
2025-08-04 20:38:27.134 15171-15171 ViewRootImplExtImpl     com.example.myapplication            D  wrapConfigInfoIntoFlags rotation=0, smallestScreenWidthDp=360, relayoutAsync=false, flags=0, newFlags=23592960, residentWS=false, title=com.example.myapplication/com.example.myapplication.MainActivity
2025-08-04 20:38:27.141 15171-15171 VRI[MainActivity]       com.example.myapplication            D  relayoutWindow result, sizeChanged:true, surfaceControlChanged:false, transformHintChanged:false, mSurfaceSize:Point(1080, 2400), mLastSurfaceSize:Point(0, 0), mWidth:-1, mHeight:-1, requestedWidth:0, requestedHeight:0, transformHint:0, installOrientation:0, displayRotation:0, isSurfaceValid:false, attr.flag:-2122252032, tmpFrames:ClientWindowFrames{frame=[0,0][1080,2400] display=[0,0][1080,2400] parentFrame=[0,0][0,0]}, relayoutAsync:false, mSyncSeqId:0
2025-08-04 20:38:27.143 15171-15171 callGcSupression        com.example.myapplication            D  java.lang.NullPointerException: Attempt to invoke virtual method 'java.lang.Object java.lang.reflect.Method.invoke(java.lang.Object, java.lang.Object[])' on a null object reference
2025-08-04 20:38:27.143 15171-15171 VRI[MainActivity]       com.example.myapplication            D  setWindowStopped stopped:false
2025-08-04 20:38:27.146 15171-15171 ScrollOpti...neManager] com.example.myapplication            D  updateCurrentActivity: mCurrentActivityName=com.example.myapplication.MainActivity, isOptEnable=true, isAnimAheadEnable=true, isFrameInsertEnable=true, InsertNum=1, isEnabledForScrollChanged=false
2025-08-04 20:38:27.146 15171-15171 ActivityThread          com.example.myapplication            D  ComponentInfo{com.example.myapplication/com.example.myapplication.MainActivity} checkFinished=false 2
2025-08-04 20:38:27.146 15171-15171 ResourcesManagerExtImpl com.example.myapplication            D  applyConfigurationToAppResourcesLocked app.getDisplayId() return callback.displayId:0
2025-08-04 20:38:27.162 15171-15171 ViewRootImplExtImpl     com.example.myapplication            D  wrapConfigInfoIntoFlags rotation=0, smallestScreenWidthDp=360, relayoutAsync=false, flags=0, newFlags=23592960, residentWS=false, title=com.example.myapplication/com.example.myapplication.MainActivity
2025-08-04 20:38:27.174 15171-15171 VRI[MainActivity]       com.example.myapplication            D  relayoutWindow result, sizeChanged:false, surfaceControlChanged:true, transformHintChanged:false, mSurfaceSize:Point(1080, 2400), mLastSurfaceSize:Point(1080, 2400), mWidth:1080, mHeight:2400, requestedWidth:1080, requestedHeight:2400, transformHint:0, installOrientation:0, displayRotation:0, isSurfaceValid:true, attr.flag:-2122252032, tmpFrames:ClientWindowFrames{frame=[0,0][1080,2400] display=[0,0][1080,2400] parentFrame=[0,0][0,0]}, relayoutAsync:false, mSyncSeqId:0
2025-08-04 20:38:27.175 15171-15171 VRI[MainActivity]       com.example.myapplication            W  updateBlastSurfaceIfNeeded, surfaceSize:Point(1080, 2400), lastSurfaceSize:Point(1080, 2400), format:-1, blastBufferQueue:null
2025-08-04 20:38:27.175 15171-15171 BufferQueueConsumer     com.example.myapplication            D  [](id:3b4300000000,api:0,p:-1,c:15171) connect: controlledByApp=false
2025-08-04 20:38:27.184 15171-15201 libMEOW                 com.example.myapplication            D  meow new tls: 0xb400006ef07cbec0
2025-08-04 20:38:27.184 15171-15201 libMEOW                 com.example.myapplication            D  applied 1 plugins for [com.example.myapplication]:
2025-08-04 20:38:27.184 15171-15201 libMEOW                 com.example.myapplication            D    plugin 1: [libMEOW_gift.so]: 0xb400006ef062d480
2025-08-04 20:38:27.184 15171-15201 libMEOW                 com.example.myapplication            D  rebuild call chain: 0xb400006ea77db200
2025-08-04 20:38:27.205 15171-15171 OplusCusto...ionManager com.example.myapplication            E  sInstance is null, start a new sInstance
2025-08-04 20:38:27.342 15171-15171 SurfaceControl          com.example.myapplication            I   setExtendedRangeBrightness sc=Surface(name=com.example.myapplication/com.example.myapplication.MainActivity)/@0x967b2f3,currentBufferRatio=1.0,desiredRatio=1.0
2025-08-04 20:38:27.366 15171-15201 MAGT_SYNC_FRAME         com.example.myapplication            D  MAGT Sync: MAGT is not supported. Disabling Sync.
2025-08-04 20:38:27.366 15171-15201 libc                    com.example.myapplication            W  Access denied finding property "ro.vendor.mbrain.mode"
2025-08-04 20:38:27.366 15171-15201 e.myapplication         com.example.myapplication            D  Can't load libmbrainSDK
2025-08-04 20:38:27.382 15171-15201 mali                    com.example.myapplication            I  [DebugProp] GPU Debug-Mechanism Disable !
2025-08-04 20:38:27.417 15171-15201 GrallocExtra            com.example.myapplication            I  gralloc_extra_query:is_SW3D 0
2025-08-04 20:38:27.418 15171-15201 BLASTBufferQueue        com.example.myapplication            D  [VRI[MainActivity]#0](f:0,a:1) acquireNextBufferLocked size=1080x2400 mFrameNumber=1 applyTransaction=true mTimestamp=1429822036369761(auto) mPendingTransactions.size=0 graphicBufferId=65158948847619 transform=0
2025-08-04 20:38:27.418 15171-15201 libc                    com.example.myapplication            W  Access denied finding property "ro.vendor.mbrain.mode"
2025-08-04 20:38:27.418 15171-15201 e.myapplication         com.example.myapplication            D  Can't load libmbrainSDK
2025-08-04 20:38:27.418 15171-15201 VRI[MainActivity]       com.example.myapplication            D  Received frameCommittedCallback lastAttemptedDrawFrameNum=1 didProduceBuffer=true syncBuffer=false
2025-08-04 20:38:27.419 15171-15171 VRI[MainActivity]       com.example.myapplication            D  draw finished. seqId=0
2025-08-04 20:38:27.420 15171-15171 ViewRootImplExtImpl     com.example.myapplication            D  setMaxDequeuedBufferCount: 2
2025-08-04 20:38:27.426 15171-15171 callGcSupression        com.example.myapplication            D  java.lang.NullPointerException: Attempt to invoke virtual method 'java.lang.Object java.lang.reflect.Method.invoke(java.lang.Object, java.lang.Object[])' on a null object reference
2025-08-04 20:38:27.428 15171-15171 VRI[MainActivity]       com.example.myapplication            W  handleResized, msg:, frameChanged:false, configChanged:false, displayChanged:false, attachedFrameChanged:false, compatScaleChanged:false, pendingDragResizing=false
2025-08-04 20:38:27.440 15171-15201 VRI[MainActivity]       com.example.myapplication            D  Received frameCommittedCallback lastAttemptedDrawFrameNum=3 didProduceBuffer=true syncBuffer=false
2025-08-04 20:38:27.440 15171-15171 VRI[MainActivity]       com.example.myapplication            D  draw finished. seqId=0
2025-08-04 20:38:27.501 15171-15171 VRI[MainActivity]       com.example.myapplication            D  onFocusEvent true
2025-08-04 20:38:27.815 15171-15235 InteractionJankMonitor  com.example.myapplication            W  Initializing without READ_DEVICE_CONFIG permission. enabled=false, interval=1, missedFrameThreshold=3, frameTimeThreshold=64, package=com.example.myapplication
2025-08-04 20:38:28.208 15171-15207 OnnxModel               com.example.myapplication            I  📊 Размер файла модели: 45755464 байт
2025-08-04 20:38:28.413 15171-15207 nativeloader            com.example.myapplication            D  Load /data/app/~~rnhxO0Ikp4s4F0mWJwHt7A==/com.example.myapplication-_Qe-g7FxdF_PsfrZR_tiJQ==/base.apk!/lib/arm64-v8a/libonnxruntime4j_jni.so using ns clns-7 from class loader (caller=/data/app/~~rnhxO0Ikp4s4F0mWJwHt7A==/com.example.myapplication-_Qe-g7FxdF_PsfrZR_tiJQ==/base.apk): ok
2025-08-04 20:38:28.446 15171-15207 OnnxModel               com.example.myapplication            I  📋 Доступные провайдеры: CPU, NNAPI, XNNPACK
2025-08-04 20:38:28.446 15171-15207 OnnxModel               com.example.myapplication            I  🚀 NNAPI ускорение доступно
2025-08-04 20:38:28.446 15171-15207 OnnxModel               com.example.myapplication            I  🚀 CPU оптимизации активированы
2025-08-04 20:38:28.510 15171-15209 OplusScrollToTopManager com.example.myapplication            D  com.example.myapplication/com.example.myapplication.MainActivity,This com.android.internal.policy.DecorView{64732a2 V.E...... R......D 0,0-1080,2400 aid=0 alpha=1.0 viewInfo = }[MainActivity] change focus to true
2025-08-04 20:38:28.529 15171-15207 libc                    com.example.myapplication            W  Access denied finding property "ro.hardware.chipname"
2025-08-04 20:38:28.599 15171-15207 OnnxModel               com.example.myapplication            I  ✅ ONNX модель инициализирована успешно
2025-08-04 20:38:28.599 15171-15207 OnnxModel               com.example.myapplication            I  📥 Вход: input
2025-08-04 20:38:28.599 15171-15207 OnnxModel               com.example.myapplication            I  📤 Выход: output
2025-08-04 20:38:28.599 15171-15207 OMRModelManager         com.example.myapplication            I  ✅ ONNX модель загружена успешно
2025-08-04 20:38:29.485 15171-15171 AutofillManager         com.example.myapplication            V  requestHideFillUi(null): anchor = null
2025-08-04 20:38:29.546 15171-15171 OplusInput...erInternal com.example.myapplication            D  get inputMethodManager extension: com.android.internal.view.IInputMethodManager$Stub$Proxy@a44d10d
2025-08-04 20:38:29.548 15171-15171 ViewRootImplExtImpl     com.example.myapplication            D  the up motion event handled by client, just return
2025-08-04 20:38:29.576 15171-15171 callGcSupression        com.example.myapplication            D  java.lang.NullPointerException: Attempt to invoke virtual method 'java.lang.Object java.lang.reflect.Method.invoke(java.lang.Object, java.lang.Object[])' on a null object reference
2025-08-04 20:38:29.577 15171-15171 ScrollOpti...neManager] com.example.myapplication            D  updateCurrentActivity: mCurrentActivityName=null, isOptEnable=true, isAnimAheadEnable=true, isFrameInsertEnable=true, InsertNum=1, isEnabledForScrollChanged=false
2025-08-04 20:38:29.586 15171-15171 callGcSupression        com.example.myapplication            D  java.lang.NullPointerException: Attempt to invoke virtual method 'java.lang.Object java.lang.reflect.Method.invoke(java.lang.Object, java.lang.Object[])' on a null object reference
2025-08-04 20:38:29.588 15171-15171 ResourcesManagerExtImpl com.example.myapplication            D  applyConfigurationToAppResourcesLocked app.getDisplayId() return callback.displayId:0
2025-08-04 20:38:29.593 15171-15260 libMEOW                 com.example.myapplication            D  meow new tls: 0xb400006e82c9ed80
2025-08-04 20:38:29.593 15171-15260 libMEOW                 com.example.myapplication            D  applied 1 plugins for [com.example.myapplication]:
2025-08-04 20:38:29.593 15171-15260 libMEOW                 com.example.myapplication            D    plugin 1: [libMEOW_gift.so]: 0xb400006ef062d480
2025-08-04 20:38:29.593 15171-15260 libMEOW                 com.example.myapplication            D  rebuild call chain: 0xb400006e82cb74c0
2025-08-04 20:38:29.593 15171-15260 libMEOW                 com.example.myapplication            D  meow delete tls: 0xb400006e82c9ed80
2025-08-04 20:38:29.640 15171-15171 oplus.andr...actoryImpl com.example.myapplication            I  get feature:IOplusDynamicVsyncFeature
2025-08-04 20:38:29.640 15171-15171 oplus.andr...actoryImpl com.example.myapplication            I  get feature:IOplusDynamicVsyncFeature
2025-08-04 20:38:29.640 15171-15171 oplus.andr...actoryImpl com.example.myapplication            I  get feature:IOplusDynamicVsyncFeature
2025-08-04 20:38:29.660 15171-15171 AutofillManager         com.example.myapplication            D  Fill dialog is enabled:false, hints=[password, passwordAuto, creditCardNumber, creditCardSecurityCode, creditCardExpirationDate]
2025-08-04 20:38:29.662 15171-15171 TextView                com.example.myapplication            V  notifyAutoFillManagerAfterTextChanged
2025-08-04 20:38:29.663 15171-15171 AutofillManager         com.example.myapplication            V  notifyValueChanged(1073741824): ignoring on state UNKNOWN
2025-08-04 20:38:29.664 15171-15171 TextView                com.example.myapplication            V  notifyAutoFillManagerAfterTextChanged
2025-08-04 20:38:29.664 15171-15171 AutofillManager         com.example.myapplication            V  notifyValueChanged(1073741824): ignoring on state UNKNOWN
2025-08-04 20:38:29.668 15171-15171 TextView                com.example.myapplication            V  notifyAutoFillManagerAfterTextChanged
2025-08-04 20:38:29.668 15171-15171 AutofillManager         com.example.myapplication            V  notifyValueChanged(1073741824): ignoring on state UNKNOWN
2025-08-04 20:38:29.675 15171-15171 TextView                com.example.myapplication            V  notifyAutoFillManagerAfterTextChanged
2025-08-04 20:38:29.675 15171-15171 AutofillManager         com.example.myapplication            V  notifyValueChanged(1073741825): ignoring on state UNKNOWN
2025-08-04 20:38:29.676 15171-15171 TextView                com.example.myapplication            V  notifyAutoFillManagerAfterTextChanged
2025-08-04 20:38:29.676 15171-15171 AutofillManager         com.example.myapplication            V  notifyValueChanged(1073741825): ignoring on state UNKNOWN
2025-08-04 20:38:29.678 15171-15171 TextView                com.example.myapplication            V  notifyAutoFillManagerAfterTextChanged
2025-08-04 20:38:29.678 15171-15171 AutofillManager         com.example.myapplication            V  notifyValueChanged(1073741825): ignoring on state UNKNOWN
2025-08-04 20:38:29.747 15171-15171 oplus.andr...actoryImpl com.example.myapplication            I  get feature:IOplusDynamicVsyncFeature
2025-08-04 20:38:29.747 15171-15171 oplus.andr...actoryImpl com.example.myapplication            I  get feature:IOplusDynamicVsyncFeature
2025-08-04 20:38:29.747 15171-15171 oplus.andr...actoryImpl com.example.myapplication            I  get feature:IOplusDynamicVsyncFeature
2025-08-04 20:38:29.755 15171-15171 Quality                 com.example.myapplication            I  InflateViewInfo:143230462,LinearLayout
2025-08-04 20:38:29.756 15171-15171 OpenCV/StaticHelper     com.example.myapplication            D  First attempt to load libs
2025-08-04 20:38:29.756 15171-15171 OpenCV/StaticHelper     com.example.myapplication            D  Trying to load library opencv_java4
2025-08-04 20:38:29.764 15171-15171 nativeloader            com.example.myapplication            D  Load /data/app/~~rnhxO0Ikp4s4F0mWJwHt7A==/com.example.myapplication-_Qe-g7FxdF_PsfrZR_tiJQ==/base.apk!/lib/arm64-v8a/libopencv_java4.so using ns clns-7 from class loader (caller=/data/app/~~rnhxO0Ikp4s4F0mWJwHt7A==/com.example.myapplication-_Qe-g7FxdF_PsfrZR_tiJQ==/base.apk!classes2.dex): ok
2025-08-04 20:38:29.764 15171-15171 OpenCV/StaticHelper     com.example.myapplication            D  Library opencv_java4 loaded
2025-08-04 20:38:29.764 15171-15171 OpenCV/StaticHelper     com.example.myapplication            D  First attempt to load libs is OK
2025-08-04 20:38:29.772 15171-15171 OpenCV/StaticHelper     com.example.myapplication            I  
2025-08-04 20:38:29.772 15171-15171 OpenCV/StaticHelper     com.example.myapplication            I  General configuration for OpenCV 4.12.0 =====================================
2025-08-04 20:38:29.772 15171-15171 OpenCV/StaticHelper     com.example.myapplication            I    Version control:               4.12.0-dirty
2025-08-04 20:38:29.772 15171-15171 OpenCV/StaticHelper     com.example.myapplication            I  
2025-08-04 20:38:29.772 15171-15171 OpenCV/StaticHelper     com.example.myapplication            I    Platform:
2025-08-04 20:38:29.772 15171-15171 OpenCV/StaticHelper     com.example.myapplication            I      Timestamp:                   2025-07-02T13:00:18Z
2025-08-04 20:38:29.772 15171-15171 OpenCV/StaticHelper     com.example.myapplication            I      Host:                        Linux 5.4.0-200-generic x86_64
2025-08-04 20:38:29.772 15171-15171 OpenCV/StaticHelper     com.example.myapplication            I      Target:                      Android 1 aarch64
2025-08-04 20:38:29.772 15171-15171 OpenCV/StaticHelper     com.example.myapplication            I      CMake:                       3.22.1-g37088a8
2025-08-04 20:38:29.772 15171-15171 OpenCV/StaticHelper     com.example.myapplication            I      CMake generator:             Ninja
2025-08-04 20:38:29.772 15171-15171 OpenCV/StaticHelper     com.example.myapplication            I      CMake build tool:            /opt/android-sdk/cmake/3.22.1/bin/ninja
2025-08-04 20:38:29.772 15171-15171 OpenCV/StaticHelper     com.example.myapplication            I      Configuration:               Release
2025-08-04 20:38:29.772 15171-15171 OpenCV/StaticHelper     com.example.myapplication            I      Algorithm Hint:              ALGO_HINT_ACCURATE
2025-08-04 20:38:29.772 15171-15171 OpenCV/StaticHelper     com.example.myapplication            I  
2025-08-04 20:38:29.772 15171-15171 OpenCV/StaticHelper     com.example.myapplication            I    CPU/HW features:
2025-08-04 20:38:29.772 15171-15171 OpenCV/StaticHelper     com.example.myapplication            I      Baseline:                    NEON FP16
2025-08-04 20:38:29.772 15171-15171 OpenCV/StaticHelper     com.example.myapplication            I        requested:                 DETECT
2025-08-04 20:38:29.772 15171-15171 OpenCV/StaticHelper     com.example.myapplication            I      Dispatched code generation:  NEON_DOTPROD NEON_FP16 NEON_BF16
2025-08-04 20:38:29.772 15171-15171 OpenCV/StaticHelper     com.example.myapplication            I        requested:                 NEON_FP16 NEON_BF16 NEON_DOTPROD
2025-08-04 20:38:29.772 15171-15171 OpenCV/StaticHelper     com.example.myapplication            I        NEON_DOTPROD (2 files):    + NEON_DOTPROD
2025-08-04 20:38:29.772 15171-15171 OpenCV/StaticHelper     com.example.myapplication            I        NEON_FP16 (2 files):       + NEON_FP16
2025-08-04 20:38:29.772 15171-15171 OpenCV/StaticHelper     com.example.myapplication            I        NEON_BF16 (0 files):       + NEON_BF16
2025-08-04 20:38:29.772 15171-15171 OpenCV/StaticHelper     com.example.myapplication            I  
2025-08-04 20:38:29.772 15171-15171 OpenCV/StaticHelper     com.example.myapplication            I    C/C++:
2025-08-04 20:38:29.772 15171-15171 OpenCV/StaticHelper     com.example.myapplication            I      Built as dynamic libs?:      NO
2025-08-04 20:38:29.772 15171-15171 OpenCV/StaticHelper     com.example.myapplication            I      C++ standard:                11
2025-08-04 20:38:29.772 15171-15171 OpenCV/StaticHelper     com.example.myapplication            I      C++ Compiler:                /opt/android-sdk/ndk/27.2.12479018/toolchains/llvm/prebuilt/linux-x86_64/bin/clang++  (ver 18.0.3)
2025-08-04 20:38:29.772 15171-15171 OpenCV/StaticHelper     com.example.myapplication            I      C++ flags (Release):         -DANDROID -fdata-sections -ffunction-sections -funwind-tables -fstack-protector-strong -no-canonical-prefixes -D__BIONIC_NO_PAGE_SIZE_MACRO -D_FORTIFY_SOURCE=2 -Wformat -Werror=format-security     -fsigned-char -W -Wall -Wreturn-type -Wnon-virtual-dtor -Waddress -Wsequence-point -Wformat -Wformat-security -Wmissing-declarations -Wmissing-prototypes -Wstrict-prototypes -Wundef -Winit-self -Wpointer-arith -Wshadow -Wsign-promo -Wuninitialized -Winconsistent-missing-override -Wno-delete-non-virtual-dtor -Wno-unnamed-type-template-args -Wno-comment -Wno-deprecated-enum-enum-conversion -Wno-deprecated-anon-enum-enum-conversion -fdiagnostics-show-option -Qunused-arguments  -fvisibility=hidden -fvisibility-inlines-hidden  -O3 -DNDEBUG   -DNDEBUG
2025-08-04 20:38:29.772 15171-15171 OpenCV/StaticHelper     com.example.myapplication            I      C++ flags (Debug):           -DANDROID -fdata-sections -ffunction-sections -funwind-tables -fstack-protector-strong -no-canonical-prefixes -D__BIONIC_NO_PAGE_SIZE_MACRO -D_FORTIFY_SOURCE=2 -Wformat -Werror=format-security     -fsigned-char -W -Wall -Wreturn-type -Wnon-virtual-dtor -Waddress -Wsequence-point -Wformat -Wformat-security -Wmissing-declarations -Wmissing-prototypes -Wstrict-prototypes -Wundef -Winit-self -Wpointer-arith -Wshadow -Wsign-promo -Wuninitialized -Winconsistent-missing-override -Wno-delete-non-virtual-dtor -Wno-unnamed-type-template-args -Wno-comment -Wno-deprecated-enum-enum-conversion -Wno-deprecated-anon-enum-enum-conversion -fdiagnostics-show-option -Qunused-arguments  -fvisibility=hidden -fvisibility-inlines-hidden  -fno-limit-debug-info   -O0 -DDEBUG -D_DEBUG -g
2025-08-04 20:38:29.772 15171-15171 OpenCV/StaticHelper     com.example.myapplication            I      C Compiler:                  /opt/android-sdk/ndk/27.2.12479018/toolchains/llvm/prebuilt/linux-x86_64/bin/clang
2025-08-04 20:38:29.772 15171-15171 OpenCV/StaticHelper     com.example.myapplication            I      C flags (Release):           -DANDROID -fdata-sections -ffunction-sections -funwind-tables -fstack-protector-strong -no-canonical-prefixes -D__BIONIC_NO_PAGE_SIZE_MACRO -D_FORTIFY_SOURCE=2 -Wformat -Werror=format-security    -fsigned-char -W -Wall -Wreturn-type -Wnon-virtual-dtor -Waddress -Wsequence-point -Wformat -Wformat-security -Wmissing-declarations -Wmissing-prototypes -Wstrict-prototypes -Wundef -Winit-self -Wpointer-arith -Wshadow -Wsign-promo -Wuninitialized -Winconsistent-missing-override -Wno-delete-non-virtual-dtor -Wno-unnamed-type-template-args -Wno-comment -Wno-deprecated-enum-enum-conversion -Wno-deprecated-anon-enum-enum-conversion -fdiagnostics-show-option -Qunused-arguments  -fvisibility=hidden -fvisibility-inlines-hidden  -O3 -DNDEBUG   -DNDEBUG
2025-08-04 20:38:29.772 15171-15171 OpenCV/StaticHelper     com.example.myapplication            I      C flags (Debug):             -DANDROID -fdata-sections -ffunction-sections -funwind-tables -fstack-protector-strong -no-canonical-prefixes -D__BIONIC_NO_PAGE_SIZE_MACRO -D_FORTIFY_SOURCE=2 -Wformat -Werror=format-security    -fsigned-char -W -Wall -Wreturn-type -Wnon-virtual-dtor -Waddress -Wsequence-point -Wformat -Wformat-security -Wmissing-declarations -Wmissing-prototypes -Wstrict-prototypes -Wundef -Winit-self -Wpointer-arith -Wshadow -Wsign-promo -Wuninitialized -Winconsistent-missing-override -Wno-delete-non-virtual-dtor -Wno-unnamed-type-template-args -Wno-comment -Wno-deprecated-enum-enum-conversion -Wno-deprecated-anon-enum-enum-conversion -fdiagnostics-show-option -Qunused-arguments  -fvisibility=hidden -fvisibility-inlines-hidden  -fno-limit-debug-info   -O0 -DDEBUG -D_DEBUG -g
2025-08-04 20:38:29.772 15171-15171 OpenCV/StaticHelper     com.example.myapplication            I      Linker flags (Release):      -Wl,-z,max-page-size=16384 -Wl,--build-id=sha1 -Wl,--no-rosegment -Wl,--no-undefined-version -Wl,--fatal-warnings -Wl,--no-undefined -Qunused-arguments  -Wl,-z,max-page-size=16384  -Wl,--as-needed -Wl,--no-undefined -Wl,--gc-sections  
2025-08-04 20:38:29.772 15171-15171 OpenCV/StaticHelper     com.example.myapplication            I      Linker flags (Debug):        -Wl,-z,max-page-size=16384 -Wl,--build-id=sha1 -Wl,--no-rosegment -Wl,--no-undefined-version -Wl,--fatal-warnings -Wl,--no-undefined -Qunused-arguments  -Wl,-z,max-page-size=16384  -Wl,--as-needed -Wl,--no-undefined  
2025-08-04 20:38:29.772 15171-15171 OpenCV/StaticHelper     com.example.myapplication            I      ccache:                      YES
2025-08-04 20:38:29.772 15171-15171 OpenCV/StaticHelper     com.example.myapplication            I      Precompiled headers:         NO
2025-08-04 20:38:29.772 15171-15171 OpenCV/StaticHelper     com.example.myapplication            I      Extra dependencies:          z dl m log
2025-08-04 20:38:29.772 15171-15171 OpenCV/StaticHelper     com.example.myapplication            I      3rdparty dependencies:       libcpufeatures libprotobuf ade tbb ittnotify libjpeg-turbo libwebp libpng libtiff libopenjp2 IlmImf tegra_hal kleidicv_hal kleidicv kleidicv_thread
2025-08-04 20:38:29.772 15171-15171 OpenCV/StaticHelper     com.example.myapplication            I  
2025-08-04 20:38:29.772 15171-15171 OpenCV/StaticHelper     com.example.myapplication            I    OpenCV modules:
2025-08-04 20:38:29.772 15171-15171 OpenCV/StaticHelper     com.example.myapplication            I      To be built:                 calib3d core dnn features2d flann gapi highgui imgcodecs imgproc java ml objdetect photo stitching video videoio
2025-08-04 20:38:29.772 15171-15171 OpenCV/StaticHelper     com.example.myapplication            I      Disabled:                    world
2025-08-04 20:38:29.772 15171-15171 OpenCV/StaticHelper     com.example.myapplication            I      Disabled by dependency:      -
2025-08-04 20:38:29.772 15171-15171 OpenCV/StaticHelper     com.example.myapplication            I      Unavailable:                 python2 python3 ts
2025-08-04 20:38:29.772 15171-15171 OpenCV/StaticHelper     com.example.myapplication            I      Applications:                -
2025-08-04 20:38:29.772 15171-15171 OpenCV/StaticHelper     com.example.myapplication            I      Documentation:               NO
2025-08-04 20:38:29.772 15171-15171 OpenCV/StaticHelper     com.example.myapplication            I      Non-free algorithms:         NO
2025-08-04 20:38:29.772 15171-15171 OpenCV/StaticHelper     com.example.myapplication            I  
2025-08-04 20:38:29.772 15171-15171 OpenCV/StaticHelper     com.example.myapplication            I    Android NDK:                   /opt/android-sdk/ndk/27.2.12479018 (ver 27.2.12479018)
2025-08-04 20:38:29.772 15171-15171 OpenCV/StaticHelper     com.example.myapplication            I      Android ABI:                 arm64-v8a
2025-08-04 20:38:29.772 15171-15171 OpenCV/StaticHelper     com.example.myapplication            I      NDK toolchain:               aarch64-linux-android-clang
2025-08-04 20:38:29.772 15171-15171 OpenCV/StaticHelper     com.example.myapplication            I      STL type:                    c++_shared
2025-08-04 20:38:29.772 15171-15171 OpenCV/StaticHelper     com.example.myapplication            I      Native API level:            21
2025-08-04 20:38:29.772 15171-15171 OpenCV/StaticHelper     com.example.myapplication            I    Android SDK:                   /opt/android-sdk (tools:  build tools: 34.0.0)
2025-08-04 20:38:29.773 15171-15171 OpenCV/StaticHelper     com.example.myapplication            I  
2025-08-04 20:38:29.773 15171-15171 OpenCV/StaticHelper     com.example.myapplication            I    GUI:                           NONE
2025-08-04 20:38:29.773 15171-15171 OpenCV/StaticHelper     com.example.myapplication            I  
2025-08-04 20:38:29.773 15171-15171 OpenCV/StaticHelper     com.example.myapplication            I    Media I/O: 
2025-08-04 20:38:29.773 15171-15171 OpenCV/StaticHelper     com.example.myapplication            I      ZLib:                        z (ver 1.3.0.1)
2025-08-04 20:38:29.773 15171-15171 OpenCV/StaticHelper     com.example.myapplication            I      JPEG:                        build-libjpeg-turbo (ver 3.1.0-70)
2025-08-04 20:38:29.773 15171-15171 OpenCV/StaticHelper     com.example.myapplication            I        SIMD Support Request:      YES
2025-08-04 20:38:29.773 15171-15171 OpenCV/StaticHelper     com.example.myapplication            I        SIMD Support:              YES
2025-08-04 20:38:29.773 15171-15171 OpenCV/StaticHelper     com.example.myapplication            I      WEBP:                        build (ver decoder: 0x0209, encoder: 0x020f, demux: 0x0107)
2025-08-04 20:38:29.773 15171-15171 OpenCV/StaticHelper     com.example.myapplication            I      AVIF:                        NO
2025-08-04 20:38:29.773 15171-15171 OpenCV/StaticHelper     com.example.myapplication            I      PNG:                         build (ver 1.6.43)
2025-08-04 20:38:29.773 15171-15171 OpenCV/StaticHelper     com.example.myapplication            I        SIMD Support Request:      YES
2025-08-04 20:38:29.773 15171-15171 OpenCV/StaticHelper     com.example.myapplication            I        SIMD Support:              YES (Arm NEON)
2025-08-04 20:38:29.773 15171-15171 OpenCV/StaticHelper     com.example.myapplication            I      TIFF:                        build (ver 42 - 4.6.0)
2025-08-04 20:38:29.773 15171-15171 OpenCV/StaticHelper     com.example.myapplication            I      JPEG 2000:                   build (ver 2.5.3)
2025-08-04 20:38:29.773 15171-15171 OpenCV/StaticHelper     com.example.myapplication            I      OpenEXR:                     build (ver 2.3.0)
2025-08-04 20:38:29.773 15171-15171 OpenCV/StaticHelper     com.example.myapplication            I      GIF:                         YES
2025-08-04 20:38:29.773 15171-15171 OpenCV/StaticHelper     com.example.myapplication            I      HDR:                         YES
2025-08-04 20:38:29.773 15171-15171 OpenCV/StaticHelper     com.example.myapplication            I      SUNRASTER:                   YES
2025-08-04 20:38:29.773 15171-15171 OpenCV/StaticHelper     com.example.myapplication            I      PXM:                         YES
2025-08-04 20:38:29.773 15171-15171 OpenCV/StaticHelper     com.example.myapplication            I      PFM:                         YES
2025-08-04 20:38:29.773 15171-15171 OpenCV/StaticHelper     com.example.myapplication            I  
2025-08-04 20:38:29.773 15171-15171 OpenCV/StaticHelper     com.example.myapplication            I    Video I/O:
2025-08-04 20:38:29.773 15171-15171 OpenCV/StaticHelper     com.example.myapplication            I     MEDIANDK:                     YES
2025-08-04 20:38:29.773 15171-15171 OpenCV/StaticHelper     com.example.myapplication            I     NDK Camera:                   NO
2025-08-04 20:38:29.773 15171-15171 OpenCV/StaticHelper     com.example.myapplication            I  
2025-08-04 20:38:29.773 15171-15171 OpenCV/StaticHelper     com.example.myapplication            I    Parallel framework:            TBB (ver 2022.1 interface 12150)
2025-08-04 20:38:29.773 15171-15171 OpenCV/StaticHelper     com.example.myapplication            I  
2025-08-04 20:38:29.773 15171-15171 OpenCV/StaticHelper     com.example.myapplication            I    Trace:                         YES (with Intel ITT(3.25.4))
2025-08-04 20:38:29.773 15171-15171 OpenCV/StaticHelper     com.example.myapplication            I  
2025-08-04 20:38:29.773 15171-15171 OpenCV/StaticHelper     com.example.myapplication            I    Other third-party libraries:
2025-08-04 20:38:29.773 15171-15171 OpenCV/StaticHelper     com.example.myapplication            I      Custom HAL:                  YES (carotene (ver 0.0.1) KleidiCV (ver 0.5.0))
2025-08-04 20:38:29.773 15171-15171 OpenCV/StaticHelper     com.example.myapplication            I      Protobuf:                    build (3.19.1)
2025-08-04 20:38:29.773 15171-15171 OpenCV/StaticHelper     com.example.myapplication            I      Flatbuffers:                 builtin/3rdparty (23.5.9)
2025-08-04 20:38:29.773 15171-15171 OpenCV/StaticHelper     com.example.myapplication            I  
2025-08-04 20:38:29.773 15171-15171 OpenCV/StaticHelper     com.example.myapplication            I    Python (for build):            /usr/bin/python3
2025-08-04 20:38:29.773 15171-15171 OpenCV/StaticHelper     com.example.myapplication            I  
2025-08-04 20:38:29.773 15171-15171 OpenCV/StaticHelper     com.example.myapplication            I    Java:                          export all functions
2025-08-04 20:38:29.773 15171-15171 OpenCV/StaticHelper     com.example.myapplication            I      ant:                         NO
2025-08-04 20:38:29.773 15171-15171 OpenCV/StaticHelper     com.example.myapplication            I      Java wrappers:               YES ()
2025-08-04 20:38:29.773 15171-15171 OpenCV/StaticHelper     com.example.myapplication            I      Java tests:                  NO
2025-08-04 20:38:29.773 15171-15171 OpenCV/StaticHelper     com.example.myapplication            I  
2025-08-04 20:38:29.773 15171-15171 OpenCV/StaticHelper     com.example.myapplication            I    Install to:                    /home/ci/build/o4a/install
2025-08-04 20:38:29.773 15171-15171 OpenCV/StaticHelper     com.example.myapplication            I  -----------------------------------------------------------------
2025-08-04 20:38:29.778 15171-15171 BatchCriteriaManager    com.example.myapplication            D  📥 Загружаем критерии из JSON: []
2025-08-04 20:38:29.778 15171-15171 BatchCriteriaManager    com.example.myapplication            D  📥 Найдено 0 критериев в JSON
2025-08-04 20:38:29.782 15171-15171 ReportsManager          com.example.myapplication            D  📂 Данные загружены: 0 отчетов, 0 критериев
2025-08-04 20:38:29.783 15171-15171 ReportsManager          com.example.myapplication            D  📊 Добавляем критерии: По процентам (по умолчанию), тип: PERCENTAGE, критерии: {5=90.0..100.0, 4=75.0..89.99, 3=51.0..74.99, 2=0.0..50.99}
2025-08-04 20:38:29.784 15171-15171 ReportsManager          com.example.myapplication            D  💾 Сохраняем критерии: По процентам (по умолчанию) -> {"id":"default","name":"По процентам (по умолчанию)","type":"PERCENTAGE","maxPoints":0,"criteria":{"5":"90.0..100.0","4":"75.0..89.99","3":"51.0..74.99","2":"0.0..50.99"}}
2025-08-04 20:38:29.785 15171-15171 ReportsManager          com.example.myapplication            D  💾 Данные сохранены: 0 отчетов, 1 критериев
2025-08-04 20:38:29.785 15171-15171 ReportsManager          com.example.myapplication            D  📊 Критерии добавлены: По процентам (по умолчанию), всего критериев: 1
2025-08-04 20:38:29.786 15171-15171 ReportsManager          com.example.myapplication            D  💾 Сохраняем критерии: По процентам (по умолчанию) -> {"id":"default","name":"По процентам (по умолчанию)","type":"PERCENTAGE","maxPoints":0,"criteria":{"5":"90.0..100.0","4":"75.0..89.99","3":"51.0..74.99","2":"0.0..50.99"}}
2025-08-04 20:38:29.787 15171-15171 ReportsManager          com.example.myapplication            D  💾 Данные сохранены: 0 отчетов, 1 критериев
2025-08-04 20:38:29.787 15171-15171 ReportsManager          com.example.myapplication            D  🔄 Установлены критерии: default
2025-08-04 20:38:29.787 15171-15171 OMRModelManager         com.example.myapplication            I  🔄 Загружаем конфигурацию модели...
2025-08-04 20:38:29.787 15171-15171 OMRModelManager         com.example.myapplication            I  📁 Пробуем новый конфиг: models/model_metadata.json
2025-08-04 20:38:29.787 15171-15171 OMRModelManager         com.example.myapplication            I  📄 Конфигурация прочитана, парсим JSON...
2025-08-04 20:38:29.788 15171-15171 OMRModelManager         com.example.myapplication            I  🆕 Используем новый формат конфигурации
2025-08-04 20:38:29.788 15171-15171 OMRModelManager         com.example.myapplication            I  ✅ Конфигурация загружена: OMR_Classification_Model (версия 2.0)
2025-08-04 20:38:29.788 15171-15171 OnnxModel               com.example.myapplication            I  🔄 Инициализация ONNX модели...
2025-08-04 20:38:29.789 15171-15171 OnnxModel               com.example.myapplication            I  📊 Размер файла модели: 45755464 байт
2025-08-04 20:38:29.789 15171-15171 OnnxModel               com.example.myapplication            I  📋 Доступные провайдеры: CPU, NNAPI, XNNPACK
2025-08-04 20:38:29.789 15171-15171 OnnxModel               com.example.myapplication            I  🚀 NNAPI ускорение доступно
2025-08-04 20:38:29.789 15171-15171 OnnxModel               com.example.myapplication            I  🚀 CPU оптимизации активированы
2025-08-04 20:38:29.910 15171-15171 OnnxModel               com.example.myapplication            I  ✅ ONNX модель инициализирована успешно
2025-08-04 20:38:29.910 15171-15171 OnnxModel               com.example.myapplication            I  📥 Вход: input
2025-08-04 20:38:29.910 15171-15171 OnnxModel               com.example.myapplication            I  📤 Выход: output
2025-08-04 20:38:29.910 15171-15171 OMRModelManager         com.example.myapplication            I  ✅ ONNX модель загружена успешно
2025-08-04 20:38:29.911 15171-15268 BatchActivity           com.example.myapplication            D  ✅ ML модель готова к использованию
2025-08-04 20:38:29.912 15171-15171 BatchActivity           com.example.myapplication            D  📐 Создание сетки: вопросы=5, варианты=4, высота=600
2025-08-04 20:38:29.919 15171-15171 TextView                com.example.myapplication            V  notifyAutoFillManagerAfterTextChanged
2025-08-04 20:38:29.919 15171-15171 AutofillManager         com.example.myapplication            V  notifyValueChanged(1073741826): ignoring on state UNKNOWN
2025-08-04 20:38:29.945 15171-15171 TextView                com.example.myapplication            V  notifyAutoFillManagerAfterTextChanged
2025-08-04 20:38:29.946 15171-15171 AutofillManager         com.example.myapplication            V  notifyValueChanged(1073741826): ignoring on state UNKNOWN
2025-08-04 20:38:29.949 15171-15171 TextView                com.example.myapplication            V  notifyAutoFillManagerAfterTextChanged
2025-08-04 20:38:29.949 15171-15171 AutofillManager         com.example.myapplication            V  notifyValueChanged(1073741827): ignoring on state UNKNOWN
2025-08-04 20:38:29.950 15171-15171 TextView                com.example.myapplication            V  notifyAutoFillManagerAfterTextChanged
2025-08-04 20:38:29.950 15171-15171 AutofillManager         com.example.myapplication            V  notifyValueChanged(1073741827): ignoring on state UNKNOWN
2025-08-04 20:38:29.954 15171-15171 TextView                com.example.myapplication            V  notifyAutoFillManagerAfterTextChanged
2025-08-04 20:38:29.954 15171-15171 AutofillManager         com.example.myapplication            V  notifyValueChanged(1073741828): ignoring on state UNKNOWN
2025-08-04 20:38:29.955 15171-15171 TextView                com.example.myapplication            V  notifyAutoFillManagerAfterTextChanged
2025-08-04 20:38:29.955 15171-15171 AutofillManager         com.example.myapplication            V  notifyValueChanged(1073741828): ignoring on state UNKNOWN
2025-08-04 20:38:29.959 15171-15171 TextView                com.example.myapplication            V  notifyAutoFillManagerAfterTextChanged
2025-08-04 20:38:29.959 15171-15171 AutofillManager         com.example.myapplication            V  notifyValueChanged(1073741829): ignoring on state UNKNOWN
2025-08-04 20:38:29.960 15171-15171 TextView                com.example.myapplication            V  notifyAutoFillManagerAfterTextChanged
2025-08-04 20:38:29.960 15171-15171 AutofillManager         com.example.myapplication            V  notifyValueChanged(1073741829): ignoring on state UNKNOWN
2025-08-04 20:38:29.964 15171-15171 TextView                com.example.myapplication            V  notifyAutoFillManagerAfterTextChanged
2025-08-04 20:38:29.964 15171-15171 AutofillManager         com.example.myapplication            V  notifyValueChanged(1073741830): ignoring on state UNKNOWN
2025-08-04 20:38:29.964 15171-15171 TextView                com.example.myapplication            V  notifyAutoFillManagerAfterTextChanged
2025-08-04 20:38:29.965 15171-15171 AutofillManager         com.example.myapplication            V  notifyValueChanged(1073741830): ignoring on state UNKNOWN
2025-08-04 20:38:29.968 15171-15171 TextView                com.example.myapplication            V  notifyAutoFillManagerAfterTextChanged
2025-08-04 20:38:29.968 15171-15171 AutofillManager         com.example.myapplication            V  notifyValueChanged(1073741831): ignoring on state UNKNOWN
2025-08-04 20:38:29.969 15171-15171 TextView                com.example.myapplication            V  notifyAutoFillManagerAfterTextChanged
2025-08-04 20:38:29.969 15171-15171 AutofillManager         com.example.myapplication            V  notifyValueChanged(1073741831): ignoring on state UNKNOWN
2025-08-04 20:38:29.973 15171-15171 TextView                com.example.myapplication            V  notifyAutoFillManagerAfterTextChanged
2025-08-04 20:38:29.973 15171-15171 AutofillManager         com.example.myapplication            V  notifyValueChanged(1073741832): ignoring on state UNKNOWN
2025-08-04 20:38:29.974 15171-15171 TextView                com.example.myapplication            V  notifyAutoFillManagerAfterTextChanged
2025-08-04 20:38:29.974 15171-15171 AutofillManager         com.example.myapplication            V  notifyValueChanged(1073741832): ignoring on state UNKNOWN
2025-08-04 20:38:29.977 15171-15171 TextView                com.example.myapplication            V  notifyAutoFillManagerAfterTextChanged
2025-08-04 20:38:29.977 15171-15171 AutofillManager         com.example.myapplication            V  notifyValueChanged(1073741833): ignoring on state UNKNOWN
2025-08-04 20:38:29.978 15171-15171 TextView                com.example.myapplication            V  notifyAutoFillManagerAfterTextChanged
2025-08-04 20:38:29.978 15171-15171 AutofillManager         com.example.myapplication            V  notifyValueChanged(1073741833): ignoring on state UNKNOWN
2025-08-04 20:38:29.982 15171-15171 TextView                com.example.myapplication            V  notifyAutoFillManagerAfterTextChanged
2025-08-04 20:38:29.982 15171-15171 AutofillManager         com.example.myapplication            V  notifyValueChanged(1073741834): ignoring on state UNKNOWN
2025-08-04 20:38:29.983 15171-15171 TextView                com.example.myapplication            V  notifyAutoFillManagerAfterTextChanged
2025-08-04 20:38:29.983 15171-15171 AutofillManager         com.example.myapplication            V  notifyValueChanged(1073741834): ignoring on state UNKNOWN
2025-08-04 20:38:29.986 15171-15171 TextView                com.example.myapplication            V  notifyAutoFillManagerAfterTextChanged
2025-08-04 20:38:29.986 15171-15171 AutofillManager         com.example.myapplication            V  notifyValueChanged(1073741835): ignoring on state UNKNOWN
2025-08-04 20:38:29.987 15171-15171 TextView                com.example.myapplication            V  notifyAutoFillManagerAfterTextChanged
2025-08-04 20:38:29.987 15171-15171 AutofillManager         com.example.myapplication            V  notifyValueChanged(1073741835): ignoring on state UNKNOWN
2025-08-04 20:38:29.991 15171-15171 TextView                com.example.myapplication            V  notifyAutoFillManagerAfterTextChanged
2025-08-04 20:38:29.991 15171-15171 AutofillManager         com.example.myapplication            V  notifyValueChanged(1073741836): ignoring on state UNKNOWN
2025-08-04 20:38:29.992 15171-15171 TextView                com.example.myapplication            V  notifyAutoFillManagerAfterTextChanged
2025-08-04 20:38:29.992 15171-15171 AutofillManager         com.example.myapplication            V  notifyValueChanged(1073741836): ignoring on state UNKNOWN
2025-08-04 20:38:29.996 15171-15171 TextView                com.example.myapplication            V  notifyAutoFillManagerAfterTextChanged
2025-08-04 20:38:29.996 15171-15171 AutofillManager         com.example.myapplication            V  notifyValueChanged(1073741837): ignoring on state UNKNOWN
2025-08-04 20:38:29.997 15171-15171 TextView                com.example.myapplication            V  notifyAutoFillManagerAfterTextChanged
2025-08-04 20:38:29.997 15171-15171 AutofillManager         com.example.myapplication            V  notifyValueChanged(1073741837): ignoring on state UNKNOWN
2025-08-04 20:38:30.001 15171-15171 TextView                com.example.myapplication            V  notifyAutoFillManagerAfterTextChanged
2025-08-04 20:38:30.001 15171-15171 AutofillManager         com.example.myapplication            V  notifyValueChanged(1073741838): ignoring on state UNKNOWN
2025-08-04 20:38:30.002 15171-15171 TextView                com.example.myapplication            V  notifyAutoFillManagerAfterTextChanged
2025-08-04 20:38:30.002 15171-15171 AutofillManager         com.example.myapplication            V  notifyValueChanged(1073741838): ignoring on state UNKNOWN
2025-08-04 20:38:30.006 15171-15171 TextView                com.example.myapplication            V  notifyAutoFillManagerAfterTextChanged
2025-08-04 20:38:30.006 15171-15171 AutofillManager         com.example.myapplication            V  notifyValueChanged(1073741839): ignoring on state UNKNOWN
2025-08-04 20:38:30.007 15171-15171 TextView                com.example.myapplication            V  notifyAutoFillManagerAfterTextChanged
2025-08-04 20:38:30.007 15171-15171 AutofillManager         com.example.myapplication            V  notifyValueChanged(1073741839): ignoring on state UNKNOWN
2025-08-04 20:38:30.011 15171-15171 TextView                com.example.myapplication            V  notifyAutoFillManagerAfterTextChanged
2025-08-04 20:38:30.011 15171-15171 AutofillManager         com.example.myapplication            V  notifyValueChanged(1073741840): ignoring on state UNKNOWN
2025-08-04 20:38:30.012 15171-15171 TextView                com.example.myapplication            V  notifyAutoFillManagerAfterTextChanged
2025-08-04 20:38:30.012 15171-15171 AutofillManager         com.example.myapplication            V  notifyValueChanged(1073741840): ignoring on state UNKNOWN
2025-08-04 20:38:30.016 15171-15171 TextView                com.example.myapplication            V  notifyAutoFillManagerAfterTextChanged
2025-08-04 20:38:30.016 15171-15171 AutofillManager         com.example.myapplication            V  notifyValueChanged(1073741841): ignoring on state UNKNOWN
2025-08-04 20:38:30.017 15171-15171 TextView                com.example.myapplication            V  notifyAutoFillManagerAfterTextChanged
2025-08-04 20:38:30.017 15171-15171 AutofillManager         com.example.myapplication            V  notifyValueChanged(1073741841): ignoring on state UNKNOWN
2025-08-04 20:38:30.021 15171-15171 TextView                com.example.myapplication            V  notifyAutoFillManagerAfterTextChanged
2025-08-04 20:38:30.021 15171-15171 AutofillManager         com.example.myapplication            V  notifyValueChanged(1073741842): ignoring on state UNKNOWN
2025-08-04 20:38:30.022 15171-15171 TextView                com.example.myapplication            V  notifyAutoFillManagerAfterTextChanged
2025-08-04 20:38:30.022 15171-15171 AutofillManager         com.example.myapplication            V  notifyValueChanged(1073741842): ignoring on state UNKNOWN
2025-08-04 20:38:30.025 15171-15171 TextView                com.example.myapplication            V  notifyAutoFillManagerAfterTextChanged
2025-08-04 20:38:30.025 15171-15171 AutofillManager         com.example.myapplication            V  notifyValueChanged(1073741843): ignoring on state UNKNOWN
2025-08-04 20:38:30.026 15171-15171 TextView                com.example.myapplication            V  notifyAutoFillManagerAfterTextChanged
2025-08-04 20:38:30.026 15171-15171 AutofillManager         com.example.myapplication            V  notifyValueChanged(1073741843): ignoring on state UNKNOWN
2025-08-04 20:38:30.029 15171-15171 TextView                com.example.myapplication            V  notifyAutoFillManagerAfterTextChanged
2025-08-04 20:38:30.029 15171-15171 AutofillManager         com.example.myapplication            V  notifyValueChanged(1073741844): ignoring on state UNKNOWN
2025-08-04 20:38:30.030 15171-15171 TextView                com.example.myapplication            V  notifyAutoFillManagerAfterTextChanged
2025-08-04 20:38:30.030 15171-15171 AutofillManager         com.example.myapplication            V  notifyValueChanged(1073741844): ignoring on state UNKNOWN
2025-08-04 20:38:30.033 15171-15171 TextView                com.example.myapplication            V  notifyAutoFillManagerAfterTextChanged
2025-08-04 20:38:30.033 15171-15171 AutofillManager         com.example.myapplication            V  notifyValueChanged(1073741845): ignoring on state UNKNOWN
2025-08-04 20:38:30.034 15171-15171 TextView                com.example.myapplication            V  notifyAutoFillManagerAfterTextChanged
2025-08-04 20:38:30.034 15171-15171 AutofillManager         com.example.myapplication            V  notifyValueChanged(1073741845): ignoring on state UNKNOWN
2025-08-04 20:38:30.036 15171-15171 Quality                 com.example.myapplication            I  ActivityThread: activityStart delay 450 com.example.myapplication 15171
2025-08-04 20:38:30.038 15171-15171 ScrollOpti...neManager] com.example.myapplication            D  updateCurrentActivity: mCurrentActivityName=com.example.myapplication.BatchActivity, isOptEnable=true, isAnimAheadEnable=true, isFrameInsertEnable=true, InsertNum=1, isEnabledForScrollChanged=false
2025-08-04 20:38:30.038 15171-15171 ActivityThread          com.example.myapplication            D  ComponentInfo{com.example.myapplication/com.example.myapplication.BatchActivity} checkFinished=false 2
2025-08-04 20:38:30.038 15171-15171 ResourcesManagerExtImpl com.example.myapplication            D  applyConfigurationToAppResourcesLocked app.getDisplayId() return callback.displayId:0
2025-08-04 20:38:30.046 15171-15171 WindowManager           com.example.myapplication            D  Add to mViews: com.android.internal.policy.DecorView{430e389 I.E...... R.....ID 0,0-0,0 alpha=1.0 viewInfo = }[BatchActivity],pkg= com.example.myapplication
2025-08-04 20:38:30.046 15171-15201 skia                    com.example.myapplication            D  setRusSupported enable 0
2025-08-04 20:38:30.057 15171-15171 ViewRootImplExtImpl     com.example.myapplication            D  onDisplayChanged -1 for VRI android.view.ViewRootImpl@e92a3bc
2025-08-04 20:38:30.058 15171-15171 VRI[MainActivity]       com.example.myapplication            D  onFocusEvent false
2025-08-04 20:38:30.063 15171-15171 OplusBracketLog         com.example.myapplication            E  [OplusViewMirrorManager] updateHostViewRootIfNeeded, not support android.view.ViewRootImpl@e92a3bc
2025-08-04 20:38:30.140 15171-15175 e.myapplication         com.example.myapplication            I  Compiler allocated 7110KB to compile void android.view.ViewRootImpl.performTraversals()
2025-08-04 20:38:30.144 15171-15171 BatchResultsAdapter     com.example.myapplication            D  📊 getItemCount: 0
2025-08-04 20:38:30.144 15171-15171 BatchResultsAdapter     com.example.myapplication            D  📊 getItemCount: 0
2025-08-04 20:38:30.146 15171-15171 ViewRootImplExtImpl     com.example.myapplication            D  wrapConfigInfoIntoFlags rotation=0, smallestScreenWidthDp=360, relayoutAsync=false, flags=0, newFlags=23592960, residentWS=false, title=com.example.myapplication/com.example.myapplication.BatchActivity
2025-08-04 20:38:30.160 15171-15171 VRI[BatchActivity]      com.example.myapplication            D  relayoutWindow result, sizeChanged:true, surfaceControlChanged:true, transformHintChanged:false, mSurfaceSize:Point(1080, 2400), mLastSurfaceSize:Point(0, 0), mWidth:-1, mHeight:-1, requestedWidth:1080, requestedHeight:2400, transformHint:0, installOrientation:0, displayRotation:0, isSurfaceValid:true, attr.flag:-2122252032, tmpFrames:ClientWindowFrames{frame=[0,0][1080,2400] display=[0,0][1080,2400] parentFrame=[0,0][0,0]}, relayoutAsync:false, mSyncSeqId:0
2025-08-04 20:38:30.160 15171-15171 VRI[BatchActivity]      com.example.myapplication            W  updateBlastSurfaceIfNeeded, surfaceSize:Point(1080, 2400), lastSurfaceSize:Point(0, 0), format:-1, blastBufferQueue:null
2025-08-04 20:38:30.160 15171-15171 BufferQueueConsumer     com.example.myapplication            D  [](id:3b4300000001,api:0,p:-1,c:15171) connect: controlledByApp=false
2025-08-04 20:38:30.196 15171-15171 BatchResultsAdapter     com.example.myapplication            D  📊 getItemCount: 0
2025-08-04 20:38:30.199 15171-15171 AutofillManager         com.example.myapplication            D  notifyViewReadyInner:1073741824
2025-08-04 20:38:30.200 15171-15171 AutofillManager         com.example.myapplication            D  notifyViewReadyInner:1073741825
2025-08-04 20:38:30.205 15171-15171 BatchResultsAdapter     com.example.myapplication            D  📊 getItemCount: 0
2025-08-04 20:38:30.210 15171-15171 SurfaceControl          com.example.myapplication            I   setExtendedRangeBrightness sc=Surface(name=com.example.myapplication/com.example.myapplication.BatchActivity)/@0xae734f0,currentBufferRatio=1.0,desiredRatio=1.0
2025-08-04 20:38:30.313 15171-15201 BLASTBufferQueue        com.example.myapplication            D  [VRI[BatchActivity]#1](f:0,a:1) acquireNextBufferLocked size=1080x2400 mFrameNumber=1 applyTransaction=true mTimestamp=1429824932040146(auto) mPendingTransactions.size=0 graphicBufferId=65158948847623 transform=0
2025-08-04 20:38:30.313 15171-15201 VRI[BatchActivity]      com.example.myapplication            D  Received frameCommittedCallback lastAttemptedDrawFrameNum=1 didProduceBuffer=true syncBuffer=false
2025-08-04 20:38:30.314 15171-15171 VRI[BatchActivity]      com.example.myapplication            D  draw finished. seqId=0
2025-08-04 20:38:30.315 15171-15171 ViewRootImplExtImpl     com.example.myapplication            D  setMaxDequeuedBufferCount: 2
2025-08-04 20:38:30.316 15171-15171 callGcSupression        com.example.myapplication            D  java.lang.NullPointerException: Attempt to invoke virtual method 'java.lang.Object java.lang.reflect.Method.invoke(java.lang.Object, java.lang.Object[])' on a null object reference
2025-08-04 20:38:30.317 15171-15171 ResourcesManagerExtImpl com.example.myapplication            D  applyConfigurationToAppResourcesLocked app.getDisplayId() return callback.displayId:0
2025-08-04 20:38:30.334 15171-15171 callGcSupression        com.example.myapplication            D  java.lang.NullPointerException: Attempt to invoke virtual method 'java.lang.Object java.lang.reflect.Method.invoke(java.lang.Object, java.lang.Object[])' on a null object reference
2025-08-04 20:38:30.334 15171-15171 VRI[BatchActivity]      com.example.myapplication            W  handleResized, msg:, frameChanged:false, configChanged:false, displayChanged:false, attachedFrameChanged:false, compatScaleChanged:false, pendingDragResizing=false
2025-08-04 20:38:30.346 15171-15181 HWUI                    com.example.myapplication            I  Davey! duration=737ms; Flags=1, FrameTimelineVsyncId=336453907, IntendedVsync=1429824201497013, Vsync=1429824666494973, InputEventId=0, HandleInputStart=1429824678365992, AnimationStart=1429824678366992, PerformTraversalsStart=1429824679864223, DrawStart=1429824829891531, FrameDeadline=1429824218097013, FrameInterval=1429824677918915, FrameStartTime=16607070, SyncQueued=1429824871749454, SyncStart=1429824871850685, IssueDrawCommandsStart=1429824872224761, SwapBuffers=1429824929602300, FrameCompleted=1429824939488146, DequeueBufferDuration=13846, QueueBufferDuration=447307, GpuCompleted=1429824939488146, SwapBuffersCompleted=1429824932623223, DisplayPresentTime=-3663696177569329220, CommandSubmissionCompleted=1429824929602300, 
2025-08-04 20:38:30.346 15171-15181 HWUI                    com.example.myapplication            I  Davey! duration=741ms; Flags=1, FrameTimelineVsyncId=336453907, IntendedVsync=1429824201497013, Vsync=1429824666494973, InputEventId=0, HandleInputStart=1429824678365992, AnimationStart=1429824678366992, PerformTraversalsStart=1429824679864223, DrawStart=1429824934495915, FrameDeadline=1429824251314524, FrameInterval=1429824677918915, FrameStartTime=16607070, SyncQueued=1429824934791531, SyncStart=1429824934931531, IssueDrawCommandsStart=1429824935005069, SwapBuffers=1429824937036454, FrameCompleted=1429824943143608, DequeueBufferDuration=31769, QueueBufferDuration=393308, GpuCompleted=1429824943143608, SwapBuffersCompleted=1429824940060838, DisplayPresentTime=0, CommandSubmissionCompleted=1429824937036454, 
2025-08-04 20:38:30.351 15171-15201 VRI[BatchActivity]      com.example.myapplication            D  Received frameCommittedCallback lastAttemptedDrawFrameNum=3 didProduceBuffer=true syncBuffer=false
2025-08-04 20:38:30.352 15171-15171 VRI[BatchActivity]      com.example.myapplication            D  draw finished. seqId=0
2025-08-04 20:38:30.397 15171-15171 VRI[BatchActivity]      com.example.myapplication            D  onFocusEvent true
2025-08-04 20:38:30.600 15171-15207 MainActivity            com.example.myapplication            I  ✅ Модель загружена успешно
2025-08-04 20:38:30.628 15171-15207 MainActivity            com.example.myapplication            I  Информация о модели:
                                                                                                    Модель: OMR_Classification_Model
                                                                                                    Версия: 2.0
                                                                                                    Формат: ONNX
                                                                                                    Размер входа: 224x224
                                                                                                    Классы: empty, filled
                                                                                                    Порог уверенности: 80.0%
                                                                                                    Статус: Готова
2025-08-04 20:38:30.654 15171-15181 VRI[MainActivity]       com.example.myapplication            D  dispatchAppVisibility visible:false
2025-08-04 20:38:30.654 15171-15171 VRI[MainActivity]       com.example.myapplication            D  visibilityChanged oldVisibility=true newVisibility=false
2025-08-04 20:38:30.664 15171-15171 HWUI                    com.example.myapplication            D  RenderProxy::destroy: this=0xb400006f4131b500, mContext=0xb400006ef0794cc0
2025-08-04 20:38:30.665 15171-15201 HWUI                    com.example.myapplication            D  SkiaOpenGLPipeline::setSurface: this=0xb400006f41311c00, surface=NULL
2025-08-04 20:38:30.667 15171-15171 ViewRootImplExtImpl     com.example.myapplication            D  wrapConfigInfoIntoFlags rotation=0, smallestScreenWidthDp=360, relayoutAsync=false, flags=0, newFlags=23592960, residentWS=false, title=com.example.myapplication/com.example.myapplication.MainActivity
2025-08-04 20:38:30.673 15171-15171 VRI[MainActivity]       com.example.myapplication            D  relayoutWindow result, sizeChanged:false, surfaceControlChanged:true, transformHintChanged:false, mSurfaceSize:Point(1080, 2400), mLastSurfaceSize:Point(1080, 2400), mWidth:1080, mHeight:2400, requestedWidth:1080, requestedHeight:2400, transformHint:0, installOrientation:0, displayRotation:0, isSurfaceValid:false, attr.flag:-2122252032, tmpFrames:ClientWindowFrames{frame=[0,0][1080,2400] display=[0,0][1080,2400] parentFrame=[0,0][0,0]}, relayoutAsync:false, mSyncSeqId:0
2025-08-04 20:38:30.674 15171-15171 callGcSupression        com.example.myapplication            D  java.lang.NullPointerException: Attempt to invoke virtual method 'java.lang.Object java.lang.reflect.Method.invoke(java.lang.Object, java.lang.Object[])' on a null object reference
2025-08-04 20:38:30.675 15171-15171 VRI[MainActivity]       com.example.myapplication            D  setWindowStopped stopped:true
2025-08-04 20:38:30.679 15171-15171 ViewRootImplExtImpl     com.example.myapplication            D  wrapConfigInfoIntoFlags rotation=0, smallestScreenWidthDp=360, relayoutAsync=false, flags=0, newFlags=23592960, residentWS=false, title=com.example.myapplication/com.example.myapplication.MainActivity
2025-08-04 20:38:30.683 15171-15271 BLASTBufferQueue        com.example.myapplication            D  [VRI[MainActivity]#0](f:0,a:2) destructor()
2025-08-04 20:38:30.683 15171-15271 BufferQueueConsumer     com.example.myapplication            D  [VRI[MainActivity]#0(BLAST Consumer)0](id:3b4300000000,api:0,p:-1,c:15171) disconnect
2025-08-04 20:38:30.684 15171-15171 VRI[MainActivity]       com.example.myapplication            D  relayoutWindow result, sizeChanged:false, surfaceControlChanged:true, transformHintChanged:false, mSurfaceSize:Point(1080, 2400), mLastSurfaceSize:Point(1080, 2400), mWidth:1080, mHeight:2400, requestedWidth:1080, requestedHeight:2400, transformHint:0, installOrientation:0, displayRotation:0, isSurfaceValid:false, attr.flag:-2122252032, tmpFrames:ClientWindowFrames{frame=[0,0][1080,2400] display=[0,0][1080,2400] parentFrame=[0,0][0,0]}, relayoutAsync:false, mSyncSeqId:0
2025-08-04 20:38:31.322 15171-15209 OplusScrollToTopManager com.example.myapplication            D  com.example.myapplication/com.example.myapplication.MainActivity,This com.android.internal.policy.DecorView{64732a2 I.E...... R.....ID 0,0-1080,2400 aid=0 alpha=1.0 viewInfo = }[MainActivity] change focus to false
2025-08-04 20:38:31.409 15171-15209 OplusScrollToTopManager com.example.myapplication            D  com.example.myapplication/com.example.myapplication.BatchActivity,This com.android.internal.policy.DecorView{430e389 V.E...... R....... 0,0-1080,2400 aid=1 alpha=1.0 viewInfo = }[BatchActivity] change focus to true
2025-08-04 20:38:32.133 15171-15171 AutofillManager         com.example.myapplication            V  requestHideFillUi(null): anchor = null
2025-08-04 20:38:32.363 15171-15275 ProfileInstaller        com.example.myapplication            D  Installing profile for com.example.myapplication
2025-08-04 20:38:32.363 15171-15171 OplusViewDebugManager   com.example.myapplication            D  OplusViewDebugManager Constructor android.view.debug.OplusViewDebugManager@f542905 [mHasViewDebugProperty true] [mHasMsgDebugProperty false] [DEBUG false] [EXTRAINFOENABLE false] [LIGHT_OS true]
2025-08-04 20:38:32.363 15171-15171 OplusViewDebugManager   com.example.myapplication            D  OplusViewDebugManager Constructor android.view.debug.OplusViewDebugManager@a332d5a [mHasViewDebugProperty true] [mHasMsgDebugProperty false] [DEBUG false] [EXTRAINFOENABLE false] [LIGHT_OS true]
2025-08-04 20:38:32.364 15171-15171 ScrollIdentify          com.example.myapplication            I  on fling
2025-08-04 20:38:32.364 15171-15171 ViewRootImplExtImpl     com.example.myapplication            D  the up motion event handled by client, just return
2025-08-04 20:38:33.013 15171-15171 AutofillManager         com.example.myapplication            V  requestHideFillUi(null): anchor = null
2025-08-04 20:38:33.169 15171-15171 ScrollIdentify          com.example.myapplication            I  on fling
2025-08-04 20:38:33.169 15171-15171 ViewRootImplExtImpl     com.example.myapplication            D  the up motion event handled by client, just return
2025-08-04 20:38:33.346 15171-15171 AutofillManager         com.example.myapplication            V  requestHideFillUi(null): anchor = null
2025-08-04 20:38:33.596 15171-15171 ScrollIdentify          com.example.myapplication            I  on fling
2025-08-04 20:38:33.596 15171-15171 ViewRootImplExtImpl     com.example.myapplication            D  the up motion event handled by client, just return
2025-08-04 20:38:34.732 15171-15171 AutofillManager         com.example.myapplication            V  requestHideFillUi(null): anchor = null
2025-08-04 20:38:34.815 15171-15171 ViewRootImplExtImpl     com.example.myapplication            D  the up motion event handled by client, just return
2025-08-04 20:38:34.822 15171-15171 AutofillManager         com.example.myapplication            V  notifyValueChanged(1073741826): ignoring on state UNKNOWN
2025-08-04 20:38:35.087 15171-15171 AutofillManager         com.example.myapplication            V  requestHideFillUi(null): anchor = null
2025-08-04 20:38:35.178 15171-15171 ViewRootImplExtImpl     com.example.myapplication            D  the up motion event handled by client, just return
2025-08-04 20:38:35.182 15171-15171 AutofillManager         com.example.myapplication            V  notifyValueChanged(1073741831): ignoring on state UNKNOWN
2025-08-04 20:38:35.483 15171-15171 AutofillManager         com.example.myapplication            V  requestHideFillUi(null): anchor = null
2025-08-04 20:38:35.557 15171-15171 ViewRootImplExtImpl     com.example.myapplication            D  the up motion event handled by client, just return
2025-08-04 20:38:35.560 15171-15171 AutofillManager         com.example.myapplication            V  notifyValueChanged(1073741836): ignoring on state UNKNOWN
2025-08-04 20:38:35.694 15171-15176 e.myapplication         com.example.myapplication            I  NativeAlloc concurrent mark compact GC freed 5192KB AllocSpace bytes, 8(288KB) LOS objects, 53% free, 5301KB/11MB, paused 167us,2.036ms total 135.912ms
2025-08-04 20:38:35.869 15171-15171 AutofillManager         com.example.myapplication            V  requestHideFillUi(null): anchor = null
2025-08-04 20:38:35.936 15171-15171 ViewRootImplExtImpl     com.example.myapplication            D  the up motion event handled by client, just return
2025-08-04 20:38:35.939 15171-15171 AutofillManager         com.example.myapplication            V  notifyValueChanged(1073741841): ignoring on state UNKNOWN
2025-08-04 20:38:36.894 15171-15171 AutofillManager         com.example.myapplication            V  requestHideFillUi(null): anchor = null
2025-08-04 20:38:36.967 15171-15171 ViewRootImplExtImpl     com.example.myapplication            D  the up motion event handled by client, just return
2025-08-04 20:38:36.998 15171-15171 TextView                com.example.myapplication            V  notifyAutoFillManagerAfterTextChanged
2025-08-04 20:38:36.998 15171-15171 AutofillManager         com.example.myapplication            V  notifyValueChanged(1073741846): ignoring on state UNKNOWN
2025-08-04 20:38:36.999 15171-15171 TextView                com.example.myapplication            V  notifyAutoFillManagerAfterTextChanged
2025-08-04 20:38:36.999 15171-15171 AutofillManager         com.example.myapplication            V  notifyValueChanged(1073741846): ignoring on state UNKNOWN
2025-08-04 20:38:37.038 15171-15171 oplus.andr...actoryImpl com.example.myapplication            I  get feature:IOplusDynamicVsyncFeature
2025-08-04 20:38:37.038 15171-15171 oplus.andr...actoryImpl com.example.myapplication            I  get feature:IOplusDynamicVsyncFeature
2025-08-04 20:38:37.038 15171-15171 oplus.andr...actoryImpl com.example.myapplication            I  get feature:IOplusDynamicVsyncFeature
2025-08-04 20:38:37.046 15171-15171 oplus.andr...actoryImpl com.example.myapplication            I  get feature:IOplusDynamicVsyncFeature
2025-08-04 20:38:37.046 15171-15171 oplus.andr...actoryImpl com.example.myapplication            I  get feature:IOplusDynamicVsyncFeature
2025-08-04 20:38:37.046 15171-15171 oplus.andr...actoryImpl com.example.myapplication            I  get feature:IOplusDynamicVsyncFeature
2025-08-04 20:38:37.073 15171-15171 WindowManager           com.example.myapplication            D  Add to mViews: com.android.internal.policy.DecorView{28bc4a1 V.E...... R.....I. 0,0-0,0 alpha=1.0 viewInfo = }[BatchActivity],pkg= com.example.myapplication
2025-08-04 20:38:37.074 15171-15201 skia                    com.example.myapplication            D  setRusSupported enable 0
2025-08-04 20:38:37.089 15171-15171 ViewRootImplExtImpl     com.example.myapplication            D  onDisplayChanged -1 for VRI android.view.ViewRootImpl@ad969b4
2025-08-04 20:38:37.093 15171-15171 OplusBracketLog         com.example.myapplication            E  [OplusViewMirrorManager] updateHostViewRootIfNeeded, not support android.view.ViewRootImpl@ad969b4
2025-08-04 20:38:37.123 15171-15171 InsetsController        com.example.myapplication            D  setRequestedVisibleTypes, mRequestedVisibleTypes: statusBars navigationBars captionBar systemGestures mandatorySystemGestures tappableElement displayCutout windowDecor systemOverlays, requestedVisibleTypes: statusBars navigationBars captionBar systemGestures mandatorySystemGestures tappableElement displayCutout windowDecor systemOverlays, visibleTypes: navigationBars, type: 2, call: android.view.InsetsController.controlAnimationUnchecked:1477 android.view.InsetsController.applyAnimation:2191 android.view.InsetsController.applyAnimation:2161 android.view.InsetsController.onControlsChanged:1163 android.view.ViewRootImpl.relayoutWindow:10356 android.view.ViewRootImpl.performTraversals:4151 android.view.ViewRootImpl.doTraversal:3313 android.view.ViewRootImpl$TraversalRunnable.run:11495 android.view.Choreographer$CallbackRecord.run:1621 android.view.Choreographer$CallbackRecord.run:1630 
2025-08-04 20:38:37.124 15171-15171 BufferQueueConsumer     com.example.myapplication            D  [](id:3b4300000002,api:0,p:-1,c:15171) connect: controlledByApp=false
2025-08-04 20:38:37.131 15171-15171 AutofillManager         com.example.myapplication            D  notifyViewReadyInner:1073741846
2025-08-04 20:38:37.134 15171-15171 SurfaceControl          com.example.myapplication            I   setExtendedRangeBrightness sc=Surface(name=com.example.myapplication/com.example.myapplication.BatchActivity)/@0xef45026,currentBufferRatio=1.0,desiredRatio=1.0
2025-08-04 20:38:37.142 15171-15201 BLASTBufferQueue        com.example.myapplication            D  [VRI[BatchActivity]#2](f:0,a:1) acquireNextBufferLocked size=1218x871 mFrameNumber=1 applyTransaction=true mTimestamp=1429831760806916(auto) mPendingTransactions.size=0 graphicBufferId=65158948847625 transform=0
2025-08-04 20:38:37.143 15171-15201 VRI[BatchActivity]      com.example.myapplication            D  Received frameCommittedCallback lastAttemptedDrawFrameNum=1 didProduceBuffer=true syncBuffer=false
2025-08-04 20:38:37.144 15171-15171 VRI[BatchActivity]      com.example.myapplication            D  draw finished. seqId=0
2025-08-04 20:38:37.144 15171-15171 ViewRootImplExtImpl     com.example.myapplication            D  setMaxDequeuedBufferCount: 2
2025-08-04 20:38:37.149 15171-15171 VRI[BatchActivity]      com.example.myapplication            D  onFocusEvent false
2025-08-04 20:38:37.150 15171-15171 callGcSupression        com.example.myapplication            D  java.lang.NullPointerException: Attempt to invoke virtual method 'java.lang.Object java.lang.reflect.Method.invoke(java.lang.Object, java.lang.Object[])' on a null object reference
2025-08-04 20:38:37.150 15171-15171 VRI[BatchActivity]      com.example.myapplication            W  handleResized abandoned!
2025-08-04 20:38:37.190 15171-15201 VRI[BatchActivity]      com.example.myapplication            D  Received frameCommittedCallback lastAttemptedDrawFrameNum=2 didProduceBuffer=true syncBuffer=false
2025-08-04 20:38:37.191 15171-15171 VRI[BatchActivity]      com.example.myapplication            D  draw finished. seqId=0
2025-08-04 20:38:37.194 15171-15171 callGcSupression        com.example.myapplication            D  java.lang.NullPointerException: Attempt to invoke virtual method 'java.lang.Object java.lang.reflect.Method.invoke(java.lang.Object, java.lang.Object[])' on a null object reference
2025-08-04 20:38:37.243 15171-15201 VRI[BatchActivity]      com.example.myapplication            D  Received frameCommittedCallback lastAttemptedDrawFrameNum=3 didProduceBuffer=true syncBuffer=false
2025-08-04 20:38:37.244 15171-15171 VRI[BatchActivity]      com.example.myapplication            D  draw finished. seqId=0
2025-08-04 20:38:37.244 15171-15171 VRI[BatchActivity]      com.example.myapplication            D  onFocusEvent true
2025-08-04 20:38:37.427 15171-15171 InsetsController        com.example.myapplication            D  setRequestedVisibleTypes, mRequestedVisibleTypes: statusBars navigationBars captionBar systemGestures mandatorySystemGestures tappableElement displayCutout windowDecor systemOverlays, requestedVisibleTypes: statusBars navigationBars captionBar systemGestures mandatorySystemGestures tappableElement displayCutout windowDecor systemOverlays, visibleTypes: navigationBars, type: 2, call: android.view.InsetsController.notifyFinished:1879 android.view.InsetsAnimationThreadControlRunner$1.lambda$notifyFinished$0:86 android.view.InsetsAnimationThreadControlRunner$1.$r8$lambda$cDFF0h4Ncq-8EXdGszv69jrUu7c:0 android.view.InsetsAnimationThreadControlRunner$1$$ExternalSyntheticLambda1.run:0 android.os.Handler.handleCallback:973 android.os.Handler.dispatchMessage:100 android.os.Looper.loopOnce:282 android.os.Looper.loop:387 android.app.ActivityThread.main:9500 java.lang.reflect.Method.invoke:-2 
2025-08-04 20:38:37.829 15171-15171 AutofillManager         com.example.myapplication            V  requestHideFillUi(null): anchor = null
2025-08-04 20:38:37.899 15171-15171 AutofillManager         com.example.myapplication            V  receiver results: flags=7 enabled=true, enabledForAugmentedOnly: false
2025-08-04 20:38:37.900 15171-15171 AutofillManager         com.example.myapplication            V  startSessionLocked(): id=1073741846, bounds=null, value=[type=1, value=0_chars], flags=0, state=UNKNOWN, compatMode=false, augmentedOnly=false, enabledAugmentedOnly=false, enteredIds=null
2025-08-04 20:38:37.923 15171-15171 ImeTracker              com.example.myapplication            I  com.example.myapplication:a83d6133: onRequestShow at ORIGIN_CLIENT reason SHOW_SOFT_INPUT fromUser true
2025-08-04 20:38:37.924 15171-15171 InputMethodManager      com.example.myapplication            D  showSoftInput() view=androidx.appcompat.widget.AppCompatEditText{32567cd VFED..CL. .F.P..ID 60,277-966,422 #7f0900d5 app:id/et_criteria_name aid=1073741846 alpha=1.0 viewInfo = } flags=0 reason=SHOW_SOFT_INPUT
2025-08-04 20:38:37.926 15171-15171 ViewRootImplExtImpl     com.example.myapplication            D  the up motion event handled by client, just return
2025-08-04 20:38:37.929 15171-15171 OplusCursorFeedback     com.example.myapplication            D  getExtraCursorWidth
2025-08-04 20:38:37.929 15171-15171 OplusCursorFeedback     com.example.myapplication            D  getExtraLeftOffset
2025-08-04 20:38:37.930 15171-15171 ViewExtract             com.example.myapplication            D  [OplusViewExtractManager] OplusViewExtractManager init com.example.myapplication
2025-08-04 20:38:37.946 15171-15171 View                    com.example.myapplication            V  dispatchProvideAutofillStructure(): not laid out, ignoring 1 children of 1073741885
2025-08-04 20:38:37.947 15171-15171 View                    com.example.myapplication            V  dispatchProvideAutofillStructure(): not laid out, ignoring 2 children of 1073741889
2025-08-04 20:38:37.947 15171-15171 View                    com.example.myapplication            V  dispatchProvideAutofillStructure(): not laid out, ignoring 3 children of 1073741890
2025-08-04 20:38:37.948 15171-15171 View                    com.example.myapplication            V  dispatchProvideAutofillStructure(): not laid out, ignoring 1 children of 1073741897
2025-08-04 20:38:37.952 15171-15171 AssistStructure         com.example.myapplication            I  Flattened final assist data: 32856 bytes, containing 2 windows, 76 views
2025-08-04 20:38:37.993 15171-15171 callGcSupression        com.example.myapplication            D  java.lang.NullPointerException: Attempt to invoke virtual method 'java.lang.Object java.lang.reflect.Method.invoke(java.lang.Object, java.lang.Object[])' on a null object reference
2025-08-04 20:38:37.994 15171-15171 VRI[BatchActivity]      com.example.myapplication            W  handleResized abandoned!
2025-08-04 20:38:37.994 15171-15171 VRI[BatchActivity]      com.example.myapplication            W  handleResized abandoned!
2025-08-04 20:38:38.019 15171-15171 InsetsController        com.example.myapplication            D  show(ime(), fromIme=true)
2025-08-04 20:38:38.055 15171-15171 callGcSupression        com.example.myapplication            D  java.lang.NullPointerException: Attempt to invoke virtual method 'java.lang.Object java.lang.reflect.Method.invoke(java.lang.Object, java.lang.Object[])' on a null object reference
2025-08-04 20:38:38.055 15171-15171 VRI[BatchActivity]      com.example.myapplication            W  handleResized abandoned!
2025-08-04 20:38:38.056 15171-15171 VRI[BatchActivity]      com.example.myapplication            W  handleResized abandoned!
2025-08-04 20:38:38.155 15171-15171 AutofillManager         com.example.myapplication            V  setSessionFinished(): from ACTIVE to FINISHED; autofillableIds=[1073741824, 1073741825, 1073741826, 1073741827, 1073741828, 1073741829, 1073741830, 1073741831, 1073741832, 1073741833, 1073741834, 1073741835, 1073741836, 1073741837, 1073741838, 1073741839, 1073741840, 1073741841, 1073741842, 1073741843, 1073741844, 1073741845, 1073741846]
2025-08-04 20:38:38.197 15171-15209 OplusScrollToTopManager com.example.myapplication            D  com.example.myapplication/com.example.myapplication.BatchActivity,This com.android.internal.policy.DecorView{430e389 V.E...... R....... 0,0-1080,2400 aid=1 alpha=1.0 viewInfo = }[BatchActivity] change focus to false
2025-08-04 20:38:38.239 15171-15171 ImeTracker              com.example.myapplication            I  com.example.myapplication:a83d6133: onShown
2025-08-04 20:38:38.250 15171-15209 OplusScrollToTopManager com.example.myapplication            D  com.example.myapplication/com.example.myapplication.BatchActivity,This com.android.internal.policy.DecorView{28bc4a1 V.E...... R....... 0,0-1026,679 aid=1073741847 alpha=1.0 viewInfo = }[BatchActivity] change focus to true
2025-08-04 20:38:39.308 15171-15171 TextView                com.example.myapplication            V  notifyAutoFillManagerAfterTextChanged
2025-08-04 20:38:39.308 15171-15171 AutofillManager         com.example.myapplication            V  notifyValueChanged(1073741846): ignoring on state FINISHED
2025-08-04 20:38:39.318 15171-15171 OplusCursorFeedback     com.example.myapplication            D  getExtraCursorWidth
2025-08-04 20:38:39.318 15171-15171 OplusCursorFeedback     com.example.myapplication            D  getExtraLeftOffset
2025-08-04 20:38:39.455 15171-15171 TextView                com.example.myapplication            V  notifyAutoFillManagerAfterTextChanged
2025-08-04 20:38:39.455 15171-15171 AutofillManager         com.example.myapplication            V  notifyValueChanged(1073741846): ignoring on state FINISHED
2025-08-04 20:38:39.467 15171-15171 OplusCursorFeedback     com.example.myapplication            D  getExtraCursorWidth
2025-08-04 20:38:39.467 15171-15171 OplusCursorFeedback     com.example.myapplication            D  getExtraLeftOffset
2025-08-04 20:38:39.490 15171-15171 TextView                com.example.myapplication            V  notifyAutoFillManagerAfterTextChanged
2025-08-04 20:38:39.490 15171-15171 AutofillManager         com.example.myapplication            V  notifyValueChanged(1073741846): ignoring on state FINISHED
2025-08-04 20:38:39.501 15171-15171 OplusCursorFeedback     com.example.myapplication            D  getExtraCursorWidth
2025-08-04 20:38:39.501 15171-15171 OplusCursorFeedback     com.example.myapplication            D  getExtraLeftOffset
2025-08-04 20:38:39.986 15171-15171 AutofillManager         com.example.myapplication            V  requestHideFillUi(null): anchor = null
2025-08-04 20:38:40.058 15171-15171 ViewRootImplExtImpl     com.example.myapplication            D  the up motion event handled by client, just return
2025-08-04 20:38:40.061 15171-15171 BatchCriteriaManager    com.example.myapplication            D  💾 Сохранено 1 критериев
2025-08-04 20:38:40.061 15171-15171 BatchCriteriaManager    com.example.myapplication            D  💾 Добавлены критерии: rr, всего: 1
2025-08-04 20:38:40.066 15171-15171 OplusScrollToTopManager com.example.myapplication            D  com.example.myapplication/com.example.myapplication.BatchActivity,window dying
2025-08-04 20:38:40.066 15171-15171 OplusScrollToTopManager com.example.myapplication            D  com.example.myapplication/com.example.myapplication.BatchActivity,unregisterSystemUIBroadcastReceiver 
2025-08-04 20:38:40.067 15171-15171 OplusScrollToTopManager com.example.myapplication            D  com.example.myapplication/com.example.myapplication.BatchActivity, unregisterSystemUIBroadcastReceiver failed java.lang.IllegalArgumentException: Receiver not registered: android.view.OplusScrollToTopManager$2@30e2139
2025-08-04 20:38:40.067 15171-15171 WindowOnBackDispatcher  com.example.myapplication            W  sendCancelIfRunning: isInProgress=false callback=android.view.ViewRootImpl$$ExternalSyntheticLambda11@1ff09dd
2025-08-04 20:38:40.068 15171-15171 OplusCursorFeedback     com.example.myapplication            D  editorDetachFromWindow android.widget.Editor@639b37e
2025-08-04 20:38:40.072 15171-15171 HWUI                    com.example.myapplication            D  RenderProxy::destroy: this=0xb400006de67a3500, mContext=0xb400006de7ed4480
2025-08-04 20:38:40.072 15171-15201 HWUI                    com.example.myapplication            D  SkiaOpenGLPipeline::setSurface: this=0xb400006e98871200, surface=NULL
2025-08-04 20:38:40.074 15171-15201 HWUI                    com.example.myapplication            D  endAllActiveAnimators on 0xb400006de6b4ea00 (RippleDrawable) with handle 0xb400006e81239f40
2025-08-04 20:38:40.084 15171-15180 BLASTBufferQueue        com.example.myapplication            D  [VRI[BatchActivity]#2](f:0,a:2) destructor()
2025-08-04 20:38:40.084 15171-15180 BufferQueueConsumer     com.example.myapplication            D  [VRI[BatchActivity]#2(BLAST Consumer)2](id:3b4300000002,api:0,p:-1,c:15171) disconnect
2025-08-04 20:38:40.120 15171-15171 callGcSupression        com.example.myapplication            D  java.lang.NullPointerException: Attempt to invoke virtual method 'java.lang.Object java.lang.reflect.Method.invoke(java.lang.Object, java.lang.Object[])' on a null object reference
2025-08-04 20:38:40.121 15171-15171 VRI[BatchActivity]      com.example.myapplication            W  handleResized abandoned!
2025-08-04 20:38:40.132 15171-15171 InsetsController        com.example.myapplication            D  setRequestedVisibleTypes, mRequestedVisibleTypes: systemGestures mandatorySystemGestures tappableElement displayCutout windowDecor, requestedVisibleTypes: systemGestures mandatorySystemGestures tappableElement displayCutout windowDecor, visibleTypes: , type: 2, call: android.view.InsetsController.controlAnimationUnchecked:1477 android.view.InsetsController.applyAnimation:2191 android.view.InsetsController.applyAnimation:2161 android.view.InsetsController.onControlsChanged:1171 android.view.ViewRootImpl.handleInsetsControlChanged:2565 android.view.ViewRootImpl.-$$Nest$mhandleInsetsControlChanged:0 android.view.ViewRootImpl$ViewRootHandler.handleMessageImpl:7565 android.view.ViewRootImpl$ViewRootHandler.handleMessage:7504 android.os.Handler.dispatchMessage:107 android.os.Looper.loopOnce:282 
2025-08-04 20:38:40.137 15171-15171 VRI[BatchActivity]      com.example.myapplication            D  onFocusEvent true
2025-08-04 20:38:40.150 15171-15171 callGcSupression        com.example.myapplication            D  java.lang.NullPointerException: Attempt to invoke virtual method 'java.lang.Object java.lang.reflect.Method.invoke(java.lang.Object, java.lang.Object[])' on a null object reference
2025-08-04 20:38:40.150 15171-15171 VRI[BatchActivity]      com.example.myapplication            W  handleResized abandoned!
2025-08-04 20:38:40.182 15171-15171 InsetsController        com.example.myapplication            D  hide(ime(), fromIme=true)
2025-08-04 20:38:40.182 15171-15171 ImeTracker              com.example.myapplication            I  com.example.myapplication:79a439f5: onCancelled at PHASE_CLIENT_APPLY_ANIMATION
2025-08-04 20:38:40.182 15171-15171 ImeBackDispatcher       com.example.myapplication            E  Ime callback not found. Ignoring unregisterReceivedCallback. callbackId: 2163646
2025-08-04 20:38:40.499 15171-15171 InsetsController        com.example.myapplication            D  setRequestedVisibleTypes, mRequestedVisibleTypes: systemGestures mandatorySystemGestures tappableElement displayCutout windowDecor, requestedVisibleTypes: systemGestures mandatorySystemGestures tappableElement displayCutout windowDecor, visibleTypes: , type: 2, call: android.view.InsetsController.notifyFinished:1879 android.view.InsetsAnimationThreadControlRunner$1.lambda$notifyFinished$0:86 android.view.InsetsAnimationThreadControlRunner$1.$r8$lambda$cDFF0h4Ncq-8EXdGszv69jrUu7c:0 android.view.InsetsAnimationThreadControlRunner$1$$ExternalSyntheticLambda1.run:0 android.os.Handler.handleCallback:973 android.os.Handler.dispatchMessage:100 android.os.Looper.loopOnce:282 android.os.Looper.loop:387 android.app.ActivityThread.main:9500 java.lang.reflect.Method.invoke:-2 
2025-08-04 20:38:40.727 15171-15171 callGcSupression        com.example.myapplication            D  java.lang.NullPointerException: Attempt to invoke virtual method 'java.lang.Object java.lang.reflect.Method.invoke(java.lang.Object, java.lang.Object[])' on a null object reference
2025-08-04 20:38:40.727 15171-15171 VRI[BatchActivity]      com.example.myapplication            W  handleResized abandoned!
2025-08-04 20:38:41.000 15171-15171 AutofillManager         com.example.myapplication            V  requestHideFillUi(null): anchor = null
2025-08-04 20:38:41.099 15171-15171 ViewRootImplExtImpl     com.example.myapplication            D  the up motion event handled by client, just return
2025-08-04 20:38:41.120 15171-15171 BatchCriteriaManager    com.example.myapplication            D  📋 Получен список критериев: 1 элементов
2025-08-04 20:38:41.120 15171-15171 BatchCriteriaManager    com.example.myapplication            D  📋 Критерии: rr (5 вопросов, 4 вариантов)
2025-08-04 20:38:41.120 15171-15171 BatchActivity           com.example.myapplication            D  📋 Открываем диалог загрузки критериев, найдено: 1
2025-08-04 20:38:41.132 15171-15171 oplus.andr...actoryImpl com.example.myapplication            I  get feature:IOplusDynamicVsyncFeature
2025-08-04 20:38:41.132 15171-15171 oplus.andr...actoryImpl com.example.myapplication            I  get feature:IOplusDynamicVsyncFeature
2025-08-04 20:38:41.133 15171-15171 oplus.andr...actoryImpl com.example.myapplication            I  get feature:IOplusDynamicVsyncFeature
2025-08-04 20:38:41.145 15171-15171 BatchActivity           com.example.myapplication            D  📋 Создаем элементы списка для 1 критериев
2025-08-04 20:38:41.145 15171-15171 BatchActivity           com.example.myapplication            D  📋 Создаем элемент для критериев: rr
2025-08-04 20:38:41.146 15171-15171 TextView                com.example.myapplication            V  notifyAutoFillManagerAfterTextChanged
2025-08-04 20:38:41.146 15171-15171 AutofillManager         com.example.myapplication            V  notifyValueChanged(1073741899): ignoring on state FINISHED
2025-08-04 20:38:41.151 15171-15171 BatchActivity           com.example.myapplication            D  📋 Добавлен элемент в список: rr
2025-08-04 20:38:41.152 15171-15171 BatchActivity           com.example.myapplication            D  📋 Элемент добавлен в layout, всего элементов: 1
2025-08-04 20:38:41.154 15171-15209 OplusScrollToTopManager com.example.myapplication            D  com.example.myapplication/com.example.myapplication.BatchActivity,This com.android.internal.policy.DecorView{430e389 V.E...... R......D 0,0-1080,2400 aid=1 alpha=1.0 viewInfo = }[BatchActivity] change focus to true
2025-08-04 20:38:41.165 15171-15171 oplus.andr...actoryImpl com.example.myapplication            I  get feature:IOplusDynamicVsyncFeature
2025-08-04 20:38:41.165 15171-15171 oplus.andr...actoryImpl com.example.myapplication            I  get feature:IOplusDynamicVsyncFeature
2025-08-04 20:38:41.165 15171-15171 oplus.andr...actoryImpl com.example.myapplication            I  get feature:IOplusDynamicVsyncFeature
2025-08-04 20:38:41.170 15171-15171 oplus.andr...actoryImpl com.example.myapplication            I  get feature:IOplusDynamicVsyncFeature
2025-08-04 20:38:41.170 15171-15171 oplus.andr...actoryImpl com.example.myapplication            I  get feature:IOplusDynamicVsyncFeature
2025-08-04 20:38:41.170 15171-15171 oplus.andr...actoryImpl com.example.myapplication            I  get feature:IOplusDynamicVsyncFeature
2025-08-04 20:38:41.187 15171-15171 WindowManager           com.example.myapplication            D  Add to mViews: com.android.internal.policy.DecorView{a7cd70a V.E...... R.....I. 0,0-0,0 alpha=1.0 viewInfo = }[BatchActivity],pkg= com.example.myapplication
2025-08-04 20:38:41.188 15171-15201 skia                    com.example.myapplication            D  setRusSupported enable 0
2025-08-04 20:38:41.208 15171-15171 ViewRootImplExtImpl     com.example.myapplication            D  onDisplayChanged -1 for VRI android.view.ViewRootImpl@f1589f1
2025-08-04 20:38:41.211 15171-15171 OplusBracketLog         com.example.myapplication            E  [OplusViewMirrorManager] updateHostViewRootIfNeeded, not support android.view.ViewRootImpl@f1589f1
2025-08-04 20:38:41.239 15171-15171 InsetsController        com.example.myapplication            D  setRequestedVisibleTypes, mRequestedVisibleTypes: statusBars navigationBars captionBar systemGestures mandatorySystemGestures tappableElement displayCutout windowDecor systemOverlays, requestedVisibleTypes: statusBars navigationBars captionBar systemGestures mandatorySystemGestures tappableElement displayCutout windowDecor systemOverlays, visibleTypes: navigationBars, type: 2, call: android.view.InsetsController.controlAnimationUnchecked:1477 android.view.InsetsController.applyAnimation:2191 android.view.InsetsController.applyAnimation:2161 android.view.InsetsController.onControlsChanged:1163 android.view.ViewRootImpl.relayoutWindow:10356 android.view.ViewRootImpl.performTraversals:4151 android.view.ViewRootImpl.doTraversal:3313 android.view.ViewRootImpl$TraversalRunnable.run:11495 android.view.Choreographer$CallbackRecord.run:1621 android.view.Choreographer$CallbackRecord.run:1630 
2025-08-04 20:38:41.240 15171-15171 BufferQueueConsumer     com.example.myapplication            D  [](id:3b4300000003,api:0,p:-1,c:15171) connect: controlledByApp=false
2025-08-04 20:38:41.247 15171-15171 AutofillManager         com.example.myapplication            D  notifyViewReadyInner:1073741899
2025-08-04 20:38:41.253 15171-15171 SurfaceControl          com.example.myapplication            I   setExtendedRangeBrightness sc=Surface(name=com.example.myapplication/com.example.myapplication.BatchActivity)/@0x3a6ed0d,currentBufferRatio=1.0,desiredRatio=1.0
2025-08-04 20:38:41.263 15171-15201 BLASTBufferQueue        com.example.myapplication            D  [VRI[BatchActivity]#3](f:0,a:1) acquireNextBufferLocked size=1218x854 mFrameNumber=1 applyTransaction=true mTimestamp=1429835881528224(auto) mPendingTransactions.size=0 graphicBufferId=65158948847631 transform=0
2025-08-04 20:38:41.263 15171-15201 VRI[BatchActivity]      com.example.myapplication            D  Received frameCommittedCallback lastAttemptedDrawFrameNum=1 didProduceBuffer=true syncBuffer=false
2025-08-04 20:38:41.265 15171-15171 VRI[BatchActivity]      com.example.myapplication            D  draw finished. seqId=0
2025-08-04 20:38:41.266 15171-15171 ViewRootImplExtImpl     com.example.myapplication            D  setMaxDequeuedBufferCount: 2
2025-08-04 20:38:41.272 15171-15171 VRI[BatchActivity]      com.example.myapplication            D  onFocusEvent false
2025-08-04 20:38:41.273 15171-15171 callGcSupression        com.example.myapplication            D  java.lang.NullPointerException: Attempt to invoke virtual method 'java.lang.Object java.lang.reflect.Method.invoke(java.lang.Object, java.lang.Object[])' on a null object reference
2025-08-04 20:38:41.273 15171-15171 VRI[BatchActivity]      com.example.myapplication            W  handleResized abandoned!
2025-08-04 20:38:41.273 15171-15171 callGcSupression        com.example.myapplication            D  java.lang.NullPointerException: Attempt to invoke virtual method 'java.lang.Object java.lang.reflect.Method.invoke(java.lang.Object, java.lang.Object[])' on a null object reference
2025-08-04 20:38:41.328 15171-15201 VRI[BatchActivity]      com.example.myapplication            D  Received frameCommittedCallback lastAttemptedDrawFrameNum=3 didProduceBuffer=true syncBuffer=false
2025-08-04 20:38:41.329 15171-15171 VRI[BatchActivity]      com.example.myapplication            D  draw finished. seqId=0
2025-08-04 20:38:41.340 15171-15171 VRI[BatchActivity]      com.example.myapplication            D  onFocusEvent true
2025-08-04 20:38:41.514 15171-15171 InsetsController        com.example.myapplication            D  setRequestedVisibleTypes, mRequestedVisibleTypes: statusBars navigationBars captionBar systemGestures mandatorySystemGestures tappableElement displayCutout windowDecor systemOverlays, requestedVisibleTypes: statusBars navigationBars captionBar systemGestures mandatorySystemGestures tappableElement displayCutout windowDecor systemOverlays, visibleTypes: navigationBars, type: 2, call: android.view.InsetsController.notifyFinished:1879 android.view.InsetsAnimationThreadControlRunner$1.lambda$notifyFinished$0:86 android.view.InsetsAnimationThreadControlRunner$1.$r8$lambda$cDFF0h4Ncq-8EXdGszv69jrUu7c:0 android.view.InsetsAnimationThreadControlRunner$1$$ExternalSyntheticLambda1.run:0 android.os.Handler.handleCallback:973 android.os.Handler.dispatchMessage:100 android.os.Looper.loopOnce:282 android.os.Looper.loop:387 android.app.ActivityThread.main:9500 java.lang.reflect.Method.invoke:-2 
2025-08-04 20:38:42.279 15171-15209 OplusScrollToTopManager com.example.myapplication            D  com.example.myapplication/com.example.myapplication.BatchActivity,This com.android.internal.policy.DecorView{430e389 V.E...... R....... 0,0-1080,2400 aid=1 alpha=1.0 viewInfo = }[BatchActivity] change focus to false
2025-08-04 20:38:42.332 15171-15171 AutofillManager         com.example.myapplication            V  requestHideFillUi(null): anchor = null
2025-08-04 20:38:42.343 15171-15209 OplusScrollToTopManager com.example.myapplication            D  com.example.myapplication/com.example.myapplication.BatchActivity,This com.android.internal.policy.DecorView{a7cd70a V.E...... R....... 0,0-1026,662 alpha=1.0 viewInfo = }[BatchActivity] change focus to true
2025-08-04 20:38:42.432 15171-15171 ViewRootImplExtImpl     com.example.myapplication            D  the up motion event handled by client, just return
2025-08-04 20:38:42.436 15171-15171 AutofillManager         com.example.myapplication            V  notifyValueChanged(1073741899): ignoring on state FINISHED
2025-08-04 20:38:42.437 15171-15171 BatchActivity           com.example.myapplication            D  📋 Выбраны критерии: rr
2025-08-04 20:38:43.502 15171-15171 AutofillManager         com.example.myapplication            V  requestHideFillUi(null): anchor = null
2025-08-04 20:38:43.608 15171-15171 ViewRootImplExtImpl     com.example.myapplication            D  the up motion event handled by client, just return
2025-08-04 20:38:43.612 15171-15171 AutofillManager         com.example.myapplication            V  notifyValueChanged(1073741899): ignoring on state FINISHED
2025-08-04 20:38:43.613 15171-15171 AutofillManager         com.example.myapplication            V  notifyValueChanged(1073741899): ignoring on state FINISHED
2025-08-04 20:38:43.613 15171-15171 BatchActivity           com.example.myapplication            D  📋 Выбраны критерии: rr
2025-08-04 20:38:45.183 15171-15171 AutofillManager         com.example.myapplication            V  requestHideFillUi(null): anchor = null
2025-08-04 20:38:45.271 15171-15171 ViewRootImplExtImpl     com.example.myapplication            D  the up motion event handled by client, just return
2025-08-04 20:38:45.271 15171-15171 BatchActivity           com.example.myapplication            D  🗑️ Удаляем критерии: rr
2025-08-04 20:38:45.272 15171-15171 BatchCriteriaManager    com.example.myapplication            D  💾 Сохранено 0 критериев
2025-08-04 20:38:45.272 15171-15171 BatchCriteriaManager    com.example.myapplication            D  🗑️ Удалены критерии: rr, осталось: 0
2025-08-04 20:38:45.280 15171-15171 OplusScrollToTopManager com.example.myapplication            D  com.example.myapplication/com.example.myapplication.BatchActivity,window dying
2025-08-04 20:38:45.280 15171-15171 OplusScrollToTopManager com.example.myapplication            D  com.example.myapplication/com.example.myapplication.BatchActivity,unregisterSystemUIBroadcastReceiver 
2025-08-04 20:38:45.281 15171-15171 OplusScrollToTopManager com.example.myapplication            D  com.example.myapplication/com.example.myapplication.BatchActivity, unregisterSystemUIBroadcastReceiver failed java.lang.IllegalArgumentException: Receiver not registered: android.view.OplusScrollToTopManager$2@c82346f
2025-08-04 20:38:45.281 15171-15171 WindowOnBackDispatcher  com.example.myapplication            W  sendCancelIfRunning: isInProgress=false callback=android.view.ViewRootImpl$$ExternalSyntheticLambda11@52ea457
2025-08-04 20:38:45.290 15171-15171 HWUI                    com.example.myapplication            D  RenderProxy::destroy: this=0xb400006de7e9c100, mContext=0xb400006de7f94b00
2025-08-04 20:38:45.290 15171-15201 HWUI                    com.example.myapplication            D  SkiaOpenGLPipeline::setSurface: this=0xb400006e98871840, surface=NULL
2025-08-04 20:38:45.291 15171-15201 HWUI                    com.example.myapplication            D  endAllActiveAnimators on 0xb400006de6b89200 (RippleDrawable) with handle 0xb400006e812be820
2025-08-04 20:38:45.304 15171-15180 BLASTBufferQueue        com.example.myapplication            D  [VRI[BatchActivity]#3](f:0,a:2) destructor()
2025-08-04 20:38:45.304 15171-15180 BufferQueueConsumer     com.example.myapplication            D  [VRI[BatchActivity]#3(BLAST Consumer)3](id:3b4300000003,api:0,p:-1,c:15171) disconnect
2025-08-04 20:38:45.328 15171-15171 InsetsController        com.example.myapplication            D  setRequestedVisibleTypes, mRequestedVisibleTypes: systemGestures mandatorySystemGestures tappableElement displayCutout windowDecor, requestedVisibleTypes: systemGestures mandatorySystemGestures tappableElement displayCutout windowDecor, visibleTypes: , type: 2, call: android.view.InsetsController.controlAnimationUnchecked:1477 android.view.InsetsController.applyAnimation:2191 android.view.InsetsController.applyAnimation:2161 android.view.InsetsController.onControlsChanged:1171 android.view.ViewRootImpl.handleInsetsControlChanged:2565 android.view.ViewRootImpl.-$$Nest$mhandleInsetsControlChanged:0 android.view.ViewRootImpl$ViewRootHandler.handleMessageImpl:7565 android.view.ViewRootImpl$ViewRootHandler.handleMessage:7504 android.os.Handler.dispatchMessage:107 android.os.Looper.loopOnce:282 
2025-08-04 20:38:45.339 15171-15171 VRI[BatchActivity]      com.example.myapplication            D  onFocusEvent true
2025-08-04 20:38:45.354 15171-15171 callGcSupression        com.example.myapplication            D  java.lang.NullPointerException: Attempt to invoke virtual method 'java.lang.Object java.lang.reflect.Method.invoke(java.lang.Object, java.lang.Object[])' on a null object reference
2025-08-04 20:38:45.355 15171-15171 VRI[BatchActivity]      com.example.myapplication            W  handleResized abandoned!
2025-08-04 20:38:45.701 15171-15171 InsetsController        com.example.myapplication            D  setRequestedVisibleTypes, mRequestedVisibleTypes: systemGestures mandatorySystemGestures tappableElement displayCutout windowDecor, requestedVisibleTypes: systemGestures mandatorySystemGestures tappableElement displayCutout windowDecor, visibleTypes: , type: 2, call: android.view.InsetsController.notifyFinished:1879 android.view.InsetsAnimationThreadControlRunner$1.lambda$notifyFinished$0:86 android.view.InsetsAnimationThreadControlRunner$1.$r8$lambda$cDFF0h4Ncq-8EXdGszv69jrUu7c:0 android.view.InsetsAnimationThreadControlRunner$1$$ExternalSyntheticLambda1.run:0 android.os.Handler.handleCallback:973 android.os.Handler.dispatchMessage:100 android.os.Looper.loopOnce:282 android.os.Looper.loop:387 android.app.ActivityThread.main:9500 java.lang.reflect.Method.invoke:-2 
2025-08-04 20:38:46.346 15171-15209 OplusScrollToTopManager com.example.myapplication            D  com.example.myapplication/com.example.myapplication.BatchActivity,This com.android.internal.policy.DecorView{430e389 V.E...... R....... 0,0-1080,2400 aid=1 alpha=1.0 viewInfo = }[BatchActivity] change focus to true
2025-08-04 20:38:46.795 15171-15171 AutofillManager         com.example.myapplication            V  requestHideFillUi(null): anchor = null
2025-08-04 20:38:46.885 15171-15171 ViewRootImplExtImpl     com.example.myapplication            D  the up motion event handled by client, just return
2025-08-04 20:38:46.900 15171-15171 BatchCriteriaManager    com.example.myapplication            D  📋 Получен список критериев: 0 элементов
2025-08-04 20:38:46.901 15171-15171 BatchActivity           com.example.myapplication            D  📋 Открываем диалог загрузки критериев, найдено: 0
2025-08-04 20:38:46.901 15171-15171 BatchActivity           com.example.myapplication            D  ❌ Нет сохраненных критериев
2025-08-04 20:38:49.576 15171-15171 AutofillManager         com.example.myapplication            V  requestHideFillUi(null): anchor = null
2025-08-04 20:38:49.671 15171-15171 ViewRootImplExtImpl     com.example.myapplication            D  the up motion event handled by client, just return
2025-08-04 20:38:49.699 15171-15171 TextView                com.example.myapplication            V  notifyAutoFillManagerAfterTextChanged
2025-08-04 20:38:49.699 15171-15171 AutofillManager         com.example.myapplication            V  notifyValueChanged(1073741900): ignoring on state FINISHED
2025-08-04 20:38:49.701 15171-15171 TextView                com.example.myapplication            V  notifyAutoFillManagerAfterTextChanged
2025-08-04 20:38:49.701 15171-15171 AutofillManager         com.example.myapplication            V  notifyValueChanged(1073741900): ignoring on state FINISHED
2025-08-04 20:38:49.723 15171-15171 oplus.andr...actoryImpl com.example.myapplication            I  get feature:IOplusDynamicVsyncFeature
2025-08-04 20:38:49.723 15171-15171 oplus.andr...actoryImpl com.example.myapplication            I  get feature:IOplusDynamicVsyncFeature
2025-08-04 20:38:49.723 15171-15171 oplus.andr...actoryImpl com.example.myapplication            I  get feature:IOplusDynamicVsyncFeature
2025-08-04 20:38:49.728 15171-15171 oplus.andr...actoryImpl com.example.myapplication            I  get feature:IOplusDynamicVsyncFeature
2025-08-04 20:38:49.728 15171-15171 oplus.andr...actoryImpl com.example.myapplication            I  get feature:IOplusDynamicVsyncFeature
2025-08-04 20:38:49.728 15171-15171 oplus.andr...actoryImpl com.example.myapplication            I  get feature:IOplusDynamicVsyncFeature
2025-08-04 20:38:49.742 15171-15171 WindowManager           com.example.myapplication            D  Add to mViews: com.android.internal.policy.DecorView{c088937 V.E...... R.....I. 0,0-0,0 alpha=1.0 viewInfo = }[BatchActivity],pkg= com.example.myapplication
2025-08-04 20:38:49.743 15171-15201 skia                    com.example.myapplication            D  setRusSupported enable 0
2025-08-04 20:38:49.758 15171-15171 ViewRootImplExtImpl     com.example.myapplication            D  onDisplayChanged -1 for VRI android.view.ViewRootImpl@dac8fc2
2025-08-04 20:38:49.760 15171-15171 OplusBracketLog         com.example.myapplication            E  [OplusViewMirrorManager] updateHostViewRootIfNeeded, not support android.view.ViewRootImpl@dac8fc2
2025-08-04 20:38:49.788 15171-15171 InsetsController        com.example.myapplication            D  setRequestedVisibleTypes, mRequestedVisibleTypes: statusBars navigationBars captionBar systemGestures mandatorySystemGestures tappableElement displayCutout windowDecor systemOverlays, requestedVisibleTypes: statusBars navigationBars captionBar systemGestures mandatorySystemGestures tappableElement displayCutout windowDecor systemOverlays, visibleTypes: navigationBars, type: 2, call: android.view.InsetsController.controlAnimationUnchecked:1477 android.view.InsetsController.applyAnimation:2191 android.view.InsetsController.applyAnimation:2161 android.view.InsetsController.onControlsChanged:1163 android.view.ViewRootImpl.relayoutWindow:10356 android.view.ViewRootImpl.performTraversals:4151 android.view.ViewRootImpl.doTraversal:3313 android.view.ViewRootImpl$TraversalRunnable.run:11495 android.view.Choreographer$CallbackRecord.run:1621 android.view.Choreographer$CallbackRecord.run:1630 
2025-08-04 20:38:49.788 15171-15171 BufferQueueConsumer     com.example.myapplication            D  [](id:3b4300000004,api:0,p:-1,c:15171) connect: controlledByApp=false
2025-08-04 20:38:49.794 15171-15171 AutofillManager         com.example.myapplication            D  notifyViewReadyInner:1073741900
2025-08-04 20:38:49.796 15171-15171 SurfaceControl          com.example.myapplication            I   setExtendedRangeBrightness sc=Surface(name=com.example.myapplication/com.example.myapplication.BatchActivity)/@0x3b2ff04,currentBufferRatio=1.0,desiredRatio=1.0
2025-08-04 20:38:49.803 15171-15201 BLASTBufferQueue        com.example.myapplication            D  [VRI[BatchActivity]#4](f:0,a:1) acquireNextBufferLocked size=1218x871 mFrameNumber=1 applyTransaction=true mTimestamp=1429844422076224(auto) mPendingTransactions.size=0 graphicBufferId=65158948847634 transform=0
2025-08-04 20:38:49.803 15171-15201 VRI[BatchActivity]      com.example.myapplication            D  Received frameCommittedCallback lastAttemptedDrawFrameNum=1 didProduceBuffer=true syncBuffer=false
2025-08-04 20:38:49.804 15171-15171 VRI[BatchActivity]      com.example.myapplication            D  draw finished. seqId=0
2025-08-04 20:38:49.804 15171-15171 ViewRootImplExtImpl     com.example.myapplication            D  setMaxDequeuedBufferCount: 2
2025-08-04 20:38:49.810 15171-15171 callGcSupression        com.example.myapplication            D  java.lang.NullPointerException: Attempt to invoke virtual method 'java.lang.Object java.lang.reflect.Method.invoke(java.lang.Object, java.lang.Object[])' on a null object reference
2025-08-04 20:38:49.811 15171-15171 VRI[BatchActivity]      com.example.myapplication            W  handleResized abandoned!
2025-08-04 20:38:49.811 15171-15171 callGcSupression        com.example.myapplication            D  java.lang.NullPointerException: Attempt to invoke virtual method 'java.lang.Object java.lang.reflect.Method.invoke(java.lang.Object, java.lang.Object[])' on a null object reference
2025-08-04 20:38:49.860 15171-15201 VRI[BatchActivity]      com.example.myapplication            D  Received frameCommittedCallback lastAttemptedDrawFrameNum=3 didProduceBuffer=true syncBuffer=false
2025-08-04 20:38:49.860 15171-15171 VRI[BatchActivity]      com.example.myapplication            D  draw finished. seqId=0
2025-08-04 20:38:49.861 15171-15171 VRI[BatchActivity]      com.example.myapplication            D  onFocusEvent false
2025-08-04 20:38:49.862 15171-15171 VRI[BatchActivity]      com.example.myapplication            D  onFocusEvent true
2025-08-04 20:38:50.067 15171-15171 InsetsController        com.example.myapplication            D  setRequestedVisibleTypes, mRequestedVisibleTypes: statusBars navigationBars captionBar systemGestures mandatorySystemGestures tappableElement displayCutout windowDecor systemOverlays, requestedVisibleTypes: statusBars navigationBars captionBar systemGestures mandatorySystemGestures tappableElement displayCutout windowDecor systemOverlays, visibleTypes: navigationBars, type: 2, call: android.view.InsetsController.notifyFinished:1879 android.view.InsetsAnimationThreadControlRunner$1.lambda$notifyFinished$0:86 android.view.InsetsAnimationThreadControlRunner$1.$r8$lambda$cDFF0h4Ncq-8EXdGszv69jrUu7c:0 android.view.InsetsAnimationThreadControlRunner$1$$ExternalSyntheticLambda1.run:0 android.os.Handler.handleCallback:973 android.os.Handler.dispatchMessage:100 android.os.Looper.loopOnce:282 android.os.Looper.loop:387 android.app.ActivityThread.main:9500 java.lang.reflect.Method.invoke:-2 
2025-08-04 20:38:50.471 15171-15171 AutofillManager         com.example.myapplication            V  requestHideFillUi(null): anchor = null
2025-08-04 20:38:50.546 15171-15171 AutofillManager         com.example.myapplication            V  startSessionLocked(): id=1073741900, bounds=null, value=[type=1, value=0_chars], flags=0, state=FINISHED, compatMode=false, augmentedOnly=false, enabledAugmentedOnly=false, enteredIds={1073741824, 1073741825, 1073741826, 1073741827, 1073741828, 1073741829, 1073741830, 1073741831, 1073741832, 1073741833, 1073741834, 1073741835, 1073741836, 1073741837, 1073741838, 1073741839, 1073741840, 1073741841, 1073741842, 1073741843, 1073741844, 1073741845, 1073741846}
2025-08-04 20:38:50.559 15171-15171 ImeTracker              com.example.myapplication            I  com.example.myapplication:5070cfe4: onRequestShow at ORIGIN_CLIENT reason SHOW_SOFT_INPUT fromUser true
2025-08-04 20:38:50.560 15171-15171 InputMethodManager      com.example.myapplication            D  showSoftInput() view=androidx.appcompat.widget.AppCompatEditText{5f4dead VFED..CL. .F.P..ID 60,277-966,422 #7f0900d5 app:id/et_criteria_name aid=1073741900 alpha=1.0 viewInfo = } flags=0 reason=SHOW_SOFT_INPUT
2025-08-04 20:38:50.562 15171-15171 ViewRootImplExtImpl     com.example.myapplication            D  the up motion event handled by client, just return
2025-08-04 20:38:50.564 15171-15171 OplusCursorFeedback     com.example.myapplication            D  getExtraCursorWidth
2025-08-04 20:38:50.564 15171-15171 OplusCursorFeedback     com.example.myapplication            D  getExtraLeftOffset
2025-08-04 20:38:50.574 15171-15171 View                    com.example.myapplication            V  dispatchProvideAutofillStructure(): not laid out, ignoring 1 children of 1073741885
2025-08-04 20:38:50.575 15171-15171 View                    com.example.myapplication            V  dispatchProvideAutofillStructure(): not laid out, ignoring 2 children of 1073741904
2025-08-04 20:38:50.575 15171-15171 View                    com.example.myapplication            V  dispatchProvideAutofillStructure(): not laid out, ignoring 3 children of 1073741905
2025-08-04 20:38:50.576 15171-15171 View                    com.example.myapplication            V  dispatchProvideAutofillStructure(): not laid out, ignoring 1 children of 1073741912
2025-08-04 20:38:50.579 15171-15171 AssistStructure         com.example.myapplication            I  Flattened final assist data: 32856 bytes, containing 2 windows, 76 views
2025-08-04 20:38:50.604 15171-15171 callGcSupression        com.example.myapplication            D  java.lang.NullPointerException: Attempt to invoke virtual method 'java.lang.Object java.lang.reflect.Method.invoke(java.lang.Object, java.lang.Object[])' on a null object reference
2025-08-04 20:38:50.605 15171-15171 VRI[BatchActivity]      com.example.myapplication            W  handleResized abandoned!
2025-08-04 20:38:50.605 15171-15171 VRI[BatchActivity]      com.example.myapplication            W  handleResized abandoned!
2025-08-04 20:38:50.629 15171-15171 InsetsController        com.example.myapplication            D  show(ime(), fromIme=true)
2025-08-04 20:38:50.645 15171-15171 callGcSupression        com.example.myapplication            D  java.lang.NullPointerException: Attempt to invoke virtual method 'java.lang.Object java.lang.reflect.Method.invoke(java.lang.Object, java.lang.Object[])' on a null object reference
2025-08-04 20:38:50.646 15171-15171 VRI[BatchActivity]      com.example.myapplication            W  handleResized abandoned!
2025-08-04 20:38:50.646 15171-15171 VRI[BatchActivity]      com.example.myapplication            W  handleResized abandoned!
2025-08-04 20:38:50.697 15171-15171 AutofillManager         com.example.myapplication            V  setSessionFinished(): from ACTIVE to FINISHED; autofillableIds=[1073741824, 1073741825, 1073741826, 1073741827, 1073741828, 1073741829, 1073741830, 1073741831, 1073741832, 1073741833, 1073741834, 1073741835, 1073741836, 1073741837, 1073741838, 1073741839, 1073741840, 1073741841, 1073741842, 1073741843, 1073741844, 1073741845, 1073741900]
2025-08-04 20:38:50.846 15171-15171 ImeTracker              com.example.myapplication            I  com.example.myapplication:5070cfe4: onShown
2025-08-04 20:38:50.867 15171-15209 OplusScrollToTopManager com.example.myapplication            D  com.example.myapplication/com.example.myapplication.BatchActivity,This com.android.internal.policy.DecorView{430e389 V.E...... R....... 0,0-1080,2400 aid=1 alpha=1.0 viewInfo = }[BatchActivity] change focus to false
2025-08-04 20:38:50.868 15171-15209 OplusScrollToTopManager com.example.myapplication            D  com.example.myapplication/com.example.myapplication.BatchActivity,This com.android.internal.policy.DecorView{c088937 V.E...... R....... 0,0-1026,679 aid=1073741901 alpha=1.0 viewInfo = }[BatchActivity] change focus to true
2025-08-04 20:38:51.338 15171-15171 TextView                com.example.myapplication            V  notifyAutoFillManagerAfterTextChanged
2025-08-04 20:38:51.338 15171-15171 AutofillManager         com.example.myapplication            V  notifyValueChanged(1073741900): ignoring on state FINISHED
2025-08-04 20:38:51.343 15171-15171 OplusCursorFeedback     com.example.myapplication            D  getExtraCursorWidth
2025-08-04 20:38:51.343 15171-15171 OplusCursorFeedback     com.example.myapplication            D  getExtraLeftOffset
2025-08-04 20:38:51.486 15171-15171 TextView                com.example.myapplication            V  notifyAutoFillManagerAfterTextChanged
2025-08-04 20:38:51.487 15171-15171 AutofillManager         com.example.myapplication            V  notifyValueChanged(1073741900): ignoring on state FINISHED
2025-08-04 20:38:51.493 15171-15171 OplusCursorFeedback     com.example.myapplication            D  getExtraCursorWidth
2025-08-04 20:38:51.494 15171-15171 OplusCursorFeedback     com.example.myapplication            D  getExtraLeftOffset
2025-08-04 20:38:51.618 15171-15171 TextView                com.example.myapplication            V  notifyAutoFillManagerAfterTextChanged
2025-08-04 20:38:51.619 15171-15171 AutofillManager         com.example.myapplication            V  notifyValueChanged(1073741900): ignoring on state FINISHED
2025-08-04 20:38:51.627 15171-15171 OplusCursorFeedback     com.example.myapplication            D  getExtraCursorWidth
2025-08-04 20:38:51.627 15171-15171 OplusCursorFeedback     com.example.myapplication            D  getExtraLeftOffset
2025-08-04 20:38:52.182 15171-15171 AutofillManager         com.example.myapplication            V  requestHideFillUi(null): anchor = null
2025-08-04 20:38:52.230 15171-15171 ViewRootImplExtImpl     com.example.myapplication            D  the up motion event handled by client, just return
2025-08-04 20:38:52.232 15171-15171 BatchCriteriaManager    com.example.myapplication            D  💾 Сохранено 1 критериев
2025-08-04 20:38:52.232 15171-15171 BatchCriteriaManager    com.example.myapplication            D  💾 Добавлены критерии: qqq, всего: 1
2025-08-04 20:38:52.236 15171-15171 OplusScrollToTopManager com.example.myapplication            D  com.example.myapplication/com.example.myapplication.BatchActivity,window dying
2025-08-04 20:38:52.236 15171-15171 OplusScrollToTopManager com.example.myapplication            D  com.example.myapplication/com.example.myapplication.BatchActivity,unregisterSystemUIBroadcastReceiver 
2025-08-04 20:38:52.236 15171-15171 OplusScrollToTopManager com.example.myapplication            D  com.example.myapplication/com.example.myapplication.BatchActivity, unregisterSystemUIBroadcastReceiver failed java.lang.IllegalArgumentException: Receiver not registered: android.view.OplusScrollToTopManager$2@bc2d3e1
2025-08-04 20:38:52.236 15171-15171 WindowOnBackDispatcher  com.example.myapplication            W  sendCancelIfRunning: isInProgress=false callback=android.view.ViewRootImpl$$ExternalSyntheticLambda11@85281d3
2025-08-04 20:38:52.237 15171-15171 OplusCursorFeedback     com.example.myapplication            D  editorDetachFromWindow android.widget.Editor@f88f506
2025-08-04 20:38:52.238 15171-15171 HWUI                    com.example.myapplication            D  RenderProxy::destroy: this=0xb400006de6b39e00, mContext=0xb400006de369e9c0
2025-08-04 20:38:52.239 15171-15201 HWUI                    com.example.myapplication            D  SkiaOpenGLPipeline::setSurface: this=0xb400006de6a830c0, surface=NULL
2025-08-04 20:38:52.239 15171-15201 HWUI                    com.example.myapplication            D  endAllActiveAnimators on 0xb400006de365c000 (RippleDrawable) with handle 0xb400006de7fdd580
2025-08-04 20:38:52.246 15171-15181 BLASTBufferQueue        com.example.myapplication            D  [VRI[BatchActivity]#4](f:0,a:2) destructor()
2025-08-04 20:38:52.246 15171-15181 BufferQueueConsumer     com.example.myapplication            D  [VRI[BatchActivity]#4(BLAST Consumer)4](id:3b4300000004,api:0,p:-1,c:15171) disconnect
2025-08-04 20:38:52.286 15171-15171 InsetsController        com.example.myapplication            D  setRequestedVisibleTypes, mRequestedVisibleTypes: systemGestures mandatorySystemGestures tappableElement displayCutout windowDecor, requestedVisibleTypes: systemGestures mandatorySystemGestures tappableElement displayCutout windowDecor, visibleTypes: , type: 2, call: android.view.InsetsController.controlAnimationUnchecked:1477 android.view.InsetsController.applyAnimation:2191 android.view.InsetsController.applyAnimation:2161 android.view.InsetsController.onControlsChanged:1171 android.view.ViewRootImpl.handleInsetsControlChanged:2565 android.view.ViewRootImpl.-$$Nest$mhandleInsetsControlChanged:0 android.view.ViewRootImpl$ViewRootHandler.handleMessageImpl:7565 android.view.ViewRootImpl$ViewRootHandler.handleMessage:7504 android.os.Handler.dispatchMessage:107 android.os.Looper.loopOnce:282 
2025-08-04 20:38:52.292 15171-15171 callGcSupression        com.example.myapplication            D  java.lang.NullPointerException: Attempt to invoke virtual method 'java.lang.Object java.lang.reflect.Method.invoke(java.lang.Object, java.lang.Object[])' on a null object reference
2025-08-04 20:38:52.293 15171-15171 VRI[BatchActivity]      com.example.myapplication            W  handleResized abandoned!
2025-08-04 20:38:52.297 15171-15171 VRI[BatchActivity]      com.example.myapplication            D  onFocusEvent true
2025-08-04 20:38:52.324 15171-15171 InsetsController        com.example.myapplication            D  hide(ime(), fromIme=true)
2025-08-04 20:38:52.324 15171-15171 ImeTracker              com.example.myapplication            I  com.example.myapplication:15a7f994: onCancelled at PHASE_CLIENT_APPLY_ANIMATION
2025-08-04 20:38:52.325 15171-15171 ImeBackDispatcher       com.example.myapplication            E  Ime callback not found. Ignoring unregisterReceivedCallback. callbackId: 2163646
2025-08-04 20:38:52.660 15171-15171 InsetsController        com.example.myapplication            D  setRequestedVisibleTypes, mRequestedVisibleTypes: systemGestures mandatorySystemGestures tappableElement displayCutout windowDecor, requestedVisibleTypes: systemGestures mandatorySystemGestures tappableElement displayCutout windowDecor, visibleTypes: , type: 2, call: android.view.InsetsController.notifyFinished:1879 android.view.InsetsAnimationThreadControlRunner$1.lambda$notifyFinished$0:86 android.view.InsetsAnimationThreadControlRunner$1.$r8$lambda$cDFF0h4Ncq-8EXdGszv69jrUu7c:0 android.view.InsetsAnimationThreadControlRunner$1$$ExternalSyntheticLambda1.run:0 android.os.Handler.handleCallback:973 android.os.Handler.dispatchMessage:100 android.os.Looper.loopOnce:282 android.os.Looper.loop:387 android.app.ActivityThread.main:9500 java.lang.reflect.Method.invoke:-2 
2025-08-04 20:38:52.765 15171-15171 AutofillManager         com.example.myapplication            V  requestHideFillUi(null): anchor = null
2025-08-04 20:38:52.838 15171-15171 ViewRootImplExtImpl     com.example.myapplication            D  the up motion event handled by client, just return
2025-08-04 20:38:52.885 15171-15171 callGcSupression        com.example.myapplication            D  java.lang.NullPointerException: Attempt to invoke virtual method 'java.lang.Object java.lang.reflect.Method.invoke(java.lang.Object, java.lang.Object[])' on a null object reference
2025-08-04 20:38:52.886 15171-15171 VRI[BatchActivity]      com.example.myapplication            W  handleResized abandoned!
2025-08-04 20:38:53.299 15171-15209 OplusScrollToTopManager com.example.myapplication            D  com.example.myapplication/com.example.myapplication.BatchActivity,This com.android.internal.policy.DecorView{430e389 V.E...... R....... 0,0-1080,2400 aid=1 alpha=1.0 viewInfo = }[BatchActivity] change focus to true
2025-08-04 20:38:53.301 15171-15171 AutofillManager         com.example.myapplication            V  requestHideFillUi(null): anchor = null
2025-08-04 20:38:53.366 15171-15171 ViewRootImplExtImpl     com.example.myapplication            D  the up motion event handled by client, just return
2025-08-04 20:38:53.370 15171-15171 AutofillManager         com.example.myapplication            V  notifyValueChanged(1073741842): ignoring on state FINISHED
2025-08-04 20:38:53.403 15171-15201 HWUI                    com.example.myapplication            D  SkiaOpenGLPipeline::setSurface: this=0xb400006e98871200, surface=NULL
2025-08-04 20:38:53.408 15171-15201 HWUI                    com.example.myapplication            D  SkiaOpenGLPipeline::setSurface: this=0xb400006e98871840, surface=NULL
2025-08-04 20:38:53.411 15171-15201 HWUI                    com.example.myapplication            D  SkiaOpenGLPipeline::setSurface: this=0xb400006de6a830c0, surface=NULL
2025-08-04 20:38:54.084 15171-15171 AutofillManager         com.example.myapplication            V  requestHideFillUi(null): anchor = null
2025-08-04 20:38:54.167 15171-15171 ViewRootImplExtImpl     com.example.myapplication            D  the up motion event handled by client, just return
2025-08-04 20:38:54.181 15171-15171 TextView                com.example.myapplication            V  notifyAutoFillManagerAfterTextChanged
2025-08-04 20:38:54.181 15171-15171 AutofillManager         com.example.myapplication            V  notifyValueChanged(1073741914): ignoring on state FINISHED
2025-08-04 20:38:54.182 15171-15171 TextView                com.example.myapplication            V  notifyAutoFillManagerAfterTextChanged
2025-08-04 20:38:54.182 15171-15171 AutofillManager         com.example.myapplication            V  notifyValueChanged(1073741914): ignoring on state FINISHED
2025-08-04 20:38:54.205 15171-15171 oplus.andr...actoryImpl com.example.myapplication            I  get feature:IOplusDynamicVsyncFeature
2025-08-04 20:38:54.205 15171-15171 oplus.andr...actoryImpl com.example.myapplication            I  get feature:IOplusDynamicVsyncFeature
2025-08-04 20:38:54.206 15171-15171 oplus.andr...actoryImpl com.example.myapplication            I  get feature:IOplusDynamicVsyncFeature
2025-08-04 20:38:54.211 15171-15171 oplus.andr...actoryImpl com.example.myapplication            I  get feature:IOplusDynamicVsyncFeature
2025-08-04 20:38:54.211 15171-15171 oplus.andr...actoryImpl com.example.myapplication            I  get feature:IOplusDynamicVsyncFeature
2025-08-04 20:38:54.211 15171-15171 oplus.andr...actoryImpl com.example.myapplication            I  get feature:IOplusDynamicVsyncFeature
2025-08-04 20:38:54.229 15171-15171 WindowManager           com.example.myapplication            D  Add to mViews: com.android.internal.policy.DecorView{de1efd6 V.E...... R.....I. 0,0-0,0 alpha=1.0 viewInfo = }[BatchActivity],pkg= com.example.myapplication
2025-08-04 20:38:54.229 15171-15201 skia                    com.example.myapplication            D  setRusSupported enable 0
2025-08-04 20:38:54.244 15171-15171 ViewRootImplExtImpl     com.example.myapplication            D  onDisplayChanged -1 for VRI android.view.ViewRootImpl@f61e22d
2025-08-04 20:38:54.248 15171-15171 OplusBracketLog         com.example.myapplication            E  [OplusViewMirrorManager] updateHostViewRootIfNeeded, not support android.view.ViewRootImpl@f61e22d
2025-08-04 20:38:54.273 15171-15171 InsetsController        com.example.myapplication            D  setRequestedVisibleTypes, mRequestedVisibleTypes: statusBars navigationBars captionBar systemGestures mandatorySystemGestures tappableElement displayCutout windowDecor systemOverlays, requestedVisibleTypes: statusBars navigationBars captionBar systemGestures mandatorySystemGestures tappableElement displayCutout windowDecor systemOverlays, visibleTypes: navigationBars, type: 2, call: android.view.InsetsController.controlAnimationUnchecked:1477 android.view.InsetsController.applyAnimation:2191 android.view.InsetsController.applyAnimation:2161 android.view.InsetsController.onControlsChanged:1163 android.view.ViewRootImpl.relayoutWindow:10356 android.view.ViewRootImpl.performTraversals:4151 android.view.ViewRootImpl.doTraversal:3313 android.view.ViewRootImpl$TraversalRunnable.run:11495 android.view.Choreographer$CallbackRecord.run:1621 android.view.Choreographer$CallbackRecord.run:1630 
2025-08-04 20:38:54.274 15171-15171 BufferQueueConsumer     com.example.myapplication            D  [](id:3b4300000005,api:0,p:-1,c:15171) connect: controlledByApp=false
2025-08-04 20:38:54.279 15171-15171 AutofillManager         com.example.myapplication            D  notifyViewReadyInner:1073741914
2025-08-04 20:38:54.281 15171-15171 SurfaceControl          com.example.myapplication            I   setExtendedRangeBrightness sc=Surface(name=com.example.myapplication/com.example.myapplication.BatchActivity)/@0xa07f837,currentBufferRatio=1.0,desiredRatio=1.0
2025-08-04 20:38:54.288 15171-15201 BLASTBufferQueue        com.example.myapplication            D  [VRI[BatchActivity]#5](f:0,a:1) acquireNextBufferLocked size=1218x871 mFrameNumber=1 applyTransaction=true mTimestamp=1429848907049378(auto) mPendingTransactions.size=0 graphicBufferId=65158948847638 transform=0
2025-08-04 20:38:54.289 15171-15201 VRI[BatchActivity]      com.example.myapplication            D  Received frameCommittedCallback lastAttemptedDrawFrameNum=1 didProduceBuffer=true syncBuffer=false
2025-08-04 20:38:54.290 15171-15171 VRI[BatchActivity]      com.example.myapplication            D  draw finished. seqId=0
2025-08-04 20:38:54.290 15171-15171 ViewRootImplExtImpl     com.example.myapplication            D  setMaxDequeuedBufferCount: 2
2025-08-04 20:38:54.297 15171-15171 callGcSupression        com.example.myapplication            D  java.lang.NullPointerException: Attempt to invoke virtual method 'java.lang.Object java.lang.reflect.Method.invoke(java.lang.Object, java.lang.Object[])' on a null object reference
2025-08-04 20:38:54.297 15171-15171 VRI[BatchActivity]      com.example.myapplication            W  handleResized abandoned!
2025-08-04 20:38:54.298 15171-15171 callGcSupression        com.example.myapplication            D  java.lang.NullPointerException: Attempt to invoke virtual method 'java.lang.Object java.lang.reflect.Method.invoke(java.lang.Object, java.lang.Object[])' on a null object reference
2025-08-04 20:38:54.342 15171-15201 VRI[BatchActivity]      com.example.myapplication            D  Received frameCommittedCallback lastAttemptedDrawFrameNum=3 didProduceBuffer=true syncBuffer=false
2025-08-04 20:38:54.342 15171-15171 VRI[BatchActivity]      com.example.myapplication            D  draw finished. seqId=0
2025-08-04 20:38:54.343 15171-15171 VRI[BatchActivity]      com.example.myapplication            D  onFocusEvent false
2025-08-04 20:38:54.343 15171-15171 VRI[BatchActivity]      com.example.myapplication            D  onFocusEvent true
2025-08-04 20:38:54.552 15171-15171 InsetsController        com.example.myapplication            D  setRequestedVisibleTypes, mRequestedVisibleTypes: statusBars navigationBars captionBar systemGestures mandatorySystemGestures tappableElement displayCutout windowDecor systemOverlays, requestedVisibleTypes: statusBars navigationBars captionBar systemGestures mandatorySystemGestures tappableElement displayCutout windowDecor systemOverlays, visibleTypes: navigationBars, type: 2, call: android.view.InsetsController.notifyFinished:1879 android.view.InsetsAnimationThreadControlRunner$1.lambda$notifyFinished$0:86 android.view.InsetsAnimationThreadControlRunner$1.$r8$lambda$cDFF0h4Ncq-8EXdGszv69jrUu7c:0 android.view.InsetsAnimationThreadControlRunner$1$$ExternalSyntheticLambda1.run:0 android.os.Handler.handleCallback:973 android.os.Handler.dispatchMessage:100 android.os.Looper.loopOnce:282 android.os.Looper.loop:387 android.app.ActivityThread.main:9500 java.lang.reflect.Method.invoke:-2 
2025-08-04 20:38:54.915 15171-15171 AutofillManager         com.example.myapplication            V  requestHideFillUi(null): anchor = null
2025-08-04 20:38:54.988 15171-15171 AutofillManager         com.example.myapplication            V  startSessionLocked(): id=1073741914, bounds=null, value=[type=1, value=0_chars], flags=0, state=FINISHED, compatMode=false, augmentedOnly=false, enabledAugmentedOnly=false, enteredIds={1073741824, 1073741825, 1073741826, 1073741827, 1073741828, 1073741829, 1073741830, 1073741831, 1073741832, 1073741833, 1073741834, 1073741835, 1073741836, 1073741837, 1073741838, 1073741839, 1073741840, 1073741841, 1073741842, 1073741843, 1073741844, 1073741845, 1073741900}
2025-08-04 20:38:55.000 15171-15171 ImeTracker              com.example.myapplication            I  com.example.myapplication:45495e44: onRequestShow at ORIGIN_CLIENT reason SHOW_SOFT_INPUT fromUser true
2025-08-04 20:38:55.001 15171-15171 InputMethodManager      com.example.myapplication            D  showSoftInput() view=androidx.appcompat.widget.AppCompatEditText{f119264 VFED..CL. .F.P..ID 60,277-966,422 #7f0900d5 app:id/et_criteria_name aid=1073741914 alpha=1.0 viewInfo = } flags=0 reason=SHOW_SOFT_INPUT
2025-08-04 20:38:55.003 15171-15171 ViewRootImplExtImpl     com.example.myapplication            D  the up motion event handled by client, just return
2025-08-04 20:38:55.006 15171-15171 OplusCursorFeedback     com.example.myapplication            D  getExtraCursorWidth
2025-08-04 20:38:55.006 15171-15171 OplusCursorFeedback     com.example.myapplication            D  getExtraLeftOffset
2025-08-04 20:38:55.016 15171-15171 View                    com.example.myapplication            V  dispatchProvideAutofillStructure(): not laid out, ignoring 1 children of 1073741885
2025-08-04 20:38:55.016 15171-15171 View                    com.example.myapplication            V  dispatchProvideAutofillStructure(): not laid out, ignoring 2 children of 1073741918
2025-08-04 20:38:55.017 15171-15171 View                    com.example.myapplication            V  dispatchProvideAutofillStructure(): not laid out, ignoring 3 children of 1073741919
2025-08-04 20:38:55.017 15171-15171 View                    com.example.myapplication            V  dispatchProvideAutofillStructure(): not laid out, ignoring 1 children of 1073741926
2025-08-04 20:38:55.020 15171-15171 AssistStructure         com.example.myapplication            I  Flattened final assist data: 32856 bytes, containing 2 windows, 76 views
2025-08-04 20:38:55.046 15171-15171 callGcSupression        com.example.myapplication            D  java.lang.NullPointerException: Attempt to invoke virtual method 'java.lang.Object java.lang.reflect.Method.invoke(java.lang.Object, java.lang.Object[])' on a null object reference
2025-08-04 20:38:55.046 15171-15171 VRI[BatchActivity]      com.example.myapplication            W  handleResized abandoned!
2025-08-04 20:38:55.046 15171-15171 VRI[BatchActivity]      com.example.myapplication            W  handleResized abandoned!
2025-08-04 20:38:55.068 15171-15171 InsetsController        com.example.myapplication            D  show(ime(), fromIme=true)
2025-08-04 20:38:55.096 15171-15171 callGcSupression        com.example.myapplication            D  java.lang.NullPointerException: Attempt to invoke virtual method 'java.lang.Object java.lang.reflect.Method.invoke(java.lang.Object, java.lang.Object[])' on a null object reference
2025-08-04 20:38:55.097 15171-15171 VRI[BatchActivity]      com.example.myapplication            W  handleResized abandoned!
2025-08-04 20:38:55.097 15171-15171 VRI[BatchActivity]      com.example.myapplication            W  handleResized abandoned!
2025-08-04 20:38:55.113 15171-15171 AutofillManager         com.example.myapplication            V  setSessionFinished(): from ACTIVE to FINISHED; autofillableIds=[1073741824, 1073741825, 1073741826, 1073741827, 1073741828, 1073741829, 1073741830, 1073741831, 1073741832, 1073741833, 1073741834, 1073741835, 1073741836, 1073741837, 1073741838, 1073741839, 1073741840, 1073741841, 1073741842, 1073741843, 1073741844, 1073741845, 1073741914]
2025-08-04 20:38:55.297 15171-15171 ImeTracker              com.example.myapplication            I  com.example.myapplication:45495e44: onShown
2025-08-04 20:38:55.350 15171-15209 OplusScrollToTopManager com.example.myapplication            D  com.example.myapplication/com.example.myapplication.BatchActivity,This com.android.internal.policy.DecorView{430e389 V.E...... R....... 0,0-1080,2400 aid=1 alpha=1.0 viewInfo = }[BatchActivity] change focus to false
2025-08-04 20:38:55.350 15171-15209 OplusScrollToTopManager com.example.myapplication            D  com.example.myapplication/com.example.myapplication.BatchActivity,This com.android.internal.policy.DecorView{de1efd6 V.E...... R....... 0,0-1026,679 aid=1073741915 alpha=1.0 viewInfo = }[BatchActivity] change focus to true
2025-08-04 20:38:55.774 15171-15171 TextView                com.example.myapplication            V  notifyAutoFillManagerAfterTextChanged
2025-08-04 20:38:55.774 15171-15171 AutofillManager         com.example.myapplication            V  notifyValueChanged(1073741914): ignoring on state FINISHED
2025-08-04 20:38:55.778 15171-15171 OplusCursorFeedback     com.example.myapplication            D  getExtraCursorWidth
2025-08-04 20:38:55.778 15171-15171 OplusCursorFeedback     com.example.myapplication            D  getExtraLeftOffset
2025-08-04 20:38:55.940 15171-15171 TextView                com.example.myapplication            V  notifyAutoFillManagerAfterTextChanged
2025-08-04 20:38:55.940 15171-15171 AutofillManager         com.example.myapplication            V  notifyValueChanged(1073741914): ignoring on state FINISHED
2025-08-04 20:38:55.945 15171-15171 OplusCursorFeedback     com.example.myapplication            D  getExtraCursorWidth
2025-08-04 20:38:55.945 15171-15171 OplusCursorFeedback     com.example.myapplication            D  getExtraLeftOffset
2025-08-04 20:38:56.081 15171-15171 TextView                com.example.myapplication            V  notifyAutoFillManagerAfterTextChanged
2025-08-04 20:38:56.081 15171-15171 AutofillManager         com.example.myapplication            V  notifyValueChanged(1073741914): ignoring on state FINISHED
2025-08-04 20:38:56.093 15171-15171 OplusCursorFeedback     com.example.myapplication            D  getExtraCursorWidth
2025-08-04 20:38:56.093 15171-15171 OplusCursorFeedback     com.example.myapplication            D  getExtraLeftOffset
2025-08-04 20:38:56.874 15171-15171 AutofillManager         com.example.myapplication            V  requestHideFillUi(null): anchor = null
2025-08-04 20:38:56.973 15171-15171 ViewRootImplExtImpl     com.example.myapplication            D  the up motion event handled by client, just return
2025-08-04 20:38:56.975 15171-15171 BatchCriteriaManager    com.example.myapplication            D  💾 Сохранено 2 критериев
2025-08-04 20:38:56.975 15171-15171 BatchCriteriaManager    com.example.myapplication            D  💾 Добавлены критерии: wes, всего: 2
2025-08-04 20:38:56.983 15171-15171 OplusScrollToTopManager com.example.myapplication            D  com.example.myapplication/com.example.myapplication.BatchActivity,window dying
2025-08-04 20:38:56.983 15171-15171 OplusScrollToTopManager com.example.myapplication            D  com.example.myapplication/com.example.myapplication.BatchActivity,unregisterSystemUIBroadcastReceiver 
2025-08-04 20:38:56.983 15171-15171 OplusScrollToTopManager com.example.myapplication            D  com.example.myapplication/com.example.myapplication.BatchActivity, unregisterSystemUIBroadcastReceiver failed java.lang.IllegalArgumentException: Receiver not registered: android.view.OplusScrollToTopManager$2@4f79801
2025-08-04 20:38:56.983 15171-15171 WindowOnBackDispatcher  com.example.myapplication            W  sendCancelIfRunning: isInProgress=false callback=android.view.ViewRootImpl$$ExternalSyntheticLambda11@b653362
2025-08-04 20:38:56.985 15171-15171 OplusCursorFeedback     com.example.myapplication            D  editorDetachFromWindow android.widget.Editor@f8236a6
2025-08-04 20:38:56.987 15171-15171 HWUI                    com.example.myapplication            D  RenderProxy::destroy: this=0xb400006de7e9a300, mContext=0xb400006de3766780
2025-08-04 20:38:56.987 15171-15201 HWUI                    com.example.myapplication            D  SkiaOpenGLPipeline::setSurface: this=0xb400006de6a830c0, surface=NULL
2025-08-04 20:38:56.988 15171-15201 HWUI                    com.example.myapplication            D  endAllActiveAnimators on 0xb400006de7f5f800 (RippleDrawable) with handle 0xb400006de7dd94c0
2025-08-04 20:38:56.995 15171-15387 BLASTBufferQueue        com.example.myapplication            D  [VRI[BatchActivity]#5](f:0,a:2) destructor()
2025-08-04 20:38:56.995 15171-15387 BufferQueueConsumer     com.example.myapplication            D  [VRI[BatchActivity]#5(BLAST Consumer)5](id:3b4300000005,api:0,p:-1,c:15171) disconnect
2025-08-04 20:38:57.038 15171-15171 callGcSupression        com.example.myapplication            D  java.lang.NullPointerException: Attempt to invoke virtual method 'java.lang.Object java.lang.reflect.Method.invoke(java.lang.Object, java.lang.Object[])' on a null object reference
2025-08-04 20:38:57.039 15171-15171 VRI[BatchActivity]      com.example.myapplication            W  handleResized abandoned!
2025-08-04 20:38:57.045 15171-15171 InsetsController        com.example.myapplication            D  setRequestedVisibleTypes, mRequestedVisibleTypes: systemGestures mandatorySystemGestures tappableElement displayCutout windowDecor, requestedVisibleTypes: systemGestures mandatorySystemGestures tappableElement displayCutout windowDecor, visibleTypes: , type: 2, call: android.view.InsetsController.controlAnimationUnchecked:1477 android.view.InsetsController.applyAnimation:2191 android.view.InsetsController.applyAnimation:2161 android.view.InsetsController.onControlsChanged:1171 android.view.ViewRootImpl.handleInsetsControlChanged:2565 android.view.ViewRootImpl.-$$Nest$mhandleInsetsControlChanged:0 android.view.ViewRootImpl$ViewRootHandler.handleMessageImpl:7565 android.view.ViewRootImpl$ViewRootHandler.handleMessage:7504 android.os.Handler.dispatchMessage:107 android.os.Looper.loopOnce:282 
2025-08-04 20:38:57.051 15171-15171 callGcSupression        com.example.myapplication            D  java.lang.NullPointerException: Attempt to invoke virtual method 'java.lang.Object java.lang.reflect.Method.invoke(java.lang.Object, java.lang.Object[])' on a null object reference
2025-08-04 20:38:57.051 15171-15171 VRI[BatchActivity]      com.example.myapplication            W  handleResized abandoned!
2025-08-04 20:38:57.065 15171-15171 VRI[BatchActivity]      com.example.myapplication            D  onFocusEvent true
2025-08-04 20:38:57.091 15171-15171 ImeBackDispatcher       com.example.myapplication            E  Ime callback not found. Ignoring unregisterReceivedCallback. callbackId: 2163646
2025-08-04 20:38:57.092 15171-15171 InsetsController        com.example.myapplication            D  hide(ime(), fromIme=true)
2025-08-04 20:38:57.092 15171-15171 ImeTracker              com.example.myapplication            I  com.example.myapplication:dafa44a4: onCancelled at PHASE_CLIENT_APPLY_ANIMATION
2025-08-04 20:38:57.407 15171-15171 InsetsController        com.example.myapplication            D  setRequestedVisibleTypes, mRequestedVisibleTypes: systemGestures mandatorySystemGestures tappableElement displayCutout windowDecor, requestedVisibleTypes: systemGestures mandatorySystemGestures tappableElement displayCutout windowDecor, visibleTypes: , type: 2, call: android.view.InsetsController.notifyFinished:1879 android.view.InsetsAnimationThreadControlRunner$1.lambda$notifyFinished$0:86 android.view.InsetsAnimationThreadControlRunner$1.$r8$lambda$cDFF0h4Ncq-8EXdGszv69jrUu7c:0 android.view.InsetsAnimationThreadControlRunner$1$$ExternalSyntheticLambda1.run:0 android.os.Handler.handleCallback:973 android.os.Handler.dispatchMessage:100 android.os.Looper.loopOnce:282 android.os.Looper.loop:387 android.app.ActivityThread.main:9500 java.lang.reflect.Method.invoke:-2 
2025-08-04 20:38:57.638 15171-15171 callGcSupression        com.example.myapplication            D  java.lang.NullPointerException: Attempt to invoke virtual method 'java.lang.Object java.lang.reflect.Method.invoke(java.lang.Object, java.lang.Object[])' on a null object reference
2025-08-04 20:38:57.638 15171-15171 VRI[BatchActivity]      com.example.myapplication            W  handleResized abandoned!
2025-08-04 20:38:58.071 15171-15209 OplusScrollToTopManager com.example.myapplication            D  com.example.myapplication/com.example.myapplication.BatchActivity,This com.android.internal.policy.DecorView{430e389 V.E...... R....... 0,0-1080,2400 aid=1 alpha=1.0 viewInfo = }[BatchActivity] change focus to true
2025-08-04 20:38:58.314 15171-15171 AutofillManager         com.example.myapplication            V  requestHideFillUi(null): anchor = null
2025-08-04 20:38:58.405 15171-15171 ViewRootImplExtImpl     com.example.myapplication            D  the up motion event handled by client, just return
2025-08-04 20:38:58.422 15171-15171 BatchCriteriaManager    com.example.myapplication            D  📋 Получен список критериев: 2 элементов
2025-08-04 20:38:58.422 15171-15171 BatchCriteriaManager    com.example.myapplication            D  📋 Критерии: qqq (5 вопросов, 4 вариантов)
2025-08-04 20:38:58.422 15171-15171 BatchCriteriaManager    com.example.myapplication            D  📋 Критерии: wes (5 вопросов, 4 вариантов)
2025-08-04 20:38:58.422 15171-15171 BatchActivity           com.example.myapplication            D  📋 Открываем диалог загрузки критериев, найдено: 2
2025-08-04 20:38:58.430 15171-15171 oplus.andr...actoryImpl com.example.myapplication            I  get feature:IOplusDynamicVsyncFeature
2025-08-04 20:38:58.431 15171-15171 oplus.andr...actoryImpl com.example.myapplication            I  get feature:IOplusDynamicVsyncFeature
2025-08-04 20:38:58.431 15171-15171 oplus.andr...actoryImpl com.example.myapplication            I  get feature:IOplusDynamicVsyncFeature
2025-08-04 20:38:58.443 15171-15171 BatchActivity           com.example.myapplication            D  📋 Создаем элементы списка для 2 критериев
2025-08-04 20:38:58.443 15171-15171 BatchActivity           com.example.myapplication            D  📋 Создаем элемент для критериев: qqq
2025-08-04 20:38:58.444 15171-15171 TextView                com.example.myapplication            V  notifyAutoFillManagerAfterTextChanged
2025-08-04 20:38:58.444 15171-15171 AutofillManager         com.example.myapplication            V  notifyValueChanged(1073741928): ignoring on state FINISHED
2025-08-04 20:38:58.448 15171-15171 BatchActivity           com.example.myapplication            D  📋 Добавлен элемент в список: qqq
2025-08-04 20:38:58.448 15171-15171 BatchActivity           com.example.myapplication            D  📋 Элемент добавлен в layout, всего элементов: 1
2025-08-04 20:38:58.448 15171-15171 BatchActivity           com.example.myapplication            D  📋 Создаем элемент для критериев: wes
2025-08-04 20:38:58.449 15171-15171 TextView                com.example.myapplication            V  notifyAutoFillManagerAfterTextChanged
2025-08-04 20:38:58.449 15171-15171 AutofillManager         com.example.myapplication            V  notifyValueChanged(1073741929): ignoring on state FINISHED
2025-08-04 20:38:58.450 15171-15171 BatchActivity           com.example.myapplication            D  📋 Добавлен элемент в список: wes
2025-08-04 20:38:58.450 15171-15171 BatchActivity           com.example.myapplication            D  📋 Элемент добавлен в layout, всего элементов: 2
2025-08-04 20:38:58.463 15171-15171 oplus.andr...actoryImpl com.example.myapplication            I  get feature:IOplusDynamicVsyncFeature
2025-08-04 20:38:58.463 15171-15171 oplus.andr...actoryImpl com.example.myapplication            I  get feature:IOplusDynamicVsyncFeature
2025-08-04 20:38:58.463 15171-15171 oplus.andr...actoryImpl com.example.myapplication            I  get feature:IOplusDynamicVsyncFeature
2025-08-04 20:38:58.467 15171-15171 oplus.andr...actoryImpl com.example.myapplication            I  get feature:IOplusDynamicVsyncFeature
2025-08-04 20:38:58.467 15171-15171 oplus.andr...actoryImpl com.example.myapplication            I  get feature:IOplusDynamicVsyncFeature
2025-08-04 20:38:58.467 15171-15171 oplus.andr...actoryImpl com.example.myapplication            I  get feature:IOplusDynamicVsyncFeature
2025-08-04 20:38:58.483 15171-15171 WindowManager           com.example.myapplication            D  Add to mViews: com.android.internal.policy.DecorView{9fd6bd V.E...... R.....I. 0,0-0,0 alpha=1.0 viewInfo = }[BatchActivity],pkg= com.example.myapplication
2025-08-04 20:38:58.483 15171-15201 skia                    com.example.myapplication            D  setRusSupported enable 0
2025-08-04 20:38:58.496 15171-15171 ViewRootImplExtImpl     com.example.myapplication            D  onDisplayChanged -1 for VRI android.view.ViewRootImpl@402c780
2025-08-04 20:38:58.500 15171-15171 OplusBracketLog         com.example.myapplication            E  [OplusViewMirrorManager] updateHostViewRootIfNeeded, not support android.view.ViewRootImpl@402c780
2025-08-04 20:38:58.531 15171-15171 InsetsController        com.example.myapplication            D  setRequestedVisibleTypes, mRequestedVisibleTypes: statusBars navigationBars captionBar systemGestures mandatorySystemGestures tappableElement displayCutout windowDecor systemOverlays, requestedVisibleTypes: statusBars navigationBars captionBar systemGestures mandatorySystemGestures tappableElement displayCutout windowDecor systemOverlays, visibleTypes: navigationBars, type: 2, call: android.view.InsetsController.controlAnimationUnchecked:1477 android.view.InsetsController.applyAnimation:2191 android.view.InsetsController.applyAnimation:2161 android.view.InsetsController.onControlsChanged:1163 android.view.ViewRootImpl.relayoutWindow:10356 android.view.ViewRootImpl.performTraversals:4151 android.view.ViewRootImpl.doTraversal:3313 android.view.ViewRootImpl$TraversalRunnable.run:11495 android.view.Choreographer$CallbackRecord.run:1621 android.view.Choreographer$CallbackRecord.run:1630 
2025-08-04 20:38:58.531 15171-15171 BufferQueueConsumer     com.example.myapplication            D  [](id:3b4300000006,api:0,p:-1,c:15171) connect: controlledByApp=false
2025-08-04 20:38:58.539 15171-15171 AutofillManager         com.example.myapplication            D  notifyViewReadyInner:1073741928
2025-08-04 20:38:58.539 15171-15171 AutofillManager         com.example.myapplication            D  notifyViewReadyInner:1073741929
2025-08-04 20:38:58.541 15171-15171 SurfaceControl          com.example.myapplication            I   setExtendedRangeBrightness sc=Surface(name=com.example.myapplication/com.example.myapplication.BatchActivity)/@0x4236737,currentBufferRatio=1.0,desiredRatio=1.0
2025-08-04 20:38:58.551 15171-15201 BLASTBufferQueue        com.example.myapplication            D  [VRI[BatchActivity]#6](f:0,a:1) acquireNextBufferLocked size=1218x982 mFrameNumber=1 applyTransaction=true mTimestamp=1429853169297071(auto) mPendingTransactions.size=0 graphicBufferId=65158948847643 transform=0
2025-08-04 20:38:58.551 15171-15201 VRI[BatchActivity]      com.example.myapplication            D  Received frameCommittedCallback lastAttemptedDrawFrameNum=1 didProduceBuffer=true syncBuffer=false
2025-08-04 20:38:58.552 15171-15171 VRI[BatchActivity]      com.example.myapplication            D  draw finished. seqId=0
2025-08-04 20:38:58.553 15171-15171 ViewRootImplExtImpl     com.example.myapplication            D  setMaxDequeuedBufferCount: 2
2025-08-04 20:38:58.558 15171-15171 VRI[BatchActivity]      com.example.myapplication            D  onFocusEvent false
2025-08-04 20:38:58.559 15171-15171 callGcSupression        com.example.myapplication            D  java.lang.NullPointerException: Attempt to invoke virtual method 'java.lang.Object java.lang.reflect.Method.invoke(java.lang.Object, java.lang.Object[])' on a null object reference
2025-08-04 20:38:58.560 15171-15171 VRI[BatchActivity]      com.example.myapplication            W  handleResized abandoned!
2025-08-04 20:38:58.561 15171-15171 callGcSupression        com.example.myapplication            D  java.lang.NullPointerException: Attempt to invoke virtual method 'java.lang.Object java.lang.reflect.Method.invoke(java.lang.Object, java.lang.Object[])' on a null object reference
2025-08-04 20:38:58.630 15171-15201 VRI[BatchActivity]      com.example.myapplication            D  Received frameCommittedCallback lastAttemptedDrawFrameNum=3 didProduceBuffer=true syncBuffer=false
2025-08-04 20:38:58.631 15171-15171 VRI[BatchActivity]      com.example.myapplication            D  draw finished. seqId=0
2025-08-04 20:38:58.632 15171-15171 VRI[BatchActivity]      com.example.myapplication            D  onFocusEvent true
2025-08-04 20:38:58.805 15171-15171 InsetsController        com.example.myapplication            D  setRequestedVisibleTypes, mRequestedVisibleTypes: statusBars navigationBars captionBar systemGestures mandatorySystemGestures tappableElement displayCutout windowDecor systemOverlays, requestedVisibleTypes: statusBars navigationBars captionBar systemGestures mandatorySystemGestures tappableElement displayCutout windowDecor systemOverlays, visibleTypes: navigationBars, type: 2, call: android.view.InsetsController.notifyFinished:1879 android.view.InsetsAnimationThreadControlRunner$1.lambda$notifyFinished$0:86 android.view.InsetsAnimationThreadControlRunner$1.$r8$lambda$cDFF0h4Ncq-8EXdGszv69jrUu7c:0 android.view.InsetsAnimationThreadControlRunner$1$$ExternalSyntheticLambda1.run:0 android.os.Handler.handleCallback:973 android.os.Handler.dispatchMessage:100 android.os.Looper.loopOnce:282 android.os.Looper.loop:387 android.app.ActivityThread.main:9500 java.lang.reflect.Method.invoke:-2 
2025-08-04 20:38:59.565 15171-15209 OplusScrollToTopManager com.example.myapplication            D  com.example.myapplication/com.example.myapplication.BatchActivity,This com.android.internal.policy.DecorView{430e389 V.E...... R....... 0,0-1080,2400 aid=1 alpha=1.0 viewInfo = }[BatchActivity] change focus to false
2025-08-04 20:38:59.640 15171-15209 OplusScrollToTopManager com.example.myapplication            D  com.example.myapplication/com.example.myapplication.BatchActivity,This com.android.internal.policy.DecorView{9fd6bd V.E...... R....... 0,0-1026,790 alpha=1.0 viewInfo = }[BatchActivity] change focus to true
2025-08-04 20:38:59.657 15171-15171 AutofillManager         com.example.myapplication            V  requestHideFillUi(null): anchor = null
2025-08-04 20:38:59.740 15171-15171 ViewRootImplExtImpl     com.example.myapplication            D  the up motion event handled by client, just return
2025-08-04 20:38:59.743 15171-15171 AutofillManager         com.example.myapplication            V  notifyValueChanged(1073741928): ignoring on state FINISHED
2025-08-04 20:38:59.744 15171-15171 BatchActivity           com.example.myapplication            D  📋 Выбраны критерии: qqq
2025-08-04 20:39:00.711 15171-15171 AutofillManager         com.example.myapplication            V  requestHideFillUi(null): anchor = null
2025-08-04 20:39:00.811 15171-15171 ViewRootImplExtImpl     com.example.myapplication            D  the up motion event handled by client, just return
2025-08-04 20:39:00.813 15171-15171 AutofillManager         com.example.myapplication            V  notifyValueChanged(1073741928): ignoring on state FINISHED
2025-08-04 20:39:00.814 15171-15171 AutofillManager         com.example.myapplication            V  notifyValueChanged(1073741928): ignoring on state FINISHED
2025-08-04 20:39:00.814 15171-15171 BatchActivity           com.example.myapplication            D  📋 Выбраны критерии: qqq
2025-08-04 20:39:03.394 15171-15171 AutofillManager         com.example.myapplication            V  requestHideFillUi(null): anchor = null
2025-08-04 20:39:03.489 15171-15171 ViewRootImplExtImpl     com.example.myapplication            D  the up motion event handled by client, just return
2025-08-04 20:39:03.490 15171-15171 BatchActivity           com.example.myapplication            D  📥 Загружаем критерии: qqq
2025-08-04 20:39:03.490 15171-15171 BatchActivity           com.example.myapplication            D  📥 Загружаем критерии: qqq
2025-08-04 20:39:03.490 15171-15171 BatchActivity           com.example.myapplication            D  📥 Вопросов: 5, вариантов: 4
2025-08-04 20:39:03.490 15171-15171 BatchActivity           com.example.myapplication            D  📥 Правильные ответы: [0, 1, 2, 3, -1]
2025-08-04 20:39:03.494 15171-15171 TextView                com.example.myapplication            V  notifyAutoFillManagerAfterTextChanged
2025-08-04 20:39:03.494 15171-15171 AutofillManager         com.example.myapplication            V  notifyValueChanged(1073741824): ignoring on state FINISHED
2025-08-04 20:39:03.497 15171-15171 TextView                com.example.myapplication            V  notifyAutoFillManagerAfterTextChanged
2025-08-04 20:39:03.497 15171-15171 AutofillManager         com.example.myapplication            V  notifyValueChanged(1073741825): ignoring on state FINISHED
2025-08-04 20:39:03.499 15171-15171 BatchActivity           com.example.myapplication            D  📐 Создание сетки: вопросы=5, варианты=4, высота=600
2025-08-04 20:39:03.503 15171-15171 TextView                com.example.myapplication            V  notifyAutoFillManagerAfterTextChanged
2025-08-04 20:39:03.504 15171-15171 AutofillManager         com.example.myapplication            V  notifyValueChanged(1073741930): ignoring on state FINISHED
2025-08-04 20:39:03.504 15171-15171 TextView                com.example.myapplication            V  notifyAutoFillManagerAfterTextChanged
2025-08-04 20:39:03.504 15171-15171 AutofillManager         com.example.myapplication            V  notifyValueChanged(1073741930): ignoring on state FINISHED
2025-08-04 20:39:03.507 15171-15171 TextView                com.example.myapplication            V  notifyAutoFillManagerAfterTextChanged
2025-08-04 20:39:03.507 15171-15171 AutofillManager         com.example.myapplication            V  notifyValueChanged(1073741931): ignoring on state FINISHED
2025-08-04 20:39:03.508 15171-15171 TextView                com.example.myapplication            V  notifyAutoFillManagerAfterTextChanged
2025-08-04 20:39:03.508 15171-15171 AutofillManager         com.example.myapplication            V  notifyValueChanged(1073741931): ignoring on state FINISHED
2025-08-04 20:39:03.510 15171-15171 TextView                com.example.myapplication            V  notifyAutoFillManagerAfterTextChanged
2025-08-04 20:39:03.510 15171-15171 AutofillManager         com.example.myapplication            V  notifyValueChanged(1073741932): ignoring on state FINISHED
2025-08-04 20:39:03.510 15171-15171 TextView                com.example.myapplication            V  notifyAutoFillManagerAfterTextChanged
2025-08-04 20:39:03.510 15171-15171 AutofillManager         com.example.myapplication            V  notifyValueChanged(1073741932): ignoring on state FINISHED
2025-08-04 20:39:03.512 15171-15171 TextView                com.example.myapplication            V  notifyAutoFillManagerAfterTextChanged
2025-08-04 20:39:03.512 15171-15171 AutofillManager         com.example.myapplication            V  notifyValueChanged(1073741933): ignoring on state FINISHED
2025-08-04 20:39:03.512 15171-15171 TextView                com.example.myapplication            V  notifyAutoFillManagerAfterTextChanged
2025-08-04 20:39:03.512 15171-15171 AutofillManager         com.example.myapplication            V  notifyValueChanged(1073741933): ignoring on state FINISHED
2025-08-04 20:39:03.513 15171-15171 TextView                com.example.myapplication            V  notifyAutoFillManagerAfterTextChanged
2025-08-04 20:39:03.513 15171-15171 AutofillManager         com.example.myapplication            V  notifyValueChanged(1073741934): ignoring on state FINISHED
2025-08-04 20:39:03.514 15171-15171 TextView                com.example.myapplication            V  notifyAutoFillManagerAfterTextChanged
2025-08-04 20:39:03.514 15171-15171 AutofillManager         com.example.myapplication            V  notifyValueChanged(1073741934): ignoring on state FINISHED
2025-08-04 20:39:03.515 15171-15171 TextView                com.example.myapplication            V  notifyAutoFillManagerAfterTextChanged
2025-08-04 20:39:03.515 15171-15171 AutofillManager         com.example.myapplication            V  notifyValueChanged(1073741935): ignoring on state FINISHED
2025-08-04 20:39:03.515 15171-15171 TextView                com.example.myapplication            V  notifyAutoFillManagerAfterTextChanged
2025-08-04 20:39:03.515 15171-15171 AutofillManager         com.example.myapplication            V  notifyValueChanged(1073741935): ignoring on state FINISHED
2025-08-04 20:39:03.517 15171-15171 TextView                com.example.myapplication            V  notifyAutoFillManagerAfterTextChanged
2025-08-04 20:39:03.517 15171-15171 AutofillManager         com.example.myapplication            V  notifyValueChanged(1073741936): ignoring on state FINISHED
2025-08-04 20:39:03.517 15171-15171 TextView                com.example.myapplication            V  notifyAutoFillManagerAfterTextChanged
2025-08-04 20:39:03.517 15171-15171 AutofillManager         com.example.myapplication            V  notifyValueChanged(1073741936): ignoring on state FINISHED
2025-08-04 20:39:03.518 15171-15171 TextView                com.example.myapplication            V  notifyAutoFillManagerAfterTextChanged
2025-08-04 20:39:03.518 15171-15171 AutofillManager         com.example.myapplication            V  notifyValueChanged(1073741937): ignoring on state FINISHED
2025-08-04 20:39:03.519 15171-15171 TextView                com.example.myapplication            V  notifyAutoFillManagerAfterTextChanged
2025-08-04 20:39:03.519 15171-15171 AutofillManager         com.example.myapplication            V  notifyValueChanged(1073741937): ignoring on state FINISHED
2025-08-04 20:39:03.520 15171-15171 TextView                com.example.myapplication            V  notifyAutoFillManagerAfterTextChanged
2025-08-04 20:39:03.520 15171-15171 AutofillManager         com.example.myapplication            V  notifyValueChanged(1073741938): ignoring on state FINISHED
2025-08-04 20:39:03.520 15171-15171 TextView                com.example.myapplication            V  notifyAutoFillManagerAfterTextChanged
2025-08-04 20:39:03.520 15171-15171 AutofillManager         com.example.myapplication            V  notifyValueChanged(1073741938): ignoring on state FINISHED
2025-08-04 20:39:03.522 15171-15171 TextView                com.example.myapplication            V  notifyAutoFillManagerAfterTextChanged
2025-08-04 20:39:03.522 15171-15171 AutofillManager         com.example.myapplication            V  notifyValueChanged(1073741939): ignoring on state FINISHED
2025-08-04 20:39:03.522 15171-15171 TextView                com.example.myapplication            V  notifyAutoFillManagerAfterTextChanged
2025-08-04 20:39:03.522 15171-15171 AutofillManager         com.example.myapplication            V  notifyValueChanged(1073741939): ignoring on state FINISHED
2025-08-04 20:39:03.524 15171-15171 TextView                com.example.myapplication            V  notifyAutoFillManagerAfterTextChanged
2025-08-04 20:39:03.524 15171-15171 AutofillManager         com.example.myapplication            V  notifyValueChanged(1073741940): ignoring on state FINISHED
2025-08-04 20:39:03.524 15171-15171 TextView                com.example.myapplication            V  notifyAutoFillManagerAfterTextChanged
2025-08-04 20:39:03.524 15171-15171 AutofillManager         com.example.myapplication            V  notifyValueChanged(1073741940): ignoring on state FINISHED
2025-08-04 20:39:03.526 15171-15171 TextView                com.example.myapplication            V  notifyAutoFillManagerAfterTextChanged
2025-08-04 20:39:03.526 15171-15171 AutofillManager         com.example.myapplication            V  notifyValueChanged(1073741941): ignoring on state FINISHED
2025-08-04 20:39:03.526 15171-15171 TextView                com.example.myapplication            V  notifyAutoFillManagerAfterTextChanged
2025-08-04 20:39:03.526 15171-15171 AutofillManager         com.example.myapplication            V  notifyValueChanged(1073741941): ignoring on state FINISHED
2025-08-04 20:39:03.527 15171-15171 TextView                com.example.myapplication            V  notifyAutoFillManagerAfterTextChanged
2025-08-04 20:39:03.527 15171-15171 AutofillManager         com.example.myapplication            V  notifyValueChanged(1073741942): ignoring on state FINISHED
2025-08-04 20:39:03.528 15171-15171 TextView                com.example.myapplication            V  notifyAutoFillManagerAfterTextChanged
2025-08-04 20:39:03.528 15171-15171 AutofillManager         com.example.myapplication            V  notifyValueChanged(1073741942): ignoring on state FINISHED
2025-08-04 20:39:03.529 15171-15171 TextView                com.example.myapplication            V  notifyAutoFillManagerAfterTextChanged
2025-08-04 20:39:03.529 15171-15171 AutofillManager         com.example.myapplication            V  notifyValueChanged(1073741943): ignoring on state FINISHED
2025-08-04 20:39:03.529 15171-15171 TextView                com.example.myapplication            V  notifyAutoFillManagerAfterTextChanged
2025-08-04 20:39:03.529 15171-15171 AutofillManager         com.example.myapplication            V  notifyValueChanged(1073741943): ignoring on state FINISHED
2025-08-04 20:39:03.531 15171-15171 TextView                com.example.myapplication            V  notifyAutoFillManagerAfterTextChanged
2025-08-04 20:39:03.531 15171-15171 AutofillManager         com.example.myapplication            V  notifyValueChanged(1073741944): ignoring on state FINISHED
2025-08-04 20:39:03.531 15171-15171 TextView                com.example.myapplication            V  notifyAutoFillManagerAfterTextChanged
2025-08-04 20:39:03.531 15171-15171 AutofillManager         com.example.myapplication            V  notifyValueChanged(1073741944): ignoring on state FINISHED
2025-08-04 20:39:03.532 15171-15171 TextView                com.example.myapplication            V  notifyAutoFillManagerAfterTextChanged
2025-08-04 20:39:03.532 15171-15171 AutofillManager         com.example.myapplication            V  notifyValueChanged(1073741945): ignoring on state FINISHED
2025-08-04 20:39:03.533 15171-15171 TextView                com.example.myapplication            V  notifyAutoFillManagerAfterTextChanged
2025-08-04 20:39:03.533 15171-15171 AutofillManager         com.example.myapplication            V  notifyValueChanged(1073741945): ignoring on state FINISHED
2025-08-04 20:39:03.534 15171-15171 TextView                com.example.myapplication            V  notifyAutoFillManagerAfterTextChanged
2025-08-04 20:39:03.534 15171-15171 AutofillManager         com.example.myapplication            V  notifyValueChanged(1073741946): ignoring on state FINISHED
2025-08-04 20:39:03.534 15171-15171 TextView                com.example.myapplication            V  notifyAutoFillManagerAfterTextChanged
2025-08-04 20:39:03.534 15171-15171 AutofillManager         com.example.myapplication            V  notifyValueChanged(1073741946): ignoring on state FINISHED
2025-08-04 20:39:03.536 15171-15171 TextView                com.example.myapplication            V  notifyAutoFillManagerAfterTextChanged
2025-08-04 20:39:03.536 15171-15171 AutofillManager         com.example.myapplication            V  notifyValueChanged(1073741947): ignoring on state FINISHED
2025-08-04 20:39:03.536 15171-15171 TextView                com.example.myapplication            V  notifyAutoFillManagerAfterTextChanged
2025-08-04 20:39:03.536 15171-15171 AutofillManager         com.example.myapplication            V  notifyValueChanged(1073741947): ignoring on state FINISHED
2025-08-04 20:39:03.537 15171-15171 TextView                com.example.myapplication            V  notifyAutoFillManagerAfterTextChanged
2025-08-04 20:39:03.537 15171-15171 AutofillManager         com.example.myapplication            V  notifyValueChanged(1073741948): ignoring on state FINISHED
2025-08-04 20:39:03.538 15171-15171 TextView                com.example.myapplication            V  notifyAutoFillManagerAfterTextChanged
2025-08-04 20:39:03.538 15171-15171 AutofillManager         com.example.myapplication            V  notifyValueChanged(1073741948): ignoring on state FINISHED
2025-08-04 20:39:03.539 15171-15171 TextView                com.example.myapplication            V  notifyAutoFillManagerAfterTextChanged
2025-08-04 20:39:03.539 15171-15171 AutofillManager         com.example.myapplication            V  notifyValueChanged(1073741949): ignoring on state FINISHED
2025-08-04 20:39:03.539 15171-15171 TextView                com.example.myapplication            V  notifyAutoFillManagerAfterTextChanged
2025-08-04 20:39:03.539 15171-15171 AutofillManager         com.example.myapplication            V  notifyValueChanged(1073741949): ignoring on state FINISHED
2025-08-04 20:39:03.541 15171-15171 AutofillManager         com.example.myapplication            V  notifyValueChanged(1073741930): ignoring on state FINISHED
2025-08-04 20:39:03.541 15171-15171 BatchActivity           com.example.myapplication            D  📥 Установлен ответ для вопроса 1: вариант 1
2025-08-04 20:39:03.542 15171-15171 AutofillManager         com.example.myapplication            V  notifyValueChanged(1073741935): ignoring on state FINISHED
2025-08-04 20:39:03.542 15171-15171 BatchActivity           com.example.myapplication            D  📥 Установлен ответ для вопроса 2: вариант 2
2025-08-04 20:39:03.542 15171-15171 AutofillManager         com.example.myapplication            V  notifyValueChanged(1073741940): ignoring on state FINISHED
2025-08-04 20:39:03.542 15171-15171 BatchActivity           com.example.myapplication            D  📥 Установлен ответ для вопроса 3: вариант 3
2025-08-04 20:39:03.543 15171-15171 AutofillManager         com.example.myapplication            V  notifyValueChanged(1073741945): ignoring on state FINISHED
2025-08-04 20:39:03.543 15171-15171 BatchActivity           com.example.myapplication            D  📥 Установлен ответ для вопроса 4: вариант 4
2025-08-04 20:39:03.551 15171-15171 OplusScrollToTopManager com.example.myapplication            D  com.example.myapplication/com.example.myapplication.BatchActivity,window dying
2025-08-04 20:39:03.552 15171-15171 OplusScrollToTopManager com.example.myapplication            D  com.example.myapplication/com.example.myapplication.BatchActivity,unregisterSystemUIBroadcastReceiver 
2025-08-04 20:39:03.552 15171-15171 OplusScrollToTopManager com.example.myapplication            D  com.example.myapplication/com.example.myapplication.BatchActivity, unregisterSystemUIBroadcastReceiver failed java.lang.IllegalArgumentException: Receiver not registered: android.view.OplusScrollToTopManager$2@a4fb439
2025-08-04 20:39:03.552 15171-15171 WindowOnBackDispatcher  com.example.myapplication            W  sendCancelIfRunning: isInProgress=false callback=android.view.ViewRootImpl$$ExternalSyntheticLambda11@402e9fe
2025-08-04 20:39:03.560 15171-15171 HWUI                    com.example.myapplication            D  RenderProxy::destroy: this=0xb400006de6aff200, mContext=0xb400006de381b800
2025-08-04 20:39:03.560 15171-15201 HWUI                    com.example.myapplication            D  SkiaOpenGLPipeline::setSurface: this=0xb400006f41312880, surface=NULL
2025-08-04 20:39:03.562 15171-15201 HWUI                    com.example.myapplication            D  endAllActiveAnimators on 0xb400006de37e0200 (RippleDrawable) with handle 0xb400006e812be200
2025-08-04 20:39:03.575 15171-15181 BLASTBufferQueue        com.example.myapplication            D  [VRI[BatchActivity]#6](f:0,a:2) destructor()
2025-08-04 20:39:03.575 15171-15181 BufferQueueConsumer     com.example.myapplication            D  [VRI[BatchActivity]#6(BLAST Consumer)6](id:3b4300000006,api:0,p:-1,c:15171) disconnect
2025-08-04 20:39:03.596 15171-15171 InsetsController        com.example.myapplication            D  setRequestedVisibleTypes, mRequestedVisibleTypes: systemGestures mandatorySystemGestures tappableElement displayCutout windowDecor, requestedVisibleTypes: systemGestures mandatorySystemGestures tappableElement displayCutout windowDecor, visibleTypes: , type: 2, call: android.view.InsetsController.controlAnimationUnchecked:1477 android.view.InsetsController.applyAnimation:2191 android.view.InsetsController.applyAnimation:2161 android.view.InsetsController.onControlsChanged:1171 android.view.ViewRootImpl.handleInsetsControlChanged:2565 android.view.ViewRootImpl.-$$Nest$mhandleInsetsControlChanged:0 android.view.ViewRootImpl$ViewRootHandler.handleMessageImpl:7565 android.view.ViewRootImpl$ViewRootHandler.handleMessage:7504 android.os.Handler.dispatchMessage:107 android.os.Looper.loopOnce:282 
2025-08-04 20:39:03.596 15171-15171 callGcSupression        com.example.myapplication            D  java.lang.NullPointerException: Attempt to invoke virtual method 'java.lang.Object java.lang.reflect.Method.invoke(java.lang.Object, java.lang.Object[])' on a null object reference
2025-08-04 20:39:03.597 15171-15171 VRI[BatchActivity]      com.example.myapplication            W  handleResized abandoned!
2025-08-04 20:39:03.630 15171-15171 VRI[BatchActivity]      com.example.myapplication            D  onFocusEvent true
2025-08-04 20:39:03.956 15171-15171 InsetsController        com.example.myapplication            D  setRequestedVisibleTypes, mRequestedVisibleTypes: systemGestures mandatorySystemGestures tappableElement displayCutout windowDecor, requestedVisibleTypes: systemGestures mandatorySystemGestures tappableElement displayCutout windowDecor, visibleTypes: , type: 2, call: android.view.InsetsController.notifyFinished:1879 android.view.InsetsAnimationThreadControlRunner$1.lambda$notifyFinished$0:86 android.view.InsetsAnimationThreadControlRunner$1.$r8$lambda$cDFF0h4Ncq-8EXdGszv69jrUu7c:0 android.view.InsetsAnimationThreadControlRunner$1$$ExternalSyntheticLambda1.run:0 android.os.Handler.handleCallback:973 android.os.Handler.dispatchMessage:100 android.os.Looper.loopOnce:282 android.os.Looper.loop:387 android.app.ActivityThread.main:9500 java.lang.reflect.Method.invoke:-2 
2025-08-04 20:39:04.634 15171-15209 OplusScrollToTopManager com.example.myapplication            D  com.example.myapplication/com.example.myapplication.BatchActivity,This com.android.internal.policy.DecorView{430e389 V.E...... R....... 0,0-1080,2400 aid=1 alpha=1.0 viewInfo = }[BatchActivity] change focus to true
2025-08-04 20:39:07.196 15171-15171 AutofillManager         com.example.myapplication            V  requestHideFillUi(null): anchor = null
2025-08-04 20:39:07.298 15171-15171 ViewRootImplExtImpl     com.example.myapplication            D  the up motion event handled by client, just return
2025-08-04 20:39:07.312 15171-15171 BatchCriteriaManager    com.example.myapplication            D  📋 Получен список критериев: 2 элементов
2025-08-04 20:39:07.312 15171-15171 BatchCriteriaManager    com.example.myapplication            D  📋 Критерии: qqq (5 вопросов, 4 вариантов)
2025-08-04 20:39:07.313 15171-15171 BatchCriteriaManager    com.example.myapplication            D  📋 Критерии: wes (5 вопросов, 4 вариантов)
2025-08-04 20:39:07.313 15171-15171 BatchActivity           com.example.myapplication            D  📋 Открываем диалог загрузки критериев, найдено: 2
2025-08-04 20:39:07.324 15171-15171 oplus.andr...actoryImpl com.example.myapplication            I  get feature:IOplusDynamicVsyncFeature
2025-08-04 20:39:07.324 15171-15171 oplus.andr...actoryImpl com.example.myapplication            I  get feature:IOplusDynamicVsyncFeature
2025-08-04 20:39:07.324 15171-15171 oplus.andr...actoryImpl com.example.myapplication            I  get feature:IOplusDynamicVsyncFeature
2025-08-04 20:39:07.336 15171-15171 BatchActivity           com.example.myapplication            D  📋 Создаем элементы списка для 2 критериев
2025-08-04 20:39:07.336 15171-15171 BatchActivity           com.example.myapplication            D  📋 Создаем элемент для критериев: qqq
2025-08-04 20:39:07.337 15171-15171 TextView                com.example.myapplication            V  notifyAutoFillManagerAfterTextChanged
2025-08-04 20:39:07.337 15171-15171 AutofillManager         com.example.myapplication            V  notifyValueChanged(1073741950): ignoring on state FINISHED
2025-08-04 20:39:07.338 15171-15171 BatchActivity           com.example.myapplication            D  📋 Добавлен элемент в список: qqq
2025-08-04 20:39:07.338 15171-15171 BatchActivity           com.example.myapplication            D  📋 Элемент добавлен в layout, всего элементов: 1
2025-08-04 20:39:07.338 15171-15171 BatchActivity           com.example.myapplication            D  📋 Создаем элемент для критериев: wes
2025-08-04 20:39:07.339 15171-15171 TextView                com.example.myapplication            V  notifyAutoFillManagerAfterTextChanged
2025-08-04 20:39:07.339 15171-15171 AutofillManager         com.example.myapplication            V  notifyValueChanged(1073741951): ignoring on state FINISHED
2025-08-04 20:39:07.339 15171-15171 BatchActivity           com.example.myapplication            D  📋 Добавлен элемент в список: wes
2025-08-04 20:39:07.340 15171-15171 BatchActivity           com.example.myapplication            D  📋 Элемент добавлен в layout, всего элементов: 2
2025-08-04 20:39:07.353 15171-15171 oplus.andr...actoryImpl com.example.myapplication            I  get feature:IOplusDynamicVsyncFeature
2025-08-04 20:39:07.353 15171-15171 oplus.andr...actoryImpl com.example.myapplication            I  get feature:IOplusDynamicVsyncFeature
2025-08-04 20:39:07.353 15171-15171 oplus.andr...actoryImpl com.example.myapplication            I  get feature:IOplusDynamicVsyncFeature
2025-08-04 20:39:07.357 15171-15171 oplus.andr...actoryImpl com.example.myapplication            I  get feature:IOplusDynamicVsyncFeature
2025-08-04 20:39:07.357 15171-15171 oplus.andr...actoryImpl com.example.myapplication            I  get feature:IOplusDynamicVsyncFeature
2025-08-04 20:39:07.357 15171-15171 oplus.andr...actoryImpl com.example.myapplication            I  get feature:IOplusDynamicVsyncFeature
2025-08-04 20:39:07.375 15171-15171 WindowManager           com.example.myapplication            D  Add to mViews: com.android.internal.policy.DecorView{264c354 V.E...... R.....I. 0,0-0,0 alpha=1.0 viewInfo = }[BatchActivity],pkg= com.example.myapplication
2025-08-04 20:39:07.378 15171-15201 skia                    com.example.myapplication            D  setRusSupported enable 0
2025-08-04 20:39:07.392 15171-15171 ViewRootImplExtImpl     com.example.myapplication            D  onDisplayChanged -1 for VRI android.view.ViewRootImpl@7b7f243
2025-08-04 20:39:07.396 15171-15171 OplusBracketLog         com.example.myapplication            E  [OplusViewMirrorManager] updateHostViewRootIfNeeded, not support android.view.ViewRootImpl@7b7f243
2025-08-04 20:39:07.426 15171-15171 InsetsController        com.example.myapplication            D  setRequestedVisibleTypes, mRequestedVisibleTypes: statusBars navigationBars captionBar systemGestures mandatorySystemGestures tappableElement displayCutout windowDecor systemOverlays, requestedVisibleTypes: statusBars navigationBars captionBar systemGestures mandatorySystemGestures tappableElement displayCutout windowDecor systemOverlays, visibleTypes: navigationBars, type: 2, call: android.view.InsetsController.controlAnimationUnchecked:1477 android.view.InsetsController.applyAnimation:2191 android.view.InsetsController.applyAnimation:2161 android.view.InsetsController.onControlsChanged:1163 android.view.ViewRootImpl.relayoutWindow:10356 android.view.ViewRootImpl.performTraversals:4151 android.view.ViewRootImpl.doTraversal:3313 android.view.ViewRootImpl$TraversalRunnable.run:11495 android.view.Choreographer$CallbackRecord.run:1621 android.view.Choreographer$CallbackRecord.run:1630 
2025-08-04 20:39:07.428 15171-15171 BufferQueueConsumer     com.example.myapplication            D  [](id:3b4300000007,api:0,p:-1,c:15171) connect: controlledByApp=false
2025-08-04 20:39:07.438 15171-15171 AutofillManager         com.example.myapplication            D  notifyViewReadyInner:1073741950
2025-08-04 20:39:07.438 15171-15171 AutofillManager         com.example.myapplication            D  notifyViewReadyInner:1073741951
2025-08-04 20:39:07.448 15171-15171 SurfaceControl          com.example.myapplication            I   setExtendedRangeBrightness sc=Surface(name=com.example.myapplication/com.example.myapplication.BatchActivity)/@0x7b8a211,currentBufferRatio=1.0,desiredRatio=1.0
2025-08-04 20:39:07.459 15171-15201 BLASTBufferQueue        com.example.myapplication            D  [VRI[BatchActivity]#7](f:0,a:1) acquireNextBufferLocked size=1218x982 mFrameNumber=1 applyTransaction=true mTimestamp=1429862077402071(auto) mPendingTransactions.size=0 graphicBufferId=65158948847647 transform=0
2025-08-04 20:39:07.459 15171-15201 VRI[BatchActivity]      com.example.myapplication            D  Received frameCommittedCallback lastAttemptedDrawFrameNum=1 didProduceBuffer=true syncBuffer=false
2025-08-04 20:39:07.461 15171-15171 VRI[BatchActivity]      com.example.myapplication            D  draw finished. seqId=0
2025-08-04 20:39:07.462 15171-15171 ViewRootImplExtImpl     com.example.myapplication            D  setMaxDequeuedBufferCount: 2
2025-08-04 20:39:07.463 15171-15171 VRI[BatchActivity]      com.example.myapplication            D  onFocusEvent false
2025-08-04 20:39:07.473 15171-15171 callGcSupression        com.example.myapplication            D  java.lang.NullPointerException: Attempt to invoke virtual method 'java.lang.Object java.lang.reflect.Method.invoke(java.lang.Object, java.lang.Object[])' on a null object reference
2025-08-04 20:39:07.473 15171-15171 VRI[BatchActivity]      com.example.myapplication            W  handleResized abandoned!
2025-08-04 20:39:07.474 15171-15171 callGcSupression        com.example.myapplication            D  java.lang.NullPointerException: Attempt to invoke virtual method 'java.lang.Object java.lang.reflect.Method.invoke(java.lang.Object, java.lang.Object[])' on a null object reference
2025-08-04 20:39:07.536 15171-15201 VRI[BatchActivity]      com.example.myapplication            D  Received frameCommittedCallback lastAttemptedDrawFrameNum=3 didProduceBuffer=true syncBuffer=false
2025-08-04 20:39:07.536 15171-15171 VRI[BatchActivity]      com.example.myapplication            D  draw finished. seqId=0
2025-08-04 20:39:07.537 15171-15171 VRI[BatchActivity]      com.example.myapplication            D  onFocusEvent true
2025-08-04 20:39:07.692 15171-15171 InsetsController        com.example.myapplication            D  setRequestedVisibleTypes, mRequestedVisibleTypes: statusBars navigationBars captionBar systemGestures mandatorySystemGestures tappableElement displayCutout windowDecor systemOverlays, requestedVisibleTypes: statusBars navigationBars captionBar systemGestures mandatorySystemGestures tappableElement displayCutout windowDecor systemOverlays, visibleTypes: navigationBars, type: 2, call: android.view.InsetsController.notifyFinished:1879 android.view.InsetsAnimationThreadControlRunner$1.lambda$notifyFinished$0:86 android.view.InsetsAnimationThreadControlRunner$1.$r8$lambda$cDFF0h4Ncq-8EXdGszv69jrUu7c:0 android.view.InsetsAnimationThreadControlRunner$1$$ExternalSyntheticLambda1.run:0 android.os.Handler.handleCallback:973 android.os.Handler.dispatchMessage:100 android.os.Looper.loopOnce:282 android.os.Looper.loop:387 android.app.ActivityThread.main:9500 java.lang.reflect.Method.invoke:-2 
2025-08-04 20:39:08.396 15171-15171 AutofillManager         com.example.myapplication            V  requestHideFillUi(null): anchor = null
2025-08-04 20:39:08.476 15171-15209 OplusScrollToTopManager com.example.myapplication            D  com.example.myapplication/com.example.myapplication.BatchActivity,This com.android.internal.policy.DecorView{430e389 V.E...... R....... 0,0-1080,2400 aid=1 alpha=1.0 viewInfo = }[BatchActivity] change focus to false
2025-08-04 20:39:08.484 15171-15171 ViewRootImplExtImpl     com.example.myapplication            D  the up motion event handled by client, just return
2025-08-04 20:39:08.488 15171-15171 AutofillManager         com.example.myapplication            V  notifyValueChanged(1073741951): ignoring on state FINISHED
2025-08-04 20:39:08.488 15171-15171 BatchActivity           com.example.myapplication            D  📋 Выбраны критерии: wes
2025-08-04 20:39:08.545 15171-15209 OplusScrollToTopManager com.example.myapplication            D  com.example.myapplication/com.example.myapplication.BatchActivity,This com.android.internal.policy.DecorView{264c354 V.E...... R....... 0,0-1026,790 alpha=1.0 viewInfo = }[BatchActivity] change focus to true
2025-08-04 20:39:09.779 15171-15171 AutofillManager         com.example.myapplication            V  requestHideFillUi(null): anchor = null
2025-08-04 20:39:09.858 15171-15171 ViewRootImplExtImpl     com.example.myapplication            D  the up motion event handled by client, just return
2025-08-04 20:39:09.858 15171-15171 BatchActivity           com.example.myapplication            D  📥 Загружаем критерии: wes
2025-08-04 20:39:09.859 15171-15171 BatchActivity           com.example.myapplication            D  📥 Загружаем критерии: wes
2025-08-04 20:39:09.859 15171-15171 BatchActivity           com.example.myapplication            D  📥 Вопросов: 5, вариантов: 4
2025-08-04 20:39:09.859 15171-15171 BatchActivity           com.example.myapplication            D  📥 Правильные ответы: [0, 1, 2, 3, 0]
2025-08-04 20:39:09.862 15171-15171 TextView                com.example.myapplication            V  notifyAutoFillManagerAfterTextChanged
2025-08-04 20:39:09.862 15171-15171 AutofillManager         com.example.myapplication            V  notifyValueChanged(1073741824): ignoring on state FINISHED
2025-08-04 20:39:09.865 15171-15171 TextView                com.example.myapplication            V  notifyAutoFillManagerAfterTextChanged
2025-08-04 20:39:09.865 15171-15171 AutofillManager         com.example.myapplication            V  notifyValueChanged(1073741825): ignoring on state FINISHED
2025-08-04 20:39:09.868 15171-15171 BatchActivity           com.example.myapplication            D  📐 Создание сетки: вопросы=5, варианты=4, высота=600
2025-08-04 20:39:09.872 15171-15171 TextView                com.example.myapplication            V  notifyAutoFillManagerAfterTextChanged
2025-08-04 20:39:09.872 15171-15171 AutofillManager         com.example.myapplication            V  notifyValueChanged(1073741952): ignoring on state FINISHED
2025-08-04 20:39:09.873 15171-15171 TextView                com.example.myapplication            V  notifyAutoFillManagerAfterTextChanged
2025-08-04 20:39:09.873 15171-15171 AutofillManager         com.example.myapplication            V  notifyValueChanged(1073741952): ignoring on state FINISHED
2025-08-04 20:39:09.876 15171-15171 TextView                com.example.myapplication            V  notifyAutoFillManagerAfterTextChanged
2025-08-04 20:39:09.876 15171-15171 AutofillManager         com.example.myapplication            V  notifyValueChanged(1073741953): ignoring on state FINISHED
2025-08-04 20:39:09.877 15171-15171 TextView                com.example.myapplication            V  notifyAutoFillManagerAfterTextChanged
2025-08-04 20:39:09.877 15171-15171 AutofillManager         com.example.myapplication            V  notifyValueChanged(1073741953): ignoring on state FINISHED
2025-08-04 20:39:09.880 15171-15171 TextView                com.example.myapplication            V  notifyAutoFillManagerAfterTextChanged
2025-08-04 20:39:09.880 15171-15171 AutofillManager         com.example.myapplication            V  notifyValueChanged(1073741954): ignoring on state FINISHED
2025-08-04 20:39:09.880 15171-15171 TextView                com.example.myapplication            V  notifyAutoFillManagerAfterTextChanged
2025-08-04 20:39:09.880 15171-15171 AutofillManager         com.example.myapplication            V  notifyValueChanged(1073741954): ignoring on state FINISHED
2025-08-04 20:39:09.882 15171-15171 TextView                com.example.myapplication            V  notifyAutoFillManagerAfterTextChanged
2025-08-04 20:39:09.882 15171-15171 AutofillManager         com.example.myapplication            V  notifyValueChanged(1073741955): ignoring on state FINISHED
2025-08-04 20:39:09.883 15171-15171 TextView                com.example.myapplication            V  notifyAutoFillManagerAfterTextChanged
2025-08-04 20:39:09.883 15171-15171 AutofillManager         com.example.myapplication            V  notifyValueChanged(1073741955): ignoring on state FINISHED
2025-08-04 20:39:09.885 15171-15171 TextView                com.example.myapplication            V  notifyAutoFillManagerAfterTextChanged
2025-08-04 20:39:09.885 15171-15171 AutofillManager         com.example.myapplication            V  notifyValueChanged(1073741956): ignoring on state FINISHED
2025-08-04 20:39:09.886 15171-15171 TextView                com.example.myapplication            V  notifyAutoFillManagerAfterTextChanged
2025-08-04 20:39:09.886 15171-15171 AutofillManager         com.example.myapplication            V  notifyValueChanged(1073741956): ignoring on state FINISHED
2025-08-04 20:39:09.887 15171-15171 TextView                com.example.myapplication            V  notifyAutoFillManagerAfterTextChanged
2025-08-04 20:39:09.887 15171-15171 AutofillManager         com.example.myapplication            V  notifyValueChanged(1073741957): ignoring on state FINISHED
2025-08-04 20:39:09.888 15171-15171 TextView                com.example.myapplication            V  notifyAutoFillManagerAfterTextChanged
2025-08-04 20:39:09.888 15171-15171 AutofillManager         com.example.myapplication            V  notifyValueChanged(1073741957): ignoring on state FINISHED
2025-08-04 20:39:09.889 15171-15171 TextView                com.example.myapplication            V  notifyAutoFillManagerAfterTextChanged
2025-08-04 20:39:09.889 15171-15171 AutofillManager         com.example.myapplication            V  notifyValueChanged(1073741958): ignoring on state FINISHED
2025-08-04 20:39:09.890 15171-15171 TextView                com.example.myapplication            V  notifyAutoFillManagerAfterTextChanged
2025-08-04 20:39:09.890 15171-15171 AutofillManager         com.example.myapplication            V  notifyValueChanged(1073741958): ignoring on state FINISHED
2025-08-04 20:39:09.891 15171-15171 TextView                com.example.myapplication            V  notifyAutoFillManagerAfterTextChanged
2025-08-04 20:39:09.891 15171-15171 AutofillManager         com.example.myapplication            V  notifyValueChanged(1073741959): ignoring on state FINISHED
2025-08-04 20:39:09.891 15171-15171 TextView                com.example.myapplication            V  notifyAutoFillManagerAfterTextChanged
2025-08-04 20:39:09.892 15171-15171 AutofillManager         com.example.myapplication            V  notifyValueChanged(1073741959): ignoring on state FINISHED
2025-08-04 20:39:09.893 15171-15171 TextView                com.example.myapplication            V  notifyAutoFillManagerAfterTextChanged
2025-08-04 20:39:09.893 15171-15171 AutofillManager         com.example.myapplication            V  notifyValueChanged(1073741960): ignoring on state FINISHED
2025-08-04 20:39:09.893 15171-15171 TextView                com.example.myapplication            V  notifyAutoFillManagerAfterTextChanged
2025-08-04 20:39:09.893 15171-15171 AutofillManager         com.example.myapplication            V  notifyValueChanged(1073741960): ignoring on state FINISHED
2025-08-04 20:39:09.895 15171-15171 TextView                com.example.myapplication            V  notifyAutoFillManagerAfterTextChanged
2025-08-04 20:39:09.895 15171-15171 AutofillManager         com.example.myapplication            V  notifyValueChanged(1073741961): ignoring on state FINISHED
2025-08-04 20:39:09.895 15171-15171 TextView                com.example.myapplication            V  notifyAutoFillManagerAfterTextChanged
2025-08-04 20:39:09.895 15171-15171 AutofillManager         com.example.myapplication            V  notifyValueChanged(1073741961): ignoring on state FINISHED
2025-08-04 20:39:09.896 15171-15171 TextView                com.example.myapplication            V  notifyAutoFillManagerAfterTextChanged
2025-08-04 20:39:09.896 15171-15171 AutofillManager         com.example.myapplication            V  notifyValueChanged(1073741962): ignoring on state FINISHED
2025-08-04 20:39:09.897 15171-15171 TextView                com.example.myapplication            V  notifyAutoFillManagerAfterTextChanged
2025-08-04 20:39:09.897 15171-15171 AutofillManager         com.example.myapplication            V  notifyValueChanged(1073741962): ignoring on state FINISHED
2025-08-04 20:39:09.898 15171-15171 TextView                com.example.myapplication            V  notifyAutoFillManagerAfterTextChanged
2025-08-04 20:39:09.898 15171-15171 AutofillManager         com.example.myapplication            V  notifyValueChanged(1073741963): ignoring on state FINISHED
2025-08-04 20:39:09.898 15171-15171 TextView                com.example.myapplication            V  notifyAutoFillManagerAfterTextChanged
2025-08-04 20:39:09.898 15171-15171 AutofillManager         com.example.myapplication            V  notifyValueChanged(1073741963): ignoring on state FINISHED
2025-08-04 20:39:09.900 15171-15171 TextView                com.example.myapplication            V  notifyAutoFillManagerAfterTextChanged
2025-08-04 20:39:09.900 15171-15171 AutofillManager         com.example.myapplication            V  notifyValueChanged(1073741964): ignoring on state FINISHED
2025-08-04 20:39:09.900 15171-15171 TextView                com.example.myapplication            V  notifyAutoFillManagerAfterTextChanged
2025-08-04 20:39:09.900 15171-15171 AutofillManager         com.example.myapplication            V  notifyValueChanged(1073741964): ignoring on state FINISHED
2025-08-04 20:39:09.902 15171-15171 TextView                com.example.myapplication            V  notifyAutoFillManagerAfterTextChanged
2025-08-04 20:39:09.902 15171-15171 AutofillManager         com.example.myapplication            V  notifyValueChanged(1073741965): ignoring on state FINISHED
2025-08-04 20:39:09.902 15171-15171 TextView                com.example.myapplication            V  notifyAutoFillManagerAfterTextChanged
2025-08-04 20:39:09.902 15171-15171 AutofillManager         com.example.myapplication            V  notifyValueChanged(1073741965): ignoring on state FINISHED
2025-08-04 20:39:09.904 15171-15171 TextView                com.example.myapplication            V  notifyAutoFillManagerAfterTextChanged
2025-08-04 20:39:09.904 15171-15171 AutofillManager         com.example.myapplication            V  notifyValueChanged(1073741966): ignoring on state FINISHED
2025-08-04 20:39:09.904 15171-15171 TextView                com.example.myapplication            V  notifyAutoFillManagerAfterTextChanged
2025-08-04 20:39:09.904 15171-15171 AutofillManager         com.example.myapplication            V  notifyValueChanged(1073741966): ignoring on state FINISHED
2025-08-04 20:39:09.905 15171-15171 TextView                com.example.myapplication            V  notifyAutoFillManagerAfterTextChanged
2025-08-04 20:39:09.905 15171-15171 AutofillManager         com.example.myapplication            V  notifyValueChanged(1073741967): ignoring on state FINISHED
2025-08-04 20:39:09.906 15171-15171 TextView                com.example.myapplication            V  notifyAutoFillManagerAfterTextChanged
2025-08-04 20:39:09.906 15171-15171 AutofillManager         com.example.myapplication            V  notifyValueChanged(1073741967): ignoring on state FINISHED
2025-08-04 20:39:09.907 15171-15171 TextView                com.example.myapplication            V  notifyAutoFillManagerAfterTextChanged
2025-08-04 20:39:09.907 15171-15171 AutofillManager         com.example.myapplication            V  notifyValueChanged(1073741968): ignoring on state FINISHED
2025-08-04 20:39:09.908 15171-15171 TextView                com.example.myapplication            V  notifyAutoFillManagerAfterTextChanged
2025-08-04 20:39:09.908 15171-15171 AutofillManager         com.example.myapplication            V  notifyValueChanged(1073741968): ignoring on state FINISHED
2025-08-04 20:39:09.909 15171-15171 TextView                com.example.myapplication            V  notifyAutoFillManagerAfterTextChanged
2025-08-04 20:39:09.909 15171-15171 AutofillManager         com.example.myapplication            V  notifyValueChanged(1073741969): ignoring on state FINISHED
2025-08-04 20:39:09.909 15171-15171 TextView                com.example.myapplication            V  notifyAutoFillManagerAfterTextChanged
2025-08-04 20:39:09.909 15171-15171 AutofillManager         com.example.myapplication            V  notifyValueChanged(1073741969): ignoring on state FINISHED
2025-08-04 20:39:09.912 15171-15171 TextView                com.example.myapplication            V  notifyAutoFillManagerAfterTextChanged
2025-08-04 20:39:09.912 15171-15171 AutofillManager         com.example.myapplication            V  notifyValueChanged(1073741970): ignoring on state FINISHED
2025-08-04 20:39:09.912 15171-15171 TextView                com.example.myapplication            V  notifyAutoFillManagerAfterTextChanged
2025-08-04 20:39:09.912 15171-15171 AutofillManager         com.example.myapplication            V  notifyValueChanged(1073741970): ignoring on state FINISHED
2025-08-04 20:39:09.914 15171-15171 TextView                com.example.myapplication            V  notifyAutoFillManagerAfterTextChanged
2025-08-04 20:39:09.914 15171-15171 AutofillManager         com.example.myapplication            V  notifyValueChanged(1073741971): ignoring on state FINISHED
2025-08-04 20:39:09.914 15171-15171 TextView                com.example.myapplication            V  notifyAutoFillManagerAfterTextChanged
2025-08-04 20:39:09.914 15171-15171 AutofillManager         com.example.myapplication            V  notifyValueChanged(1073741971): ignoring on state FINISHED
2025-08-04 20:39:09.916 15171-15171 AutofillManager         com.example.myapplication            V  notifyValueChanged(1073741952): ignoring on state FINISHED
2025-08-04 20:39:09.916 15171-15171 BatchActivity           com.example.myapplication            D  📥 Установлен ответ для вопроса 1: вариант 1
2025-08-04 20:39:09.916 15171-15171 AutofillManager         com.example.myapplication            V  notifyValueChanged(1073741957): ignoring on state FINISHED
2025-08-04 20:39:09.917 15171-15171 BatchActivity           com.example.myapplication            D  📥 Установлен ответ для вопроса 2: вариант 2
2025-08-04 20:39:09.917 15171-15171 AutofillManager         com.example.myapplication            V  notifyValueChanged(1073741962): ignoring on state FINISHED
2025-08-04 20:39:09.917 15171-15171 BatchActivity           com.example.myapplication            D  📥 Установлен ответ для вопроса 3: вариант 3
2025-08-04 20:39:09.918 15171-15171 AutofillManager         com.example.myapplication            V  notifyValueChanged(1073741967): ignoring on state FINISHED
2025-08-04 20:39:09.918 15171-15171 BatchActivity           com.example.myapplication            D  📥 Установлен ответ для вопроса 4: вариант 4
2025-08-04 20:39:09.919 15171-15171 AutofillManager         com.example.myapplication            V  notifyValueChanged(1073741968): ignoring on state FINISHED
2025-08-04 20:39:09.919 15171-15171 BatchActivity           com.example.myapplication            D  📥 Установлен ответ для вопроса 5: вариант 1
2025-08-04 20:39:09.924 15171-15171 OplusScrollToTopManager com.example.myapplication            D  com.example.myapplication/com.example.myapplication.BatchActivity,window dying
2025-08-04 20:39:09.924 15171-15171 OplusScrollToTopManager com.example.myapplication            D  com.example.myapplication/com.example.myapplication.BatchActivity,unregisterSystemUIBroadcastReceiver 
2025-08-04 20:39:09.924 15171-15171 OplusScrollToTopManager com.example.myapplication            D  com.example.myapplication/com.example.myapplication.BatchActivity, unregisterSystemUIBroadcastReceiver failed java.lang.IllegalArgumentException: Receiver not registered: android.view.OplusScrollToTopManager$2@8a6c57b
2025-08-04 20:39:09.924 15171-15171 WindowOnBackDispatcher  com.example.myapplication            W  sendCancelIfRunning: isInProgress=false callback=android.view.ViewRootImpl$$ExternalSyntheticLambda11@7f4c0c0
2025-08-04 20:39:09.926 15171-15171 HWUI                    com.example.myapplication            D  RenderProxy::destroy: this=0xb400006de6b00400, mContext=0xb400006de3a0db00
2025-08-04 20:39:09.926 15171-15201 HWUI                    com.example.myapplication            D  SkiaOpenGLPipeline::setSurface: this=0xb400006e888efa00, surface=NULL
2025-08-04 20:39:09.927 15171-15201 HWUI                    com.example.myapplication            D  endAllActiveAnimators on 0xb400006de3a1cc00 (RippleDrawable) with handle 0xb400006de675b860
2025-08-04 20:39:09.934 15171-15271 BLASTBufferQueue        com.example.myapplication            D  [VRI[BatchActivity]#7](f:0,a:2) destructor()
2025-08-04 20:39:09.934 15171-15271 BufferQueueConsumer     com.example.myapplication            D  [VRI[BatchActivity]#7(BLAST Consumer)7](id:3b4300000007,api:0,p:-1,c:15171) disconnect
2025-08-04 20:39:09.957 15171-15201 HWUI                    com.example.myapplication            D  SkiaOpenGLPipeline::setSurface: this=0xb400006f41312880, surface=NULL
2025-08-04 20:39:09.959 15171-15201 HWUI                    com.example.myapplication            D  SkiaOpenGLPipeline::setSurface: this=0xb400006de6a830c0, surface=NULL
2025-08-04 20:39:09.960 15171-15171 InsetsController        com.example.myapplication            D  setRequestedVisibleTypes, mRequestedVisibleTypes: systemGestures mandatorySystemGestures tappableElement displayCutout windowDecor, requestedVisibleTypes: systemGestures mandatorySystemGestures tappableElement displayCutout windowDecor, visibleTypes: , type: 2, call: android.view.InsetsController.controlAnimationUnchecked:1477 android.view.InsetsController.applyAnimation:2191 android.view.InsetsController.applyAnimation:2161 android.view.InsetsController.onControlsChanged:1171 android.view.ViewRootImpl.handleInsetsControlChanged:2565 android.view.ViewRootImpl.-$$Nest$mhandleInsetsControlChanged:0 android.view.ViewRootImpl$ViewRootHandler.handleMessageImpl:7565 android.view.ViewRootImpl$ViewRootHandler.handleMessage:7504 android.os.Handler.dispatchMessage:107 android.os.Looper.loopOnce:282 
2025-08-04 20:39:09.962 15171-15171 callGcSupression        com.example.myapplication            D  java.lang.NullPointerException: Attempt to invoke virtual method 'java.lang.Object java.lang.reflect.Method.invoke(java.lang.Object, java.lang.Object[])' on a null object reference
2025-08-04 20:39:09.962 15171-15171 VRI[BatchActivity]      com.example.myapplication            W  handleResized abandoned!
2025-08-04 20:39:09.967 15171-15171 VRI[BatchActivity]      com.example.myapplication            D  onFocusEvent true
2025-08-04 20:39:10.332 15171-15171 InsetsController        com.example.myapplication            D  setRequestedVisibleTypes, mRequestedVisibleTypes: systemGestures mandatorySystemGestures tappableElement displayCutout windowDecor, requestedVisibleTypes: systemGestures mandatorySystemGestures tappableElement displayCutout windowDecor, visibleTypes: , type: 2, call: android.view.InsetsController.notifyFinished:1879 android.view.InsetsAnimationThreadControlRunner$1.lambda$notifyFinished$0:86 android.view.InsetsAnimationThreadControlRunner$1.$r8$lambda$cDFF0h4Ncq-8EXdGszv69jrUu7c:0 android.view.InsetsAnimationThreadControlRunner$1$$ExternalSyntheticLambda1.run:0 android.os.Handler.handleCallback:973 android.os.Handler.dispatchMessage:100 android.os.Looper.loopOnce:282 android.os.Looper.loop:387 android.app.ActivityThread.main:9500 java.lang.reflect.Method.invoke:-2 
2025-08-04 20:39:10.976 15171-15209 OplusScrollToTopManager com.example.myapplication            D  com.example.myapplication/com.example.myapplication.BatchActivity,This com.android.internal.policy.DecorView{430e389 V.E...... R....... 0,0-1080,2400 aid=1 alpha=1.0 viewInfo = }[BatchActivity] change focus to true
2025-08-04 20:39:16.019 15171-15171 AutofillManager         com.example.myapplication            V  requestHideFillUi(null): anchor = null
2025-08-04 20:39:16.148 15171-15171 callGcSupression        com.example.myapplication            D  java.lang.NullPointerException: Attempt to invoke virtual method 'java.lang.Object java.lang.reflect.Method.invoke(java.lang.Object, java.lang.Object[])' on a null object reference
2025-08-04 20:39:16.148 15171-15171 VRI[BatchActivity]      com.example.myapplication            W  handleResized abandoned!
2025-08-04 20:39:16.204 15171-15171 ScrollIdentify          com.example.myapplication            I  on fling
2025-08-04 20:39:16.758 15171-15171 callGcSupression        com.example.myapplication            D  java.lang.NullPointerException: Attempt to invoke virtual method 'java.lang.Object java.lang.reflect.Method.invoke(java.lang.Object, java.lang.Object[])' on a null object reference
2025-08-04 20:39:16.800 15171-15171 ScrollOpti...neManager] com.example.myapplication            D  updateCurrentActivity: mCurrentActivityName=null, isOptEnable=true, isAnimAheadEnable=true, isFrameInsertEnable=true, InsertNum=1, isEnabledForScrollChanged=false
2025-08-04 20:39:16.827 15171-15171 VRI[BatchActivity]      com.example.myapplication            D  onFocusEvent false
2025-08-04 20:39:17.364 15171-15183 VRI[BatchActivity]      com.example.myapplication            D  dispatchAppVisibility visible:false
2025-08-04 20:39:17.364 15171-15171 VRI[BatchActivity]      com.example.myapplication            D  visibilityChanged oldVisibility=true newVisibility=false
2025-08-04 20:39:17.370 15171-15171 HWUI                    com.example.myapplication            D  RenderProxy::destroy: this=0xb400006e87542300, mContext=0xb400006de7d8f600
2025-08-04 20:39:17.370 15171-15201 HWUI                    com.example.myapplication            D  SkiaOpenGLPipeline::setSurface: this=0xb400006f41312240, surface=NULL
2025-08-04 20:39:17.374 15171-15171 ViewRootImplExtImpl     com.example.myapplication            D  wrapConfigInfoIntoFlags rotation=0, smallestScreenWidthDp=360, relayoutAsync=false, flags=0, newFlags=23592960, residentWS=false, title=com.example.myapplication/com.example.myapplication.BatchActivity
2025-08-04 20:39:17.383 15171-15171 VRI[BatchActivity]      com.example.myapplication            D  relayoutWindow result, sizeChanged:false, surfaceControlChanged:true, transformHintChanged:false, mSurfaceSize:Point(1080, 2400), mLastSurfaceSize:Point(1080, 2400), mWidth:1080, mHeight:2400, requestedWidth:1080, requestedHeight:2400, transformHint:0, installOrientation:0, displayRotation:0, isSurfaceValid:false, attr.flag:-2122252032, tmpFrames:ClientWindowFrames{frame=[0,0][1080,2400] display=[0,0][1080,2400] parentFrame=[0,0][0,0]}, relayoutAsync:false, mSyncSeqId:0
2025-08-04 20:39:17.384 15171-15171 BLASTBufferQueue        com.example.myapplication            D  [VRI[BatchActivity]#1](f:0,a:1) destructor()
2025-08-04 20:39:17.385 15171-15171 BufferQueueConsumer     com.example.myapplication            D  [VRI[BatchActivity]#1(BLAST Consumer)1](id:3b4300000001,api:0,p:-1,c:15171) disconnect
2025-08-04 20:39:17.399 15171-15171 callGcSupression        com.example.myapplication            D  java.lang.NullPointerException: Attempt to invoke virtual method 'java.lang.Object java.lang.reflect.Method.invoke(java.lang.Object, java.lang.Object[])' on a null object reference
2025-08-04 20:39:17.408 15171-15171 VRI[BatchActivity]      com.example.myapplication            D  setWindowStopped stopped:true
2025-08-04 20:39:17.429 15171-15171 AutofillManager         com.example.myapplication            V  updateSessionLocked(): id=null, bounds=null, value=null, action=5, flags=0
2025-08-04 20:39:17.462 15171-15171 ViewRootImplExtImpl     com.example.myapplication            D  wrapConfigInfoIntoFlags rotation=0, smallestScreenWidthDp=360, relayoutAsync=false, flags=0, newFlags=23592960, residentWS=false, title=com.example.myapplication/com.example.myapplication.BatchActivity
2025-08-04 20:39:17.471 15171-15171 VRI[BatchActivity]      com.example.myapplication            D  relayoutWindow result, sizeChanged:false, surfaceControlChanged:true, transformHintChanged:false, mSurfaceSize:Point(1080, 2400), mLastSurfaceSize:Point(1080, 2400), mWidth:1080, mHeight:2400, requestedWidth:1080, requestedHeight:2400, transformHint:0, installOrientation:0, displayRotation:0, isSurfaceValid:false, attr.flag:-2122252032, tmpFrames:ClientWindowFrames{frame=[0,0][1080,2400] display=[0,0][1080,2400] parentFrame=[0,0][0,0]}, relayoutAsync:false, mSyncSeqId:0
2025-08-04 20:39:17.828 15171-15171 callGcSupression        com.example.myapplication            D  java.lang.NullPointerException: Attempt to invoke virtual method 'java.lang.Object java.lang.reflect.Method.invoke(java.lang.Object, java.lang.Object[])' on a null object reference
2025-08-04 20:39:17.836 15171-15171 OplusScrollToTopManager com.example.myapplication            D  com.example.myapplication/com.example.myapplication.MainActivity,window dying
2025-08-04 20:39:17.836 15171-15171 OplusScrollToTopManager com.example.myapplication            D  com.example.myapplication/com.example.myapplication.MainActivity,unregisterSystemUIBroadcastReceiver 
2025-08-04 20:39:17.836 15171-15171 OplusScrollToTopManager com.example.myapplication            D  com.example.myapplication/com.example.myapplication.MainActivity, unregisterSystemUIBroadcastReceiver failed java.lang.IllegalArgumentException: Receiver not registered: android.view.OplusScrollToTopManager$2@774490c
2025-08-04 20:39:17.837 15171-15171 WindowOnBackDispatcher  com.example.myapplication            W  sendCancelIfRunning: isInProgress=false callback=android.view.ViewRootImpl$$ExternalSyntheticLambda11@d11d5c6
2025-08-04 20:39:17.841 15171-15209 OplusScrollToTopManager com.example.myapplication            D  com.example.myapplication/com.example.myapplication.BatchActivity,This com.android.internal.policy.DecorView{430e389 I.E...... R.....ID 0,0-1080,2400 aid=1 alpha=1.0 viewInfo = }[BatchActivity] change focus to false
---------------------------- PROCESS ENDED (15171) for package com.example.myapplication ----------------------------
