2025-08-04 20:21:03.764 11576-11576 ReportsManager          com.example.myapplication            D  🔍 Расчет оценки: критерии=По процентам (по умолчанию), тип=PERCENTAGE
2025-08-04 20:21:03.764 11576-11576 ReportsManager          com.example.myapplication            D  📊 Процентная оценка: 4/10 = 40,0%
2025-08-04 20:21:03.764 11576-11576 ReportsManager          com.example.myapplication            D  📊 Критерии: {5=90.0..100.0, 4=75.0..89.99, 3=51.0..74.99, 2=0.0..50.99}
2025-08-04 20:21:03.764 11576-11576 ReportsManager          com.example.myapplication            D  📊 Результат оценки: 2
2025-08-04 20:21:03.765 11576-11576 ReportsManager          com.example.myapplication            D  📋 Создаем отчет: Пакетная обработка: 1000002176.jpg, текущие критерии: default
2025-08-04 20:21:03.767 11576-11576 ReportsManager          com.example.myapplication            D  💾 Сохраняем критерии: По процентам (по умолчанию) -> {"id":"default","name":"По процентам (по умолчанию)","type":"PERCENTAGE","maxPoints":0,"criteria":{"5":"90.0..100.0","4":"75.0..89.99","3":"51.0..74.99","2":"0.0..50.99"}}
2025-08-04 20:21:03.770 11576-11576 ReportsManager          com.example.myapplication            D  💾 Данные сохранены: 7 отчетов, 1 критериев
2025-08-04 20:21:03.770 11576-11576 ReportsManager          com.example.myapplication            D  📋 Добавлен отчет: Пакетная обработка: 1000002176.jpg (оценка: 2)
2025-08-04 20:21:03.770 11576-11576 BatchActivity           com.example.myapplication            D  📊 Формируем OMRResult для 1000002175.jpg:
2025-08-04 20:21:03.770 11576-11576 BatchActivity           com.example.myapplication            D     - totalQuestions: 10
2025-08-04 20:21:03.770 11576-11576 BatchActivity           com.example.myapplication            D     - selectedAnswers.size: 10
2025-08-04 20:21:03.770 11576-11576 BatchActivity           com.example.myapplication            D     - selectedAnswers: [4, 1, 4, 4, 4, 4, 2, 3, 4, 2]
2025-08-04 20:21:03.770 11576-11576 BatchActivity           com.example.myapplication            D     - grading: [0, 1, 0, 0, 1, 0, 1, 0, 0, 0]
2025-08-04 20:21:03.770 11576-11576 BatchActivity           com.example.myapplication            D     - correctAnswers: [0, 1, 2, 3, 4, 3, 2, 1, 0, 1]
2025-08-04 20:21:03.770 11576-11576 BatchActivity           com.example.myapplication            D     - errors: [ErrorDetail(questionNumber=1, selectedAnswer=5, correctAnswer=1), ErrorDetail(questionNumber=3, selectedAnswer=5, correctAnswer=3), ErrorDetail(questionNumber=4, selectedAnswer=5, correctAnswer=4), ErrorDetail(questionNumber=6, selectedAnswer=5, correctAnswer=4), ErrorDetail(questionNumber=8, selectedAnswer=4, correctAnswer=2), ErrorDetail(questionNumber=9, selectedAnswer=5, correctAnswer=1), ErrorDetail(questionNumber=10, selectedAnswer=3, correctAnswer=2)]
2025-08-04 20:21:03.770 11576-11576 BatchActivity           com.example.myapplication            D     - grading.size: 10
2025-08-04 20:21:03.770 11576-11576 ReportsManager          com.example.myapplication            D  🔍 Расчет оценки: критерии=По процентам (по умолчанию), тип=PERCENTAGE
2025-08-04 20:21:03.771 11576-11576 ReportsManager          com.example.myapplication            D  📊 Процентная оценка: 3/10 = 30,0%
2025-08-04 20:21:03.771 11576-11576 ReportsManager          com.example.myapplication            D  📊 Критерии: {5=90.0..100.0, 4=75.0..89.99, 3=51.0..74.99, 2=0.0..50.99}
2025-08-04 20:21:03.771 11576-11576 ReportsManager          com.example.myapplication            D  📊 Результат оценки: 2
2025-08-04 20:21:03.771 11576-11576 ReportsManager          com.example.myapplication            D  📋 Создаем отчет: Пакетная обработка: 1000002175.jpg, текущие критерии: default
2025-08-04 20:21:03.773 11576-11576 ReportsManager          com.example.myapplication            D  💾 Сохраняем критерии: По процентам (по умолчанию) -> {"id":"default","name":"По процентам (по умолчанию)","type":"PERCENTAGE","maxPoints":0,"criteria":{"5":"90.0..100.0","4":"75.0..89.99","3":"51.0..74.99","2":"0.0..50.99"}}
2025-08-04 20:21:03.776 11576-11576 ReportsManager          com.example.myapplication            D  💾 Данные сохранены: 8 отчетов, 1 критериев
2025-08-04 20:21:03.776 11576-11576 ReportsManager          com.example.myapplication            D  📋 Добавлен отчет: Пакетная обработка: 1000002175.jpg (оценка: 2)
2025-08-04 20:21:03.776 11576-11576 BatchActivity           com.example.myapplication            D  📊 Формируем OMRResult для 1000002174.jpg:
2025-08-04 20:21:03.776 11576-11576 BatchActivity           com.example.myapplication            D     - totalQuestions: 10
2025-08-04 20:21:03.776 11576-11576 BatchActivity           com.example.myapplication            D     - selectedAnswers.size: 10
2025-08-04 20:21:03.776 11576-11576 BatchActivity           com.example.myapplication            D     - selectedAnswers: [2, 3, 0, 2, 4, 2, 3, 3, 2, 1]
2025-08-04 20:21:03.776 11576-11576 BatchActivity           com.example.myapplication            D     - grading: [0, 0, 0, 0, 1, 0, 0, 0, 0, 1]
2025-08-04 20:21:03.776 11576-11576 BatchActivity           com.example.myapplication            D     - correctAnswers: [0, 1, 2, 3, 4, 3, 2, 1, 0, 1]
2025-08-04 20:21:03.776 11576-11576 BatchActivity           com.example.myapplication            D     - errors: [ErrorDetail(questionNumber=1, selectedAnswer=3, correctAnswer=1), ErrorDetail(questionNumber=2, selectedAnswer=4, correctAnswer=2), ErrorDetail(questionNumber=3, selectedAnswer=1, correctAnswer=3), ErrorDetail(questionNumber=4, selectedAnswer=3, correctAnswer=4), ErrorDetail(questionNumber=6, selectedAnswer=3, correctAnswer=4), ErrorDetail(questionNumber=7, selectedAnswer=4, correctAnswer=3), ErrorDetail(questionNumber=8, selectedAnswer=4, correctAnswer=2), ErrorDetail(questionNumber=9, selectedAnswer=3, correctAnswer=1)]
2025-08-04 20:21:03.776 11576-11576 BatchActivity           com.example.myapplication            D     - grading.size: 10
2025-08-04 20:21:03.776 11576-11576 ReportsManager          com.example.myapplication            D  🔍 Расчет оценки: критерии=По процентам (по умолчанию), тип=PERCENTAGE
2025-08-04 20:21:03.777 11576-11576 ReportsManager          com.example.myapplication            D  📊 Процентная оценка: 2/10 = 20,0%
2025-08-04 20:21:03.777 11576-11576 ReportsManager          com.example.myapplication            D  📊 Критерии: {5=90.0..100.0, 4=75.0..89.99, 3=51.0..74.99, 2=0.0..50.99}
2025-08-04 20:21:03.777 11576-11576 ReportsManager          com.example.myapplication            D  📊 Результат оценки: 2
2025-08-04 20:21:03.777 11576-11576 ReportsManager          com.example.myapplication            D  📋 Создаем отчет: Пакетная обработка: 1000002174.jpg, текущие критерии: default
2025-08-04 20:21:03.779 11576-11576 ReportsManager          com.example.myapplication            D  💾 Сохраняем критерии: По процентам (по умолчанию) -> {"id":"default","name":"По процентам (по умолчанию)","type":"PERCENTAGE","maxPoints":0,"criteria":{"5":"90.0..100.0","4":"75.0..89.99","3":"51.0..74.99","2":"0.0..50.99"}}
2025-08-04 20:21:03.782 11576-11576 ReportsManager          com.example.myapplication            D  💾 Данные сохранены: 9 отчетов, 1 критериев
2025-08-04 20:21:03.782 11576-11576 ReportsManager          com.example.myapplication            D  📋 Добавлен отчет: Пакетная обработка: 1000002174.jpg (оценка: 2)
2025-08-04 20:21:03.782 11576-11576 BatchActivity           com.example.myapplication            D  📊 Формируем OMRResult для 1000002173.jpg:
2025-08-04 20:21:03.782 11576-11576 BatchActivity           com.example.myapplication            D     - totalQuestions: 10
2025-08-04 20:21:03.782 11576-11576 BatchActivity           com.example.myapplication            D     - selectedAnswers.size: 10
2025-08-04 20:21:03.782 11576-11576 BatchActivity           com.example.myapplication            D     - selectedAnswers: [2, 1, 3, 3, 4, 0, 0, 0, 1, 0]
2025-08-04 20:21:03.782 11576-11576 BatchActivity           com.example.myapplication            D     - grading: [0, 1, 0, 1, 1, 0, 0, 0, 0, 0]
2025-08-04 20:21:03.782 11576-11576 BatchActivity           com.example.myapplication            D     - correctAnswers: [0, 1, 2, 3, 4, 3, 2, 1, 0, 1]
2025-08-04 20:21:03.783 11576-11576 BatchActivity           com.example.myapplication            D     - errors: [ErrorDetail(questionNumber=1, selectedAnswer=3, correctAnswer=1), ErrorDetail(questionNumber=3, selectedAnswer=4, correctAnswer=3), ErrorDetail(questionNumber=6, selectedAnswer=1, correctAnswer=4), ErrorDetail(questionNumber=7, selectedAnswer=1, correctAnswer=3), ErrorDetail(questionNumber=8, selectedAnswer=1, correctAnswer=2), ErrorDetail(questionNumber=9, selectedAnswer=2, correctAnswer=1), ErrorDetail(questionNumber=10, selectedAnswer=1, correctAnswer=2)]
2025-08-04 20:21:03.783 11576-11576 BatchActivity           com.example.myapplication            D     - grading.size: 10
2025-08-04 20:21:03.783 11576-11576 ReportsManager          com.example.myapplication            D  🔍 Расчет оценки: критерии=По процентам (по умолчанию), тип=PERCENTAGE
2025-08-04 20:21:03.783 11576-11576 ReportsManager          com.example.myapplication            D  📊 Процентная оценка: 3/10 = 30,0%
2025-08-04 20:21:03.784 11576-11576 ReportsManager          com.example.myapplication            D  📊 Критерии: {5=90.0..100.0, 4=75.0..89.99, 3=51.0..74.99, 2=0.0..50.99}
2025-08-04 20:21:03.784 11576-11576 ReportsManager          com.example.myapplication            D  📊 Результат оценки: 2
2025-08-04 20:21:03.784 11576-11576 ReportsManager          com.example.myapplication            D  📋 Создаем отчет: Пакетная обработка: 1000002173.jpg, текущие критерии: default
2025-08-04 20:21:03.787 11576-11576 ReportsManager          com.example.myapplication            D  💾 Сохраняем критерии: По процентам (по умолчанию) -> {"id":"default","name":"По процентам (по умолчанию)","type":"PERCENTAGE","maxPoints":0,"criteria":{"5":"90.0..100.0","4":"75.0..89.99","3":"51.0..74.99","2":"0.0..50.99"}}
2025-08-04 20:21:03.790 11576-11576 ReportsManager          com.example.myapplication            D  💾 Данные сохранены: 10 отчетов, 1 критериев
2025-08-04 20:21:03.790 11576-11576 ReportsManager          com.example.myapplication            D  📋 Добавлен отчет: Пакетная обработка: 1000002173.jpg (оценка: 2)
2025-08-04 20:21:03.790 11576-11576 BatchActivity           com.example.myapplication            D  📊 Формируем OMRResult для 1000002172.jpg:
2025-08-04 20:21:03.790 11576-11576 BatchActivity           com.example.myapplication            D     - totalQuestions: 10
2025-08-04 20:21:03.790 11576-11576 BatchActivity           com.example.myapplication            D     - selectedAnswers.size: 10
2025-08-04 20:21:03.790 11576-11576 BatchActivity           com.example.myapplication            D     - selectedAnswers: [2, 1, 1, 2, 2, 3, 3, 0, 0, 2]
2025-08-04 20:21:03.790 11576-11576 BatchActivity           com.example.myapplication            D     - grading: [0, 1, 0, 0, 0, 1, 0, 0, 1, 0]
2025-08-04 20:21:03.790 11576-11576 BatchActivity           com.example.myapplication            D     - correctAnswers: [0, 1, 2, 3, 4, 3, 2, 1, 0, 1]
2025-08-04 20:21:03.790 11576-11576 BatchActivity           com.example.myapplication            D     - errors: [ErrorDetail(questionNumber=1, selectedAnswer=3, correctAnswer=1), ErrorDetail(questionNumber=3, selectedAnswer=2, correctAnswer=3), ErrorDetail(questionNumber=4, selectedAnswer=3, correctAnswer=4), ErrorDetail(questionNumber=5, selectedAnswer=3, correctAnswer=5), ErrorDetail(questionNumber=7, selectedAnswer=4, correctAnswer=3), ErrorDetail(questionNumber=8, selectedAnswer=1, correctAnswer=2), ErrorDetail(questionNumber=10, selectedAnswer=3, correctAnswer=2)]
2025-08-04 20:21:03.790 11576-11576 BatchActivity           com.example.myapplication            D     - grading.size: 10
2025-08-04 20:21:03.791 11576-11576 ReportsManager          com.example.myapplication            D  🔍 Расчет оценки: критерии=По процентам (по умолчанию), тип=PERCENTAGE
2025-08-04 20:21:03.791 11576-11576 ReportsManager          com.example.myapplication            D  📊 Процентная оценка: 3/10 = 30,0%
2025-08-04 20:21:03.791 11576-11576 ReportsManager          com.example.myapplication            D  📊 Критерии: {5=90.0..100.0, 4=75.0..89.99, 3=51.0..74.99, 2=0.0..50.99}
2025-08-04 20:21:03.791 11576-11576 ReportsManager          com.example.myapplication            D  📊 Результат оценки: 2
2025-08-04 20:21:03.791 11576-11576 ReportsManager          com.example.myapplication            D  📋 Создаем отчет: Пакетная обработка: 1000002172.jpg, текущие критерии: default
2025-08-04 20:21:03.793 11576-11576 ReportsManager          com.example.myapplication            D  💾 Сохраняем критерии: По процентам (по умолчанию) -> {"id":"default","name":"По процентам (по умолчанию)","type":"PERCENTAGE","maxPoints":0,"criteria":{"5":"90.0..100.0","4":"75.0..89.99","3":"51.0..74.99","2":"0.0..50.99"}}
2025-08-04 20:21:03.797 11576-11576 ReportsManager          com.example.myapplication            D  💾 Данные сохранены: 11 отчетов, 1 критериев
2025-08-04 20:21:03.797 11576-11576 ReportsManager          com.example.myapplication            D  📋 Добавлен отчет: Пакетная обработка: 1000002172.jpg (оценка: 2)
2025-08-04 20:21:03.797 11576-11576 BatchActivity           com.example.myapplication            D  📊 Формируем OMRResult для 1000002171.jpg:
2025-08-04 20:21:03.797 11576-11576 BatchActivity           com.example.myapplication            D     - totalQuestions: 10
2025-08-04 20:21:03.797 11576-11576 BatchActivity           com.example.myapplication            D     - selectedAnswers.size: 10
2025-08-04 20:21:03.797 11576-11576 BatchActivity           com.example.myapplication            D     - selectedAnswers: [2, 2, 3, 1, 4, 0, 2, 3, 2, 1]
2025-08-04 20:21:03.797 11576-11576 BatchActivity           com.example.myapplication            D     - grading: [0, 0, 0, 0, 1, 0, 1, 0, 0, 1]
2025-08-04 20:21:03.797 11576-11576 BatchActivity           com.example.myapplication            D     - correctAnswers: [0, 1, 2, 3, 4, 3, 2, 1, 0, 1]
2025-08-04 20:21:03.797 11576-11576 BatchActivity           com.example.myapplication            D     - errors: [ErrorDetail(questionNumber=1, selectedAnswer=3, correctAnswer=1), ErrorDetail(questionNumber=2, selectedAnswer=3, correctAnswer=2), ErrorDetail(questionNumber=3, selectedAnswer=4, correctAnswer=3), ErrorDetail(questionNumber=4, selectedAnswer=2, correctAnswer=4), ErrorDetail(questionNumber=6, selectedAnswer=1, correctAnswer=4), ErrorDetail(questionNumber=8, selectedAnswer=4, correctAnswer=2), ErrorDetail(questionNumber=9, selectedAnswer=3, correctAnswer=1)]
2025-08-04 20:21:03.797 11576-11576 BatchActivity           com.example.myapplication            D     - grading.size: 10
2025-08-04 20:21:03.798 11576-11576 ReportsManager          com.example.myapplication            D  🔍 Расчет оценки: критерии=По процентам (по умолчанию), тип=PERCENTAGE
2025-08-04 20:21:03.798 11576-11576 ReportsManager          com.example.myapplication            D  📊 Процентная оценка: 3/10 = 30,0%
2025-08-04 20:21:03.800 11576-11576 ReportsManager          com.example.myapplication            D  📊 Критерии: {5=90.0..100.0, 4=75.0..89.99, 3=51.0..74.99, 2=0.0..50.99}
2025-08-04 20:21:03.800 11576-11576 ReportsManager          com.example.myapplication            D  📊 Результат оценки: 2
2025-08-04 20:21:03.800 11576-11576 ReportsManager          com.example.myapplication            D  📋 Создаем отчет: Пакетная обработка: 1000002171.jpg, текущие критерии: default
2025-08-04 20:21:03.803 11576-11576 ReportsManager          com.example.myapplication            D  💾 Сохраняем критерии: По процентам (по умолчанию) -> {"id":"default","name":"По процентам (по умолчанию)","type":"PERCENTAGE","maxPoints":0,"criteria":{"5":"90.0..100.0","4":"75.0..89.99","3":"51.0..74.99","2":"0.0..50.99"}}
2025-08-04 20:21:03.809 11576-11576 ReportsManager          com.example.myapplication            D  💾 Данные сохранены: 12 отчетов, 1 критериев
2025-08-04 20:21:03.809 11576-11576 ReportsManager          com.example.myapplication            D  📋 Добавлен отчет: Пакетная обработка: 1000002171.jpg (оценка: 2)
2025-08-04 20:21:03.809 11576-11576 BatchActivity           com.example.myapplication            D  📊 Формируем OMRResult для 1000002170.jpg:
2025-08-04 20:21:03.809 11576-11576 BatchActivity           com.example.myapplication            D     - totalQuestions: 10
2025-08-04 20:21:03.809 11576-11576 BatchActivity           com.example.myapplication            D     - selectedAnswers.size: 10
2025-08-04 20:21:03.809 11576-11576 BatchActivity           com.example.myapplication            D     - selectedAnswers: [2, 1, 2, 1, 4, 0, 2, 3, 1, 2]
2025-08-04 20:21:03.809 11576-11576 BatchActivity           com.example.myapplication            D     - grading: [0, 1, 1, 0, 1, 0, 1, 0, 0, 0]
2025-08-04 20:21:03.809 11576-11576 BatchActivity           com.example.myapplication            D     - correctAnswers: [0, 1, 2, 3, 4, 3, 2, 1, 0, 1]
2025-08-04 20:21:03.809 11576-11576 BatchActivity           com.example.myapplication            D     - errors: [ErrorDetail(questionNumber=1, selectedAnswer=3, correctAnswer=1), ErrorDetail(questionNumber=4, selectedAnswer=2, correctAnswer=4), ErrorDetail(questionNumber=6, selectedAnswer=1, correctAnswer=4), ErrorDetail(questionNumber=8, selectedAnswer=4, correctAnswer=2), ErrorDetail(questionNumber=9, selectedAnswer=2, correctAnswer=1), ErrorDetail(questionNumber=10, selectedAnswer=3, correctAnswer=2)]
2025-08-04 20:21:03.809 11576-11576 BatchActivity           com.example.myapplication            D     - grading.size: 10
2025-08-04 20:21:03.809 11576-11576 ReportsManager          com.example.myapplication            D  🔍 Расчет оценки: критерии=По процентам (по умолчанию), тип=PERCENTAGE
2025-08-04 20:21:03.810 11576-11576 ReportsManager          com.example.myapplication            D  📊 Процентная оценка: 4/10 = 40,0%
2025-08-04 20:21:03.810 11576-11576 ReportsManager          com.example.myapplication            D  📊 Критерии: {5=90.0..100.0, 4=75.0..89.99, 3=51.0..74.99, 2=0.0..50.99}
2025-08-04 20:21:03.810 11576-11576 ReportsManager          com.example.myapplication            D  📊 Результат оценки: 2
2025-08-04 20:21:03.810 11576-11576 ReportsManager          com.example.myapplication            D  📋 Создаем отчет: Пакетная обработка: 1000002170.jpg, текущие критерии: default
2025-08-04 20:21:03.811 11576-11576 ReportsManager          com.example.myapplication            D  💾 Сохраняем критерии: По процентам (по умолчанию) -> {"id":"default","name":"По процентам (по умолчанию)","type":"PERCENTAGE","maxPoints":0,"criteria":{"5":"90.0..100.0","4":"75.0..89.99","3":"51.0..74.99","2":"0.0..50.99"}}
2025-08-04 20:21:03.814 11576-11576 ReportsManager          com.example.myapplication            D  💾 Данные сохранены: 13 отчетов, 1 критериев
2025-08-04 20:21:03.814 11576-11576 ReportsManager          com.example.myapplication            D  📋 Добавлен отчет: Пакетная обработка: 1000002170.jpg (оценка: 2)
2025-08-04 20:21:03.814 11576-11576 BatchActivity           com.example.myapplication            D  📊 Формируем OMRResult для 1000002169.jpg:
2025-08-04 20:21:03.815 11576-11576 BatchActivity           com.example.myapplication            D     - totalQuestions: 10
2025-08-04 20:21:03.815 11576-11576 BatchActivity           com.example.myapplication            D     - selectedAnswers.size: 10
2025-08-04 20:21:03.815 11576-11576 BatchActivity           com.example.myapplication            D     - selectedAnswers: [2, 1, 2, 1, 4, 0, 2, 3, 1, 2]
2025-08-04 20:21:03.815 11576-11576 BatchActivity           com.example.myapplication            D     - grading: [0, 1, 1, 0, 1, 0, 1, 0, 0, 0]
2025-08-04 20:21:03.815 11576-11576 BatchActivity           com.example.myapplication            D     - correctAnswers: [0, 1, 2, 3, 4, 3, 2, 1, 0, 1]
2025-08-04 20:21:03.815 11576-11576 BatchActivity           com.example.myapplication            D     - errors: [ErrorDetail(questionNumber=1, selectedAnswer=3, correctAnswer=1), ErrorDetail(questionNumber=4, selectedAnswer=2, correctAnswer=4), ErrorDetail(questionNumber=6, selectedAnswer=1, correctAnswer=4), ErrorDetail(questionNumber=8, selectedAnswer=4, correctAnswer=2), ErrorDetail(questionNumber=9, selectedAnswer=2, correctAnswer=1), ErrorDetail(questionNumber=10, selectedAnswer=3, correctAnswer=2)]
2025-08-04 20:21:03.815 11576-11576 BatchActivity           com.example.myapplication            D     - grading.size: 10
2025-08-04 20:21:03.815 11576-11576 ReportsManager          com.example.myapplication            D  🔍 Расчет оценки: критерии=По процентам (по умолчанию), тип=PERCENTAGE
2025-08-04 20:21:03.815 11576-11576 ReportsManager          com.example.myapplication            D  📊 Процентная оценка: 4/10 = 40,0%
2025-08-04 20:21:03.815 11576-11576 ReportsManager          com.example.myapplication            D  📊 Критерии: {5=90.0..100.0, 4=75.0..89.99, 3=51.0..74.99, 2=0.0..50.99}
2025-08-04 20:21:03.815 11576-11576 ReportsManager          com.example.myapplication            D  📊 Результат оценки: 2
2025-08-04 20:21:03.815 11576-11576 ReportsManager          com.example.myapplication            D  📋 Создаем отчет: Пакетная обработка: 1000002169.jpg, текущие критерии: default
2025-08-04 20:21:03.816 11576-11576 ReportsManager          com.example.myapplication            D  💾 Сохраняем критерии: По процентам (по умолчанию) -> {"id":"default","name":"По процентам (по умолчанию)","type":"PERCENTAGE","maxPoints":0,"criteria":{"5":"90.0..100.0","4":"75.0..89.99","3":"51.0..74.99","2":"0.0..50.99"}}
2025-08-04 20:21:03.820 11576-11576 ReportsManager          com.example.myapplication            D  💾 Данные сохранены: 14 отчетов, 1 критериев
2025-08-04 20:21:03.820 11576-11576 ReportsManager          com.example.myapplication            D  📋 Добавлен отчет: Пакетная обработка: 1000002169.jpg (оценка: 2)
2025-08-04 20:21:03.820 11576-11576 BatchActivity           com.example.myapplication            D  📊 Формируем OMRResult для 1000002168.jpg:
2025-08-04 20:21:03.820 11576-11576 BatchActivity           com.example.myapplication            D     - totalQuestions: 10
2025-08-04 20:21:03.820 11576-11576 BatchActivity           com.example.myapplication            D     - selectedAnswers.size: 10
2025-08-04 20:21:03.820 11576-11576 BatchActivity           com.example.myapplication            D     - selectedAnswers: [2, 1, 2, 1, 4, 0, 2, 3, 1, 2]
2025-08-04 20:21:03.820 11576-11576 BatchActivity           com.example.myapplication            D     - grading: [0, 1, 1, 0, 1, 0, 1, 0, 0, 0]
2025-08-04 20:21:03.821 11576-11576 BatchActivity           com.example.myapplication            D     - correctAnswers: [0, 1, 2, 3, 4, 3, 2, 1, 0, 1]
2025-08-04 20:21:03.821 11576-11576 BatchActivity           com.example.myapplication            D     - errors: [ErrorDetail(questionNumber=1, selectedAnswer=3, correctAnswer=1), ErrorDetail(questionNumber=4, selectedAnswer=2, correctAnswer=4), ErrorDetail(questionNumber=6, selectedAnswer=1, correctAnswer=4), ErrorDetail(questionNumber=8, selectedAnswer=4, correctAnswer=2), ErrorDetail(questionNumber=9, selectedAnswer=2, correctAnswer=1), ErrorDetail(questionNumber=10, selectedAnswer=3, correctAnswer=2)]
2025-08-04 20:21:03.821 11576-11576 BatchActivity           com.example.myapplication            D     - grading.size: 10
2025-08-04 20:21:03.821 11576-11576 ReportsManager          com.example.myapplication            D  🔍 Расчет оценки: критерии=По процентам (по умолчанию), тип=PERCENTAGE
2025-08-04 20:21:03.821 11576-11576 ReportsManager          com.example.myapplication            D  📊 Процентная оценка: 4/10 = 40,0%
2025-08-04 20:21:03.821 11576-11576 ReportsManager          com.example.myapplication            D  📊 Критерии: {5=90.0..100.0, 4=75.0..89.99, 3=51.0..74.99, 2=0.0..50.99}
2025-08-04 20:21:03.821 11576-11576 ReportsManager          com.example.myapplication            D  📊 Результат оценки: 2
2025-08-04 20:21:03.821 11576-11576 ReportsManager          com.example.myapplication            D  📋 Создаем отчет: Пакетная обработка: 1000002168.jpg, текущие критерии: default
2025-08-04 20:21:03.823 11576-11576 ReportsManager          com.example.myapplication            D  💾 Сохраняем критерии: По процентам (по умолчанию) -> {"id":"default","name":"По процентам (по умолчанию)","type":"PERCENTAGE","maxPoints":0,"criteria":{"5":"90.0..100.0","4":"75.0..89.99","3":"51.0..74.99","2":"0.0..50.99"}}
2025-08-04 20:21:03.827 11576-11576 ReportsManager          com.example.myapplication            D  💾 Данные сохранены: 15 отчетов, 1 критериев
2025-08-04 20:21:03.827 11576-11576 ReportsManager          com.example.myapplication            D  📋 Добавлен отчет: Пакетная обработка: 1000002168.jpg (оценка: 2)
2025-08-04 20:21:03.827 11576-11576 BatchActivity           com.example.myapplication            D  📊 Формируем OMRResult для 1000002167.jpg:
2025-08-04 20:21:03.827 11576-11576 BatchActivity           com.example.myapplication            D     - totalQuestions: 10
2025-08-04 20:21:03.827 11576-11576 BatchActivity           com.example.myapplication            D     - selectedAnswers.size: 10
2025-08-04 20:21:03.827 11576-11576 BatchActivity           com.example.myapplication            D     - selectedAnswers: [2, 1, 2, 1, 4, 0, 2, 3, 1, 2]
2025-08-04 20:21:03.827 11576-11576 BatchActivity           com.example.myapplication            D     - grading: [0, 1, 1, 0, 1, 0, 1, 0, 0, 0]
2025-08-04 20:21:03.827 11576-11576 BatchActivity           com.example.myapplication            D     - correctAnswers: [0, 1, 2, 3, 4, 3, 2, 1, 0, 1]
2025-08-04 20:21:03.827 11576-11576 BatchActivity           com.example.myapplication            D     - errors: [ErrorDetail(questionNumber=1, selectedAnswer=3, correctAnswer=1), ErrorDetail(questionNumber=4, selectedAnswer=2, correctAnswer=4), ErrorDetail(questionNumber=6, selectedAnswer=1, correctAnswer=4), ErrorDetail(questionNumber=8, selectedAnswer=4, correctAnswer=2), ErrorDetail(questionNumber=9, selectedAnswer=2, correctAnswer=1), ErrorDetail(questionNumber=10, selectedAnswer=3, correctAnswer=2)]
2025-08-04 20:21:03.827 11576-11576 BatchActivity           com.example.myapplication            D     - grading.size: 10
2025-08-04 20:21:03.827 11576-11576 ReportsManager          com.example.myapplication            D  🔍 Расчет оценки: критерии=По процентам (по умолчанию), тип=PERCENTAGE
2025-08-04 20:21:03.827 11576-11576 ReportsManager          com.example.myapplication            D  📊 Процентная оценка: 4/10 = 40,0%
2025-08-04 20:21:03.828 11576-11576 ReportsManager          com.example.myapplication            D  📊 Критерии: {5=90.0..100.0, 4=75.0..89.99, 3=51.0..74.99, 2=0.0..50.99}
2025-08-04 20:21:03.828 11576-11576 ReportsManager          com.example.myapplication            D  📊 Результат оценки: 2
2025-08-04 20:21:03.828 11576-11576 ReportsManager          com.example.myapplication            D  📋 Создаем отчет: Пакетная обработка: 1000002167.jpg, текущие критерии: default
2025-08-04 20:21:03.829 11576-11576 ReportsManager          com.example.myapplication            D  💾 Сохраняем критерии: По процентам (по умолчанию) -> {"id":"default","name":"По процентам (по умолчанию)","type":"PERCENTAGE","maxPoints":0,"criteria":{"5":"90.0..100.0","4":"75.0..89.99","3":"51.0..74.99","2":"0.0..50.99"}}
2025-08-04 20:21:03.833 11576-11576 ReportsManager          com.example.myapplication            D  💾 Данные сохранены: 16 отчетов, 1 критериев
2025-08-04 20:21:03.833 11576-11576 ReportsManager          com.example.myapplication            D  📋 Добавлен отчет: Пакетная обработка: 1000002167.jpg (оценка: 2)
2025-08-04 20:21:03.834 11576-11576 BatchActivity           com.example.myapplication            D  📊 Формируем OMRResult для 1000002166.jpg:
2025-08-04 20:21:03.834 11576-11576 BatchActivity           com.example.myapplication            D     - totalQuestions: 10
2025-08-04 20:21:03.834 11576-11576 BatchActivity           com.example.myapplication            D     - selectedAnswers.size: 10
2025-08-04 20:21:03.834 11576-11576 BatchActivity           com.example.myapplication            D     - selectedAnswers: [2, 1, 2, 1, 4, 0, 2, 3, 1, 2]
2025-08-04 20:21:03.834 11576-11576 BatchActivity           com.example.myapplication            D     - grading: [0, 1, 1, 0, 1, 0, 1, 0, 0, 0]
2025-08-04 20:21:03.834 11576-11576 BatchActivity           com.example.myapplication            D     - correctAnswers: [0, 1, 2, 3, 4, 3, 2, 1, 0, 1]
2025-08-04 20:21:03.834 11576-11576 BatchActivity           com.example.myapplication            D     - errors: [ErrorDetail(questionNumber=1, selectedAnswer=3, correctAnswer=1), ErrorDetail(questionNumber=4, selectedAnswer=2, correctAnswer=4), ErrorDetail(questionNumber=6, selectedAnswer=1, correctAnswer=4), ErrorDetail(questionNumber=8, selectedAnswer=4, correctAnswer=2), ErrorDetail(questionNumber=9, selectedAnswer=2, correctAnswer=1), ErrorDetail(questionNumber=10, selectedAnswer=3, correctAnswer=2)]
2025-08-04 20:21:03.834 11576-11576 BatchActivity           com.example.myapplication            D     - grading.size: 10
2025-08-04 20:21:03.834 11576-11576 ReportsManager          com.example.myapplication            D  🔍 Расчет оценки: критерии=По процентам (по умолчанию), тип=PERCENTAGE
2025-08-04 20:21:03.834 11576-11576 ReportsManager          com.example.myapplication            D  📊 Процентная оценка: 4/10 = 40,0%
2025-08-04 20:21:03.834 11576-11576 ReportsManager          com.example.myapplication            D  📊 Критерии: {5=90.0..100.0, 4=75.0..89.99, 3=51.0..74.99, 2=0.0..50.99}
2025-08-04 20:21:03.834 11576-11576 ReportsManager          com.example.myapplication            D  📊 Результат оценки: 2
2025-08-04 20:21:03.834 11576-11576 ReportsManager          com.example.myapplication            D  📋 Создаем отчет: Пакетная обработка: 1000002166.jpg, текущие критерии: default
2025-08-04 20:21:03.836 11576-11576 ReportsManager          com.example.myapplication            D  💾 Сохраняем критерии: По процентам (по умолчанию) -> {"id":"default","name":"По процентам (по умолчанию)","type":"PERCENTAGE","maxPoints":0,"criteria":{"5":"90.0..100.0","4":"75.0..89.99","3":"51.0..74.99","2":"0.0..50.99"}}
2025-08-04 20:21:03.840 11576-11576 ReportsManager          com.example.myapplication            D  💾 Данные сохранены: 17 отчетов, 1 критериев
2025-08-04 20:21:03.840 11576-11576 ReportsManager          com.example.myapplication            D  📋 Добавлен отчет: Пакетная обработка: 1000002166.jpg (оценка: 2)
2025-08-04 20:21:06.040 11576-11576 AutofillManager         com.example.myapplication            V  requestHideFillUi(null): anchor = null
2025-08-04 20:21:06.140 11576-11576 ViewRootImplExtImpl     com.example.myapplication            D  the up motion event handled by client, just return
2025-08-04 20:21:06.182 11576-11576 oplus.andr...actoryImpl com.example.myapplication            I  get feature:IOplusDynamicVsyncFeature
2025-08-04 20:21:06.182 11576-11576 oplus.andr...actoryImpl com.example.myapplication            I  get feature:IOplusDynamicVsyncFeature
2025-08-04 20:21:06.182 11576-11576 oplus.andr...actoryImpl com.example.myapplication            I  get feature:IOplusDynamicVsyncFeature
2025-08-04 20:21:06.196 11576-11576 oplus.andr...actoryImpl com.example.myapplication            I  get feature:IOplusDynamicVsyncFeature
2025-08-04 20:21:06.196 11576-11576 oplus.andr...actoryImpl com.example.myapplication            I  get feature:IOplusDynamicVsyncFeature
2025-08-04 20:21:06.196 11576-11576 oplus.andr...actoryImpl com.example.myapplication            I  get feature:IOplusDynamicVsyncFeature
2025-08-04 20:21:06.247 11576-11576 oplus.andr...actoryImpl com.example.myapplication            I  get feature:IOplusDynamicVsyncFeature
2025-08-04 20:21:06.247 11576-11576 oplus.andr...actoryImpl com.example.myapplication            I  get feature:IOplusDynamicVsyncFeature
2025-08-04 20:21:06.247 11576-11576 oplus.andr...actoryImpl com.example.myapplication            I  get feature:IOplusDynamicVsyncFeature
2025-08-04 20:21:06.252 11576-11576 oplus.andr...actoryImpl com.example.myapplication            I  get feature:IOplusDynamicVsyncFeature
2025-08-04 20:21:06.253 11576-11576 oplus.andr...actoryImpl com.example.myapplication            I  get feature:IOplusDynamicVsyncFeature
2025-08-04 20:21:06.253 11576-11576 oplus.andr...actoryImpl com.example.myapplication            I  get feature:IOplusDynamicVsyncFeature
2025-08-04 20:21:06.281 11576-11576 WindowManager           com.example.myapplication            D  Add to mViews: com.android.internal.policy.DecorView{2f96d5e V.E...... R.....I. 0,0-0,0 alpha=1.0 viewInfo = }[BatchActivity],pkg= com.example.myapplication
2025-08-04 20:21:06.281 11576-11646 skia                    com.example.myapplication            D  setRusSupported enable 0
2025-08-04 20:21:06.294 11576-11576 ViewRootImplExtImpl     com.example.myapplication            D  onDisplayChanged -1 for VRI android.view.ViewRootImpl@4958355
2025-08-04 20:21:06.299 11576-11576 OplusBracketLog         com.example.myapplication            E  [OplusViewMirrorManager] updateHostViewRootIfNeeded, not support android.view.ViewRootImpl@4958355
2025-08-04 20:21:06.352 11576-11576 InsetsController        com.example.myapplication            D  setRequestedVisibleTypes, mRequestedVisibleTypes: statusBars navigationBars captionBar systemGestures mandatorySystemGestures tappableElement displayCutout windowDecor systemOverlays, requestedVisibleTypes: statusBars navigationBars captionBar systemGestures mandatorySystemGestures tappableElement displayCutout windowDecor systemOverlays, visibleTypes: navigationBars, type: 2, call: android.view.InsetsController.controlAnimationUnchecked:1477 android.view.InsetsController.applyAnimation:2191 android.view.InsetsController.applyAnimation:2161 android.view.InsetsController.onControlsChanged:1163 android.view.ViewRootImpl.relayoutWindow:10356 android.view.ViewRootImpl.performTraversals:4151 android.view.ViewRootImpl.doTraversal:3313 android.view.ViewRootImpl$TraversalRunnable.run:11495 android.view.Choreographer$CallbackRecord.run:1621 android.view.Choreographer$CallbackRecord.run:1630 
2025-08-04 20:21:06.354 11576-11576 BufferQueueConsumer     com.example.myapplication            D  [](id:2d3800000002,api:0,p:-1,c:11576) connect: controlledByApp=false
2025-08-04 20:21:06.372 11576-11576 SurfaceControl          com.example.myapplication            I   setExtendedRangeBrightness sc=Surface(name=com.example.myapplication/com.example.myapplication.BatchActivity)/@0xe945534,currentBufferRatio=1.0,desiredRatio=1.0
2025-08-04 20:21:06.396 11576-11646 BLASTBufferQueue        com.example.myapplication            D  [VRI[BatchActivity]#2](f:0,a:1) acquireNextBufferLocked size=1218x2340 mFrameNumber=1 applyTransaction=true mTimestamp=1428781015505699(auto) mPendingTransactions.size=0 graphicBufferId=49718541418506 transform=0
2025-08-04 20:21:06.397 11576-11646 VRI[BatchActivity]      com.example.myapplication            D  Received frameCommittedCallback lastAttemptedDrawFrameNum=1 didProduceBuffer=true syncBuffer=false
2025-08-04 20:21:06.398 11576-11576 VRI[BatchActivity]      com.example.myapplication            D  draw finished. seqId=0
2025-08-04 20:21:06.398 11576-11576 ViewRootImplExtImpl     com.example.myapplication            D  setMaxDequeuedBufferCount: 2
2025-08-04 20:21:06.399 11576-11576 VRI[BatchActivity]      com.example.myapplication            D  onFocusEvent false
2025-08-04 20:21:06.406 11576-11576 callGcSupression        com.example.myapplication            D  java.lang.NullPointerException: Attempt to invoke virtual method 'java.lang.Object java.lang.reflect.Method.invoke(java.lang.Object, java.lang.Object[])' on a null object reference
2025-08-04 20:21:06.406 11576-11576 VRI[BatchActivity]      com.example.myapplication            W  handleResized abandoned!
2025-08-04 20:21:06.407 11576-11576 callGcSupression        com.example.myapplication            D  java.lang.NullPointerException: Attempt to invoke virtual method 'java.lang.Object java.lang.reflect.Method.invoke(java.lang.Object, java.lang.Object[])' on a null object reference
2025-08-04 20:21:06.504 11576-11646 VRI[BatchActivity]      com.example.myapplication            D  Received frameCommittedCallback lastAttemptedDrawFrameNum=3 didProduceBuffer=true syncBuffer=false
2025-08-04 20:21:06.505 11576-11576 VRI[BatchActivity]      com.example.myapplication            D  draw finished. seqId=0
2025-08-04 20:21:06.506 11576-11576 VRI[BatchActivity]      com.example.myapplication            D  onFocusEvent true
2025-08-04 20:21:06.643 11576-11576 InsetsController        com.example.myapplication            D  setRequestedVisibleTypes, mRequestedVisibleTypes: statusBars navigationBars captionBar systemGestures mandatorySystemGestures tappableElement displayCutout windowDecor systemOverlays, requestedVisibleTypes: statusBars navigationBars captionBar systemGestures mandatorySystemGestures tappableElement displayCutout windowDecor systemOverlays, visibleTypes: navigationBars, type: 2, call: android.view.InsetsController.notifyFinished:1879 android.view.InsetsAnimationThreadControlRunner$1.lambda$notifyFinished$0:86 android.view.InsetsAnimationThreadControlRunner$1.$r8$lambda$cDFF0h4Ncq-8EXdGszv69jrUu7c:0 android.view.InsetsAnimationThreadControlRunner$1$$ExternalSyntheticLambda1.run:0 android.os.Handler.handleCallback:973 android.os.Handler.dispatchMessage:100 android.os.Looper.loopOnce:282 android.os.Looper.loop:387 android.app.ActivityThread.main:9500 java.lang.reflect.Method.invoke:-2 
2025-08-04 20:21:07.162 11576-11576 AutofillManager         com.example.myapplication            V  requestHideFillUi(null): anchor = null
2025-08-04 20:21:07.312 11576-11576 OplusViewDebugManager   com.example.myapplication            D  OplusViewDebugManager Constructor android.view.debug.OplusViewDebugManager@35a0631 [mHasViewDebugProperty true] [mHasMsgDebugProperty false] [DEBUG false] [EXTRAINFOENABLE false] [LIGHT_OS true]
2025-08-04 20:21:07.312 11576-11576 OplusViewDebugManager   com.example.myapplication            D  OplusViewDebugManager Constructor android.view.debug.OplusViewDebugManager@61dc116 [mHasViewDebugProperty true] [mHasMsgDebugProperty false] [DEBUG false] [EXTRAINFOENABLE false] [LIGHT_OS true]
2025-08-04 20:21:07.313 11576-11576 ScrollIdentify          com.example.myapplication            I  on fling
2025-08-04 20:21:07.313 11576-11576 ViewRootImplExtImpl     com.example.myapplication            D  the up motion event handled by client, just return
2025-08-04 20:21:07.408 11576-11656 OplusScrollToTopManager com.example.myapplication            D  com.example.myapplication/com.example.myapplication.BatchActivity,This com.android.internal.policy.DecorView{9c11b8d V.E...... R....... 0,0-1080,2400 aid=1 alpha=1.0 viewInfo = }[BatchActivity] change focus to false
2025-08-04 20:21:07.515 11576-11656 OplusScrollToTopManager com.example.myapplication            D  com.example.myapplication/com.example.myapplication.BatchActivity,This com.android.internal.policy.DecorView{2f96d5e V.E...... R....... 0,0-1026,2148 alpha=1.0 viewInfo = }[BatchActivity] change focus to true
2025-08-04 20:21:08.202 11576-11576 AutofillManager         com.example.myapplication            V  requestHideFillUi(null): anchor = null
2025-08-04 20:21:08.440 11576-11576 VelocityTracker         com.example.myapplication            I  LSQ2 speed rezero
2025-08-04 20:21:08.440 11576-11576 VelocityTracker         com.example.myapplication            I  LSQ2 speed rezero
2025-08-04 20:21:08.440 11576-11576 VelocityTracker         com.example.myapplication            I  LSQ2 speed rezero
2025-08-04 20:21:08.441 11576-11576 ViewRootImplExtImpl     com.example.myapplication            D  the up motion event handled by client, just return
2025-08-04 20:21:13.180 11576-11576 AutofillManager         com.example.myapplication            V  requestHideFillUi(null): anchor = null
2025-08-04 20:21:13.408 11576-11576 ScrollIdentify          com.example.myapplication            I  on fling
2025-08-04 20:21:13.408 11576-11576 ViewRootImplExtImpl     com.example.myapplication            D  the up motion event handled by client, just return
2025-08-04 20:21:14.315 11576-11576 AutofillManager         com.example.myapplication            V  requestHideFillUi(null): anchor = null
2025-08-04 20:21:14.528 11576-11576 ScrollIdentify          com.example.myapplication            I  on fling
2025-08-04 20:21:14.528 11576-11576 ViewRootImplExtImpl     com.example.myapplication            D  the up motion event handled by client, just return
2025-08-04 20:21:24.581 11576-11576 AutofillManager         com.example.myapplication            V  requestHideFillUi(null): anchor = null
2025-08-04 20:21:24.674 11576-11576 ViewRootImplExtImpl     com.example.myapplication            D  the up motion event handled by client, just return
2025-08-04 20:21:24.685 11576-11576 OplusScrollToTopManager com.example.myapplication            D  com.example.myapplication/com.example.myapplication.BatchActivity,window dying
2025-08-04 20:21:24.685 11576-11576 OplusScrollToTopManager com.example.myapplication            D  com.example.myapplication/com.example.myapplication.BatchActivity,unregisterSystemUIBroadcastReceiver 
2025-08-04 20:21:24.686 11576-11576 OplusScrollToTopManager com.example.myapplication            D  com.example.myapplication/com.example.myapplication.BatchActivity, unregisterSystemUIBroadcastReceiver failed java.lang.IllegalArgumentException: Receiver not registered: android.view.OplusScrollToTopManager$2@8238484
2025-08-04 20:21:24.686 11576-11576 WindowOnBackDispatcher  com.example.myapplication            W  sendCancelIfRunning: isInProgress=false callback=android.view.ViewRootImpl$$ExternalSyntheticLambda11@bfa165b
2025-08-04 20:21:24.699 11576-11576 HWUI                    com.example.myapplication            D  RenderProxy::destroy: this=0xb400006e8854bd00, mContext=0xb400006de2ef3800
2025-08-04 20:21:24.699 11576-11646 HWUI                    com.example.myapplication            D  SkiaOpenGLPipeline::setSurface: this=0xb400006e8ad42480, surface=NULL
2025-08-04 20:21:24.704 11576-11646 HWUI                    com.example.myapplication            D  endAllActiveAnimators on 0xb400006de27ee000 (RippleDrawable) with handle 0xb400006de6ad3ca0
2025-08-04 20:21:24.733 11576-11591 BLASTBufferQueue        com.example.myapplication            D  [VRI[BatchActivity]#2](f:0,a:2) destructor()
2025-08-04 20:21:24.733 11576-11591 BufferQueueConsumer     com.example.myapplication            D  [VRI[BatchActivity]#2(BLAST Consumer)2](id:2d3800000002,api:0,p:-1,c:11576) disconnect
2025-08-04 20:21:24.736 11576-11576 InsetsController        com.example.myapplication            D  setRequestedVisibleTypes, mRequestedVisibleTypes: systemGestures mandatorySystemGestures tappableElement displayCutout windowDecor, requestedVisibleTypes: systemGestures mandatorySystemGestures tappableElement displayCutout windowDecor, visibleTypes: , type: 2, call: android.view.InsetsController.controlAnimationUnchecked:1477 android.view.InsetsController.applyAnimation:2191 android.view.InsetsController.applyAnimation:2161 android.view.InsetsController.onControlsChanged:1171 android.view.ViewRootImpl.handleInsetsControlChanged:2565 android.view.ViewRootImpl.-$$Nest$mhandleInsetsControlChanged:0 android.view.ViewRootImpl$ViewRootHandler.handleMessageImpl:7565 android.view.ViewRootImpl$ViewRootHandler.handleMessage:7504 android.os.Handler.dispatchMessage:107 android.os.Looper.loopOnce:282 
2025-08-04 20:21:24.743 11576-11576 callGcSupression        com.example.myapplication            D  java.lang.NullPointerException: Attempt to invoke virtual method 'java.lang.Object java.lang.reflect.Method.invoke(java.lang.Object, java.lang.Object[])' on a null object reference
2025-08-04 20:21:24.743 11576-11576 VRI[BatchActivity]      com.example.myapplication            W  handleResized abandoned!
2025-08-04 20:21:24.751 11576-11576 VRI[BatchActivity]      com.example.myapplication            D  onFocusEvent true
2025-08-04 20:21:25.095 11576-11576 InsetsController        com.example.myapplication            D  setRequestedVisibleTypes, mRequestedVisibleTypes: systemGestures mandatorySystemGestures tappableElement displayCutout windowDecor, requestedVisibleTypes: systemGestures mandatorySystemGestures tappableElement displayCutout windowDecor, visibleTypes: , type: 2, call: android.view.InsetsController.notifyFinished:1879 android.view.InsetsAnimationThreadControlRunner$1.lambda$notifyFinished$0:86 android.view.InsetsAnimationThreadControlRunner$1.$r8$lambda$cDFF0h4Ncq-8EXdGszv69jrUu7c:0 android.view.InsetsAnimationThreadControlRunner$1$$ExternalSyntheticLambda1.run:0 android.os.Handler.handleCallback:973 android.os.Handler.dispatchMessage:100 android.os.Looper.loopOnce:282 android.os.Looper.loop:387 android.app.ActivityThread.main:9500 java.lang.reflect.Method.invoke:-2 
2025-08-04 20:21:25.497 11576-11576 AutofillManager         com.example.myapplication            V  requestHideFillUi(null): anchor = null
2025-08-04 20:21:25.637 11576-11576 ScrollIdentify          com.example.myapplication            I  on fling
2025-08-04 20:21:25.638 11576-11576 ViewRootImplExtImpl     com.example.myapplication            D  the up motion event handled by client, just return
2025-08-04 20:21:25.753 11576-11656 OplusScrollToTopManager com.example.myapplication            D  com.example.myapplication/com.example.myapplication.BatchActivity,This com.android.internal.policy.DecorView{9c11b8d V.E...... R......D 0,0-1080,2400 aid=1 alpha=1.0 viewInfo = }[BatchActivity] change focus to true
2025-08-04 20:21:25.793 11576-11576 AutofillManager         com.example.myapplication            V  requestHideFillUi(null): anchor = null
2025-08-04 20:21:26.008 11576-11576 ScrollIdentify          com.example.myapplication            I  on fling
2025-08-04 20:21:26.008 11576-11576 ViewRootImplExtImpl     com.example.myapplication            D  the up motion event handled by client, just return
2025-08-04 20:21:26.212 11576-11576 AutofillManager         com.example.myapplication            V  requestHideFillUi(null): anchor = null
2025-08-04 20:21:26.642 11576-11576 ScrollIdentify          com.example.myapplication            I  on fling
2025-08-04 20:21:26.642 11576-11576 ViewRootImplExtImpl     com.example.myapplication            D  the up motion event handled by client, just return
2025-08-04 20:21:26.897 11576-11576 AutofillManager         com.example.myapplication            V  requestHideFillUi(null): anchor = null
2025-08-04 20:21:27.276 11576-11576 ScrollIdentify          com.example.myapplication            I  on fling
2025-08-04 20:21:27.277 11576-11576 ViewRootImplExtImpl     com.example.myapplication            D  the up motion event handled by client, just return
2025-08-04 20:21:27.518 11576-11576 AutofillManager         com.example.myapplication            V  requestHideFillUi(null): anchor = null
2025-08-04 20:21:27.885 11576-11576 ScrollIdentify          com.example.myapplication            I  on fling
2025-08-04 20:21:27.885 11576-11576 ViewRootImplExtImpl     com.example.myapplication            D  the up motion event handled by client, just return
2025-08-04 20:21:28.091 11576-11576 AutofillManager         com.example.myapplication            V  requestHideFillUi(null): anchor = null
2025-08-04 20:21:28.744 11576-11576 ScrollIdentify          com.example.myapplication            I  on fling
2025-08-04 20:21:28.744 11576-11576 ViewRootImplExtImpl     com.example.myapplication            D  the up motion event handled by client, just return
2025-08-04 20:21:29.205 11576-11576 AutofillManager         com.example.myapplication            V  requestHideFillUi(null): anchor = null
2025-08-04 20:21:29.437 11576-11576 ScrollIdentify          com.example.myapplication            I  on fling
2025-08-04 20:21:29.438 11576-11576 ViewRootImplExtImpl     com.example.myapplication            D  the up motion event handled by client, just return
2025-08-04 20:21:30.146 11576-11576 AutofillManager         com.example.myapplication            V  requestHideFillUi(null): anchor = null
2025-08-04 20:21:30.319 11576-11576 ScrollIdentify          com.example.myapplication            I  on fling
2025-08-04 20:21:30.319 11576-11576 ViewRootImplExtImpl     com.example.myapplication            D  the up motion event handled by client, just return
2025-08-04 20:21:31.136 11576-11576 AutofillManager         com.example.myapplication            V  requestHideFillUi(null): anchor = null
2025-08-04 20:21:31.210 11576-11576 ScrollIdentify          com.example.myapplication            I  on fling
2025-08-04 20:21:31.210 11576-11576 ViewRootImplExtImpl     com.example.myapplication            D  the up motion event handled by client, just return
2025-08-04 20:21:31.521 11576-11576 AutofillManager         com.example.myapplication            V  requestHideFillUi(null): anchor = null
2025-08-04 20:21:31.588 11576-11576 ScrollIdentify          com.example.myapplication            I  on fling
2025-08-04 20:21:31.588 11576-11576 ViewRootImplExtImpl     com.example.myapplication            D  the up motion event handled by client, just return
2025-08-04 20:21:34.282 11576-11576 AutofillManager         com.example.myapplication            V  requestHideFillUi(null): anchor = null
2025-08-04 20:21:34.368 11576-11576 VelocityTracker         com.example.myapplication            I  LSQ2 speed rezero
2025-08-04 20:21:34.368 11576-11576 VelocityTracker         com.example.myapplication            I  LSQ2 speed rezero
