2025-08-04 20:21:34.368 11576-11576 ScrollIdentify          com.example.myapplication            I  on fling
2025-08-04 20:21:34.822 11576-11576 AutofillManager         com.example.myapplication            V  requestHideFillUi(null): anchor = null
2025-08-04 20:21:34.914 11576-11576 callGcSupression        com.example.myapplication            D  java.lang.NullPointerException: Attempt to invoke virtual method 'java.lang.Object java.lang.reflect.Method.invoke(java.lang.Object, java.lang.Object[])' on a null object reference
2025-08-04 20:21:34.915 11576-11576 VRI[BatchActivity]      com.example.myapplication            W  handleResized abandoned!
2025-08-04 20:21:34.960 11576-11576 ScrollIdentify          com.example.myapplication            I  on fling
2025-08-04 20:21:35.610 11576-11576 Activity                com.example.myapplication            D  dispatchKeyEvent to com.example.myapplication.BatchActivity@1054672 will call onBackPressed
2025-08-04 20:21:35.610 11576-11576 Activity                com.example.myapplication            D  com.example.myapplication.BatchActivity@1054672onBackPressed!
2025-08-04 20:21:35.620 11576-11576 callGcSupression        com.example.myapplication            D  java.lang.NullPointerException: Attempt to invoke virtual method 'java.lang.Object java.lang.reflect.Method.invoke(java.lang.Object, java.lang.Object[])' on a null object reference
2025-08-04 20:21:35.621 11576-11576 ScrollOpti...neManager] com.example.myapplication            D  updateCurrentActivity: mCurrentActivityName=null, isOptEnable=true, isAnimAheadEnable=true, isFrameInsertEnable=true, InsertNum=1, isEnabledForScrollChanged=false
2025-08-04 20:21:35.625 11576-11971 VRI[MainActivity]       com.example.myapplication            D  dispatchAppVisibility visible:true
2025-08-04 20:21:35.638 11576-11576 callGcSupression        com.example.myapplication            D  java.lang.NullPointerException: Attempt to invoke virtual method 'java.lang.Object java.lang.reflect.Method.invoke(java.lang.Object, java.lang.Object[])' on a null object reference
2025-08-04 20:21:35.638 11576-11576 VRI[MainActivity]       com.example.myapplication            D  setWindowStopped stopped:false
2025-08-04 20:21:35.640 11576-11576 ScrollOpti...neManager] com.example.myapplication            D  updateCurrentActivity: mCurrentActivityName=com.example.myapplication.MainActivity, isOptEnable=true, isAnimAheadEnable=true, isFrameInsertEnable=true, InsertNum=1, isEnabledForScrollChanged=false
2025-08-04 20:21:35.640 11576-11576 ActivityThread          com.example.myapplication            D  ComponentInfo{com.example.myapplication/com.example.myapplication.MainActivity} checkFinished=false 2
2025-08-04 20:21:35.640 11576-11576 ResourcesManagerExtImpl com.example.myapplication            D  applyConfigurationToAppResourcesLocked app.getDisplayId() return callback.displayId:0
2025-08-04 20:21:35.654 11576-11576 ViewRootImplExtImpl     com.example.myapplication            D  wrapConfigInfoIntoFlags rotation=0, smallestScreenWidthDp=360, relayoutAsync=false, flags=0, newFlags=23592960, residentWS=false, title=com.example.myapplication/com.example.myapplication.MainActivity
2025-08-04 20:21:35.663 11576-11576 VRI[MainActivity]       com.example.myapplication            D  relayoutWindow result, sizeChanged:false, surfaceControlChanged:true, transformHintChanged:false, mSurfaceSize:Point(1080, 2400), mLastSurfaceSize:Point(1080, 2400), mWidth:1080, mHeight:2400, requestedWidth:1080, requestedHeight:2400, transformHint:0, installOrientation:0, displayRotation:0, isSurfaceValid:true, attr.flag:-2122252032, tmpFrames:ClientWindowFrames{frame=[0,0][1080,2400] display=[0,0][1080,2400] parentFrame=[0,0][0,0]}, relayoutAsync:false, mSyncSeqId:0
2025-08-04 20:21:35.663 11576-11576 VRI[MainActivity]       com.example.myapplication            W  updateBlastSurfaceIfNeeded, surfaceSize:Point(1080, 2400), lastSurfaceSize:Point(1080, 2400), format:-1, blastBufferQueue:null
2025-08-04 20:21:35.663 11576-11576 BufferQueueConsumer     com.example.myapplication            D  [](id:2d3800000003,api:0,p:-1,c:11576) connect: controlledByApp=false
2025-08-04 20:21:35.665 11576-11576 SurfaceControl          com.example.myapplication            I   setExtendedRangeBrightness sc=Surface(name=com.example.myapplication/com.example.myapplication.MainActivity)/@0xe766b0a,currentBufferRatio=1.0,desiredRatio=1.0
2025-08-04 20:21:35.675 11576-11646 BLASTBufferQueue        com.example.myapplication            D  [VRI[MainActivity]#3](f:0,a:1) acquireNextBufferLocked size=1080x2400 mFrameNumber=1 applyTransaction=true mTimestamp=1428810293592163(auto) mPendingTransactions.size=0 graphicBufferId=49718541418508 transform=0
2025-08-04 20:21:35.675 11576-11646 VRI[MainActivity]       com.example.myapplication            D  Received frameCommittedCallback lastAttemptedDrawFrameNum=1 didProduceBuffer=true syncBuffer=false
2025-08-04 20:21:35.675 11576-11576 VRI[MainActivity]       com.example.myapplication            D  draw finished. seqId=0
2025-08-04 20:21:35.676 11576-11576 ViewRootImplExtImpl     com.example.myapplication            D  setMaxDequeuedBufferCount: 2
2025-08-04 20:21:35.676 11576-11576 VRI[BatchActivity]      com.example.myapplication            D  onFocusEvent false
2025-08-04 20:21:35.681 11576-11576 callGcSupression        com.example.myapplication            D  java.lang.NullPointerException: Attempt to invoke virtual method 'java.lang.Object java.lang.reflect.Method.invoke(java.lang.Object, java.lang.Object[])' on a null object reference
2025-08-04 20:21:35.681 11576-11576 VRI[MainActivity]       com.example.myapplication            W  handleResized, msg:, frameChanged:false, configChanged:false, displayChanged:false, attachedFrameChanged:false, compatScaleChanged:false, pendingDragResizing=false
2025-08-04 20:21:35.701 11576-11646 VRI[MainActivity]       com.example.myapplication            D  Received frameCommittedCallback lastAttemptedDrawFrameNum=3 didProduceBuffer=true syncBuffer=false
2025-08-04 20:21:35.701 11576-11576 VRI[MainActivity]       com.example.myapplication            D  draw finished. seqId=0
2025-08-04 20:21:35.733 11576-11576 VRI[MainActivity]       com.example.myapplication            D  onFocusEvent true
2025-08-04 20:21:35.911 11576-11971 VRI[BatchActivity]      com.example.myapplication            D  dispatchAppVisibility visible:false
2025-08-04 20:21:35.921 11576-11576 VRI[BatchActivity]      com.example.myapplication            D  visibilityChanged oldVisibility=true newVisibility=false
2025-08-04 20:21:35.921 11576-11576 callGcSupression        com.example.myapplication            D  java.lang.NullPointerException: Attempt to invoke virtual method 'java.lang.Object java.lang.reflect.Method.invoke(java.lang.Object, java.lang.Object[])' on a null object reference
2025-08-04 20:21:35.922 11576-11576 VRI[BatchActivity]      com.example.myapplication            D  setWindowStopped stopped:true
2025-08-04 20:21:35.929 11576-11576 AutofillManager         com.example.myapplication            V  updateSessionLocked(): id=null, bounds=null, value=null, action=5, flags=0
2025-08-04 20:21:35.935 11576-11576 AutofillManager         com.example.myapplication            D  onActivityFinishing(): calling cancelLocked()
2025-08-04 20:21:35.935 11576-11576 AutofillManager         com.example.myapplication            V  cancelSessionLocked(): FINISHED
2025-08-04 20:21:35.936 11576-11576 OplusScrollToTopManager com.example.myapplication            D  com.example.myapplication/com.example.myapplication.BatchActivity,window dying
2025-08-04 20:21:35.936 11576-11576 OplusScrollToTopManager com.example.myapplication            D  com.example.myapplication/com.example.myapplication.BatchActivity,unregisterSystemUIBroadcastReceiver 
2025-08-04 20:21:35.936 11576-11576 OplusScrollToTopManager com.example.myapplication            D  com.example.myapplication/com.example.myapplication.BatchActivity, unregisterSystemUIBroadcastReceiver failed java.lang.IllegalArgumentException: Receiver not registered: android.view.OplusScrollToTopManager$2@25fb6b
2025-08-04 20:21:35.936 11576-11576 WindowOnBackDispatcher  com.example.myapplication            W  sendCancelIfRunning: isInProgress=false callback=android.view.ViewRootImpl$$ExternalSyntheticLambda11@1bb2f45
2025-08-04 20:21:35.937 11576-11576 OplusCursorFeedback     com.example.myapplication            D  editorDetachFromWindow android.widget.Editor@288d6c8
2025-08-04 20:21:35.937 11576-11576 OplusCursorFeedback     com.example.myapplication            D  clear
2025-08-04 20:21:35.937 11576-11576 OplusCursorFeedback     com.example.myapplication            D  editorDetachFromWindow android.widget.Editor@c649361
2025-08-04 20:21:35.942 11576-11576 HWUI                    com.example.myapplication            D  RenderProxy::destroy: this=0xb400006e899b0000, mContext=0xb400006de6fe9740
2025-08-04 20:21:35.942 11576-11646 HWUI                    com.example.myapplication            D  SkiaOpenGLPipeline::setSurface: this=0xb400006f41311c00, surface=NULL
2025-08-04 20:21:35.944 11576-11646 BLASTBufferQueue        com.example.myapplication            D  [VRI[BatchActivity]#1](f:0,a:2) destructor()
2025-08-04 20:21:35.945 11576-11646 BufferQueueConsumer     com.example.myapplication            D  [VRI[BatchActivity]#1(BLAST Consumer)1](id:2d3800000001,api:0,p:-1,c:11576) disconnect
2025-08-04 20:21:36.746 11576-11656 OplusScrollToTopManager com.example.myapplication            D  com.example.myapplication/com.example.myapplication.MainActivity,This com.android.internal.policy.DecorView{64732a2 V.E...... R......D 0,0-1080,2400 aid=0 alpha=1.0 viewInfo = }[MainActivity] change focus to true
2025-08-04 20:21:37.700 11576-11576 AutofillManager         com.example.myapplication            V  requestHideFillUi(null): anchor = null
2025-08-04 20:21:37.785 11576-11576 ViewRootImplExtImpl     com.example.myapplication            D  the up motion event handled by client, just return
2025-08-04 20:21:37.804 11576-11576 callGcSupression        com.example.myapplication            D  java.lang.NullPointerException: Attempt to invoke virtual method 'java.lang.Object java.lang.reflect.Method.invoke(java.lang.Object, java.lang.Object[])' on a null object reference
2025-08-04 20:21:37.805 11576-11576 ScrollOpti...neManager] com.example.myapplication            D  updateCurrentActivity: mCurrentActivityName=null, isOptEnable=true, isAnimAheadEnable=true, isFrameInsertEnable=true, InsertNum=1, isEnabledForScrollChanged=false
2025-08-04 20:21:37.813 11576-11576 callGcSupression        com.example.myapplication            D  java.lang.NullPointerException: Attempt to invoke virtual method 'java.lang.Object java.lang.reflect.Method.invoke(java.lang.Object, java.lang.Object[])' on a null object reference
2025-08-04 20:21:37.816 11576-11576 ResourcesManagerExtImpl com.example.myapplication            D  applyConfigurationToAppResourcesLocked app.getDisplayId() return callback.displayId:0
2025-08-04 20:21:37.817 11576-12721 libMEOW                 com.example.myapplication            D  meow new tls: 0xb400006df89f0f40
2025-08-04 20:21:37.817 11576-12721 libMEOW                 com.example.myapplication            D  applied 1 plugins for [com.example.myapplication]:
2025-08-04 20:21:37.817 11576-12721 libMEOW                 com.example.myapplication            D    plugin 1: [libMEOW_gift.so]: 0xb400006ef062d480
2025-08-04 20:21:37.817 11576-12721 libMEOW                 com.example.myapplication            D  rebuild call chain: 0xb400006df8ff0500
2025-08-04 20:21:37.817 11576-12721 libMEOW                 com.example.myapplication            D  meow delete tls: 0xb400006df89f0f40
2025-08-04 20:21:37.837 11576-11576 oplus.andr...actoryImpl com.example.myapplication            I  get feature:IOplusDynamicVsyncFeature
2025-08-04 20:21:37.837 11576-11576 oplus.andr...actoryImpl com.example.myapplication            I  get feature:IOplusDynamicVsyncFeature
2025-08-04 20:21:37.837 11576-11576 oplus.andr...actoryImpl com.example.myapplication            I  get feature:IOplusDynamicVsyncFeature
2025-08-04 20:21:37.837 11576-11576 oplus.andr...actoryImpl com.example.myapplication            I  get feature:IOplusDynamicVsyncFeature
2025-08-04 20:21:37.837 11576-11576 oplus.andr...actoryImpl com.example.myapplication            I  get feature:IOplusDynamicVsyncFeature
2025-08-04 20:21:37.837 11576-11576 oplus.andr...actoryImpl com.example.myapplication            I  get feature:IOplusDynamicVsyncFeature
2025-08-04 20:21:37.839 11576-11576 oplus.andr...actoryImpl com.example.myapplication            I  get feature:IOplusDynamicVsyncFeature
2025-08-04 20:21:37.839 11576-11576 oplus.andr...actoryImpl com.example.myapplication            I  get feature:IOplusDynamicVsyncFeature
2025-08-04 20:21:37.839 11576-11576 oplus.andr...actoryImpl com.example.myapplication            I  get feature:IOplusDynamicVsyncFeature
2025-08-04 20:21:37.843 11576-11576 oplus.andr...actoryImpl com.example.myapplication            I  get feature:IOplusDynamicVsyncFeature
2025-08-04 20:21:37.843 11576-11576 oplus.andr...actoryImpl com.example.myapplication            I  get feature:IOplusDynamicVsyncFeature
2025-08-04 20:21:37.843 11576-11576 oplus.andr...actoryImpl com.example.myapplication            I  get feature:IOplusDynamicVsyncFeature
2025-08-04 20:21:37.853 11576-11576 AutofillManager         com.example.myapplication            D  Fill dialog is enabled:false, hints=[password, passwordAuto, creditCardNumber, creditCardSecurityCode, creditCardExpirationDate]
2025-08-04 20:21:37.853 11576-11576 TextView                com.example.myapplication            V  notifyAutoFillManagerAfterTextChanged
2025-08-04 20:21:37.853 11576-11576 AutofillManager         com.example.myapplication            V  notifyValueChanged(1073741824): ignoring on state UNKNOWN
2025-08-04 20:21:37.857 11576-11576 AutofillManager         com.example.myapplication            V  notifyValueChanged(1073741824): ignoring on state UNKNOWN
2025-08-04 20:21:37.860 11576-11576 TextView                com.example.myapplication            V  notifyAutoFillManagerAfterTextChanged
2025-08-04 20:21:37.860 11576-11576 AutofillManager         com.example.myapplication            V  notifyValueChanged(1073741824): ignoring on state UNKNOWN
2025-08-04 20:21:37.860 11576-11576 AutofillManager         com.example.myapplication            V  notifyValueChanged(1073741825): ignoring on state UNKNOWN
2025-08-04 20:21:37.861 11576-11576 TextView                com.example.myapplication            V  notifyAutoFillManagerAfterTextChanged
2025-08-04 20:21:37.862 11576-11576 AutofillManager         com.example.myapplication            V  notifyValueChanged(1073741826): ignoring on state UNKNOWN
2025-08-04 20:21:37.863 11576-11576 TextView                com.example.myapplication            V  notifyAutoFillManagerAfterTextChanged
2025-08-04 20:21:37.863 11576-11576 AutofillManager         com.example.myapplication            V  notifyValueChanged(1073741826): ignoring on state UNKNOWN
2025-08-04 20:21:37.869 11576-11576 TextView                com.example.myapplication            V  notifyAutoFillManagerAfterTextChanged
2025-08-04 20:21:37.869 11576-11576 AutofillManager         com.example.myapplication            V  notifyValueChanged(1073741827): ignoring on state UNKNOWN
2025-08-04 20:21:37.869 11576-11576 TextView                com.example.myapplication            V  notifyAutoFillManagerAfterTextChanged
2025-08-04 20:21:37.869 11576-11576 AutofillManager         com.example.myapplication            V  notifyValueChanged(1073741827): ignoring on state UNKNOWN
2025-08-04 20:21:37.870 11576-11576 TextView                com.example.myapplication            V  notifyAutoFillManagerAfterTextChanged
2025-08-04 20:21:37.871 11576-11576 AutofillManager         com.example.myapplication            V  notifyValueChanged(1073741827): ignoring on state UNKNOWN
2025-08-04 20:21:37.875 11576-11576 TextView                com.example.myapplication            V  notifyAutoFillManagerAfterTextChanged
2025-08-04 20:21:37.875 11576-11576 AutofillManager         com.example.myapplication            V  notifyValueChanged(1073741828): ignoring on state UNKNOWN
2025-08-04 20:21:37.875 11576-11576 TextView                com.example.myapplication            V  notifyAutoFillManagerAfterTextChanged
2025-08-04 20:21:37.875 11576-11576 AutofillManager         com.example.myapplication            V  notifyValueChanged(1073741828): ignoring on state UNKNOWN
2025-08-04 20:21:37.876 11576-11576 TextView                com.example.myapplication            V  notifyAutoFillManagerAfterTextChanged
2025-08-04 20:21:37.876 11576-11576 AutofillManager         com.example.myapplication            V  notifyValueChanged(1073741828): ignoring on state UNKNOWN
2025-08-04 20:21:37.880 11576-11576 TextView                com.example.myapplication            V  notifyAutoFillManagerAfterTextChanged
2025-08-04 20:21:37.880 11576-11576 AutofillManager         com.example.myapplication            V  notifyValueChanged(1073741829): ignoring on state UNKNOWN
2025-08-04 20:21:37.880 11576-11576 TextView                com.example.myapplication            V  notifyAutoFillManagerAfterTextChanged
2025-08-04 20:21:37.880 11576-11576 AutofillManager         com.example.myapplication            V  notifyValueChanged(1073741829): ignoring on state UNKNOWN
2025-08-04 20:21:37.881 11576-11576 TextView                com.example.myapplication            V  notifyAutoFillManagerAfterTextChanged
2025-08-04 20:21:37.881 11576-11576 AutofillManager         com.example.myapplication            V  notifyValueChanged(1073741829): ignoring on state UNKNOWN
2025-08-04 20:21:37.885 11576-11576 TextView                com.example.myapplication            V  notifyAutoFillManagerAfterTextChanged
2025-08-04 20:21:37.886 11576-11576 AutofillManager         com.example.myapplication            V  notifyValueChanged(1073741830): ignoring on state UNKNOWN
2025-08-04 20:21:37.886 11576-11576 TextView                com.example.myapplication            V  notifyAutoFillManagerAfterTextChanged
2025-08-04 20:21:37.886 11576-11576 AutofillManager         com.example.myapplication            V  notifyValueChanged(1073741830): ignoring on state UNKNOWN
2025-08-04 20:21:37.887 11576-11576 TextView                com.example.myapplication            V  notifyAutoFillManagerAfterTextChanged
2025-08-04 20:21:37.887 11576-11576 AutofillManager         com.example.myapplication            V  notifyValueChanged(1073741830): ignoring on state UNKNOWN
2025-08-04 20:21:37.905 11576-11576 ReportsManager          com.example.myapplication            D  📂 Данные загружены: 17 отчетов, 1 критериев
2025-08-04 20:21:37.907 11576-11576 TextView                com.example.myapplication            V  notifyAutoFillManagerAfterTextChanged
2025-08-04 20:21:37.907 11576-11576 AutofillManager         com.example.myapplication            V  notifyValueChanged(1073741827): ignoring on state UNKNOWN
2025-08-04 20:21:37.907 11576-11576 TextView                com.example.myapplication            V  notifyAutoFillManagerAfterTextChanged
2025-08-04 20:21:37.908 11576-11576 AutofillManager         com.example.myapplication            V  notifyValueChanged(1073741828): ignoring on state UNKNOWN
2025-08-04 20:21:37.908 11576-11576 TextView                com.example.myapplication            V  notifyAutoFillManagerAfterTextChanged
2025-08-04 20:21:37.908 11576-11576 AutofillManager         com.example.myapplication            V  notifyValueChanged(1073741829): ignoring on state UNKNOWN
2025-08-04 20:21:37.908 11576-11576 TextView                com.example.myapplication            V  notifyAutoFillManagerAfterTextChanged
2025-08-04 20:21:37.908 11576-11576 AutofillManager         com.example.myapplication            V  notifyValueChanged(1073741830): ignoring on state UNKNOWN
2025-08-04 20:21:37.909 11576-11576 ReportsManager          com.example.myapplication            D  📊 Добавляем критерии: Пользовательские (проценты), тип: PERCENTAGE, критерии: {5=90.0..100.0, 4=75.0..89.99, 3=50.0..74.99, 2=0.0..49.99}
2025-08-04 20:21:37.910 11576-11576 ReportsManager          com.example.myapplication            D  💾 Сохраняем критерии: По процентам (по умолчанию) -> {"id":"default","name":"По процентам (по умолчанию)","type":"PERCENTAGE","maxPoints":0,"criteria":{"5":"90.0..100.0","4":"75.0..89.99","3":"51.0..74.99","2":"0.0..50.99"}}
2025-08-04 20:21:37.910 11576-11576 ReportsManager          com.example.myapplication            D  💾 Сохраняем критерии: Пользовательские (проценты) -> {"id":"custom","name":"Пользовательские (проценты)","type":"PERCENTAGE","maxPoints":0,"criteria":{"5":"90.0..100.0","4":"75.0..89.99","3":"50.0..74.99","2":"0.0..49.99"}}
2025-08-04 20:21:37.915 11576-11576 ReportsManager          com.example.myapplication            D  💾 Данные сохранены: 17 отчетов, 2 критериев
2025-08-04 20:21:37.915 11576-11576 ReportsManager          com.example.myapplication            D  📊 Критерии добавлены: Пользовательские (проценты), всего критериев: 2
2025-08-04 20:21:37.915 11576-11576 ReportsManager          com.example.myapplication            D  🔍 Расчет оценки: критерии=Пользовательские (проценты), тип=PERCENTAGE
2025-08-04 20:21:37.915 11576-11576 ReportsManager          com.example.myapplication            D  📊 Процентная оценка: 4/10 = 40,0%
2025-08-04 20:21:37.915 11576-11576 ReportsManager          com.example.myapplication            D  📊 Критерии: {5=90.0..100.0, 4=75.0..89.99, 3=50.0..74.99, 2=0.0..49.99}
2025-08-04 20:21:37.915 11576-11576 ReportsManager          com.example.myapplication            D  📊 Результат оценки: 2
2025-08-04 20:21:37.915 11576-11576 ReportsManager          com.example.myapplication            D  🔍 Расчет оценки: критерии=Пользовательские (проценты), тип=PERCENTAGE
2025-08-04 20:21:37.915 11576-11576 ReportsManager          com.example.myapplication            D  📊 Процентная оценка: 3/10 = 30,0%
2025-08-04 20:21:37.915 11576-11576 ReportsManager          com.example.myapplication            D  📊 Критерии: {5=90.0..100.0, 4=75.0..89.99, 3=50.0..74.99, 2=0.0..49.99}
2025-08-04 20:21:37.915 11576-11576 ReportsManager          com.example.myapplication            D  📊 Результат оценки: 2
2025-08-04 20:21:37.915 11576-11576 ReportsManager          com.example.myapplication            D  🔍 Расчет оценки: критерии=Пользовательские (проценты), тип=PERCENTAGE
2025-08-04 20:21:37.915 11576-11576 ReportsManager          com.example.myapplication            D  📊 Процентная оценка: 9/10 = 90,0%
2025-08-04 20:21:37.916 11576-11576 ReportsManager          com.example.myapplication            D  📊 Критерии: {5=90.0..100.0, 4=75.0..89.99, 3=50.0..74.99, 2=0.0..49.99}
2025-08-04 20:21:37.916 11576-11576 ReportsManager          com.example.myapplication            D  📊 Результат оценки: 5
2025-08-04 20:21:37.916 11576-11576 ReportsManager          com.example.myapplication            D  🔍 Расчет оценки: критерии=Пользовательские (проценты), тип=PERCENTAGE
2025-08-04 20:21:37.916 11576-11576 ReportsManager          com.example.myapplication            D  📊 Процентная оценка: 2/10 = 20,0%
2025-08-04 20:21:37.916 11576-11576 ReportsManager          com.example.myapplication            D  📊 Критерии: {5=90.0..100.0, 4=75.0..89.99, 3=50.0..74.99, 2=0.0..49.99}
2025-08-04 20:21:37.916 11576-11576 ReportsManager          com.example.myapplication            D  📊 Результат оценки: 2
2025-08-04 20:21:37.916 11576-11576 ReportsManager          com.example.myapplication            D  🔍 Расчет оценки: критерии=Пользовательские (проценты), тип=PERCENTAGE
2025-08-04 20:21:37.916 11576-11576 ReportsManager          com.example.myapplication            D  📊 Процентная оценка: 10/10 = 100,0%
2025-08-04 20:21:37.916 11576-11576 ReportsManager          com.example.myapplication            D  📊 Критерии: {5=90.0..100.0, 4=75.0..89.99, 3=50.0..74.99, 2=0.0..49.99}
2025-08-04 20:21:37.916 11576-11576 ReportsManager          com.example.myapplication            D  📊 Результат оценки: 5
2025-08-04 20:21:37.916 11576-11576 ReportsManager          com.example.myapplication            D  🔍 Расчет оценки: критерии=Пользовательские (проценты), тип=PERCENTAGE
2025-08-04 20:21:37.916 11576-11576 ReportsManager          com.example.myapplication            D  📊 Процентная оценка: 4/10 = 40,0%
2025-08-04 20:21:37.916 11576-11576 ReportsManager          com.example.myapplication            D  📊 Критерии: {5=90.0..100.0, 4=75.0..89.99, 3=50.0..74.99, 2=0.0..49.99}
2025-08-04 20:21:37.916 11576-11576 ReportsManager          com.example.myapplication            D  📊 Результат оценки: 2
2025-08-04 20:21:37.917 11576-11576 ReportsManager          com.example.myapplication            D  🔍 Расчет оценки: критерии=Пользовательские (проценты), тип=PERCENTAGE
2025-08-04 20:21:37.917 11576-11576 ReportsManager          com.example.myapplication            D  📊 Процентная оценка: 4/10 = 40,0%
2025-08-04 20:21:37.917 11576-11576 ReportsManager          com.example.myapplication            D  📊 Критерии: {5=90.0..100.0, 4=75.0..89.99, 3=50.0..74.99, 2=0.0..49.99}
2025-08-04 20:21:37.917 11576-11576 ReportsManager          com.example.myapplication            D  📊 Результат оценки: 2
2025-08-04 20:21:37.917 11576-11576 ReportsManager          com.example.myapplication            D  🔍 Расчет оценки: критерии=Пользовательские (проценты), тип=PERCENTAGE
2025-08-04 20:21:37.917 11576-11576 ReportsManager          com.example.myapplication            D  📊 Процентная оценка: 3/10 = 30,0%
2025-08-04 20:21:37.917 11576-11576 ReportsManager          com.example.myapplication            D  📊 Критерии: {5=90.0..100.0, 4=75.0..89.99, 3=50.0..74.99, 2=0.0..49.99}
2025-08-04 20:21:37.917 11576-11576 ReportsManager          com.example.myapplication            D  📊 Результат оценки: 2
2025-08-04 20:21:37.917 11576-11576 ReportsManager          com.example.myapplication            D  🔍 Расчет оценки: критерии=Пользовательские (проценты), тип=PERCENTAGE
2025-08-04 20:21:37.917 11576-11576 ReportsManager          com.example.myapplication            D  📊 Процентная оценка: 2/10 = 20,0%
2025-08-04 20:21:37.917 11576-11576 ReportsManager          com.example.myapplication            D  📊 Критерии: {5=90.0..100.0, 4=75.0..89.99, 3=50.0..74.99, 2=0.0..49.99}
2025-08-04 20:21:37.917 11576-11576 ReportsManager          com.example.myapplication            D  📊 Результат оценки: 2
2025-08-04 20:21:37.917 11576-11576 ReportsManager          com.example.myapplication            D  🔍 Расчет оценки: критерии=Пользовательские (проценты), тип=PERCENTAGE
2025-08-04 20:21:37.917 11576-11576 ReportsManager          com.example.myapplication            D  📊 Процентная оценка: 3/10 = 30,0%
2025-08-04 20:21:37.917 11576-11576 ReportsManager          com.example.myapplication            D  📊 Критерии: {5=90.0..100.0, 4=75.0..89.99, 3=50.0..74.99, 2=0.0..49.99}
2025-08-04 20:21:37.917 11576-11576 ReportsManager          com.example.myapplication            D  📊 Результат оценки: 2
2025-08-04 20:21:37.917 11576-11576 ReportsManager          com.example.myapplication            D  🔍 Расчет оценки: критерии=Пользовательские (проценты), тип=PERCENTAGE
2025-08-04 20:21:37.918 11576-11576 ReportsManager          com.example.myapplication            D  📊 Процентная оценка: 3/10 = 30,0%
2025-08-04 20:21:37.918 11576-11576 ReportsManager          com.example.myapplication            D  📊 Критерии: {5=90.0..100.0, 4=75.0..89.99, 3=50.0..74.99, 2=0.0..49.99}
2025-08-04 20:21:37.918 11576-11576 ReportsManager          com.example.myapplication            D  📊 Результат оценки: 2
2025-08-04 20:21:37.918 11576-11576 ReportsManager          com.example.myapplication            D  🔍 Расчет оценки: критерии=Пользовательские (проценты), тип=PERCENTAGE
2025-08-04 20:21:37.918 11576-11576 ReportsManager          com.example.myapplication            D  📊 Процентная оценка: 3/10 = 30,0%
2025-08-04 20:21:37.918 11576-11576 ReportsManager          com.example.myapplication            D  📊 Критерии: {5=90.0..100.0, 4=75.0..89.99, 3=50.0..74.99, 2=0.0..49.99}
2025-08-04 20:21:37.918 11576-11576 ReportsManager          com.example.myapplication            D  📊 Результат оценки: 2
2025-08-04 20:21:37.918 11576-11576 ReportsManager          com.example.myapplication            D  🔍 Расчет оценки: критерии=Пользовательские (проценты), тип=PERCENTAGE
2025-08-04 20:21:37.918 11576-11576 ReportsManager          com.example.myapplication            D  📊 Процентная оценка: 4/10 = 40,0%
2025-08-04 20:21:37.918 11576-11576 ReportsManager          com.example.myapplication            D  📊 Критерии: {5=90.0..100.0, 4=75.0..89.99, 3=50.0..74.99, 2=0.0..49.99}
2025-08-04 20:21:37.918 11576-11576 ReportsManager          com.example.myapplication            D  📊 Результат оценки: 2
2025-08-04 20:21:37.918 11576-11576 ReportsManager          com.example.myapplication            D  🔍 Расчет оценки: критерии=Пользовательские (проценты), тип=PERCENTAGE
2025-08-04 20:21:37.918 11576-11576 ReportsManager          com.example.myapplication            D  📊 Процентная оценка: 4/10 = 40,0%
2025-08-04 20:21:37.918 11576-11576 ReportsManager          com.example.myapplication            D  📊 Критерии: {5=90.0..100.0, 4=75.0..89.99, 3=50.0..74.99, 2=0.0..49.99}
2025-08-04 20:21:37.918 11576-11576 ReportsManager          com.example.myapplication            D  📊 Результат оценки: 2
2025-08-04 20:21:37.918 11576-11576 ReportsManager          com.example.myapplication            D  🔍 Расчет оценки: критерии=Пользовательские (проценты), тип=PERCENTAGE
2025-08-04 20:21:37.918 11576-11576 ReportsManager          com.example.myapplication            D  📊 Процентная оценка: 4/10 = 40,0%
2025-08-04 20:21:37.918 11576-11576 ReportsManager          com.example.myapplication            D  📊 Критерии: {5=90.0..100.0, 4=75.0..89.99, 3=50.0..74.99, 2=0.0..49.99}
2025-08-04 20:21:37.918 11576-11576 ReportsManager          com.example.myapplication            D  📊 Результат оценки: 2
2025-08-04 20:21:37.918 11576-11576 ReportsManager          com.example.myapplication            D  🔍 Расчет оценки: критерии=Пользовательские (проценты), тип=PERCENTAGE
2025-08-04 20:21:37.919 11576-11576 ReportsManager          com.example.myapplication            D  📊 Процентная оценка: 4/10 = 40,0%
2025-08-04 20:21:37.919 11576-11576 ReportsManager          com.example.myapplication            D  📊 Критерии: {5=90.0..100.0, 4=75.0..89.99, 3=50.0..74.99, 2=0.0..49.99}
2025-08-04 20:21:37.919 11576-11576 ReportsManager          com.example.myapplication            D  📊 Результат оценки: 2
2025-08-04 20:21:37.919 11576-11576 ReportsManager          com.example.myapplication            D  🔍 Расчет оценки: критерии=Пользовательские (проценты), тип=PERCENTAGE
2025-08-04 20:21:37.919 11576-11576 ReportsManager          com.example.myapplication            D  📊 Процентная оценка: 4/10 = 40,0%
2025-08-04 20:21:37.919 11576-11576 ReportsManager          com.example.myapplication            D  📊 Критерии: {5=90.0..100.0, 4=75.0..89.99, 3=50.0..74.99, 2=0.0..49.99}
2025-08-04 20:21:37.919 11576-11576 ReportsManager          com.example.myapplication            D  📊 Результат оценки: 2
2025-08-04 20:21:37.920 11576-11576 ReportsManager          com.example.myapplication            D  💾 Сохраняем критерии: По процентам (по умолчанию) -> {"id":"default","name":"По процентам (по умолчанию)","type":"PERCENTAGE","maxPoints":0,"criteria":{"5":"90.0..100.0","4":"75.0..89.99","3":"51.0..74.99","2":"0.0..50.99"}}
2025-08-04 20:21:37.920 11576-11576 ReportsManager          com.example.myapplication            D  💾 Сохраняем критерии: Пользовательские (проценты) -> {"id":"custom","name":"Пользовательские (проценты)","type":"PERCENTAGE","maxPoints":0,"criteria":{"5":"90.0..100.0","4":"75.0..89.99","3":"50.0..74.99","2":"0.0..49.99"}}
2025-08-04 20:21:37.924 11576-11576 ReportsManager          com.example.myapplication            D  💾 Данные сохранены: 17 отчетов, 2 критериев
2025-08-04 20:21:37.924 11576-11576 ReportsManager          com.example.myapplication            D  🔄 Установлены критерии: custom
2025-08-04 20:21:37.926 11576-11576 ReportsActivity         com.example.myapplication            D  📊 loadStatistics() вызван
2025-08-04 20:21:37.927 11576-11576 ReportsManager          com.example.myapplication            D  🔥 Создание тепловой карты: 10 вопросов, 17 работ
2025-08-04 20:21:37.927 11576-11576 ReportsManager          com.example.myapplication            D  🔥 Первый отчет: grading.size = 10
2025-08-04 20:21:37.927 11576-11576 ReportsManager          com.example.myapplication            D  🔥 Все отчеты:
2025-08-04 20:21:37.927 11576-11576 ReportsManager          com.example.myapplication            D  🔥   Отчет 0: grading.size = 10, grading = [0, 1, 0, 0, 1, 0, 1, 0, 0, 1]
2025-08-04 20:21:37.927 11576-11576 ReportsManager          com.example.myapplication            D  🔥   Отчет 1: grading.size = 10, grading = [0, 1, 0, 0, 1, 0, 0, 0, 0, 1]
2025-08-04 20:21:37.927 11576-11576 ReportsManager          com.example.myapplication            D  🔥   Отчет 2: grading.size = 10, grading = [1, 1, 1, 0, 1, 1, 1, 1, 1, 1]
2025-08-04 20:21:37.928 11576-11576 ReportsManager          com.example.myapplication            D  🔥   Отчет 3: grading.size = 10, grading = [0, 0, 0, 0, 1, 0, 1, 0, 0, 0]
2025-08-04 20:21:37.928 11576-11576 ReportsManager          com.example.myapplication            D  🔥   Отчет 4: grading.size = 10, grading = [1, 1, 1, 1, 1, 1, 1, 1, 1, 1]
2025-08-04 20:21:37.928 11576-11576 ReportsManager          com.example.myapplication            D  🔥   Отчет 5: grading.size = 10, grading = [0, 1, 1, 0, 1, 0, 1, 0, 0, 0]
2025-08-04 20:21:37.928 11576-11576 ReportsManager          com.example.myapplication            D  🔥   Отчет 6: grading.size = 10, grading = [0, 0, 0, 1, 1, 0, 1, 0, 1, 0]
2025-08-04 20:21:37.928 11576-11576 ReportsManager          com.example.myapplication            D  🔥   Отчет 7: grading.size = 10, grading = [0, 1, 0, 0, 1, 0, 1, 0, 0, 0]
2025-08-04 20:21:37.928 11576-11576 ReportsManager          com.example.myapplication            D  🔥   Отчет 8: grading.size = 10, grading = [0, 0, 0, 0, 1, 0, 0, 0, 0, 1]
2025-08-04 20:21:37.928 11576-11576 ReportsManager          com.example.myapplication            D  🔥   Отчет 9: grading.size = 10, grading = [0, 1, 0, 1, 1, 0, 0, 0, 0, 0]
2025-08-04 20:21:37.928 11576-11576 ReportsManager          com.example.myapplication            D  🔥   Отчет 10: grading.size = 10, grading = [0, 1, 0, 0, 0, 1, 0, 0, 1, 0]
2025-08-04 20:21:37.928 11576-11576 ReportsManager          com.example.myapplication            D  🔥   Отчет 11: grading.size = 10, grading = [0, 0, 0, 0, 1, 0, 1, 0, 0, 1]
2025-08-04 20:21:37.928 11576-11576 ReportsManager          com.example.myapplication            D  🔥   Отчет 12: grading.size = 10, grading = [0, 1, 1, 0, 1, 0, 1, 0, 0, 0]
2025-08-04 20:21:37.928 11576-11576 ReportsManager          com.example.myapplication            D  🔥   Отчет 13: grading.size = 10, grading = [0, 1, 1, 0, 1, 0, 1, 0, 0, 0]
2025-08-04 20:21:37.928 11576-11576 ReportsManager          com.example.myapplication            D  🔥   Отчет 14: grading.size = 10, grading = [0, 1, 1, 0, 1, 0, 1, 0, 0, 0]
2025-08-04 20:21:37.928 11576-11576 ReportsManager          com.example.myapplication            D  🔥   Отчет 15: grading.size = 10, grading = [0, 1, 1, 0, 1, 0, 1, 0, 0, 0]
2025-08-04 20:21:37.928 11576-11576 ReportsManager          com.example.myapplication            D  🔥   Отчет 16: grading.size = 10, grading = [0, 1, 1, 0, 1, 0, 1, 0, 0, 0]
2025-08-04 20:21:37.928 11576-11576 ReportsManager          com.example.myapplication            D  🔥 Вопрос 1: 2/17 (11,8%)
2025-08-04 20:21:37.928 11576-11576 ReportsManager          com.example.myapplication            D  🔥 Вопрос 2: 13/17 (76,5%)
2025-08-04 20:21:37.928 11576-11576 ReportsManager          com.example.myapplication            D  🔥 Вопрос 3: 8/17 (47,1%)
2025-08-04 20:21:37.929 11576-11576 ReportsManager          com.example.myapplication            D  🔥 Вопрос 4: 3/17 (17,6%)
2025-08-04 20:21:37.929 11576-11576 ReportsManager          com.example.myapplication            D  🔥 Вопрос 5: 16/17 (94,1%)
2025-08-04 20:21:37.929 11576-11576 ReportsManager          com.example.myapplication            D  🔥 Вопрос 6: 3/17 (17,6%)
2025-08-04 20:21:37.929 11576-11576 ReportsManager          com.example.myapplication            D  🔥 Вопрос 7: 13/17 (76,5%)
2025-08-04 20:21:37.929 11576-11576 ReportsManager          com.example.myapplication            D  🔥 Вопрос 8: 2/17 (11,8%)
2025-08-04 20:21:37.929 11576-11576 ReportsManager          com.example.myapplication            D  🔥 Вопрос 9: 4/17 (23,5%)
2025-08-04 20:21:37.930 11576-11576 ReportsManager          com.example.myapplication            D  🔥 Вопрос 10: 6/17 (35,3%)
2025-08-04 20:21:37.930 11576-11576 ReportsManager          com.example.myapplication            D  🔥 Тепловая карта создана: 10 элементов
2025-08-04 20:21:37.933 11576-11576 ReportsActivity         com.example.myapplication            D  📊 Статистика получена: 7 элементов
2025-08-04 20:21:37.933 11576-11576 ReportsActivity         com.example.myapplication            D  📊 Тепловая карта: 10 элементов
2025-08-04 20:21:37.933 11576-11576 StatisticsAdapter       com.example.myapplication            D  📊 updateStatistics() вызван с 7 элементами
2025-08-04 20:21:37.933 11576-11576 StatisticsAdapter       com.example.myapplication            D  📊 Тепловая карта: 10 элементов
2025-08-04 20:21:37.934 11576-11576 StatisticsAdapter       com.example.myapplication            D  📊 Вызываем notifyDataSetChanged()
2025-08-04 20:21:37.934 11576-11576 StatisticsAdapter       com.example.myapplication            D  📊 notifyDataSetChanged() завершен
2025-08-04 20:21:37.934 11576-11576 ReportsActivity         com.example.myapplication            D  📊 Статистика обновлена в адаптере
2025-08-04 20:21:37.937 11576-11576 ScrollOpti...neManager] com.example.myapplication            D  updateCurrentActivity: mCurrentActivityName=com.example.myapplication.ReportsActivity, isOptEnable=true, isAnimAheadEnable=true, isFrameInsertEnable=true, InsertNum=1, isEnabledForScrollChanged=false
2025-08-04 20:21:37.937 11576-11576 ActivityThread          com.example.myapplication            D  ComponentInfo{com.example.myapplication/com.example.myapplication.ReportsActivity} checkFinished=false 2
2025-08-04 20:21:37.937 11576-11576 ResourcesManagerExtImpl com.example.myapplication            D  applyConfigurationToAppResourcesLocked app.getDisplayId() return callback.displayId:0
2025-08-04 20:21:37.938 11576-11576 ReportsActivity         com.example.myapplication            D  📊 loadStatistics() вызван
2025-08-04 20:21:37.938 11576-11576 ReportsManager          com.example.myapplication            D  🔥 Создание тепловой карты: 10 вопросов, 17 работ
2025-08-04 20:21:37.938 11576-11576 ReportsManager          com.example.myapplication            D  🔥 Первый отчет: grading.size = 10
2025-08-04 20:21:37.938 11576-11576 ReportsManager          com.example.myapplication            D  🔥 Все отчеты:
2025-08-04 20:21:37.938 11576-11576 ReportsManager          com.example.myapplication            D  🔥   Отчет 0: grading.size = 10, grading = [0, 1, 0, 0, 1, 0, 1, 0, 0, 1]
2025-08-04 20:21:37.938 11576-11576 ReportsManager          com.example.myapplication            D  🔥   Отчет 1: grading.size = 10, grading = [0, 1, 0, 0, 1, 0, 0, 0, 0, 1]
2025-08-04 20:21:37.938 11576-11576 ReportsManager          com.example.myapplication            D  🔥   Отчет 2: grading.size = 10, grading = [1, 1, 1, 0, 1, 1, 1, 1, 1, 1]
2025-08-04 20:21:37.938 11576-11576 ReportsManager          com.example.myapplication            D  🔥   Отчет 3: grading.size = 10, grading = [0, 0, 0, 0, 1, 0, 1, 0, 0, 0]
2025-08-04 20:21:37.938 11576-11576 ReportsManager          com.example.myapplication            D  🔥   Отчет 4: grading.size = 10, grading = [1, 1, 1, 1, 1, 1, 1, 1, 1, 1]
2025-08-04 20:21:37.938 11576-11576 ReportsManager          com.example.myapplication            D  🔥   Отчет 5: grading.size = 10, grading = [0, 1, 1, 0, 1, 0, 1, 0, 0, 0]
2025-08-04 20:21:37.938 11576-11576 ReportsManager          com.example.myapplication            D  🔥   Отчет 6: grading.size = 10, grading = [0, 0, 0, 1, 1, 0, 1, 0, 1, 0]
2025-08-04 20:21:37.938 11576-11576 ReportsManager          com.example.myapplication            D  🔥   Отчет 7: grading.size = 10, grading = [0, 1, 0, 0, 1, 0, 1, 0, 0, 0]
2025-08-04 20:21:37.938 11576-11576 ReportsManager          com.example.myapplication            D  🔥   Отчет 8: grading.size = 10, grading = [0, 0, 0, 0, 1, 0, 0, 0, 0, 1]
2025-08-04 20:21:37.939 11576-11576 ReportsManager          com.example.myapplication            D  🔥   Отчет 9: grading.size = 10, grading = [0, 1, 0, 1, 1, 0, 0, 0, 0, 0]
2025-08-04 20:21:37.939 11576-11576 ReportsManager          com.example.myapplication            D  🔥   Отчет 10: grading.size = 10, grading = [0, 1, 0, 0, 0, 1, 0, 0, 1, 0]
2025-08-04 20:21:37.939 11576-11576 ReportsManager          com.example.myapplication            D  🔥   Отчет 11: grading.size = 10, grading = [0, 0, 0, 0, 1, 0, 1, 0, 0, 1]
2025-08-04 20:21:37.939 11576-11576 ReportsManager          com.example.myapplication            D  🔥   Отчет 12: grading.size = 10, grading = [0, 1, 1, 0, 1, 0, 1, 0, 0, 0]
2025-08-04 20:21:37.939 11576-11576 ReportsManager          com.example.myapplication            D  🔥   Отчет 13: grading.size = 10, grading = [0, 1, 1, 0, 1, 0, 1, 0, 0, 0]
2025-08-04 20:21:37.939 11576-11576 ReportsManager          com.example.myapplication            D  🔥   Отчет 14: grading.size = 10, grading = [0, 1, 1, 0, 1, 0, 1, 0, 0, 0]
2025-08-04 20:21:37.939 11576-11576 ReportsManager          com.example.myapplication            D  🔥   Отчет 15: grading.size = 10, grading = [0, 1, 1, 0, 1, 0, 1, 0, 0, 0]
2025-08-04 20:21:37.939 11576-11576 ReportsManager          com.example.myapplication            D  🔥   Отчет 16: grading.size = 10, grading = [0, 1, 1, 0, 1, 0, 1, 0, 0, 0]
2025-08-04 20:21:37.939 11576-11576 ReportsManager          com.example.myapplication            D  🔥 Вопрос 1: 2/17 (11,8%)
2025-08-04 20:21:37.939 11576-11576 ReportsManager          com.example.myapplication            D  🔥 Вопрос 2: 13/17 (76,5%)
2025-08-04 20:21:37.939 11576-11576 ReportsManager          com.example.myapplication            D  🔥 Вопрос 3: 8/17 (47,1%)
2025-08-04 20:21:37.939 11576-11576 ReportsManager          com.example.myapplication            D  🔥 Вопрос 4: 3/17 (17,6%)
2025-08-04 20:21:37.939 11576-11576 ReportsManager          com.example.myapplication            D  🔥 Вопрос 5: 16/17 (94,1%)
2025-08-04 20:21:37.940 11576-11576 ReportsManager          com.example.myapplication            D  🔥 Вопрос 6: 3/17 (17,6%)
2025-08-04 20:21:37.940 11576-11576 ReportsManager          com.example.myapplication            D  🔥 Вопрос 7: 13/17 (76,5%)
2025-08-04 20:21:37.940 11576-11576 ReportsManager          com.example.myapplication            D  🔥 Вопрос 8: 2/17 (11,8%)
2025-08-04 20:21:37.940 11576-11576 ReportsManager          com.example.myapplication            D  🔥 Вопрос 9: 4/17 (23,5%)
2025-08-04 20:21:37.940 11576-11576 ReportsManager          com.example.myapplication            D  🔥 Вопрос 10: 6/17 (35,3%)
2025-08-04 20:21:37.940 11576-11576 ReportsManager          com.example.myapplication            D  🔥 Тепловая карта создана: 10 элементов
2025-08-04 20:21:37.944 11576-11576 ReportsActivity         com.example.myapplication            D  📊 Статистика получена: 7 элементов
2025-08-04 20:21:37.944 11576-11576 ReportsActivity         com.example.myapplication            D  📊 Тепловая карта: 10 элементов
2025-08-04 20:21:37.944 11576-11576 StatisticsAdapter       com.example.myapplication            D  📊 updateStatistics() вызван с 7 элементами
2025-08-04 20:21:37.944 11576-11576 StatisticsAdapter       com.example.myapplication            D  📊 Тепловая карта: 10 элементов
2025-08-04 20:21:37.944 11576-11576 StatisticsAdapter       com.example.myapplication            D  📊 Вызываем notifyDataSetChanged()
2025-08-04 20:21:37.944 11576-11576 StatisticsAdapter       com.example.myapplication            D  📊 notifyDataSetChanged() завершен
2025-08-04 20:21:37.944 11576-11576 ReportsActivity         com.example.myapplication            D  📊 Статистика обновлена в адаптере
2025-08-04 20:21:37.948 11576-11576 WindowManager           com.example.myapplication            D  Add to mViews: com.android.internal.policy.DecorView{c166bba I.E...... R.....ID 0,0-0,0 alpha=1.0 viewInfo = }[ReportsActivity],pkg= com.example.myapplication
2025-08-04 20:21:37.948 11576-11646 skia                    com.example.myapplication            D  setRusSupported enable 0
2025-08-04 20:21:37.952 11576-11576 ViewRootImplExtImpl     com.example.myapplication            D  onDisplayChanged -1 for VRI android.view.ViewRootImpl@3ccea61
2025-08-04 20:21:37.953 11576-11576 VRI[MainActivity]       com.example.myapplication            D  onFocusEvent false
2025-08-04 20:21:37.954 11576-11576 callGcSupression        com.example.myapplication            D  java.lang.NullPointerException: Attempt to invoke virtual method 'java.lang.Object java.lang.reflect.Method.invoke(java.lang.Object, java.lang.Object[])' on a null object reference
2025-08-04 20:21:37.954 11576-11576 ResourcesManagerExtImpl com.example.myapplication            D  applyConfigurationToAppResourcesLocked app.getDisplayId() return callback.displayId:0
2025-08-04 20:21:37.962 11576-11576 OplusBracketLog         com.example.myapplication            E  [OplusViewMirrorManager] updateHostViewRootIfNeeded, not support android.view.ViewRootImpl@3ccea61
2025-08-04 20:21:37.979 11576-11576 ViewRootImplExtImpl     com.example.myapplication            D  wrapConfigInfoIntoFlags rotation=0, smallestScreenWidthDp=360, relayoutAsync=false, flags=0, newFlags=23592960, residentWS=false, title=com.example.myapplication/com.example.myapplication.ReportsActivity
2025-08-04 20:21:37.986 11576-11576 VRI[ReportsActivity]    com.example.myapplication            D  relayoutWindow result, sizeChanged:true, surfaceControlChanged:true, transformHintChanged:false, mSurfaceSize:Point(1080, 2400), mLastSurfaceSize:Point(0, 0), mWidth:-1, mHeight:-1, requestedWidth:1080, requestedHeight:2400, transformHint:0, installOrientation:0, displayRotation:0, isSurfaceValid:true, attr.flag:-2122252032, tmpFrames:ClientWindowFrames{frame=[0,0][1080,2400] display=[0,0][1080,2400] parentFrame=[0,0][0,0]}, relayoutAsync:false, mSyncSeqId:0
2025-08-04 20:21:37.986 11576-11576 VRI[ReportsActivity]    com.example.myapplication            W  updateBlastSurfaceIfNeeded, surfaceSize:Point(1080, 2400), lastSurfaceSize:Point(0, 0), format:-1, blastBufferQueue:null
2025-08-04 20:21:37.986 11576-11576 BufferQueueConsumer     com.example.myapplication            D  [](id:2d3800000004,api:0,p:-1,c:11576) connect: controlledByApp=false
2025-08-04 20:21:37.994 11576-11576 StatisticsAdapter       com.example.myapplication            D  📊 getItemViewType() позиция 0 -> тип 0
2025-08-04 20:21:37.994 11576-11576 StatisticsAdapter       com.example.myapplication            D  📊 onCreateViewHolder() тип 0
2025-08-04 20:21:38.000 11576-11576 StatisticsAdapter       com.example.myapplication            D  📊 onBindViewHolder() позиция 0, тип HeaderViewHolder
2025-08-04 20:21:38.002 11576-11576 StatisticsAdapter       com.example.myapplication            D  📊 getItemViewType() позиция 1 -> тип 1
2025-08-04 20:21:38.002 11576-11576 StatisticsAdapter       com.example.myapplication            D  📊 onCreateViewHolder() тип 1
2025-08-04 20:21:38.025 11576-11576 StatisticsAdapter       com.example.myapplication            D  📊 onBindViewHolder() позиция 1, тип StatsCardsViewHolder
2025-08-04 20:21:38.038 11576-11576 StatisticsAdapter       com.example.myapplication            D  📊 getItemViewType() позиция 2 -> тип 2
2025-08-04 20:21:38.038 11576-11576 StatisticsAdapter       com.example.myapplication            D  📊 onCreateViewHolder() тип 2
2025-08-04 20:21:38.043 11576-11576 StatisticsAdapter       com.example.myapplication            D  📊 onBindViewHolder() позиция 2, тип GradeDistributionViewHolder
2025-08-04 20:21:38.078 11576-11576 SurfaceControl          com.example.myapplication            I   setExtendedRangeBrightness sc=Surface(name=com.example.myapplication/com.example.myapplication.ReportsActivity)/@0xc3cd122,currentBufferRatio=1.0,desiredRatio=1.0
2025-08-04 20:21:38.112 11576-11646 BLASTBufferQueue        com.example.myapplication            D  [VRI[ReportsActivity]#4](f:0,a:1) acquireNextBufferLocked size=1080x2400 mFrameNumber=1 applyTransaction=true mTimestamp=1428812731053393(auto) mPendingTransactions.size=0 graphicBufferId=49718541418515 transform=0
2025-08-04 20:21:38.112 11576-11646 VRI[ReportsActivity]    com.example.myapplication            D  Received frameCommittedCallback lastAttemptedDrawFrameNum=1 didProduceBuffer=true syncBuffer=false
2025-08-04 20:21:38.113 11576-11576 VRI[ReportsActivity]    com.example.myapplication            D  draw finished. seqId=0
2025-08-04 20:21:38.113 11576-11576 ViewRootImplExtImpl     com.example.myapplication            D  setMaxDequeuedBufferCount: 2
2025-08-04 20:21:38.119 11576-11576 callGcSupression        com.example.myapplication            D  java.lang.NullPointerException: Attempt to invoke virtual method 'java.lang.Object java.lang.reflect.Method.invoke(java.lang.Object, java.lang.Object[])' on a null object reference
